ΓΕΩΡΓΙΟΣ ΡΟΚΟΣ
ΧΡΗΣΤΟΣ ΣΜΥΡΛΗΣ
ΙΩΑΝΝΗΣ ΑΡΑΠΗΣ
ΓΕΩΡΓΙΟΣ ΚΑΡΑΤΑΣΟΣ
ΙΩΣΗΦ ΜΙΧΕΛΟΓΙΑΝΝΗΣ
ΝΙΚΟΛΑΟΣ ΠΑΠΑΦΙΛΙΠΠΟΥ
ΙΩΑΝΝΗΣ ΔΗΜΑΡΑΣ
ΠΑΝΑΓΙΩΤΗΣ ΚΡΗΤΙΚΟΣ
ΣΤΑΥΡΟΣ ΠΑΠΑΔΟΠΟΥΛΟΣ
ΙΩΣΗΦ ΒΑΛΥΡΑΚΗΣ
ΑΝΑΣΤΑΣΙΟΣ ΙΝΤΖΕΣ
ΣΠΥΡΟΣ ΔΑΝΕΛΛΗΣ
ΒΑΣΙΛΕΙΟΣ ΠΑΠΠΑΣ
ΔΗΜΗΤΡΙΟΣ ΑΛΑΜΠΑΝΟΣ
ΕΜΜΑΝΟΥΗΛ ΜΠΕΝΤΕΝΙΩΤΗΣ
ΒΑΣΙΛΙΚΗ ΑΡΑΠΗ
ΘΕΟΔΩΡΟΣ ΚΑΤΣΙΚΗΣ
ΙΩΑΝΝΗΣ ΧΩΜΑΤΑΣ
ΣΤΥΛΙΑΝΟΣ ΠΑΠΑΘΕΜΕΛΗΣ
ΓΕΩΡΓΙΟΣ ΑΝΩΜΕΡΙΤΗΣ
ΑΛΕΞΑΝΔΡΟΣ ΒΟΥΛΓΑΡΗΣ
ΔΗΜΗΤΡΙΟΣ ΠΙΠΕΡΓΙΑΣ
ΓΕΩΡΓΙΟΣ ΣΟΥΡΛΑΣ
ΧΡΗΣΤΟΣ ΡΟΚΟΦΥΛΛΟΣ
ΔΗΜΗΤΡΙΟΣ ΚΑΤΣΙΚΟΠΟΥΛΟΣ
ΔΗΜΗΤΡΙΟΣ ΣΙΟΥΦΑΣ
ΕΥΑΓΓΕΛΟΣ ΑΠΟΣΤΟΛΟΥ
ΚΥΡΙΑΚΟΣ ΣΠΥΡΙΟΥΝΗΣ
ΝΙΚΟΛΑΟΣ ΚΑΤΣΑΡΟΣ
ΑΘΑΝΑΣΙΟΣ ΔΑΒΑΚΗΣ
ΒΥΡΩΝ ΠΟΛΥΔΩΡΑΣ
ΓΕΡΑΣΙΜΟΣ ΓΙΑΚΟΥΜΑΤΟΣ
ΙΩΑΝΝΗΣ ΚΕΦΑΛΟΓΙΑΝΝΗΣ
ΦΩΤΗΣ ΚΟΥΒΕΛΗΣ
ΜΟΥΣΤΑΦΑ ΜΟΥΣΤΑΦΑ
ΠΕΤΡΟΣ ΚΟΥΝΑΛΑΚΗΣ
ΓΕΩΡΓΙΟΣ ΚΑΡΑΣΜΑΝΗΣ
ΕΛΕΥΘΕΡΙΟΣ ΠΑΠΑΓΕΩΡΓΟΠΟΥΛΟΣ
ΘΕΟΔΩΡΟΣ ΚΑΤΣΑΝΕΒΑΣ
ΑΝΤΩΝΙΟΣ ΚΟΤΣΑΚΑΣ
ΝΙΚΟΛΑΟΣ ΤΣΙΑΡΤΣΙΩΝΗΣ
ΠΑΡΘΕΝΑ ΦΟΥΝΤΟΥΚΙΔΟΥ
ΕΥΑΓΓΕΛΟΣ ΠΟΛΥΖΟΣ
ΑΘΑΝΑΣΙΟΣ ΚΟΝΤΑΞΗΣ
ΓΕΩΡΓΙΟΣ ΚΑΛΑΝΤΖΗΣ
ΑΝΔΡΕΑΣ ΚΑΡΑΓΚΟΥΝΗΣ
ΕΜΜΑΝΟΥΗΛ ΦΡΑΓΚΙΑΔΟΥΛΑΚΗΣ
ΡΟΔΟΥΛΑ ΖΗΣΗ
ΓΕΩΡΓΙΟΣ ΤΣΑΦΟΥΛΙΑΣ
ΒΑΣΙΛΕΙΟΣ ΓΕΡΑΝΙΔΗΣ
ΠΕΤΡΟΣ ΚΑΤΣΙΛΙΕΡΗΣ
ΑΘΑΝΑΣΙΟΣ ΒΑΡΙΝΟΣ
ΝΙΚΟΛΑΟΣ ΓΚΕΛΕΣΤΑΘΗΣ
ΠΑΝΑΓΙΩΤΗΣ ΚΟΥΡΟΥΜΠΛΗΣ
ΕΥΑΓΓΕΛΟΣ ΣΤΑΪΚΟΣ
ΔΗΜΗΤΡΙΟΣ ΤΣΕΤΙΝΕΣ
ΣΑΒΒΑΣ ΤΣΙΤΟΥΡΙΔΗΣ
ΑΘΑΝΑΣΙΟΣ ΝΑΚΟΣ
ΑΛΕΞΑΝΔΡΟΣ ΔΑΜΙΑΝΙΔΗΣ
ΝΙΚΟΛΑΟΣ ΑΝΑΣΤΑΣΟΠΟΥΛΟΣ
ΔΗΜΗΤΡΙΟΣ ΣΑΡΡΗΣ
ΑΝΔΡΙΑΝΗ ΛΟΥΛΕ
ΛΑΖΑΡΟΣ ΛΩΤΙΔΗΣ
ΔΗΜΗΤΡΙΟΣ ΚΩΣΤΟΠΟΥΛΟΣ
ΒΑΡΣΑΜΗΣ ΓΙΟΒΑΝΟΥΔΑΣ
ΕΥΤΥΧΙΟΣ ΚΟΝΤΟΜΑΡΗΣ
ΝΙΚΟΛΑΟΣ ΝΙΚΟΛΟΠΟΥΛΟΣ
ΙΩΑΝΝΗΣ ΖΑΦΕΙΡΟΠΟΥΛΟΣ
ΙΩΑΝΝΗΣ ΚΑΛΑΜΑΚΙΔΗΣ
ΑΝΑΣΤΑΣΙΟΣ ΚΑΡΑΜΑΡΙΟΣ
ΠΑΝΑΓΙΩΤΗΣ ΣΓΟΥΡΙΔΗΣ
ΙΩΑΝΝΗΣ ΓΙΑΝΝΑΚΟΠΟΥΛΟΣ
ΙΩΑΝΝΗΣ ΔΡΑΓΑΣΑΚΗΣ
ΠΑΝΑΓΙΩΤΗΣ ΣΚΑΝΔΑΛΑΚΗΣ
ΝΙΚΟΛΑΟΣ ΣΗΦΟΥΝΑΚΗΣ
ΕΥΑΓΓΕΛΟΣ ΜΠΑΣΙΑΚΟΣ
ΘΕΟΔΩΡΟΣ ΣΤΑΘΗΣ
ΣΠΥΡΟΣ ΣΠΥΡΟΥ
ΠΕΤΡΟΣ ΤΑΤΟΥΛΗΣ
ΒΑΣΙΛΕΙΟΣ ΜΑΓΓΙΝΑΣ
ΙΩΑΝΝΗΣ ΚΟΥΡΑΚΗΣ
ΘΕΟΦΙΛΟΣ ΛΕΟΝΤΑΡΙΔΗΣ
ΓΕΩΡΓΙΟΣ ΑΔΑΜΟΠΟΥΛΟΣ
ΔΗΜΗΤΡΙΟΣ ΤΣΟΒΟΛΑΣ
ΝΙΚΟΛΑΟΣ ΛΕΒΟΓΙΑΝΝΗΣ
ΘΕΟΧΑΡΗΣ ΤΣΙΟΚΑΣ
ΣΤΕΛΛΑ ΑΛΦΙΕΡΗ
ΓΕΩΡΓΙΟΣ ΚΑΤΣΙΜΠΑΡΔΗΣ
ΕΛΕΥΘΕΡΙΟΣ ΠΑΠΑΝΙΚΟΛΑΟΥ
ΔΗΜΗΤΡΙΟΣ ΚΟΥΤΣΟΓΙΩΡΓΑΣ
ΑΝΑΣΤΑΣΙΟΣ ΝΕΡΑΝΤΖΗΣ
ΕΥΑΓΓΕΛΟΣ ΣΤΑΙΚΟΣ
ΕΜΜΑΝΟΥΗΛ ΣΚΟΥΛΑΚΗΣ
ΧΡΗΣΤΟΣ ΘΕΟΔΩΡΟΥ
ΘΕΟΔΩΡΟΣ ΣΚΡΕΚΑΣ
ΒΑΣΙΛΕΙΟΣ ΚΕΔΙΚΟΓΛΟΥ
ΑΝΤΩΝΙΟΣ ΦΟΥΣΑΣ
ΓΕΩΡΓΙΟΣ ΣΑΛΑΓΚΟΥΔΗΣ
ΙΩΑΝΝΗΣ ΚΑΡΑΚΩΣΤΑΣ
ΑΘΑΝΑΣΙΟΣ ΑΛΕΥΡΑΣ
ΑΘΑΝΑΣΙΟΣ ΧΕΙΜΑΡΑΣ
ΗΛΙΑΣ ΠΑΠΑΔΟΠΟΥΛΟΣ
ΧΑΡΑΛΑΜΠΟΣ ΚΑΣΤΑΝΙΔΗΣ
ΦΩΤΗΣ ΧΑΤΖΗΜΙΧΑΛΗΣ
ΛΕΩΝΙΔΑΣ ΤΖΑΝΗΣ
ΝΙΚΟΛΑΟΣ ΣΑΛΑΓΙΑΝΝΗΣ
ΓΕΩΡΓΙΟΣ ΟΡΦΑΝΟΣ
ΓΕΩΡΓΙΟΣ ΚΑΡΑΤΖΑΦΕΡΗΣ
ΠΑΡΑΣΚΕΥΑΣ ΦΟΥΝΤΑΣ
ΒΑΣΙΛΕΙΟΣ ΤΣΙΛΙΚΑΣ
ΣΤΑΥΡΟΣ ΣΟΥΜΑΚΗΣ
ΦΟΙΒΟΣ ΙΩΑΝΝΙΔΗΣ
ΘΕΟΦΑΝΗΣ ΔΗΜΟΣΧΑΚΗΣ
ΛΕΩΝΙΔΑΣ ΚΟΥΡΗΣ
ΑΡΓΥΡΗΣ ΕΥΑΓΓΕΛΟΣ
ΙΩΣΗΦ ΜΙΧΕΛΟΓΙΑΝΝΗ
ΒΑΣΙΛΕΙΟΣ ΚΟΝΤΟΓΙΑΝΝΟΠΟΥΛΟΣ
ΛΟΥΚΑΣ ΑΠΟΣΤΟΛΙΔΗΣ
ΑΝΑΣΤΑΣΙΟΣ ΠΑΠΑΛΗΓΟΥΡΑΣ
ΑΝΑΣΤΑΣΙΟΣ ΠΕΠΟΝΗΣ
ΓΕΩΡΓΙΟΣ ΤΡΥΦΩΝΙΔΗΣ
ΛΕΩΝΙΔΑΣ ΛΥΜΠΕΡΑΚΙΔΗΣ
ΑΛΕΞΑΝΔΡΟΣ ΧΡΥΣΑΝΘΑΚΟΠΟΥΛΟΣ
ΗΛΙΑΣ ΒΛΑΧΟΠΟΥΛΟΣ
ΒΑΣΙΛΕΙΟΣ ΚΟΡΚΟΛΟΠΟΥΛΟΣ
ΓΡΗΓΟΡΗΣ ΝΙΩΤΗΣ
ΧΑΡΑΛΑΜΠΟΣ ΤΣΙΟΚΑΣ
ΣΤΑΥΡΟΣ ΠΑΠΑΔΟΠΟΟΥΛΟΣ
ΑΘΑΝΑΣΙΟΣ ΓΙΑΝΝΟΠΟΥΛΟΣ
ΒΑΣΙΛΕΙΟΣ ΠΑΠΑΝΙΚΟΛΑΣ
ΒΑΣΙΛΕΙΟΣ ΣΩΤΗΡΟΠΟΥΛΟΣ
ΑΛΕΞΑΝΔΡΟΣ ΠΑΠΑΔΟΓΓΟΝΑΣ
ΟΡΕΣΤΗΣ ΚΟΛΟΖΩΦ
ΙΩΑΝΝΗΣ ΧΑΡΑΛΑΜΠΟΥΣ
ΜΟΣΧΟΣ ΓΙΚΟΝΟΓΛΟΥ
ΒΑΣΙΛΗΣ ΚΕΔΙΚΟΓΛΟΥ
ΘΕΟΔΩΡΟΣ ΓΕΩΡΓΙΑΔΗΣ
ΕΥΑΓΓΕΛΟΣ ΒΛΑΣΣΟΠΟΥΛΟΣ
ΧΡΗΣΤΟΣ ΚΗΠΟΥΡΟΣ
ΙΩΑΝΝΗΣ ΛΑΜΠΡΟΠΟΥΛΟΣ
ΜΠΙΡΟΛ ΑΚΗΦΟΓΛΟΥ
ΗΛΙΑΣ ΚΑΛΛΙΩΡΑΣ
ΘΕΟΔΩΡΟΣ ΠΑΣΣΑΛΙΔΗΣ
ΜΑΡΙΑ ΔΑΜΑΝΑΚΗ
ΜΠΗΡΟΛ ΑΚΗΦΟΓΛΟΥ
ΗΛΙΑΣ ΠΑΠΑΗΛΙΑΣ
ΝΑΣΟΣ ΑΛΕΥΡΑΣ
ΘΕΟΔΩΡΟΣ ΔΑΜΙΑΝΟΣ
ΠΑΡΑΣΚΕΥΑΣ ΠΑΡΑΣΚΕΥΟΠΟΥΛΟΣ
ΣΩΤΗΡΗΣ ΚΟΥΒΕΛΑΣ
ΘΕΟΔΩΡΟΣ ΠΑΓΚΑΛΟΣ
ΝΙΚΟΛΑΟΣ ΗΛΙΑΔΗΣ
ΑΚΗΦΟΓΛΟΥ ΜΠΗΡΟΛ
ΣΠΗΛΙΟΣ ΣΠΗΛΙΩΤΟΠΟΥΛΟΣ
ΔΗΜΗΤΡΙΟΣ ΓΕΩΡΓΑΚΟΠΟΥΛΟΣ
ΧΡΗΣΤΟΣ ΟΙΚΟΝΟΜΟΥ
ΚΩΝΣΤΑΝΤΙΝΟΣ ΚΑΡΑΜΗΝΑΣ
ΝΙΚΟΛΟΣ ΝΙΚΟΛΟΠΟΥΛΟΣ
ΑΝΑΣΤΑΣΙΟΣ ΛΙΑΣΚΟΣ
ΕΛΕΥΘΕΡΙΟΣ ΤΖΙΟΛΑΣ
ΝΙΚΟΛΑΟΣ ΑΓΓΕΛΟΠΟΥΛΟΣ
ΜΙΧΑΛΗΣ ΚΑΡΧΙΜΑΚΗΣ
ΝΙΚΟΛΑΟΣ ΖΑΜΠΟΥΝΙΔΗΣ
ΓΕΩΡΓΙΟΣ ΓΑΡΟΥΦΑΛΙΑΣ
ΕΜΜΑΝΟΥΗΛ ΣΤΡΑΤΑΚΗΣ
ΑΝΔΡΕΑΣ ΜΑΚΡΥΠΙΔΗΣ
ΑΝΕΣΤΗΣ ΑΓΓΕΛΗΣ
ΑΘΗΝΑΙΟΣ ΦΛΩΡΙΝΗΣ
ΓΕΩΡΓΙΟΣ ΒΛΑΧΟΣ
ΑΣΗΜΙΝΑ ΞΗΡΟΤΥΡΗ
ΣΤΑΥΡΟΣ ΚΑΛΟΓΙΑΝΝΗΣ
ΙΟΡΔΑΝΗΣ ΤΖΑΜΤΖΗΣ
ΜΑΡΙΟΣ ΣΑΛΜΑΣ
ΝΙΚΗΤΑΣ ΚΑΚΛΑΜΑΝΗΣ
ΖΩΗ ΜΑΚΡΗ
ΑΡΙΣΤΟΤΕΛΗΣ ΠΑΥΛΙΔΗΣ
ΣΟΦΙΑ ΚΑΛΑΝΤΖΑΚΟΥ
ΣΠΥΡΟΣ ΤΑΛΙΑΔΟΥΡΟΣ
ΣΤΥΛΙΑΝΟΣ ΜΑΤΖΑΠΕΤΑΚΗΣ
ΘΕΟΔΩΡΟΣ ΚΟΤΣΩΝΗΣ
ΠΑΝΑΓΙΩΤΗΣ ΛΑΦΑΖΑΝΗΣ
ΗΛΙΑΣ ΦΩΤΙΑΔΗΣ
ΙΩΑΝΝΗΣ ΚΑΨΗΣ
ΕΥΤΥΧΙΟΣ ΔΑΜΙΑΝΑΚΗΣ
ΔΗΜΗΤΡΙΟΣ ΑΠΟΣΤΟΛΑΚΗΣ
ΒΑΣΙΛHΣ ΚΕΔΙΚΟΓΛΟΥ
ΖΕΤΤΑ ΜΑΚΡΗ
ΓΕΩΡΓΙΟΣ ΚΩΝΣΤΑΝΤΟΠΟΥΛΟΣ
ΑΝΑΣΤΑΣΙΟΣ ΝΕΡΑΤΖΗΣ
ΓΕΩΡΓΙΟΣ ΑΜΠΑΤΖΟΓΛΟΥ
ΝΙΚΟΛΑΟΣ ΛΕΓΚΑΣ
ΒΑΣΙΛΕΙΟΣ ΠΑΠΑΓΕΩΡΓΟΠΟΥΛΟΣ
ΑΝΔΡΕΑΣ ΦΟΥΡΑΣ
ΑΘΑΝΑΣΙΟΣ ΚΑΤΣΙΓΙΑΝΝΗΣ
ΛΕΩΝΙΔΑΣ ΓΡΗΓΟΡΑΚΟΣ
ΓΕΩΡΓΙΟΣ ΤΣΟΥΡΝΟΣ
ΧΡΗΣΤΟΣ ΣΜΥΡΛΗΣ ΛΙΑΚΑΤΑΣ
ΜΙΧΑΗΛ ΚΑΡΧΙΜΑΚΗΣ
ΑΝΑΣΤΑΣΙΟΣ ΣΠΗΛΙΟΠΟΥΛΟΣ
ΠΑΡΘΕΝΑ ΘΕΟΔΩΡΙΔΟΥ
ΝΙΚΟΛΑΟΣ ΚΟΡΤΣΑΡΗΣ
ΕΜΜΑΝΟΥΗΛ ΚΕΦΑΛΟΓΙΑΝΝΗΣ
ΠΑΝΑΓΙΩΤΗΣ ΑΝΤΩΝΑΚΟΠΟΥΛΟΣ
ΓΕΩΡΓΙΟΣ ΔΑΣΚΑΛΑΚΗΣ
ΕΥΑΓΓΕΛΙΑ ΣΧΟΙΝΑΡΑΚΗ
ΣΠΥΡΙΔΩΝ ΤΑΛΙΑΔΟΥΡΟΣ
ΘΕΟΦΙΛΟΣ ΒΑΣΙΛΕΙΟΥ
ΕΚΤΟΡΑΣ ΝΑΣΙΩΚΑΣ
ΜΙΛΤΙΑΔΗΣ ΒΑΡΒΙΤΣΙΩΤΗΣ
ΘΕΟΔΩΡΟΣ ΤΣΟΥΚΑΤΟΣ
ΑΝΔΡΕΑΣ ΜΑΚΡΙΠΙΔΗΣ
ΠΑΝΑΓΙΩΤΗΣ ΜΕΛΑΣ
ΙΩΑΝΝΗΣ ΤΣΑΚΛΙΔΗΣ
ΕΜΜΑΝΟΥΗΛ ΜΠΕΤΕΝΙΩΤΗΣ
ΕΥΤΥΧΗΣ ΚΟΝΤΟΜΑΡΗΣ
ΛΕΩΝΙΔΑΣ ΛΥΜΠΕΡΚΙΔΗΣ
ΣΤΕΛΙΟΣ ΜΑΤΖΑΠΕΤΑΚΗΣ
ΠΑΝΑΓΙΩΤΗΣ ΨΩΜΙΑΔΗΣ
ΕΜΜΑΝΟΥΗΛ ΚΑΡΧΙΜΑΚΗΣ
ΙΩΑΝΝΗΣ ΒΑΙΝΑΣ
ΔΗΜΗΤΡΗΣ ΚΩΣΤΟΠΟΥΛΟΣ
ΙΩΑΝΝΗΣ ΒAΙΝΑΣ
ΓΕΩΡΓΙΟΣ ΠΑΠΑΓΕΩΡΓΙΟΥ
ΣΩΤΗΡΗΣ ΧΑΤΖΗΓΑΚΗΣ
ΑΠΟΣΤΟΛΟΣ ΑΝΔΡΕΟΥΛΑΚΟΣ
ΜΙΧΑΗΛ ΧΡΥΣΟΧΟΪΔΗΣ
ΙΩΑΝΝΗΣ ΒΑΪΝΑΣ
ΣΩΤΗΡΗΣ ΣΤΟΛΙΔΗΣ
ΑΔΑΜ ΡΕΓΚΟΥΖΑΣ
ΜΙΧΑΛΗΣ ΧΑΛΚΙΔΗΣ
ΝΙΚΟΛΑΟΣ ΦΛΩΡΟΣ
ΣΗΦΗΣ ΒΑΛΥΡΑΚΗΣ
ΑΝΑΣΤΑΣΙΟΣ ΣΠΗΛIΟΠΟΥΛΟΣ
ΣΤΑΥΡΟΣ ΠΑΔΟΠΟΥΛΟΣ
ΚΩΝΣΤΑΝΤΙΝΟΣ ΒΡΕΤΤΟΣ
ΙΩΑΝΝΗΣ ΒΛΑΤΗΣ
ΑΝΑΣΤΑΣΙΟΣ ΧΩΡΕΜΗΣ
ΑΘΑΝΑΣΙΟΣ ΜΠΟΥΡΑΣ
ΙΩΑΝΝΗΣ ΤΡΑΓΑΚΗΣ
ΕΜΜΑΝΟΥΗΛ ΟΘΩΝΑΣ
ΜΙΧΑΛΗΣ ΠΑΝΤΟΥΛΑΣ
ΧΡΗΣΤΟΣ ΖΩΗΣ
ΙΩΑΝΝΗΣ ΓΙΑΝΝΕΛΛΗΣ
ΙΩΑΝΝΗΣ ΜΑΝΙΑΤΗΣ
ΘΑΛΑΣΣΙΝΟΣ ΘΑΛΑΣΣΙΝΟΣ
ΕΥΑΓΓΕΛΟΣ ΒΕΝΙΖΕΛΟΣ
ΒΑΣΙΛΕΙΟΣ ΕΞΑΡΧΟΣ
ΒΑΣΙΛΕΙΟΣ ΚΕΓΚΕΡΟΓΛΟΥ
ΕΥΑΓΓΕΛΟΣ ΑΡΓΥΡΗΣ
ΕΛΠΙΔΑ ΤΣΟΥΡΗ
ΜΑΞΙΜΟΣ ΧΑΡΑΚΟΠΟΥΛΟΣ
ΔΗΜΗΤΡΙΟΣ ΡΕΠΠΑΣ
ΙΩΑΝΝΗΣ ΜΠΟΥΓΑΣ
ΓΕΩΡΓΙΟΣ ΝΤΟΛΙΟΣ
ΚΩΝΣΤΑΝΤΙΝΟΣ ΡΟΒΛΙΑΣ
ΧΡΙΣΤΟΣ ΒΕΡΕΛΗΣ
ΚΩΝΣΤΑΝΤΙΝΟΣ ΚΑΙΣΕΡΛΗΣ
ΑΙΚΑΤΕΡΙΝΗ ΠΕΡΛΕΠΕ
ΠΑΡΑΣΚΕΥΗ ΧΡΙΣΤΟΦΙΛΟΠΟΥΛΟΥ
ΧΡΥΣΗ ΑΡΑΠΟΓΛΟΥ
ΑΠΟΣΤΟΛΟΣ ΚΑΚΛΑΜΑΝΗΣ
ΣΤΑΥΡΟΣ ΜΠΕΝΟΣ
ΧΡΗΣΤΟΣ ΠΡΩΤΟΠΑΠΑΣ
ΑΠΟΣΤΟΛΟΣ ΚΩΣΤΟΠΟΥΛΟΣ
ΕΥΑΓΓΕΛΟΣ ΠΑΠΑΧΡΗΣΤΟΥ
ΕΥΣΤΑΘΙΟΣ ΚΟΥΤΜΕΡΙΔΗΣ
ΜΙΧΑΗΛ ΠΑΝΤΟΥΛΑΣ
ΑΝΤΩΝΙΟΣ ΚΑΡΠΟΥΖΑΣ
ΜΙΧΑΛΗΣ ΧΡΥΣΟΧΟΪΔΗΣ
ΑΘΑΝΑΣΙΑ ΜΕΡΕΝΤΙΤΗ
ΠΑΝΑΓΙΩΤΗΣ ΡΗΓΑΣ
ΙΩΑΝΝΗΣ ΚΟΥΤΣΟΥΚΟΣ
ΓΙΑΝΝΗΣ ΚΟΥΤΣΟΥΚΟΣ
ΣΥΜΕΩΝ ΚΕΔΙΚΟΓΛΟΥ
ΦΙΛΙΠΠΟΣ ΠΕΤΣΑΛΝΙΚΟΣ
ΑΘΑΝΑΣΙΟΣ ΜΩΡΑΪΤΗΣ
ΕΥΑΓΓΕΛΟΣ ΠΑΠΑΧΡΗΣΤΟΣ
ΔΗΜΗΤΡΙΟΣ ΚΟΥΣΕΛΑΣ
ΔΗΜΗΤΡΙΟΣ ΒΑΡΒΑΡΙΓΟΣ
ΓΡΗΓΟΡΙΟΣ ΝΙΩΤΗΣ
ΑΓΓΕΛΟΣ ΜΑΝΩΛΑΚΗΣ
ΣΤΕΦΑΝΟΣ ΤΖΟΥΜΑΚΑΣ
ΒΑΣΙΛΕΙΟΣ ΠΑΠΑΧΡΗΣΤΟΥ
ΑΘΑΝΑΣΙΟΣ ΛΕΒΕΝΤΗΣ
ΜΑΡΚΟΣ ΜΠΟΛΑΡΗΣ
ΑΡΑΠΟΓΛΟΥ ΧΡΥΣΑ ΒΑΡΒΑΡΙΓΟΣ
ΜΙΧΑΛΗΣ ΜΠΕΚΙΡΗΣ
ΣΤΑΥΡΟΣ ΚΕΛΕΤΣΗΣ
ΑΘΑΝΑΣΙΟΣ ΠΑΠΑΓΕΩΡΓΙΟΥ
ΚΩΝΣΤΑΝΤΙΝΟΣ ΖΑΧΑΡΑΚΗΣ
ΘΑΝΟΣ ΜΩΡΑΪΤΗΣ
ΙΩΝΝΗΣ ΚΟΥΤΣΟΥΚΟΣ
ΒΑΣΙΛΕΙΟΣ ΧΡΥΣΗΣ
ΧΡΗΣΤΟΣ ΑΗΔΟΝΗΣ
ΑΓΓΕΛΙΚΗ ΓΚΕΡΕΚΟΥ
ΑΓΓΕΛΟΣ ΜΑΝΩΛΑΚΟΣ
ΑΛΕΞΑΝΔΡΟΣ ΑΛΑΒΑΝΟΣ
ΗΛΙΑΣ ΚΑΛΙΩΡΑΣ
ΧΡΗΣΤΟΣ ΒΕΡΕΛΗΣ
ΑΝΔΡΕΑΣ ΑΝΔΡΙΑΝΟΠΟΥΛΟΣ
ΕΛΕΝΑ ΚΟΥΝΤΟΥΡΑ
ΧΡΥΣΑ ΜΑΝΩΛΙΑ
ΙΩΑΝΝΗΣ ΜΑΓΚΡΙΩΤΗΣ
ΑΠΟΣΤΟΛΟΣ ΚΑΤΣΙΦΑΡΑΣ
ΚΑΤΕΡΙΝΑ ΠΕΡΛΕΠΕ
ΜΙΧΑΗΛ ΜΠΕΚΙΡΗΣ
ΡΟΒΛΙΑΣ ΚΩΝΣΤΑΝΤΙΝΟΣ
ΔΗΜΗΤΡΗΣ ΚΟΥΣΕΛΑΣ
ΑΡΙΣΤΕΙΔΗΣ ΜΟΥΣΙΩΝΗΣ
ΒΑΣΙΛΕΙΟΣ ΤΟΓΙΑΣ
ΓΕΩΡΓΙΟΣ ΚΟΝΤΟΓΙΑΝΝΗΣ
ΚΩΝΣΤΑΝΤΙΝΟΣ ΤΑΣΟΥΛΑΣ
ΣΙΜΟΣ ΚΕΔΙΚΟΓΛΟΥ
ΚΩΝΙΣΤΑΝΤΙΝΟΣ ΚΑΪΣΕΡΛΗΣ
ΚΩΝΣΤΑΝΤΙΝΟΣ ΚΑΪΣΕΡΛΗΣ
ΦΙΛΙΠΠΟΣ ΤΣΑΛΙΔΗΣ
ΧΡΙΣΤΙΑΝΑ ΚΑΛΟΓΗΡΟΥ
ΧΡΗΣΤΟΣ ΧΑΪΔΟΣ
ΔΗΜΗΤΡΙΟΣ ΧΡΙΣΤΟΦΙΛΟΓΙΑΝΝΗΣ
ΜΑΝΟΣ ΦΡΑΓΚΙΑΔΟΥΛΑΚΗΣ
ΙΛΧΑΝ ΑΧΜΕΤ
ΝΙΚΟΛΑΟΣ ΧΡΙΣΤΟΔΟΥΛΑΚΗΣ
ΣΤΑΥΡΟΣ ΣΚΟΠΕΛΙΤΗΣ
ΧΡΥΣΑΝΘΗ ΜΑΝΩΛΙΑ
ΚΩΝΣΤΑΝΤΙΝΟΣ ΤΣΙΠΛΑΚΗΣ
ΜΙΛΤΙΑΔΗΣ ΒΕΡΡΑΣ
ΠΑΝΑΓΙΩΤΗΣ ΚΟΣΙΩΝΗΣ
ΜΙΧΛΗΣ ΚΑΡΧΙΜΑΚΗΣ
ΞΕΝΟΦΩΝ ΒΕΡΓΙΝΗΣ
ΝΟΡΑ ΚΑΤΣΕΛΗ
ΒΑΣΙΛΕΙΟΣ ΜΠΕΚΙΡΗΣ
ΑΝΑΣΤΑΣΙΑ ΣΥΛΒΑΝΑ
ΚΩΝΣΤΑΝΤΙΝΟΣ ΑΓΟΡΑΣΤΟΣ
ΑΝΑΣΤΑΣΙΑ ΣΥΛΒΑΝΑ ΡΑΠΤΗ
ΑΝΤΩΝΙΑ ΑΝΤΩΝΙΟΥ
ΔΗΜΟΣΘΕΝΗΣ ΤΣΙΑΜΑΚΗΣ
ΚΩΝΣΤΑΝΤΙΝΟΣ ΚΙΛΤΙΔΗΣ
ΓΙΑΝΝΗΣ ΧΩΜΑΤΑΣ
ΑΧΜΕΤ ΙΛΧΑΝ
ΘΕΟΔΩΡΑ ΤΖΑΚΡΗ
ΚΩΝΣΤΑΝΤΙΝΟΣ ΣΠΗΛΙΟΠΟΥΛΟΣ
ΔΗΜΗΤΡΗΣ ΠΙΠΕΡΓΙΑΣ
ΣΑΒΒΑΣ ΕΜΙΝΙΔΗΣ
ΕΚΤΩΡΑΣ ΝΑΣΙΩΚΑΣ
ΑΘΗΝΑ ΚΟΡΚΑ
ΚΡΙΝΙΩ ΚΑΝΕΛΛΟΠΟΥΛΟΥ
ΓΕΩΡΓΙΟΣ ΓΕΩΡΓΑΚΟΠΟΥΛΟΣ
ΚΡΙΝΙΩ ΚΑΝΕΛΟΠΟΥΛΟΥ
ΠΕΤΡΟΣ ΑΛΙΒΙΖΑΤΟΣ
MIXAΛΗΣ ΚΑΡΧΙΜΑΚΗΣ
ΑΣΗΜΙΝΑ ΞΗΡΟΤΥΡΗ ΑΙΚΑΤΕΡΙΝΑΡΗ
ΦΩΤΙΟΣ ΧΑΤΖΗΜΙΧΑΛΗΣ
ΝΙΚΟΛΑΟΣ ΓΚΑΤΖΗΣ
ΔΗΜΗΤΡΗΣ ΧΡΙΣΤΟΦΙΛΟΓΙΑΝΝΗΣ
ΑΠΟΣΤΟΛΟΣ ΦΩΤΙΑΔΗΣ
ΙΩΑΝΝΗΣ ΓΙΑΝΝΕΛΗΣ
Παναγιώτης Σγουρίδης
ΜΕΡΙΚΟΙ ΒΟΥΛΕΥΤΕΣ
ΟΛΟΙ ΟΙ ΒΟΥΛΕΥΤΕΣ
ΠΟΛΛΟΙ ΒΟΥΛΕΥΤΕΣ
ΣΥΜΦΩΝΗΣΑΝ ΤΑ ΑΚΟΛΟΥΘΑ
ΚΩΝΣΤΑΝΤΙΝΟΣ ΜΗΤΣΟΤΑΚΗΣ
ΣΠΥΡΙΔΩΝ ΔΑΝΕΛΛΗΣ
ΕΠΑΜΕΙΝΩΝΔΑΣ ΖΑΦΕΙΡΟΠΟΥΛΟΣ
ΗΛΙΑΣ ΒΕΖΔΡΕΒΑΝΗΣ
ΙΩΑΝΝΗΣ ΠΑΠΑΔΗΜΟΠΟΥΛΟΣ
ΔΗΜΗΤΡΙΟΣ ΓΕΩΡΓΟΠΟΥΛΟΣ
ΕΥΑΓΓΕΛΟΣ ΜΕΪΜΑΡΑΚΗΣ
ΧΑΡΑΛΑΜΠΟΣ ΑΓΓΟΥΡΑΚΗΣ
ΣΤΡΑΤΗΣ ΚΟΡΑΚΑΣ
ΓΕΩΡΓΙΟΣ ΑΛΟΓΟΣΚΟΥΦΗΣ
ΑΧΙΛΛΕΥΣ ΚΑΝΤΑΡΤΖΗΣ
ΑΝΑΣΤΑΣHΣ ΠΑΠΑΛΗΓΟΥΡΑΣ
ΜΙΛΤΙΑΔΗΣ ΕΒΕΡΤ
ΠΡΟΚΟΠΗΣ ΠΑΥΛΟΠΟΥΛΟΣ
ΛΑΜΠΡΟΣ ΚΑΝΕΛΛΟΠΟΥΛΟΣ
ΑΘΑΝΑΣΙΟΣ ΜΑΤΗΣ
ΚΟΣΜΑΣ ΣΦΥΡΙΟΥ
ΧΡΗΣΤΟΣ ΒΥΖΟΒΙΤΗΣ
ΣΤΥΛΙΑΝΗ ΑΛΦΙΕΡΗ
ΙΩΑΝΝΗΣ ΤΖΩΑΝΝΟΣ
ΜΑΝΩΛΗΣ ΜΠΕΝΤΕΝΙΩΤΗΣ
ΛΕΥΤΕΡΗΣ ΠΑΠΑΓΕΩΡΓΟΠΟΥΛΟΣ
ΜΑΡΙΑ ΜΠΟΣΚΟΥ
ΝΙΚΟΛΑΟΣ ΑΚΡΙΤΙΔΗΣ
ΠΑΝΑΓΙΩΤΗΣ ΚΑΜΜΕΝΟΣ
ΣΤΕΦΑΝΟΣ ΜΑΝΟΣ
ΔΗΜΗΤΡΙΟΣ ΠΑΝΤΕΡΜΑΛΗΣ
ΕΛΙΣΑΒΕΤ ΠΑΠΑΔΗΜΗΤΡΙΟΥ
ΕΥΑΓΓΕΛΟΣ ΜΕΙΜΑΡΑΚΗΣ
ΕΛΕΥΘΕΡΙΟΣ ΒΕΡΥΒΑΚΗΣ
ΑΓΓΕΛΟΣ ΜΠΡΑΤΑΚΟΣ
ΑΛΕΞΑΝΔΡΟΣ ΚΑΛΑΦΑΤΗΣ
ΣΤΑΥΡΟΣ ΔΗΜΑΣ
ΕΥΑΓΓΕΛΟΣ ΜΠΟΥΤΑΣ
ΕΝΤΥΠΟ ΣΗΜΑΤΟΣ ΑΠΟ
ΑΠΟΣΤΕΛΛΟΝ ΜΕΡΟΣ ΠΡΟΣ
ΒΑΣΙΛΕΥΣ ΤΩΝ ΒΕΛΓΩΝ
ΒΑΣΙΛΙΣΣΑ ΤΗΣ ΔΑΝΙΑΣ
ΔΗΜΟΚΡΑΤΙΑΣ ΤΗΣ ΓΕΡΜΑΝΙΑΣ
ΤΗΣ ΕΛΛΗΝΙΚΗΣ ΔΗΜΟΚΡΑΤΙΑΣ
ΒΑΣΙΛΕΥΣ ΤΗΣ ΙΣΠΑΝΙΑΣ
ΤΗΣ ΓΑΛΛΙΚΗΣ ΔΗΜΟΚΡΑΤΙΑΣ
ΠΡΟΕΔΡΟΣ ΤΗΣ ΙΡΛΑΝΔΙΑΣ
ΤΗΣ ΙΤΑΛΙΚΗΣ ΔΗΜΟΚΡΑΤΙΑΣ
ΔΟΥΞ ΤΟΥ ΛΟΥΞΕΜΒΟΥΡΓΟΥ
ΤΩΝ ΚΑΤΩ ΧΩΡΩΝ
ΤΗΣ ΠΟΡΤΟΓΑΛΙΚΗΣ ΔΗΜΟΚΡΑΤΙΑΣ
ΚΑΙ ΒΟΡΕΙΑΣ ΙΡΛΑΝΔΙΑΣ
ΣΤΙΣ ΑΚΟΛΟΥΘΕΣ ΔΙΑΤΑΞΕΙΣ
ΑΝΕΣΤΗΣ ΣΑΑΤΣΟΓΛΟΥ
ΑΝΑΣΤΑΣΗΣ ΠΑΠΑΛΗΓΟΥΡΑΣ
ΓΕΩΡΓΙΟΣ ΚΙΡΚΟΣ
ΑΘΑΝΑΣΙΟΣ ΤΣΟΥΡΑΣ
ΙΩΑΝΝΗΣ ΒΑΡΒΙΤΣΙΩΤΗΣ
ΕΛΕΝΗ ΑΝΟΥΣΑΚΗ
ΜΙΛΤΙΑΔΗΣ ΠΑΠΑΪΩΑΝΝΟΥ
ΓΕΩΡΓΙΟΣ ΚΑΛΟΣ
ΘΕΟΔΩΡΑ ΜΠΑΚΟΓΙΑΝΝΗ
ΑΠΟΦΑΣΗ ΘΕΜΑ
ΣΤΑΥΡΟΣ ΠΑΝΑΓΙΩΤΟΥ
ΣΠΥΡΙΔΩΝ ΣΠΥΡΟΥ
ΚΑΝΕΛΛΟΣ ΛΑΛΟΣ
ΦΩΤHΣ ΚΟΥΒΕΛΗΣ
ΚΩΝΣΤΑΝΤΙΝΟΣ ΣΤΕΦΑΝΗΣ
ΑΠΟΣΤΟΛΟΣ ΤΑΣΟΥΛΑΣ
ΓΕΩΡΓΙΟΣ ΠΑΝΑΓΙΩΤΟΠΟΥΛΟΣ
ΑΠΟΣΤΟΛΟΣ ΣΤΑΥΡΟΥ
ΠΕΤΡΟΣ ΜΟΛΥΒΙΑΤΗΣ
ΒΑΣΙΛΕΙΟΣ ΜΙΧΑΛΟΛΙΑΚΟΣ
AΘΑΝΑΣΙΟΣ ΓΙΑΝΝΟΠΟΥΛΟΣ
ΜΑΡΙΕΤΑ ΓΙΑΝΝΑΚΟΥ ΚΟΥΤΣΙΚΟΥ
ΧΡΗΣΤΟΣ ΜΑΡΚΟΓΙΑΝΝΑΚΗΣ
ΦΩΤΙΟΣ ΚΟΥΒΕΛΗΣ
ΣΥΜΦΩΝΗΣΑΝ ΤΑ ΕΞΗΣ
ΠΑΝΑΓΙΩΤΗΣ ΦΩΤΙΑΔΗΣ
ΘΕΟΔΩΡΟΣ ΚΑΣΣΙΜΗΣ
ΚΙΜΩΝ ΚΟΥΛΟΥΡΗΣ
ΘΟΔΩΡΟΣ ΚΑΣΣΙΜΗΣ
KΟΣΜΑΣ ΣΦΥΡΙΟΥ
ΒΑΣΙΛΗΣ ΚΕΔΙΚΟΛΓΟΥ
ΕΜΜΑΝΟΥΗΛ ΛΟΥΚΑΚΗΣ
ΚIΜΩΝ ΚΟΥΛΟΥΡΗΣ
ΔΙΕΥΘΥΝΣΗ ΜΕΛΕΤΩΝ ΤΜΗΜΑ
NIKOΛΑΟΣ ΓΚΕΛΕΣΤΑΘΗΣ
ΔΗΜΗΤΡΙΟΣ ΝΤΟΥΣΚΑΣ
ΕΥΓΕΝΙΟΣ ΧΑΪΤΙΔΗΣ
ΠΑΝΤΕΛΗΣ ΤΣΕΡΤΙΚΙΔΗΣ
ΓΕΩΡΓΙΟΣ ΤΖΙΤΖΙΚΩΣΤΑΣ
ΓΕΩΡΓΙΟΣ ΑΛΕΞΟΠΟΥΛΟΣ
ΔΗΜΗΤΡΙΟΣ ΘΑΝΟΣ
ΓΕΩΡΓΙΟΣ ΛΙΑΝΗΣ
ΑΘΑΝΑΣΙΟΣ ΠΑΝΑΓΙΩΤΟΠΟΥΛΟΣ
ΚΩΝΣΤΑΝΤΙΝΟΣ ΜΠΑΝΤΟΥΒΑΣ
ΚΩΝΣΤΑΝΤΙΝΟΣ ΣΗΜΑΙΟΦΟΡΙΔΗΣ
ΣΥΜΦΩΝΗΣΑΝ ΩΣ ΑΚΟΛΟΥΘΩΣ
ΝΙΚΟΛΑΟΣ ΚΟΚΚΙΝΗΣ
ΕΥΑΓΓΕΛΟΣ ΜΑΛΕΣΙΟΣ
ΒΑΣΙΛΙΚΗ ΑΡΑΠΗ ΚΑΡΑΓΙΑΝΝΗ
ΑΝΝΑ ΜΠΕΝΑΚΗ ΨΑΡΟΥΔΑ
ΓΕΩΡΓΙΟΣ ΒΟΥΛΓΑΡΑΚΗΣ
ΙΩΑΝΝΗΣ ΘΩΜΟΠΟΥΛΟΣ
Σ Η ΘΕΜΑ
ΝΙΚΟΛΑΟΣ ΓΚΕΣΟΥΛΗΣ
ΙΩΑΝΝΗΣ ΣΚΟΥΛΑΡΙΚΗΣ
ΦΡΑΓΚΛΙΝΟΣ ΠΑΠΑΔΕΛΛΗΣ
ΙΩΑΝΝΗΣ ΚΩΝΣΤΑΝΤΙΝΙΔΗΣ
ΣΤΑΥΡΟΣ ΠΑΠΑΔΟΥΛΟΣ
ΜΑΡΙΑ ΑΡΣΕΝΗ
ΝΙΚΟΛΑΟΣ ΛΑΜΠΑΔΑΡΗΣ
ΛΑΜΠΡΟΣ ΚΑΝΕΛΛΟΠΟΥΛΛΟΣ
ΙΩΑΝΝΗΣ ΖΙΑΓΚΑΣ
ΓΙΑΝΝΗΣ ΖΑΦΕΙΡΟΠΟΥΛΟΣ
XΑΡΑΛΑΜΠΟΣ ΑΓΓΟΥΡΑΚΗΣ
ΛΕΥΡΕΡΗΣ ΠΑΠΑΓΕΩΡΓΟΥΛΟΣ
ΠΑΝΤΕΛΗΣ ΟΙΚΟΝΟΜΟΥ
ΙΩΑΝΝΗΣ ΠΑΠΑΔΑΤΟΣ
ΓΙΑΝΝΗΣ ΚΑΨΗΣ
NIKOΛΑΟΣ ΠΑΠΑΦΙΛΙΠΠΟΥ
ΓΕΩΡΓΙΟΣ ΒΟΥΓΛΑΡΑΚΗΣ
IΩΑΝΝΗΣ ΒΑΡΒΙΤΣΙΩΤΗΣ
ΓΕΩΡΓΙΟΣ ΣΟΥΦΛΙΑΣ
ΓΙΑΝΝΗΣ ΠΟΤΤΑΚΗΣ
MAΡΙΑ ΔΑΜΑΝΑΚΗ
ΜΑΡΙΑ ΜΠΟΥΣΚΟΥ
ΙΩΑΝΝΗΣ ΜΑΓΡΚΙΩΤΗΣ
ΚΩΝΤΑΝΤΙΝΟΣ ΜΗΤΣΟΤΑΚΗΣ
ΝΙΚΟΛΑΟΣ ΚΑΚΚΑΛΟΣ
AΓΓΕΛΟΣ ΜΠΡΑΤΑΚΟΣ
ΑΧΙΛΕΑΣ ΚΑΝΤΑΡΤΖΗΣ
ΑΘΗΝΑ ΘΕΜΑ
ΕΜΜΑΝΟΥΗΛ ΚΕΦΑΛΛΟΓΙΑΝΝΗΣ
ΒΙΟΛΟΓΙΑΣ ΚΑΙ ΙΑΤΡΙΚΗΣ
ΣΥΝΟΜΟΛΟΓΗΣΑΝ ΤΑ ΕΞΗΣ
ΜΑΡΙΑ ΚΩΝΣΤΑΝΤΟΠΟΥΛΟΥ
ΕΛΕΩΝΟΡΑ ΚΑΤΣΕΛΗ
ΓΚΑΛΗΠ ΓΚΑΛΗΠ
ΑΔΑΜ ΡΑΓΚΟΥΖΑΣ
ΜΗΝΑΣ ΣΤΑΥΡΑΚΑΚΗΣ
ΠΟΛΛΟΙ ΒΟΥΛΕΤΕΣ
EYΑΓΓΕΛΟΣ ΜΠΑΣΙΑΚΟΣ
ΕΠΙ ΤΩΝ ΚΑΤΩΤΕΡΩ
ΜΙΛΙΤΑΔΗΣ ΕΒΕΡΤ
ΒΟΥΛΕΥΤΗΣ ΔΡΑΜΑΣ ΔΡΑΜΑ
ΑΛΕΞΑΝΔΡΟΣ ΚΑΦΑΝΤΑΡΗΣ
ΣΑΒΒΑΣ ΤΣΤΤΟΥΡΙΔΗΣ
ΣΥΝΟΛΟ ΣΥΝΕΔΡΙΑΣΕΩΝ
ΤΑ ΕΞΗΣ ΘΕΜΑΤΑ
ΚΩΣΝΤΑΝΤΙΝΟΣ ΜΗΤΣΟΤΑΚΗΣ
ΝΙΚΟΛΑΟΣ ΠΑΠΑΦΙΛΛΙΠΟΥ
ΧΑΡΑΛΑΜΠΟΣ ΠΑΠΑΘΑΝΑΣΙΟΥ
AXΙΛΛΕΥΣ ΚΑΝΤΑΡΤΖΗΣ
ΚΩΝΣΤΑΝΤΙΝΟΣ ΣΚΑΝΔΑΛΙΔΗΣ
IΩΑΝΝΗΣ ΜΑΓΚΡΙΩΤΗΣ
ΣΥΜΦΩΝΕΙ ΤΑ ΕΞΗΣ
ΚΟΣΜΑΣ ΣΦΥΦΙΟΥ
HΛΙΑΣ ΒΕΖΔΡΕΒΑΝΗΣ
KYΡΙΑΚΟΣ ΣΠΥΡΙΟΥΝΗΣ
KOΣΜΑΣ ΣΦΥΡΙΟΥ
ΔΗΜΤΡΙΟΣ ΣΙΟΥΦΑΣ
AXIΛΛEΥΣ ΚΑΝΤΑΡΤΖΗΣ
ΙΩΑΝΝΗΣ ΒΑΡΒΤΣΙΩΤΗΣ
PDF ΕΥΑΓΓΕΛΟΣ ΑΠΟΣΤΟΛΟΥ
AXIΛΛΕΥΣ ΚΑΝΤΑΡΤΖΗΣ
ΣΩΤΗΡΙΟΣ ΚΟΥΒΕΛΑΣ
NIKOΛΑΟΣ ΓΚΑΤΖΗΣ
EYAΓΓΕΛΟΣ ΑΠΟΣΤΟΛΟΥ
ΜΑΡΙΕΤΑ ΓΙΑΝΝΑΚΟΥ
BAΣΙΛΕΙΟΣ ΜΑΓΓΙΝΑΣ
ΠΑΝΑΓΙΩΤΗΣ ΛΟΥΚΑΚΟΣ
ΜΑΡΙΕΤΤΑ ΓΙΑΝΝΑΚΟΥ
ΜΙΧΑΗΛ ΛΙΑΠΗΣ
ΙΩΑΝΝΗΣ ΤΖΟΑΝΝΟΣ
ΑΝΑΣΤΑΣΙΟΣ ΒΑΡΙΝΟΣ
MΙΛΤΙΑΔΗΣ ΕΒΕΡΤ
ΙΩΑΝΝΗΣ ΔΙΑΜΑΝΤΙΔΗΣ
ΑΛΕΞΑΝΔΡΟΣ ΠΑΠΑΔΟΠΟΥΛΟΣ
EΛΕΥΘΕΡΙΟΣ ΠΑΠΑΝΙΚΟΛΑΟΥ
ΕΛΣΑ ΠΑΠΑΔΗΜΗΤΡΙΟΥ
ΙΩΑΝΝΗΣ ΔΡΑΓΑΓΑΚΗΣ
ΤΗΛΕΜΑΧΟΣ ΧΥΤΗΡΗΣ
ΠΑΝΑΓΤΩΤΗΣ ΚΟΥΡΟΥΜΠΛΗΣ
ΟΛΟΙ OI ΒΟΥΛΕΥΤΕΣ
ΑΧΙΛΛΕYΣ ΚΑΝΤΑΡΤΖΗΣ
ΡΟΒΕΡΤΟΣ ΣΠΥΡΟΠΟΥΛΟΣ
ΕΝΑΣ ΒΟΥΛΕΥΤΗΣ
ΓΙΩΡΓΙΟΣ ΑΔΑΜΟΠΟΥΛΟΣ
ΘΕΟΔΩΡΟΣ ΚΟΚΕΛΙΔΗΣ
KΩΝΣΤΑΝΤΙΝΟΣ ΜΗΤΣΟΤΑΚΗΣ
ΠΟΛΛΟΙ ΟΙ ΒΟΥΛΕΥΤΕΣ
ΒΑΣΙΛΗ ΚΕΔΙΚΟΓΛΟΥ
IΩΑΝΝΗΣ ΔΗΜΑΡΑΣ
ΟΛΟΙ ΒΟΥΛΕΥΤΕΣ
ΕΝΗΜΕΡΩΤΙΚΟ ΣΗΜΕΙΩΜΑ ΘΕΜΑ
ΑΝΑΣΤΑΣΙΟΣ ΝΕΡΑΝΤΗΣ
ΠΟΛΟΙ ΒΟΥΛΕΥΤΕΣ
ΔΜΗΤΡΙΟΣ ΣΙΟΥΦΑΣ
ΣΤΥΛΙΑΝΗ ΑΛΙΦΙΕΡΗ
ΑΘΝΑΣΙΟΣ ΚΟΝΤΑΞΗΣ
MIΛΤΙΑΔΗΣ ΕΒΕΡΤ
ΘΕΟΔΩΡΑ ΜΠΑΚΟΓΙΑΝΝΗΣ
ΑΝΑΣΤΑΣΙΟΣ ΙΝΖΤΕΣ
ΔΗΜΗΤΡΗΣ ΚΑΤΣΙΚΟΠΟΥΛΟΣ
ΛΕΥTΕΡHΣ ΠΑΠΑΓΕΩΡΓΟΠΟΥΛΟΣ
ΘΕΟΔΩΡΟΣ ΚΟΚΚΕΛΙΔΗΣ
ΤΖΑΝΗΣ ΤΖΑΝΝΕΤΑΚΗΣ
ΚΩΝΣΤΑΝΤΙΝΟΣ ΠΑΠΑΛΕΞΗΣ
ΝΙΚΟΛΑΟΣ ΣΑΛΑΓΚΟΥΔΗΣ
ΚΥΡΙΑΚΟΣ ΣΠΟΥΡΙΟΥΝΗΣ
ΓΕΩΡΓΙΟΣ ΑΛΟΓΚΟΣΚΟΥΦΗΣ
ΒΡΥΞΕΛΛΕΣ ΚΟΙΝ
ΓΙΩΡΓΙΟΣ ΚΑΤΣΙΜΠΑΡΔΗΣ
ΠΕΤΡΟΣ ΚΟΥΝΑΛΑΚΗ
ΚΩΣΝΣΤΑΝΤΙΝΟΣ ΜΗΤΣΟΤΑΚΗΣ
ΕΥΓΕΝΙΟΣ ΧΑΙΤΙΔΗΣ
ΓΙΩΡΓΟΣ ΚΑΡΑΣΜΑΝΗΣ
Η ΟΝΕ
ΓΙΩΡΓΟΣ ΚΑΤΣΙΜΠΑΡΔΗΣ
ΓΙΩΡΓΟΣ ΚΑΤΣΙΜΠΑΡΔΗ
ΚΑΙ ΠΡΟΥΠΟΛΟΓΙΣΜΟΥ ΔΙΕΥΘΥΝΣΗ
HΛΙΑΣ ΠΑΠΑΔΟΠΟΥΛΟΣ
ΘΕΟΔΩΡΟΣ ΔΙΑΜΙΑΝΟΣ
ΠΡΟΒΛΕΨΕΙΣ ΤΗΣ ΣΥΜΒΑΣΗΣ
ΟΡΩΝ ΤΗΣ ΣΥΜΒΑΣΗΣ
ΕΠΙΚΥΡΩΣΗ ΤΩΝ ΓΡΑΜΜΑΤΙΩΝ
ΔΙΑΚΑΝΟΝΙΣΜΟΥ ΤΗΣ ΔΙΑΦΟΡΑΣ
ΠΡΟΚΑΤΑΡΚΤΙΚΗ ΕΞΕΤΑΣΗ
ΟΜΙΛΟΥ ΒΑΒΝ TECHNOLOGIES
ΠΡΑΚΤΙΚΟ ΔΙΑΠΡΑΓΜΑΤΕΥΣΗΣ
ΓΙΑΝΝΗΣ ΣΟΥΛΑΔΑΚΗΣ
ΡΟΒΕΡΔΟΣ ΣΠΥΡΟΠΟΥΛΟΣ
EYAΓΓΕΛΟΣ ΜΠΟΥΤΑΣ
ΣΠΗΛΙΟΣ ΣΠΗΛΙΟΤΟΠΟΥΛΟΣ
ΓΕΩΡΓΙΟΣ ΡΩΜΑΙΟΣ
ΚΩΝΣΤΑΝΤΑΝΤΙΝΟΣ ΜΗΤΣΟΤΑΚΗΣ
ΓΕΩΡΙΟΣ ΚΑΛΟΣ
ΑΡΘΡΟ ΤΕΤΑΡΤΟ
ΑΡΘΡΟ ΔΕΚΑΤΟ ΕΚΤΟ
ΓΕΩΡΓIΟΣ ΡΟΚΟΣ
AΝΑΣΤΑΣΙΟΣ ΝΕΡΑΝΤΖΗΣ
AΘΑΝΑΣΙΟΣ ΝΑΚΟΣ
ΑΧΙΛΛΕΑΣ ΚΑΝΤΑΡΤΖΗΣ
ΛΕΩΝΙΔΗΣ ΚΟΥΡΗΣ
ΗΛΙΑΣ ΒΕΖΡΕΒΑΝΗΣ
ΣΤΕΦΑΝΟΣ ΜΑΝΙΚΑΣ
ΑΛΕΞΑΝΔΡΟΣ ΑΚΡΙΒΑΚΗΣ
ΝΙΚΟΛΑΟΣ ΓΚΕΣOYΛΗΣ
Ο ΟΑΕΔ
ΣΥΜΦΩΝΗΣΑΝ ΩΣ ΕΞΗΣ
PDF ΓΕΩΡΓΙΟΣ ΑΔΑΜΟΠΟΥΛΟΣ
EYAΓΓΕΛΟΣ ΜΕΪΜΑΡΑΚΗΣ
ΕΛΙΣΣΑΒΕΤ ΠΑΠΑΔΗΜΗΤΡΙΟΥ
AΔΑΜ ΡΕΓΚΟΥΖΑΣ
ΓΙΩΡΓΟΣ ΑΔΑΜΟΠΟΥΛΟΣ
ΓΕΩΡΓΙΟΣ ΡΟΚΚΟΣ
ANΔΡΙΑΝΗ ΛΟΥΛΕ
EYAΓΓΕΛΟΣ ΒΛΑΣΣΟΠΟΥΛΟΣ
ΘΕΩΡΟΣ ΔΑΜΙΑΝΟΣ
ΙΩΝΝΗΣ ΔΗΜΑΡΑΣ
ΓΕΩΡΙΟΣ ΟΡΦΑΝΟΣ
ΕΠΑΝΕΙΝΩΝΔΑΣ ΖΑΦΕΙΡΟΠΟΥΛΟΣ
ΚΩΝΣTΑΝΤΙΝΟΣ ΜΗΤΣΟΤΑΚΗΣ
ΤΗ ΝΕΑ ΔΗΜΟΚΡΑΤΙΑ
ΣΥΜΦΩΝΗΣΑΝ ΣΤΑ ΕΞΗΣ
ΕΥΑΓΓΕΛΟΣ ΜΠΟΥΤΗΣ
ΒΑΣΙΛΕΙΟΣ ΚΟΡΚΟΠΟΥΛΟΣ
PDF ΒΑΣΙΛΕΙΟΣ ΚΟΡΚΟΛΟΠΟΥΛΟΣ
ΒΑΣΙΛΕΙΟΣ ΚΟΡΚΟΛΟΥΠΟΛΟΣ
ΑΛΛΕΣ ΧΩΡΕΣ
ΔΗΜΟΚΡΑΤΙΑ ΤΗΣ ΓΕΩΡΓΙΑΣ
ΣΥΜΦΩΝΗΣΑΝ ΤΑ ΚΑΤΩΘΙ
AΛΕΞΑΝΔΡΟΣ ΒΟΥΛΓΑΡΗΣ
ΑΝΡΙΑΝΗ ΛΟΥΛΕ
PDF ΒΑΣΙΛΕΙΟΣ ΜΑΓΓΙΝΑΣ
INTEREG II
ΣΥΜΦΩΝΗΣΑΝ ΤΑ ΠΑΡΑΚΑΤΩ
OΛΟΙ ΟΙ ΒΟΥΛΕΥΤΕΣ
ΓΙΑΝΝΗ ΖΑΦΕΙΡΟΠΟΥΛΟΣ
ΚΩΣΝΤΑΝΤΙΝΟΣ ΣΗΜΑΙΟΦΟΡΙΔΗΣ
PDF ΓΙΩΡΓΟΣ ΑΔΑΜΟΠΟΥΛΟΣ
MOΣΧΟΣ ΓΙΚΟΝΟΓΛΟΥ
ΓIΩΡΓΟΣ ΑΔΑΜΟΠΟΥΛΟΣ
AΛΕΞΑΝΔΡΟΣ ΧΡΥΣΑΝΘΑΚΟΠΟΥΛΟΣ
XΡΗΣΤΟΣ ΚΗΠΟΥΡΟΣ
ΤΡΟΠΟΠΟΙΗΘΕΙ ΕΩΣ ΕΞΗΣ
ΠΡΟΣΤΕΘΕΙ ΤΟ ΕΞΗΣ
ΤΡΟΠΟΠΟΙΗΘΕΙ ΩΣ ΕΞΗΣ
ΤΡΟΠΟΙΗΘΕΙ ΩΣ ΕΞΗΣ
ΜΑΡΩ ΚΟΝΤΟΥ
NIKOΛΑΟΣ ΛΕΒΟΓΙΑΝΝΗΣ
ΔΗΝΗΤΡΙΟΣ ΓΕΩΡΓΑΚΟΠΟΥΛΟΣ
ΙΩΑΝΝΗΣ ΠΟΤΤΑΚΗΣ
ΙΩΑΝΝΝΗΣ ΒΑΡΒΙΤΣΙΩΤΗΣ
ΙΩΑΝΝΗΣ ΒΑΡΒΙΣΤΙΩΤΗΣ
ΔΗΜΗΡΙΟΣ ΣΙΟΥΦΑΣ
NΙΚΟΛΑΟΣ ΓΚΕΛΕΣΤΑΘΗΣ
IΩΑΝΝΗΣ ΚΕΦΑΛΟΓΙΑΝΝΗΣ
BAΣΙΛΗΣ ΚΕΔΙΚΟΓΛΟΥ
NIΚΟΛΑΟΣ ΑΚΡΙΤΙΔΗΣ
ΒΑΣΙΛΗΣ ΜΙΧΑΛΟΛΙΑΚΟΣ
ΑΝΔΡΑΝΗ ΛΟΥΛΕ
ΚΩΝΣΤΑΝΤIΝΟΣ ΜΗΤΣΟΤΑΚΗΣ
ΙΩΑΝΝΗΣ ΧΑΡΑΛΑΜΠΟΠΟΥΛΟΣ
ΔΗΜΗΤΡΗΣ ΣΑΡΡΗΣ
ΔΗΜΗΤΡΤΟΣ ΣΙΟΥΦΑΣ
BΑΣΙΛΗΣ ΚΕΔΙΚΟΓΛΟΥ
BΑΣΙΛΕΙΟΣ ΚΕΔΙΚΟΓΛΟΥ
ΕΥΑΓΕΛΟΣ ΜΠΟΥΤΑΣ
ΑΧΙΛΛΕΥΣ ΚΑΡΑΜΑΝΛΗΣ
ΕMΜΑΝΟΥΗΛ ΚΕΦΑΛΟΓΙΑΝΝΗΣ
ΚΩΝΣΤΑΝΤΙΝΟΣ ΔΙΑΜΑΝΤΗΣ
ΑΝΤΩΝΗΣ ΣΚΥΛΛΑΚΟΣ
ΠΥΘΑΓΟΡΑΣ ΒΑΡΔΙΚΟΣ
ΒΑΣΙΛΗΣ ΚΕΔΙΚΓΛΟΥ
ΣΠΡΙΔΩΝ ΒΟΥΓΙΑΣ
ΣΤΑΥΡΟΣ ΔΑΙΛΑΚΗΣ
ΓΕΩΡΓΙΟΣ ΔΕΙΚΤΑΚΗΣ
ΑΝΑΣΤΑΣΙΟΣ ΜΑΝΤΕΛΗΣ
ΘΕΟΔΩΡΟΣ ΑΝΑΓΝΩΣΤΟΠΟΥΛΟΣ
ΣΠΥΡΙΔΩΝ ΒΟΥΓΙΑΣ
ΕΥΡΙΠΙΔΗΣ ΣΤΥΛΙΑΝΙΔΗΣ
ΓΙΑΝΝΗΣ ΠΑΤΑΚΗΣ
ΓΕΩΡΓΙΟΣ ΨΑΧΑΡΟΠΟΥΛΟΣ
ΚΩΝΣΤΑΝΤΙΝΟΣ ΚΑΡΑΜΠΙΝΑΣ
ΓΕΩΡΓΙΟΣ ΘΩΜΑΣ
ΑΓΓΕΛΟΣ ΤΖΕΚΗΣ
ΜΙΧΑΛΗΣ ΠΑΠΑΔΟΠΟΥΛΟΣ
ΘΕΟΔΩΡΟΣ ΚΟΛΙΟΠΑΝΟΣ
ΑΝΤΩΝΙΟΣ ΜΠΕΖΑΣ
ΣΠΥΡΙΔΩΝ ΣΤΡΙΦΤΑΡΗΣ
ΙΩΑΝΝΗΣ ΤΣΕΚΟΥΡΑΣ
ΙΩΑΝΝΗΣ ΠΑΠΑΘΑΝΑΣΙΟΥ
ΓΕΩΡΓΟΣ ΒΛΑΧΟΣ
ΓΕΩΡΓΙΟΣ ΧΟΥΡΜΟΥΖΙΑΔΗΣ
ΠΑΝΑΓΙΩΤΗΣ ΑΔΡΑΚΤΑΣ
ΛΙΑΝΑ ΚΑΝΕΛΛΗ
ΑΝΔΡΕΑΣ ΛΟΒΕΡΔΟΣ
ΙΩΑΝΝΗΣ ΒΑΘΕΙΑΣ
ΠΑΡΑΣΚΕΥΑΣ ΑΥΓΕΡΙΝΟΣ
ΑΘΑΝΑΣΙΟΣ ΑΣΚΗΤΗΣ
ΔΗΜΟΣΙΑΣ ΔΙΟΙΚΗΣΗΣ ΠΡΟΣ
ΒΑΣΙΛΕΙΟΣ ΒΥΖΑΣ
ΔΙΟΝΥΣΙΟΣ ΓΚΟΥΣΚΟΣ
ΕΥΑΓΓΕΛΟΣ ΓΙΑΝΝΟΠΟΥΛΟΣ
ΦΛΩΡΟΣ ΚΩΝΣΤΑΝΤΙΝΟΥ
ΒΑΣΙΛΗΣ ΚΕΔΙΚΟΔΛΟΥ
ΖΕΤΑ ΜΑΚΡΗ
ΘΕΟΔΩΡΟΣ ΣΚΡEΚΑΣ
ΓΕΩΡΓΙΟΣ ΤΡΙΦΩΝΙΔΗΣ
ΕΥΡΥΠΙΔΗΣ ΣΤΥΛΙΑΝΙΔΗΣ
ΕΥΤΥΧIOΣ ΚΟΝΤΟΜΑΡΗΣ
ΒΑΣΙΛΕΙΟΣ ΟΙΚΟΝΟΜΟΥ
BΥΡΩΝ ΠΟΛΥΔΩΡΑΣ
ΛΑΦΑΖΑΝΗΣ ΠΑΝΑΓΙΩΤΗΣ
ΘΟΕΔΩΡΟΣ ΚΟΛΙΟΠΑΝΟΣ
ΘΟΔΩΡΟΣ ΚΟΛΙΟΠΑΝΟΣ
ΑΡΙΣΤΟΒΟΥΛΟΣ ΣΠΗΛΙΩΤΟΠΟΥΛΟΣ
ΕΡΩΤΗΣΕΩΝ ΑΝΕΣΤΗΣ ΑΓΓΕΛΗΣ
ΓΕΩΡΓΙΟΣ ΒΟΥΡΓΑΡΑΚΗΣ
AΡΙΣΤΟΤΕΛΗΣ ΠΑΥΛΙΔΗΣ
ΚΩΝΣΤΑΝΤΙΝΟΣ ΤΣΙΜΑΣ
ΑΛΕΞΑΝΔΡΟΣ ΛΥΚΟΥΡΕΖΟΣ
ΧΡΗΣΤΟΣ ΜΑΓΚΟΥΦΗΣ
ΣΤΥΛΙΑΝΟΣ ΑΓΓΕΛΟΣ ΠΑΠΑΘΕΜΕΛΗΣ
ΑΔΑΜ ΡΕΓΚΟΥΔΑΣ
ΚΩΣΤΑΣ ΚΑΡΡΑΣ
ΜΙΧΑΗΛ ΠΑΠΑΔΟΠΟΥΛΟΣ
ΛΙΑΝΝΑ ΚΑΝΕΛΛΗ
ΕΜΑΝΝΟΥΗΛ ΚΕΦΑΛΟΓΙΑΝΝΗΣ
ΜΑΝΩΛΗΣ ΚΕΦΑΛΟΓΙΑΝΝΗΣ
ΤΗΣ ΝΕΑΣ ΔΗΜΟΚΡΑΤΙΑΣ
ΓΙΑΝΝΗΣ ΤΣΕΚΟΥΡΑΣ
ΠΑΝΑΓΙΩΤΗΣ ΠΑΝΑΓΙΩΤΟΠΟΥΛΟΣ
ΒΑΣΙΛΕΙΟΣ ΒΑΣΙΛΑΚΑΚΗΣ
ΣΤΟ ΣΧΕΔΙΟ ΝΟΜΟΥ
ΙΩΑΝΝΗΣ ΑΝΘΟΠΟΥΛΟΣ
ΑΛΕΞΑΝΔΡΟΣ ΑΘΑΝΑΣΙΑΔΗΣ
ΑΡΙΣΤΕΙΔΗΣ ΤΣΙΠΛΑΚΟΣ
ΣΤΑΥΡΟΣ ΒΡΕΝΤΖΟΣ
ΔΗΜΗΤΡΙΟΣ ΚΟΣΣΥΒΑΚΗΣ
ΜΑΡΙΑ ΘΩΜΑ
MAΡΙΑ ΘΩΜΑ
ΣΩΤΗΡΙΟΣ ΧΑΤΖΗΓΑΚΗΣ
ΑΓΓΕΛΟΣ ΠΑΠΑΘΕΜΕΛΗΣ
ΜΑΡΙΕΤΤΑ ΓΙΑΝΝΑΚΟΥ ΚΟΥΤΣΙΚΟΥ
ΦΩΤΕΙΝΗ ΓΕΝΝΗΜΑΤΑ
ΑΙΚΑΤΕΡΙΝΗ ΠΑΠΑΚΩΣΤΑ ΣΙΔΗΡΟΠΟΥΛΟΥ
AΠΟΣΤΟΛΟΣ ΑΝΔΡΕΟΥΛΑΚΟΣ
ΚΑΙ ΚΩΔΙΚΟΠΟΙΗΣΗΣ ΠΡΟΣ
ΣΥΝΟΛΟ ΠΡΟΓΡΑΜΜΑΤΟΣ
ΑΘΗΝΑ ΠΡΟΣ
ΙΩΑΝΝΗΣ ΓΙΑΝΝΑΚΗΣ
AΘΑΝΑΣΙΟΣ ΜΑΤΗΣ
ΕΛIΣΑBET ΠΑΠΑΔΗΜΗΤΡΙΟΥ
ΦΑΝΗ ΠΕΤΡΑΛΙΑ ΠΑΛΛΗ
EΛΙΣΑΒΕΤ ΠΑΠΑΔΗΜΗΤΡΙΟΥ
ΣΠΥΡΟΣ ΒΟΥΓΙΑΣ
ΠΡΟΜΗΘΕΙΩΝ ΠΛΗΡΟΦΟΡΙΕΣ ΠΡΟΣ
ΟΛΥΜΠΙΑΚΗ ΑΕΡΟΠΛΟΙΑ FAX
ΑΝΤΩΝΙΟΣ ΣΚΥΛΛΑΚΟΣ
ΙΩΑΝΝΗΣ ΠΑΤΑΚΗΣ
ΜΙΧΑΗΛ ΧΑΛΚΙΔΗΣ
ΑΛΕΞΑΝΔΡΟΣ ΚΟΝΤΟΣ
ΒΑΣΩ ΠΑΠΑΝΔΡΕΟΥ
ANTΩΝΗΣ ΣΚΥΛΛΑΚΟΣ
ΑΓΓΕΛΟΣ ΤΣΕΚΗΣ
ΚΩΝΣΤΑΝΤΙΝΟΣ ΚΑΡΡΑΣ
ΕΜΜΑΜΝΟΥΗΛ ΚΕΦΑΛΟΓΙΑΝΝΗΣ
ΓΕΡΑΣΙΜΟΣ ΑΡΣΕΝΗΣ
ΑΝΑΓΙΩΤΗΣ ΛΑΦΑΖΑΝΗΣ
ΓΕΩΡΓΙΟΣ ΔΑΣΚΑΛΑKHΣ
ΣΠΥΡΟΣ ΣΤΡΙΦΤΑΡΗΣ
ΙΟΡΔΑΝΗΣ ΤΣΑΜΤΖΗΣ
ΛΕΩΝ ΛΥΚΟΥΡΕΖΟΣ
XΡΗΣΤΟΣ ΜΑΡΚΟΓΙΑΝΝΑΚΗΣ
ΓΕΩΡΓΙΟΣ ΓΑΡΥΦΑΛΛΙΑΣ
ΑΝΤΩΝHΣ ΣΚΥΛΛΑΚΟΣ
ΑΓΓΓΕΛΟΣ ΤΖΕΚΗΣ
ΑΣΗΜΙΝΑ ΞΗΡΟΤΗΡΗ ΑΙΚΑΤΕΡΙΝΑΡΗ
NIKOΛΑΟΣ ΝΙΚΟΛΟΠΟΥΛΟΣ
IΩΑΝΝΗΣ ΠΑΠΑΘΑΝΑΣΙΟΥ
ΙΩΑΝΝΗΣ ΤΖΑΜΤΖΗΣ
ΒΑΣΙΛΕΙΟΣ ΤΣΙΠΡΑΣ
ΕΚΤΩΡ ΝΑΣΙΩΚΑΣ
ΒΑΣΙΛΗΣ ΤΣΙΠΡΑΣ
ΙΩΑΝΝΗΣ ΜΑΓΡΙΩΤΗΣ
ΛΑΜΠΡΟΣ ΠΑΠΑΔΗΜΑΣ
ΔΗΜΗΤΡΙΟΣ ΛΙΝΤΖΕΡΗΣ
AΓΓΕΛΟΣ ΤΖΕΚΗΣ
ΝΙΚΟΛΑΟΣ ΧΑΤΖΗΜΙΧΑΛΗΣ
ΒΑΣΙΛΗΣ ΚΟΝΤΟΓΙΑΝΝΟΠΟΥΛΟΣ
ΔΗΜΗΤΡΙΟΣ ΤΣΙΟΓΚΑΣ
ΠΑΝΑΓΙΩΤΗΣ ΣΠΥΡΙΟΥΝΗΣ
ΚΩΝΣΤΑΝΤΙΟΣ ΜΗΤΣΟΤΑΚΗΣ
ΚΙΜΩΝΑΣ ΚΟΥΛΟΥΡΗΣ
ΝΟΣΟΚΟΜΕΙΟ ΚΑΛΑΜΑΤΑΣ
ΜΑΡΙΑ ΚΟΛΛΙΑ ΤΣΑΡΟΥΧΑ
ΓΕΩΡΓΙΟΣ ΚΩΝΣΤΑΝΤΌΠΟΥΛΟΣ
NIKHTAΣ ΚΑΚΛΑΜΑΝΗΣ
ΕΥΑΓΓΓΕΛΟΣ ΜΠΑΣΙΑΚΟΣ
ΔΗΛΙΖΩ ΤΜΗΜΑ
ΠΡΟΪΟΝΤΩΝ ΠΡΟΣ
ΥΠΗΡΕΣΙΑΚΟ ΣΗΜΕΙΩΜΑ ΘΕΜΑ
ΧΡΗΣΤΟΣ ΠΑΠΟΥΤΣΗΣ
ΑΡΙΣΤΟΣΤΕΛΗΣ ΠΑΥΛΙΔΗΣ
ΛΙΑΝΑ ΚΑΝΕΛΗ
ΛΩΡΟΣ ΚΩΝΣΤΑΝΤΙΝΟΥ
ΣΩΤΗΡHΣ ΧΑΤΖΗΓΑΚΗΣ
ΛΕΥΤΕΡΗΣ ΠΑΓΕΩΡΓΟΠΟΥΛΟΣ
ΔΗΜΗΤΡΗΣ ΚΡΕΜΑΣΤΙΝΟΣ
ΔΗΜΗΤΡΙΟΣ ΚΡΕΜΑΣΤΙΝΟΣ
ΓΕΩΡΓΙΟΣ ΔΕΙΚΤΆΚΗΣ
ΕΥΓΕΝΙΟΣ ΧΑΪΔΗΣ
ΒΑΣΙΚΗΣ ΚΕΔΙΚΟΓΛΟΥ
ΑΧΙΛΛΕΑΣ ΚΑΡΑΜΑΝΛΗΣ
ΟΛΟΙ ΟΙ ΒΟΥΛΕΥΤΈΣ
PD ΟΡΕΣΤΗΣ ΚΟΛΟΖΩΦ
ΙΩΑΝΝΝΗΣ ΓΙΑΝΝΑΚΟΠΟΥΛΟΣ
ΕΛΙΣΑΒΕΤ ΠΑΠΑΖΩΗ
ΝΙΚΟΛΑΟΣ ΦΑΡΜΑΚΗΣ
ΠΑΝΑΓΙΩΤΗΣ ΚΟΥΡΟΥMΠΛΗΣ
HDFS ΑΠΟΣΤΟΛΟΣ ΑΝΔΡΕΟΥΛΑΚΟΣ
ΟΟΣΑ ΠΡΟΚΟΠΗΣ ΠΑΥΛΟΠΟΥΛΟΣ
ΣΤΑΥΡΟΣ ΔΑΪΛΑΚΗΣ
ΑΝΑΣΤΑΣΗΣ ΠΑΠΑΠΑΛΗΓΟΥΡΑΣ
ΠΕΤΡΟΣ ΜΑΝΤΟΥΒΑΛΟΣ
ΑΝΑΣΤΙΑΣΙΟΣ ΛΙΑΣΚΟΣ
ΑΣΗΜΙΝΑ ΑΙΚΑΤΕΡΙΝΑΡΗ ΞΗΡΟΤΥΡΗ
ΜΙΛΤΙΑΔΗΣ ΠΑΠΑΙΩΑΝΝΟΥ
ANΔΡΕΑΣ ΛΟΒΕΡΔΟΣ
MIΛΤΙΑΔΗΣ ΠΑΠΑΙΩΑΝΝΟΥ
ΠΑΝΑΓΙΩΤΗΣ ΦΑΣΟΥΛΑΣ
ΡΟΒΕΡΤΟΣ ΣΠΥΡΟΥΠΟΥΛΟΣ
ΑΝΤΩΝΗΣ ΣΚΥΛΑΚΟΣ
ΕΛΕΥΘΕΡΙΟΣ ΒΕΝΙΖΕΛΟΣ
ΚΑΡΟΛΟΣ ΠΑΠΟΥΛΙΑΣ
ΦΟΙΒΟΣ ΙΩΑΝΝΙΔΗΣΣ
ΦΟΒΙΟΣ ΙΩΑΝΝΙΔΗΣ
ΚΩΝΣΤΑΝΤΙΝΟΣ ΤΣΙΠΛΆΚΗΣ
ΚΑΙ ΠΕΙΡΑΙΑ ΚΟΙΝ
ΚΩΣΝΑΝΤΙΝΟΣ ΜΗΤΣΟΤΑΚΗΣ
ΕΛΕΓΧΟΥ FAX
ΑΝΑΣΤΑΣΙΟΣ ΣΠΗΛΙΩΤΟΠΟΥΛΟΣ
ΕΛΕΥΘΕΡΙΟΣ ΤΣΙΟΛΑΣ
ΑΙΚΑΤΕΡΙΝΗ ΞΗΡΟΤΥΡΗ ΑΙΚΑΤΕΡΙΝΑΡΗ
ΑΛΕΞΑΔΡΟΣ ΑΚΡΙΒΑΚΗΣ
ΚΩΝΣΤΑΝΤΙΝΟΣ ΦΛΩΡΟΣ
ΕΛΕΝΗ ΚΟΥΡΚΟΥΛΑ
ΜΑΡΙΕΤΤΑ ΓΙΑΝΑΚΟΥ ΚΟΥΤΣΙΚΟΥ
ΑΠΟΣΤΟΛΟΣ AΝΔΡΕΟΥΛΑΚΟΣ
ΚΑΙ ΕΙΔΙΚΟ
ΒYΡΩΝ ΠΟΛΥΔΩΡΑΣ
ΠΑΡΕΘΝΑ ΦΟΥΝΤΟΥΚΙΔΟΥ
ΜΑΝΩΛΗΣ ΛΟΥΚΑΚΗΣ
ΟΛΟΙ OI BOYΛΕΥΤΕΣ
ΚΩΝΣΤΑΝΙΝΟΣ ΜΗΤΣΟΤΑΚΗΣ
NIKOΛΑΟΣ ΚΑΤΣΑΡΟΣ
ΠΑΡΘΕΝΑ ΦΟΥΝΤΟΥΝΙΔΟΥ
ΣΠΗΛΙΟ ΣΠΗΛΙΩΤΟΠΟΥΛΟΣ
AΝΔΡΕΑΣ ΛΟΒΕΡΔΟΣ
EYTYXIOΣ ΚΟΝΤΟΜΑΡΗΣ
ΕΜΜΑΜΝΟΥΗΛ ΣΤΡΑΤΑΚΗΣ
ΕΠΙΚΥΡΩΣΗ ΠΡΑΚΤΙΚΩΝ
ΣΠΥΡΙΔΩΝ ΣΤΡΙΦΤΡΑΡΗΣ
ΔΗΜΗΤΡΙΟΣ Ν ΚΩΣΤΟΠΟΥΛΟΣ
ΚΩΝΣΤΑΝΤΙΝΟΣ ΤΣΙΠΛΑΚΟΣ
ΣΠΥΡIΔΩΝ ΣΤΡΙΦΤΑΡΗΣ
ΚΩΝΣΤΑΝΤΙΝΟΣ ΣΠΗΛΙΩΤΟΠΟΥΛΟΣ
NΙΚΟΛΑΟΣ ΚΑΤΣΑΡΟΣ
ΧΡΗΣΤΟΣ ΜΑΡΚΟΓΙΑΝΝAKΗΣ
ΝΑΣΤΑΣΙΟΣ ΝΕΡΑΝΤΖΗΣ
ΜΙΧΑΗΛ ΣΤΑΘΟΠΟΥΛΟΣ
ΓΕΩΡΓΙΟΣ ΨAΧΑΡΟΠΟΥΛΟΣ
MEΡΙΚΟΙ ΒΟΥΛΕΥΤΕΣ
NIKOΛΑΟΣ ΦΛΩΡΟΣ
ΛΕΩΝΙΔΑΣ ΓΡΗΡΟΡΑΚΟΣ
ΠΟΛΛΟΙ ΒΟΥΛΕΥΤΈΣ
ΠΑΝΑΓΙΏΤΗΣ ΛΑΦΑΖΑΝΗΣ
AΘΑΝΑΣΙΟΣ ΔΑΒΑΚΗΣ
ΧΡΗΣΤΟΣ ΒΟΣΝΑΚΗΣ
ΠΙΝΑΚΑΣ ΣΥΝΗΜΜΕΝΩΝ
ΑΝΔΡΕΟΥΛΑΚΟΣ ΑΠΟΣΤΟΛΟΣ
ΠΑΡΘΕΝΑ ΦΟΥΝΤΟΥΔΙΚΟΥ
ΕΥΑΓΓΕΛΟΣ ΜΠΑΣΙΚΟΣ
ΝΙΚΟΛΑΛΟΣ ΓΚΑΤΖΗΣ
ΜΑΝΟΛΗΣ ΛΟΥΚΑΚΗΣ
ΒΑΣΙΛΗΣ ΚΟΡΚΟΛΟΠΟΥΛΟΣ
ΓΕΝΙΚΟ ΣΥΝΟΛΟ
ΙΑΩΝΝΗΣ ΜΑΓΚΡΙΩΤΗΣ
ΑΝΑΣΤΑΣΗΣ ΛΙΑΣΚΟΣ
ΓΕΩΡΓΙΟΣ ΚΩΣΤΑΝΤΟΠΟΥΛΟΣ
ΕΚΘΕΣΗ ΕΛΕΓΧΟΥ ΘΕΜΑ
ΚΙΡΚΟΣ ΓΕΩΡΓΙΟΣ
ΑΝΑΣΤΑΙΟΣ ΝΕΡΑΝΤΖΗΣ
ΝΙΚΟΛΑΟΣ ΣΤΡΑΤΗΛΑΤΗΣ
ΕΥΤΥΧHΣ ΚΟΝΤΟΜΑΡΗΣ
ΝΙΚΟΛΑΟΣ ΑΚΡΙΒΑΚΗΣ
ΒΑΣΛΗΣ ΚΟΝΤΟΓΙΑΝΝΟΠΟΥΛΟΣ
ΜΙΧΑΛHΣ ΧΑΛΚΙΔΗΣ
ΚΩΣΤΑΝΤΙΝΟΣ ΜΗΤΣΟΤΑΚΗΣ
ΕΜΑΝΟΥΗΛ ΚΕΦΑΛΟΓΙΑΝΝΗΣ
ΚΑΠΟΙΟΣ ΒΟΥΛΕΥΤΗΣ
ΦΩΤΗΣ ΚΟΥΒΕΛΗΣΑ
ΧΑΡΗΣ ΚΑΣΤΑΝΙΔΗΣ
NIKOΛΑΟΣ ΓΚΕΣΟΥΛΗΣ
ΠΑΝΑΓΙΩΤΗΣ ΨΑΧΑΡΟΠΟΥΛΟΣ
ΒΑΣΙΛΕΙΟΣ ΤΡΙΠΡΑΣ
ΣΠΥΡIΔΩΝ ΣΠΥΡΟΥ
ΒΑΣΙΛΗΣ ΚΕΔΙΚΟΥΓΛΟΥ
ANAΣΤΑΣΙΟΣ ΝΕΡΑΝΤΖΗΣ
ΠΑΝΑΓΙΩΤΗΣ ΑΔΡΑΧΤΑΣ
ΙΩΑΝΝΗΣ ΚΑΛΟΓΙΑΝΝΗΣ
ΧΡΙΣΤΙΝΑ ΣΠΥΡΑΚΗ
ΣΠΗΛΙΟΣ ΣΠΗΛΙΟΤΩΠΟΥΛΟΣ
ΕΞΠΡΕΣ ΣΑΜΙΝΑ
ΣΑΛΑΓΚΟΥΔΗΣ ΓΕΩΡΓΙΟΣ
ΦΡΑΓΚΛΙΝΟΣ ΠΑΠΑΔΕΛΗΣ
ΑΘΑΝΑΣΙΟΣ ΤΣΑΛΔΑΡΗΣ
ΑΠΟ ΤΗΝ ΑΝΤΙΠΟΛΙΤΕΥΣΗ