 ΑΓΝΗ ΚΑΛΟΓΕΡΗ
 ΑΘΑΝΑΣΙΟΣ ΑΘΑΝΑΣΙΟΥ
 ΑΘΑΝΑΣΙΟΣ ΓΕΡΜΑΝΙΔΗΣ
 ΑΘΑΝΑΣΙΟΣ ΔΑΒΑΚΗΣ
 ΑΘΑΝΑΣΙΟΣ ΜΠΟΥΡΑΣ
 ΑΘΑΝΑΣΙΟΣ ΜΩΡΑΙΤΗΣ
 ΑΘΑΝΑΣΙΟΣ ΝΤΑΒΛΟΥΡΟΣ
 ΑΘΑΝΑΣΙΟΣ ΠΑΦΙΛΗΣ
 ΑΘΑΝΑΣΙΟΣ ΠΕΤΡΑΚΟΣ
 ΑΙΚΑΤΕΡΙΝΗ ΙΓΓΛΕΖΗ
 ΑΙΚΑΤΕΡΙΝΗ ΜΑΡΚΟΥ
 ΑΙΚΑΤΕΡΙΝΗ ΠΑΠΑΚΩΣΤΑ-ΣΙΔΗΡΟΠΟΥΛΟΥ
 ΑΙΧΑΝ ΚΑΡΑ ΓΙΟΥΣΟΥΦ
 ΑΛΕΞΑΝΔΡΑ ΠΑΠΑΡΗΓΑ
 ΑΛΕΞΑΝΔΡΟΣ ΔΕΡΜΕΝΤΖΟΠΟΥΛΟΣ
 ΑΛΕΞΑΝΔΡΟΣ ΚΟΝΤΟΣ
 ΑΛΈΞΑΝΔΡΟΣ ΜΕΪΚΌΠΟΥΛΟΣ
 ΑΛΕΞΙΟΣ ΜΗΤΡΟΠΟΥΛΟΣ
 ΑΛΕΞΙΟΣ ΤΣΙΠΡΑΣ
 ΑΝΑΣΤΑΣΙΟΣ ΚΟΥΡΑΚΗΣ
 ΑΝΑΣΤΑΣΙΟΣ ΝΕΡΆΝΤΖΗΣ
 ΑΝΔΡΕΑΣ ΚΟΥΤΣΟΥΜΠΑΣ
 ΑΝΔΡΕΑΣ ΛΟΒΕΡΔΟΣ
 ΑΝΔΡΕΑΣ ΛΥΚΟΥΡΕΝΤΖΟΣ
 ΑΝΔΡΕΑΣ ΜΑΡΙΝΟΣ
 ΑΝΔΡΕΑΣ ΞΑΝΘΟΣ
 ΆΝΝΑ ΚΑΡΑΜΑΝΛΉ
 ΑΝΝΑ ΜΑΝΗ-ΠΑΠΑΔΗΜΗΤΡΙΟΥ
 ΑΝΝΑ-ΜΙΣΕΛ ΑΣΗΜΑΚΟΠΟΥΛΟΥ
 ΑΝΤΖΕΛΑ ΓΚΕΡΕΚΟΥ
 ΑΝΤΩΝΙΟΣ ΓΡΕΓΟΣ
 ΑΝΤΩΝΙΟΣ ΜΠΕΖΑΣ
 ΑΝΤΩΝΙΟΣ ΣΑΜΑΡΑΣ
 ΑΠΟΣΤΟΛΟΣ ΑΛΕΞΟΠΟΥΛΟΣ
 ΑΠΟΣΤΟΛΟΣ ΒΕΣΥΡΟΠΟΥΛΟΣ
 ΑΠΟΣΤΟΛΟΣ ΚΑΚΛΑΜΑΝΗΣ
 ΑΡΓΥΡΗΣ ΝΤΙΝΟΠΟΥΛΟΣ
 ΑΡΙΣΤΟΒΟΥΛΟΣ ΣΠΗΛΙΩΤΟΠΟΥΛΟΣ
 ΑΣΗΜΙΝΑ ΞΗΡΟΤΥΡΗ-ΑΙΚΑΤΕΡΙΝΑΡΗ
 ΑΣΗΜΙΝΑ ΣΚΟΝΔΡΑ
 ΑΣΠΑΣΙΑ ΜΑΝΔΡΕΚΑ
 ΑΦΡΟΔΙΤΗ ΘΕΟΠΕΦΤΑΤΟΥ
 ΑΦΡΟΔΙΤΗ ΣΤΑΜΠΟΥΛΗ
 ΑΧΜΕΤ ΧΑΤΖΗ ΟΣΜΑΝ
 ΒΑΣΙΛΕΙΟΣ ΚΑΠΕΡΝΑΡΟΣ
 ΒΑΣΙΛΕΙΟΣ ΚΕΓΚΕΡΟΓΛΟΥ
 ΒΑΣΙΛΕΙΟΣ ΚΙΚΙΛΙΑΣ
 ΒΑΣΙΛΕΙΟΣ ΚΥΡΙΑΚΑΚΗΣ
 ΒΑΣΙΛΕΙΟΣ ΟΙΚΟΝΟΜΟΥ
 ΒΑΣΙΛΕΙΟΣ ΧΑΤΖΗΛΑΜΠΡΟΥ
 ΒΑΣΙΛΕΙΟΣ-ΝΙΚΟΛΑΟΣ ΥΨΗΛΑΝΤΗΣ
 ΒΑΣΙΛΙΚΗ ΚΑΤΡΙΒΑΝΟΥ
 ΒΥΡΩΝ ΠΟΛΥΔΩΡΑΣ
 ΓΑΒΡΙΗΛ ΑΒΡΑΜΙΔΗΣ
 ΓΑΡΥΦΑΛΛΙΑ ΚΑΝΕΛΛΗ
 ΓΕΡΑΣΙΜΟΣ ΓΙΑΚΟΥΜΑΤΟΣ
 ΓΕΩΡΓΙΑ ΜΑΡΤΙΝΟΥ
 ΓΕΩΡΓΊΑ ΜΠΑΤΣΑΡΑ
 ΓΕΩΡΓΙΟΣ ΒΑΡΕΜΕΝΟΣ
 ΓΕΩΡΓΙΟΣ ΒΛΑΧΟΣ
 ΓΕΩΡΓΙΟΣ ΓΕΡΜΕΝΗΣ
 ΓΕΩΡΓΙΟΣ ΓΕΩΡΓΑΝΤΑΣ
 ΓΕΩΡΓΙΟΣ ΚΑΛΑΝΤΖΗΣ
 ΓΕΩΡΓΙΟΣ ΚΑΡΑΣΜΑΝΗΣ
 ΓΕΩΡΓΙΟΣ ΚΑΣΑΠΙΔΗΣ
 ΓΕΩΡΓΙΟΣ ΚΟΝΤΟΓΙΑΝΝΗΣ
 ΓΕΩΡΓΙΟΣ ΚΥΡΙΤΣΗΣ
 ΓΕΩΡΓΙΟΣ ΚΩΝΣΤΑΝΤΟΠΟΥΛΟΣ
 ΓΕΩΡΓΙΟΣ ΛΑΜΠΡΟΥΛΗΣ
 ΓΕΩΡΓΙΟΣ ΝΤΑΒΡΗΣ
 ΓΕΩΡΓΙΟΣ ΟΡΦΑΝΟΣ
 ΓΕΩΡΓΙΟΣ ΠΑΠΑΝΔΡΕΟΥ
 ΓΕΩΡΓΙΟΣ ΣΤΑΘΑΚΗΣ
 ΓΕΩΡΓΙΟΣ ΣΤΥΛΙΟΣ
 ΓΙΑΝΝΗΣ ΔΡΑΓΑΣΑΚΗΣ
 ΓΙΑΝΝΗΣ ΔΡΙΒΕΛΕΓΚΑΣ
 ΓΙΑΝΝΗΣ ΚΟΥΤΣΟΥΚΟΣ
 ΓΙΩΡΓΟΣ ΝΤΟΛΙΟΣ
 ΓΙΩΡΓΟΣ ΠΑΝΤΖΑΣ
 ΓΡΗΓΟΡΙΟΣ ΨΑΡΙΑΝΟΣ
 ΔΕΣΠΟΙΝΑ ΧΑΡΑΛΑΜΠΙΔΟΥ
 ΔΗΜΗΤΡΗΣ ΓΑΚΗΣ
 ΔΗΜΗΤΡΗΣ ΓΕΛΑΛΗΣ
 ΔΗΜΗΤΡΙΟΣ ΑΒΡΑΜΟΠΟΥΛΟΣ
 ΔΗΜΗΤΡΙΟΣ ΑΝΑΓΝΩΣΤΑΚΗΣ
 ΔΗΜΗΤΡΙΟΣ ΑΝΔΡΟΥΛΑΚΗΣ
 ΔΗΜΗΤΡΙΟΣ ΚΟΔΕΛΑΣ
 ΔΗΜΗΤΡΙΟΣ ΚΟΥΚΟΥΤΣΗΣ
 ΔΗΜΗΤΡΙΟΣ ΚΡΕΜΑΣΤΙΝΟΣ
 ΔΗΜΗΤΡΙΟΣ ΚΥΡΙΑΖΙΔΗΣ
 ΔΗΜΗΤΡΙΟΣ ΠΑΠΑΔΗΜΟΥΛΗΣ
 ΔΗΜΗΤΡΙΟΣ ΣΑΛΤΟΥΡΟΣ
 ΔΗΜΗΤΡΙΟΣ ΣΑΜΠΑΖΙΩΤΗΣ
 ΔΗΜΗΤΡΙΟΣ ΣΤΡΑΤΟΥΛΗΣ
 ΔΗΜΗΤΡΙΟΣ ΤΣΟΥΚΑΛΑΣ
 ΔΗΜΗΤΡΙΟΣ ΤΣΟΥΜΑΝΗΣ
 ΔΗΜΗΤΡΙΟΣ ΧΡΙΣΤΟΓΙΑΝΝΗΣ
 ΔΙΑΜΑΝΤΩ ΜΑΝΩΛΑΚΟΥ
 ΔΙΟΝΥΣΙΑ-ΘΕΟΔΩΡΑ ΑΥΓΕΡΙΝΟΠΟΥΛΟΥ
 ΔΙΟΝΥΣΙΟΣ ΣΤΑΜΕΝΙΤΗΣ
 ΕΙΡΗΝΗ-ΕΛΕΝΗ ΑΓΑΘΟΠΟΥΛΟΥ
 ΕΛΕΝΑ ΚΟΥΝΤΟΥΡΑ
 ΕΛΕΝΗ ΓΕΡΑΣΙΜΙΔΟΥ
 ΕΛΕΝΗ ΖΑΡΟΥΛΙΑ
 ΕΛΈΝΗ ΜΑΚΡΗ-ΘΕΟΔΩΡΟΥ
 ΕΛΕΝΗ ΡΑΠΤΗ
 ΕΛΕΥΘΕΡΙΟΣ ΑΥΓΕΝΑΚΗΣ
 ΕΜΜΑΝΟΥΗΛ ΓΛΕΖΟΣ
 ΕΜΜΑΝΟΥΗΛ ΚΕΦΑΛΟΓΙΑΝΝΗΣ
 ΕΜΜΑΝΟΥΗΛ ΚΟΝΣΟΛΑΣ
 ΕΠΑΜΕΙΝΩΝΔΑΣ ΜΑΡΙΑΣ
 ΕΥΑΓΓΕΛΙΑ ΑΜΜΑΝΑΤΙΔΟΥ-ΠΑΣΧΑΛΙΔΟΥ
 ΕΥΑΓΓΕΛΟΣ ΑΠΟΣΤΟΛΟΥ
 ΕΥΑΓΓΕΛΟΣ ΒΕΝΙΖΕΛΟΣ
 ΕΥΑΓΓΕΛΟΣ ΔΙΑΜΑΝΤΟΠΟΥΛΟΣ
 ΕΥΑΓΓΕΛΟΣ ΜΠΑΣΙΑΚΟΣ
 ΕΥΑΓΓΕΛΟΣ-ΒΑΣΙΛΕΙΟΣ ΜΕΙΜΑΡΑΚΗΣ
 ΕΥΓΕΝΙΑ ΒΑΜΒΑΚΑ
 ΕΥΓΕΝΙΑ ΟΥΖΟΥΝΙΔΟΥ
 ΕΥΘΥΜΙΟΣ ΚΑΡΑΝΑΣΙΟΣ
 ΕΥΚΛΕΙΔΗΣ ΤΣΑΚΑΛΩΤΟΣ
 ΕΥΡΙΠΙΔΗΣ ΣΤΥΛΙΑΝΙΔΗΣ
 ΕΥΣΤΑΘΙΑ ΓΕΩΡΓΟΠΟΥΛΟΥ-ΣΑΛΤΑΡΗ
 ΕΥΣΤΑΘΙΟΣ ΚΩΝΣΤΑΝΤΙΝΙΔΗΣ
 ΕΥΣΤΑΘΙΟΣ ΜΠΟΥΚΟΥΡΑΣ
 ΖΩΗ ΚΩΝΣΤΑΝΤΟΠΟΥΛΟΥ
 ΗΛΙΑΣ ΒΛΑΧΟΓΙΑΝΝΗΣ
 ΗΛΙΑΣ ΚΑΣΙΔΙΑΡΗΣ
 ΗΛΙΑΣ ΠΑΝΑΓΙΩΤΑΡΟΣ
 ΗΡΩ ΔΙΩΤΗ
 ΘΕΑΝΩ ΦΩΤΙΟΥ
 ΘΕΟΔΟΣΙΟΣ ΚΩΝΣΤΑΝΤΙΝΙΔΗΣ
 ΘΕΟΔΩΡΑ ΜΠΑΚΟΓΙΑΝΝΗ
 ΘΕΟΔΩΡΑ ΤΖΑΚΡΗ
 ΘΕΟΔΩΡΟΣ ΔΡΙΤΣΑΣ
 ΘΕΟΔΩΡΟΣ ΚΑΡΑΟΓΛΟΥ
 ΘΕΟΔΩΡΟΣ ΠΑΡΑΣΤΑΤΙΔΗΣ
 ΘΕΟΔΩΡΟΣ ΣΟΛΔΑΤΟΣ
 ΘΕΟΦΙΛΟΣ ΛΕΟΝΤΑΡΙΔΗΣ
 ΘΩΜΑΣ ΨΥΡΡΑΣ
 ΙΟΡΔΑΝΗΣ ΤΖΑΜΤΖΗΣ
 ΙΩΑΝΝΑ ΓΑΙΤΑΝΗ
 ΙΩΑΝΝΗΣ ΑΜΑΝΑΤΙΔΗΣ
 ΙΩΑΝΝΗΣ ΑΝΔΡΙΑΝΟΣ
 ΙΩΑΝΝΗΣ ΒΡΟΥΤΣΗΣ
 ΙΩΑΝΝΗΣ ΓΚΙΟΚΑΣ
 ΙΩΑΝΝΗΣ ΔΗΜΑΡΑΣ
 ΙΩΑΝΝΗΣ ΖΕΡΔΕΛΗΣ
 ΙΩΑΝΝΗΣ ΙΩΑΝΝΙΔΗΣ
 ΙΩΑΝΝΗΣ ΚΑΡΑΜΠΕΛΑΣ
 ΙΩΑΝΝΗΣ ΚΕΦΑΛΟΓΙΑΝΝΗΣ
 ΙΩΑΝΝΗΣ ΚΟΥΡΑΚΟΣ
 ΙΩΑΝΝΗΣ ΛΑΓΟΣ
 ΙΩΑΝΝΗΣ ΛΑΜΠΡΟΠΟΥΛΟΣ
 ΙΩΑΝΝΗΣ ΜΑΝΙΑΤΗΣ
 ΙΩΑΝΝΗΣ ΜΙΧΕΛΑΚΗΣ
 ΙΩΑΝΝΗΣ ΜΙΧΕΛΟΓΙΑΝΝΑΚΗΣ
 ΙΩΑΝΝΗΣ ΠΑΝΟΥΣΗΣ
 ΙΩΑΝΝΗΣ ΠΑΣΧΑΛΙΔΗΣ
 ΙΩΑΝΝΗΣ ΠΛΑΚΙΩΤΑΚΗΣ
 ΙΩΑΝΝΗΣ ΣΤΑΘΑΣ
 ΙΩΑΝΝΗΣ ΤΡΑΓΑΚΗΣ
 ΚΥΡΙΑΚΟΣ ΒΙΡΒΙΔΑΚΗΣ
 ΚΥΡΙΑΚΟΣ ΓΕΡΟΝΤΟΠΟΥΛΟΣ
 ΚΥΡΙΑΚΟΣ ΜΗΤΣΟΤΑΚΗΣ
 ΚΩΝΣΤΑΝΤΙΝΟΣ ΑΡΒΑΝΙΤΟΠΟΥΛΟΣ
 ΚΩΝΣΤΑΝΤΙΝΟΣ ΓΙΟΒΑΝΟΠΟΥΛΟΣ
 ΚΩΝΣΤΑΝΤΙΝΟΣ ΓΚΙΟΥΛΕΚΑΣ
 ΚΩΝΣΤΑΝΤΙΝΟΣ ΔΕΡΜΙΤΖΑΚΗΣ
 ΚΩΝΣΤΑΝΤΙΝΟΣ ΖΑΧΑΡΙΑΣ
 ΚΩΝΣΤΑΝΤΙΝΟΣ ΚΑΡΑΓΚΟΥΝΗΣ
 ΚΩΝΣΤΑΝΤΙΝΟΣ ΚΑΡΑΜΑΝΛΗΣ
 ΚΩΝΣΤΑΝΤΙΝΟΣ ΚΑΤΣΑΦΑΔΟΣ
 ΚΩΝΣΤΑΝΤΙΝΟΣ ΚΛΕΙΤΣΙΏΤΗΣ
 ΚΩΝΣΤΑΝΤΙΝΟΣ ΚΟΛΛΙΑΣ
 ΚΩΝΣΤΑΝΤΙΝΟΣ ΚΟΝΤΟΓΕΩΡΓΟΣ
 ΚΩΝΣΤΑΝΤΙΝΟΣ ΚΟΥΚΟΔΗΜΟΣ
 ΚΩΝΣΤΑΝΤΙΝΟΣ ΜΑΡΚΟΠΟΥΛΟΣ
 ΚΩΝΣΤΑΝΤΙΝΟΣ ΜΠΑΡΜΠΑΡΟΥΣΗΣ
 ΚΩΝΣΤΑΝΤΙΝΟΣ ΣΚΑΝΔΑΛΙΔΗΣ
 ΚΩΝΣΤΑΝΤΙΝΟΣ ΣΚΡΕΚΑΣ
 ΚΩΝΣΤΑΝΤΙΝΟΣ ΤΑΣΟΥΛΑΣ
 ΚΩΝΣΤΑΝΤΙΝΟΣ ΤΖΑΒΑΡΑΣ
 ΚΩΝΣΤΑΝΤΙΝΟΣ ΤΡΙΑΝΤΑΦΥΛΛΟΣ
 ΚΩΝΣΤΑΝΤΙΝΟΣ ΤΣΙΑΡΑΣ
 ΚΩΝΣΤΑΝΤΙΝΟΣ ΧΑΤΖΗΔΑΚΗΣ
 ΚΩΣΤΑΣ ΚΟΥΤΣΟΓΙΑΝΝΑΚΟΠΟΥΛΟΣ
 ΚΩΣΤΑΣ ΜΠΑΡΚΑΣ
 ΛΑΖΑΡΟΣ ΤΣΑΒΔΑΡΊΔΗΣ
 ΛΕΩΝΙΔΑΣ ΓΡΗΓΟΡΑΚΟΣ
 ΜΑΝΟΥΣΟΣ-ΚΩΝΣΤΑΝΤΙΝΟΣ ΒΟΛΟΥΔΑΚΗΣ
 ΜΑΞΙΜΟΣ ΣΕΝΕΤΑΚΗΣ
 ΜΑΞΙΜΟΣ ΧΑΡΑΚΟΠΟΥΛΟΣ
 ΜΑΡΙΑ ΑΝΤΩΝΙΟΥ
 ΜΑΡΙΑ ΓΙΑΝΝΑΚΑΚΗ
 ΜΑΡΙΑ ΔΙΑΚΑΚΗ
 ΜΑΡΙΑ ΚΑΝΕΛΛΟΠΟΥΛΟΥ
 ΜΑΡΙΑ ΚΟΛΛΙΑ-ΤΣΑΡΟΥΧΑ
 ΜΑΡΙΑ ΜΠΟΛΑΡΗ
 ΜΑΡΙΑ ΡΕΠΟΥΣΗ
 ΜΑΡΙΑ ΤΡΙΑΝΤΑΦΥΛΛΟΥ
 ΜΑΡΙΝΑ ΧΡΥΣΟΒΕΛΩΝΗ
 ΜΑΡΙΝΟΣ ΟΥΖΟΥΝΙΔΗΣ
 ΜΑΡΙΟΣ ΣΑΛΜΑΣ
 ΜΑΡΚΟΣ ΜΠΟΛΑΡΗΣ
 ΜΑΥΡΟΥΔΗΣ ΒΟΡΙΔΗΣ
 ΜΕΝΕΛΑΟΣ ΒΛΑΧΒΕΗΣ
 ΜΙΛΤΙΑΔΗΣ ΒΑΡΒΙΤΣΙΩΤΗΣ
 ΜΙΧΑΗΛ ΑΡΒΑΝΙΤΗΣ-ΑΒΡΑΜΗΣ
 ΜΙΧΑΗΛ ΚΑΣΣΗΣ
 ΜΙΧΑΗΛ ΚΡΙΤΣΩΤΑΚΗΣ
 ΜΙΧΑΗΛ ΠΑΠΑΔΟΠΟΥΛΟΣ
 ΜΙΧΑΗΛ ΤΑΜΗΛΟΣ
 ΜΙΧΑΗΛ ΧΡΥΣΟΧΟΙΔΗΣ
 ΝΙΚΗ ΦΟΥΝΤΑ
 ΝΙΚΗΤΑΣ ΚΑΚΛΑΜΑΝΗΣ
 ΝΙΚΟΛΑΟΣ ΒΟΥΤΣΗΣ
 ΝΙΚΟΛΑΟΣ ΚΑΡΑΘΑΝΑΣΟΠΟΥΛΟΣ
 ΝΙΚΟΛΑΟΣ ΚΟΥΖΗΛΟΣ
 ΝΙΚΟΛΑΟΣ ΜΙΧΑΛΑΚΗΣ
 ΝΙΚΟΛΑΟΣ ΜΙΧΑΛΟΛΙΑΚΟΣ
 ΝΙΚΟΛΑΟΣ ΜΙΧΟΣ
 ΝΙΚΟΛΑΟΣ ΜΩΡΑΙΤΗΣ
 ΝΙΚΟΛΑΟΣ ΠΑΝΑΓΙΩΤΟΠΟΥΛΟΣ
 ΝΙΚΟΛΑΟΣ ΣΗΦΟΥΝΑΚΗΣ
 ΝΙΚΟΛΑΟΣ ΣΥΡΜΑΛΕΝΙΟΣ
 ΝΙΚΟΛΑΟΣ ΤΑΓΑΡΑΣ
 ΝΙΚΟΛΑΟΣ ΤΣΟΥΚΑΛΗΣ
 ΝΙΚΟΛΑΟΣ-ΓΕΩΡΓΙΟΣ ΔΕΝΔΙΑΣ
 ΝΙΚΟΣ ΝΙΚΟΛΟΠΟΥΛΟΣ
 ΟΔΥΣΣΕΑΣ ΚΩΝΣΤΑΝΤΙΝΟΠΟΥΛΟΣ
 ΟΔΥΣΣΕΥΣ-ΝΙΚΟΣ ΒΟΥΔΟΥΡΗΣ
 ΟΛΓΑ ΓΕΡΟΒΑΣΙΛΗ
 ΟΛΓΑ ΚΕΦΑΛΟΓΙΑΝΝΗ
 ΟΛΓΑ-ΝΑΝΤΙΑ ΒΑΛΑΒΑΝΗ
 ΠΑΝΑΓΙΩΤΑ ΔΡΙΤΣΕΛΗ
 ΠΑΝΑΓΙΩΤΗΣ ΗΛΙΟΠΟΥΛΟΣ
 ΠΑΝΑΓΙΩΤΗΣ ΚΑΜΜΕΝΟΣ
 ΠΑΝΑΓΙΩΤΗΣ ΚΟΥΡΟΥΜΠΛΗΣ
 ΠΑΝΑΓΙΩΤΗΣ ΛΑΦΑΖΑΝΗΣ
 ΠΑΝΑΓΙΩΤΗΣ ΜΕΛΑΣ
 ΠΑΝΑΓΙΩΤΗΣ ΜΗΤΑΡΑΚΗΣ
 ΠΑΝΑΓΙΩΤΗΣ ΠΑΝΑΓΙΩΤΟΠΟΥΛΟΣ
 ΠΑΝΑΓΙΩΤΗΣ ΡΗΓΑΣ
 ΠΑΡΑΣΚΕΥΑΣ ΚΟΥΚΟΥΛΟΠΟΥΛΟΣ
 ΠΑΡΑΣΚΕΥΗ ΧΡΙΣΤΟΦΙΛΟΠΟΥΛΟΥ
 ΠΑΡΙΣΗΣ ΜΟΥΤΣΙΝΑΣ
 ΠΑΥΛΟΣ ΒΟΓΙΑΤΖΗΣ
 ΠΑΥΛΟΣ ΧΑΙΚΑΛΗΣ
 ΠΕΤΡΟΣ-ΓΕΩΡΓΙΟΣ ΤΑΤΣΟΠΟΥΛΟΣ
 ΠΟΛΥΒΙΟΣ ΖΗΣΙΜΟΠΟΥΛΟΣ
 ΠΡΟΚΟΠΙΟΣ ΠΑΥΛΟΠΟΥΛΟΣ
 ΠΥΡΡΟΣ ΔΗΜΑΣ
 ΡΑΧΗΛ ΜΑΚΡΗ
 ΣΑΒΒΑΣ ΑΝΑΣΤΑΣΙΑΔΗΣ
 ΣΊΜΟΣ ΚΕΔΙΚΟΓΛΟΥ
 ΣΟΦΙΑ ΒΟΥΛΤΕΨΗ
 ΣΟΦΙΑ ΣΑΚΟΡΑΦΑ
 ΣΠΥΡΙΔΩΝ ΛΥΚΟΥΔΗΣ
 ΣΠΥΡΙΔΩΝ ΤΑΛΙΑΔΟΥΡΟΣ
 ΣΠΥΡΙΔΩΝ ΧΑΛΒΑΤΖΗΣ
 ΣΠΥΡΙΔΩΝ-ΑΔΩΝΙΣ ΓΕΩΡΓΙΑΔΗΣ
 ΣΤΑΘΗΣ ΠΑΝΑΓΟΥΛΗΣ
 ΣΤΑΥΡΟΣ ΚΑΛΑΦΑΤΗΣ
 ΣΤΑΥΡΟΣ ΚΑΛΟΓΙΑΝΝΗΣ
 ΣΤΑΥΡΟΣ ΚΟΝΤΟΝΗΣ
 ΣΤΑΥΡΟΥΛΑ ΞΟΥΛΙΔΟΥ
 ΣΤΕΦΑΝΟΣ ΣΑΜΟΙΛΗΣ
 ΣΥΜΕΩΝ ΚΕΔΙΚΟΓΛΟΥ
 ΤΕΡΕΝΣ-ΣΠΕΝΣΕΡ-ΝΙΚΟΛΑΟΣ ΚΟΥΙΚ
 ΤΙΜΟΛΕΩΝ ΚΟΨΑΧΕΙΛΗΣ
 ΤΣΑΜΠΙΚΑ ΙΑΤΡΙΔΗ
 ΦΕΒΡΩΝΙΑ ΠΑΤΡΙΑΝΑΚΟΥ
 ΦΙΛΙΠΠΟΣ ΣΑΧΙΝΙΔΗΣ
 ΦΩΤΕΙΝΗ ΑΡΑΜΠΑΤΖΗ
 ΦΩΤΕΙΝΗ ΠΙΠΙΛΗ
 ΦΩΤΙΟΣ-ΦΑΝΟΥΡΙΟΣ ΚΟΥΒΕΛΗΣ
 ΧΑΡΑΛΑΜΠΟΣ ΑΘΑΝΑΣΙΟΥ
 ΧΑΡΟΥΛΑ ΚΑΦΑΝΤΑΡΗ
 ΧΟΥΣΕΙΝ ΖΕΙΜΠΕΚ
 ΧΡΗΣΤΟΣ ΑΗΔΟΝΗΣ
 ΧΡΗΣΤΟΣ ΓΚΟΚΑΣ
 ΧΡΗΣΤΟΣ ΚΑΡΑΓΙΑΝΝΙΔΗΣ
 ΧΡΗΣΤΟΣ ΚΑΤΣΩΤΗΣ
 ΧΡΗΣΤΟΣ ΚΕΛΛΑΣ
 ΧΡΗΣΤΟΣ ΜΑΝΤΑΣ
 ΧΡΗΣΤΟΣ ΜΑΡΚΟΓΙΑΝΝΑΚΗΣ
 ΧΡΗΣΤΟΣ ΠΑΠΠΑΣ
 ΧΡΗΣΤΟΣ ΣΤΑΙΚΟΥΡΑΣ
 ΧΡΙΣΤΟΣ ΔΗΜΑΣ
 ΧΡΥΣΑΝΘΟΣ ΛΑΖΑΡΙΔΗΣ
 ΧΡΥΣΟΒΑΛΑΝΤΗΣ ΑΛΕΞΟΠΟΥΛΟΣ
 ΧΡΥΣΟΥΛΑ-ΜΑΡΙΑ ΓΙΑΤΑΓΑΝΑ
΄ΑΝΝΑ ΜΑΝΗ-ΠΑΠΑΔΗΜΗΤΡΙΟΥ
ANAΣΤΑΣΙΟΣ ΝΕΡΑΝΤΖΗΣ
ANTΩΝΗΣ ΣΚΥΛΛΑΚΟΣ
ANΔΡΕΑΣ ΛΟΒΕΡΔΟΣ
ANΔΡΙΑΝΗ ΛΟΥΛΕ
AXIΛΛEΥΣ ΚΑΝΤΑΡΤΖΗΣ
AXIΛΛΕΥΣ ΚΑΝΤΑΡΤΖΗΣ
AXΙΛΛΕΥΣ ΚΑΝΤΑΡΤΖΗΣ
AΓΓΕΛΟΣ ΜΠΡΑΤΑΚΟΣ
AΓΓΕΛΟΣ ΤΖΕΚΗΣ
AΔΑΜ ΡΕΓΚΟΥΖΑΣ
AΘΑΝΑΣΙΟΣ ΓΙΑΝΝΟΠΟΥΛΟΣ
AΘΑΝΑΣΙΟΣ ΔΑΒΑΚΗΣ
AΘΑΝΑΣΙΟΣ ΜΑΤΗΣ
AΘΑΝΑΣΙΟΣ ΝΑΚΟΣ
AΛΕΞΑΝΔΡΟΣ ΒΟΥΛΓΑΡΗΣ
AΛΕΞΑΝΔΡΟΣ ΧΡΥΣΑΝΘΑΚΟΠΟΥΛΟΣ
AΝΑΣΤΑΣΙΟΣ ΝΕΡΑΝΤΖΗΣ
AΝΔΡΕΑΣ ΛΟΒΕΡΔΟΣ
AΠΟΣΤΟΛΟΣ ΑΝΔΡΕΟΥΛΑΚΟΣ
AΡΙΣΤΟΤΕΛΗΣ ΠΑΥΛΙΔΗΣ
BAΣΙΛΕΙΟΣ ΜΑΓΓΙΝΑΣ
BAΣΙΛΗΣ ΚΕΔΙΚΟΓΛΟΥ
BΑΣΙΛΕΙΟΣ ΚΕΔΙΚΟΓΛΟΥ
BΑΣΙΛΗΣ ΚΕΔΙΚΟΓΛΟΥ
BΥΡΩΝ ΠΟΛΥΔΩΡΑΣ
EYAΓΓΕΛΟΣ ΑΠΟΣΤΟΛΟΥ
EYAΓΓΕΛΟΣ ΒΛΑΣΣΟΠΟΥΛΟΣ
EYAΓΓΕΛΟΣ ΜΕΪΜΑΡΑΚΗΣ
EYAΓΓΕΛΟΣ ΜΠΟΥΤΑΣ
EYTYXIOΣ ΚΟΝΤΟΜΑΡΗΣ
EYΑΓΓΕΛΟΣ ΜΠΑΣΙΑΚΟΣ
EΛΕΥΘΕΡΙΟΣ ΠΑΠΑΝΙΚΟΛΑΟΥ
EΛΙΣΑΒΕΤ ΠΑΠΑΔΗΜΗΤΡΙΟΥ
HDFS ΑΠΟΣΤΟΛΟΣ ΑΝΔΡΕΟΥΛΑΚΟΣ
HΛΙΑΣ ΒΕΖΔΡΕΒΑΝΗΣ
HΛΙΑΣ ΠΑΠΑΔΟΠΟΥΛΟΣ
INTEREG II
IΩΑΝΝΗΣ ΒΑΡΒΙΤΣΙΩΤΗΣ
IΩΑΝΝΗΣ ΔΗΜΑΡΑΣ
IΩΑΝΝΗΣ ΚΕΦΑΛΟΓΙΑΝΝΗΣ
IΩΑΝΝΗΣ ΜΑΓΚΡΙΩΤΗΣ
IΩΑΝΝΗΣ ΠΑΠΑΘΑΝΑΣΙΟΥ
KOΣΜΑΣ ΣΦΥΡΙΟΥ
KYΡΙΑΚΟΣ ΣΠΥΡΙΟΥΝΗΣ
KΟΣΜΑΣ ΣΦΥΡΙΟΥ
KΩΝΣΤΑΝΤΙΝΟΣ ΜΗΤΣΟΤΑΚΗΣ
MAΡΙΑ ΔΑΜΑΝΑΚΗ
MAΡΙΑ ΘΩΜΑ
MEΡΙΚΟΙ ΒΟΥΛΕΥΤΕΣ
MIXAΛΗΣ ΚΑΡΧΙΜΑΚΗΣ
MIΛΤΙΑΔΗΣ ΕΒΕΡΤ
MIΛΤΙΑΔΗΣ ΠΑΠΑΙΩΑΝΝΟΥ
MOΣΧΟΣ ΓΙΚΟΝΟΓΛΟΥ
MΙΛΤΙΑΔΗΣ ΕΒΕΡΤ
NIKHTAΣ ΚΑΚΛΑΜΑΝΗΣ
NIKOΛΑΟΣ ΓΚΑΤΖΗΣ
NIKOΛΑΟΣ ΓΚΕΛΕΣΤΑΘΗΣ
NIKOΛΑΟΣ ΓΚΕΣΟΥΛΗΣ
NIKOΛΑΟΣ ΚΑΤΣΑΡΟΣ
NIKOΛΑΟΣ ΛΕΒΟΓΙΑΝΝΗΣ
NIKOΛΑΟΣ ΝΙΚΟΛΟΠΟΥΛΟΣ
NIKOΛΑΟΣ ΠΑΠΑΦΙΛΙΠΠΟΥ
NIKOΛΑΟΣ ΦΛΩΡΟΣ
NIΚΟΛΑΟΣ ΑΚΡΙΤΙΔΗΣ
NΙΚΟΛΑΟΣ ΓΚΕΛΕΣΤΑΘΗΣ
NΙΚΟΛΑΟΣ ΚΑΤΣΑΡΟΣ
OΛΟΙ ΟΙ ΒΟΥΛΕΥΤΕΣ
PD ΟΡΕΣΤΗΣ ΚΟΛΟΖΩΦ
PDF ΒΑΣΙΛΕΙΟΣ ΚΟΡΚΟΛΟΠΟΥΛΟΣ
PDF ΒΑΣΙΛΕΙΟΣ ΜΑΓΓΙΝΑΣ
PDF ΓΕΩΡΓΙΟΣ ΑΔΑΜΟΠΟΥΛΟΣ
PDF ΓΙΩΡΓΟΣ ΑΔΑΜΟΠΟΥΛΟΣ
PDF ΕΥΑΓΓΕΛΟΣ ΑΠΟΣΤΟΛΟΥ
XΑΡΑΛΑΜΠΟΣ ΑΓΓΟΥΡΑΚΗΣ
XΡΗΣΤΟΣ ΚΗΠΟΥΡΟΣ
XΡΗΣΤΟΣ ΜΑΡΚΟΓΙΑΝΝΑΚΗΣ
ΑΒΡΑΜΗΣ ΑΡΒΑΝΙΤΗΣ
ΑΒΡΑΜΙΔΗΣ  ΓΑΒΡΙΗΛ
ΑΒΡΑΜΙΔΗΣ ΓΑΒΡΙΗΛ
ΑΒΡΑΜΟΠΟΥΛΟΣ  ΔΗΜΗΤΡΙΟΣ
ΑΒΡΑΜΟΠΟΥΛΟΣ ΔΗΜΗΤΡΗΣ
ΑΓΑΘΟΠΟΥΛΟΥ  ΕΙΡΗΝΗ-ΕΛΕΝΗ
ΑΓΑΘΟΠΟΥΛΟΥ ΕΙΡΗΝΗ-ΕΛΕΝΗ
Αγαθοπούλου Ειρήνη-Ελένη
ΑΓΓΓΕΛΟΣ ΤΖΕΚΗΣ
ΑΓΓΕΛΙΚΗ ΓΚΕΡΕΚΟΥ
ΑΓΓΕΛΟΣ ΜΑΝΩΛΑΚΗΣ
ΑΓΓΕΛΟΣ ΜΑΝΩΛΑΚΟΣ
ΑΓΓΕΛΟΣ ΜΠΡΑΤΑΚΟΣ
ΑΓΓΕΛΟΣ ΠΑΠΑΘΕΜΕΛΗΣ
ΑΓΓΕΛΟΣ ΤΖΕΚΗΣ
ΑΓΓΕΛΟΣ ΤΣΕΚΗΣ
ΑΓΝΗ ΚΑΛΟΓΕΡΗ
ΑΔΑΜ ΡΑΓΚΟΥΖΑΣ
ΑΔΑΜ ΡΕΓΚΟΥΔΑΣ
ΑΔΑΜ ΡΕΓΚΟΥΖΑΣ
ΑΗΔΟΝΗΣ  ΧΡΗΣΤΟΣ
ΑΗΔΟΝΗΣ ΧΡΗΣΤΟΣ
Αηδόνης Χρήστος
ΑΘΑΝΑΣΙΑ ΜΕΡΕΝΤΙΤΗ
ΑΘΑΝΑΣΙΟΣ ΑΘΑΝΑΣΙΟΥ
ΑΘΑΝΑΣΙΟΣ ΑΛΕΥΡΑΣ
ΑΘΑΝΑΣΙΟΣ ΑΣΚΗΤΗΣ
ΑΘΑΝΑΣΙΟΣ ΒΑΡΙΝΟΣ
ΑΘΑΝΑΣΙΟΣ ΓΕΡΜΑΝΙΔΗΣ
ΑΘΑΝΑΣΙΟΣ ΓΙΑΝΝΟΠΟΥΛΟΣ
ΑΘΑΝΑΣΙΟΣ ΔΑΒΑΚΗΣ
Αθανάσιος Δαβάκης
ΑΘΑΝΑΣΙΟΣ ΚΑΤΣΙΓΙΑΝΝΗΣ
ΑΘΑΝΑΣΙΟΣ ΚΟΝΤΑΞΗΣ
ΑΘΑΝΑΣΙΟΣ ΛΕΒΕΝΤΗΣ
ΑΘΑΝΑΣΙΟΣ ΜΑΤΗΣ
ΑΘΑΝΑΣΙΟΣ ΜΠΟΥΡΑΣ
ΑΘΑΝΑΣΙΟΣ ΜΩΡΑΪΤΗΣ
ΑΘΑΝΑΣΙΟΣ ΜΩΡΑΪ́ΤΗΣ
ΑΘΑΝΑΣΙΟΣ ΝΑΚΟΣ
ΑΘΑΝΑΣΙΟΣ ΝΤΑΒΛΟΥΡΟΣ
ΑΘΑΝΑΣΙΟΣ ΠΑΝΑΓΙΩΤΟΠΟΥΛΟΣ
ΑΘΑΝΑΣΙΟΣ ΠΑΠΑΓΕΩΡΓΙΟΥ
ΑΘΑΝΑΣΙΟΣ ΠΑΦΙΛΗΣ 
Αθανάσιος Παφίλης 
ΑΘΑΝΑΣΙΟΣ ΠΕΤΡΑΚΟΣ
ΑΘΑΝΑΣΙΟΣ ΠΛΕΥΡΗΣ
ΑΘΑΝΑΣΙΟΣ ΤΣΑΛΔΑΡΗΣ
ΑΘΑΝΑΣΙΟΣ ΤΣΟΥΡΑΣ
ΑΘΑΝΑΣΙΟΣ ΧΕΙΜΑΡΑΣ
ΑΘΑΝΑΣΙΟΥ  ΑΘΑΝΑΣΙΟΣ
ΑΘΑΝΑΣΙΟΥ  ΧΑΡΑΛΑΜΠΟΣ
ΑΘΑΝΑΣΙΟΥ ΑΘΑΝΑΣΙΟΣ
Αθανασίου Αθανάσιος
ΑΘΑΝΑΣΙΟΥ ΧΑΡΑΛΑΜΠΟΣ
Αθανασίου Χαράλαμπος
ΑΘΗΝΑ ΘΕΜΑ
ΑΘΗΝΑ ΚΟΡΚΑ
ΑΘΗΝΑ ΠΡΟΣ
ΑΘΗΝΑΙΟΣ ΦΛΩΡΙΝΗΣ
ΑΘΝΑΣΙΟΣ ΚΟΝΤΑΞΗΣ
ΑΙΚΑΤΕΡΙΝΑΡΗ ΞΗΡΟΤΥΡΗ
ΑΙΚΑΤΕΡΙΝΗ ΙΓΓΛΕΖΗ
ΑΙΚΑΤΕΡΙΝΗ ΙΓΓΛΕΖΗ 
Αικατερίνη Ιγγλέζη 
ΑΙΚΑΤΕΡΙΝΗ ΜΑΡΚΟΥ
ΑΙΚΑΤΕΡΙΝΗ ΞΗΡΟΤΥΡΗ ΑΙΚΑΤΕΡΙΝΑΡΗ
ΑΙΚΑΤΕΡΙΝΗ ΠΑΠΑΚΩΣΤΑ
ΑΙΚΑΤΕΡΙΝΗ ΠΑΠΑΚΩΣΤΑ ΣΙΔΗΡΟΠΟΥΛΟΥ
ΑΙΚΑΤΕΡΙΝΗ ΠΑΠΑΚΩΣΤΑ-ΣΙΔΗΡΟΠΟΥΛΟΥ
ΑΙΚΑΤΕΡΙΝΗ ΠΕΡΛΕΠΕ
ΑΚΗΦΟΓΛΟΥ ΜΠΗΡΟΛ
ΑΛΕΞΑΔΡΟΣ ΑΚΡΙΒΑΚΗΣ
ΑΛΕΞΑΝΔΡΑ ΠΑΠΑΡΗΓΑ
ΑΛΈΞΑΝΔΡΟΣ  ΜΩΡΑΪΤΆΚΗΣ
ΑΛΕΞΑΝΔΡΟΣ ΑΘΑΝΑΣΙΑΔΗΣ
ΑΛΕΞΑΝΔΡΟΣ ΑΚΡΙΒΑΚΗΣ
ΑΛΕΞΑΝΔΡΟΣ ΑΛΑΒΑΝΟΣ
ΑΛΕΞΑΝΔΡΟΣ ΒΟΥΛΓΑΡΗΣ
ΑΛΕΞΑΝΔΡΟΣ ΔΑΜΙΑΝΙΔΗΣ
ΑΛΕΞΑΝΔΡΟΣ ΔΕΡΜΕΝΤΖΟΠΟΥΛΟΣ
Αλέξανδρος Δερμεντζόπουλος
ΑΛΕΞΑΝΔΡΟΣ ΚΑΛΑΦΑΤΗΣ
ΑΛΕΞΑΝΔΡΟΣ ΚΑΦΑΝΤΑΡΗΣ
ΑΛΕΞΑΝΔΡΟΣ ΚΟΝΤΟΣ
ΑΛΕΞΑΝΔΡΟΣ ΛΥΚΟΥΡΕΖΟΣ
ΑΛΕΞΑΝΔΡΟΣ ΜΕΪΚΟΠΟΥΛΟΣ
ΑΛΕΞΑΝΔΡΟΣ ΜΩΡΑΪΤΑΚΗΣ
Αλέξανδρος Μωραϊτάκης
ΑΛΕΞΑΝΔΡΟΣ ΠΑΠΑΔΟΓΓΟΝΑΣ
ΑΛΕΞΑΝΔΡΟΣ ΠΑΠΑΔΟΠΟΥΛΟΣ
ΑΛΕΞΑΝΔΡΟΣ ΧΡΥΣΑΝΘΑΚΟΠΟΥΛΟΣ
ΑΛΕΞΙΟΣ ΜΗΤΡΟΠΟΥΛΟΣ
ΑΛΕΞΙΟΣ ΤΣΙΠΡΑΣ
ΑΛΕΞΟΠΟΥΛΟΣ  ΑΠΟΣΤΟΛΟΣ
ΑΛΕΞΟΠΟΥΛΟΣ  ΧΡΥΣΟΒΑΛΑΝΤΗΣ
ΑΛΕΞΟΠΟΥΛΟΣ ΑΠΟΣΤΟΛΟΣ
Αλεξόπουλος Απόστολος
ΑΛΕΞΟΠΟΥΛΟΣ ΧΡΥΣΟΒΑΛΑΝΤΗΣ
Αλεξόπουλος Χρυσοβαλάντης
ΑΛΛΕΣ ΧΩΡΕΣ
ΑΜΑΝΑΤΙΔΗΣ  ΙΩΑΝΝΗΣ
ΑΜΑΝΑΤΙΔΗΣ ΙΩΑΝΝΗΣ
Αμανατίδης Ιωάννης
ΑΜΜΑΝΑΤΙΔΟΥ (ΠΑΣΧΑΛΙΔΟΥ)
ΑΜΜΑΝΑΤΙΔΟΥ ΕΥΑΓΓΕΛΙΑ
Αμμανατίδου Ευαγγελία
ΑΜΜΑΝΑΤΙΔΟΥ-ΠΑΣΧΑΛΙΔΟΥ  ΕΥΑΓΓΕΛΙΑ
ΑΝΑΓΙΩΤΗΣ ΛΑΦΑΖΑΝΗΣ
ΑΝΑΓΝΩΣΤΑΚΗΣ  ΔΗΜΗΤΡΙΟΣ
ΑΝΑΓΝΩΣΤΑΚΗΣ ΔΗΜΗΤΡΙΟΣ
Αναγνωστάκης Δημήτριος
ΑΝΑΓΝΩΣΤΟΠΟΥΛΟΣ ΓΕΩΡΓΙΟΣ
Αναγνωστόπουλος Γεώργιος
ΑΝΑΓΝΩΣΤΟΠΟΥΛΟΣ ΓΙΩΡΓΟΣ
ΑΝΑΣΤΑΙΟΣ ΝΕΡΑΝΤΖΗΣ
ΑΝΑΣΤΑΣHΣ ΠΑΠΑΛΗΓΟΥΡΑΣ
ΑΝΑΣΤΑΣΗΣ ΛΙΑΣΚΟΣ
ΑΝΑΣΤΑΣΗΣ ΠΑΠΑΛΗΓΟΥΡΑΣ
ΑΝΑΣΤΑΣΗΣ ΠΑΠΑΠΑΛΗΓΟΥΡΑΣ
ΑΝΑΣΤΑΣΙΑ ΣΥΛΒΑΝΑ
ΑΝΑΣΤΑΣΙΑ ΣΥΛΒΑΝΑ ΡΑΠΤΗ
ΑΝΑΣΤΑΣΙΑΔΗΣ  ΣΑΒΒΑΣ
ΑΝΑΣΤΑΣΙΑΔΗΣ ΣΑΒΒΑΣ
Αναστασιάδης Σάββας
ΑΝΑΣΤΑΣΙΟΣ ΒΑΡΙΝΟΣ
ΑΝΑΣΤΑΣΙΟΣ ΙΝΖΤΕΣ
ΑΝΑΣΤΑΣΙΟΣ ΙΝΤΖΕΣ
ΑΝΑΣΤΑΣΙΟΣ ΚΑΡΑΜΑΡΙΟΣ
ΑΝΑΣΤΑΣΙΟΣ ΚΟΥΡΑΚΗΣ
ΑΝΑΣΤΑΣΙΟΣ ΛΙΑΣΚΟΣ
ΑΝΑΣΤΑΣΙΟΣ ΜΑΝΤΕΛΗΣ
ΑΝΑΣΤΑΣΙΟΣ ΝΕΡΑΝΤΖΗΣ
ΑΝΑΣΤΑΣΙΟΣ ΝΕΡΑΝΤΗΣ
ΑΝΑΣΤΑΣΙΟΣ ΝΕΡΑΤΖΗΣ
ΑΝΑΣΤΑΣΙΟΣ ΠΑΠΑΛΗΓΟΥΡΑΣ
ΑΝΑΣΤΑΣΙΟΣ ΠΕΠΟΝΗΣ
ΑΝΑΣΤΑΣΙΟΣ ΣΠΗΛIΟΠΟΥΛΟΣ
ΑΝΑΣΤΑΣΙΟΣ ΣΠΗΛΙΟΠΟΥΛΟΣ
ΑΝΑΣΤΑΣΙΟΣ ΣΠΗΛΙΩΤΟΠΟΥΛΟΣ
ΑΝΑΣΤΑΣΙΟΣ ΧΩΡΕΜΗΣ
ΑΝΑΣΤΙΑΣΙΟΣ ΛΙΑΣΚΟΣ
ΑΝΔΡΑΝΗ ΛΟΥΛΕ
ΑΝΔΡΕΑΣ ΑΝΔΡΙΑΝΟΠΟΥΛΟΣ
ΑΝΔΡΕΑΣ ΚΑΡΑΓΚΟΥΝΗΣ
ΑΝΔΡΕΑΣ ΚΟΥΤΣΟΥΜΠΑΣ
ΑΝΔΡΕΑΣ ΛΟΒΕΡΔΟΣ
ΑΝΔΡΕΑΣ ΛΥΚΟΥΡΕΝΤΖΟΣ
ΑΝΔΡΕΑΣ ΜΑΚΡΙΠΙΔΗΣ
ΑΝΔΡΕΑΣ ΜΑΚΡΥΠΙΔΗΣ
ΑΝΔΡΕΑΣ ΜΑΡΙΝΟΣ
ΑΝΔΡΕΑΣ ΞΑΝΘΟΣ
ΑΝΔΡΕΑΣ ΦΟΥΡΑΣ
ΑΝΔΡΕΟΥΛΑΚΟΣ ΑΠΟΣΤΟΛΟΣ
ΑΝΔΡΙΑΝΗ ΛΟΥΛΕ
ΑΝΔΡΙΑΝΟΣ  ΙΩΑΝΝΗΣ
ΑΝΔΡΙΑΝΟΣ ΙΩΑΝΝΗΣ
Ανδριανός Ιωάννης
ΑΝΔΡΟΥΛΑΚΗΣ  ΔΗΜΗΤΡΙΟΣ
ΑΝΔΡΟΥΛΑΚΗΣ ΔΗΜΗΤΡΙΟΣ
Ανδρουλάκης Δημήτριος
ΑΝΕΣΤΗΣ ΑΓΓΕΛΗΣ
ΑΝΕΣΤΗΣ ΣΑΑΤΣΟΓΛΟΥ
ΑΝΝΑ ΚΑΡΑΜΑΝΛΗ
ΑΝΝΑ ΜΠΕΝΑΚΗ ΨΑΡΟΥΔΑ
ΑΝΝΑ-ΜΙΣΕΛ ΑΣΗΜΑΚΟΠΟΥΛΟΥ
ΑΝΡΙΑΝΗ ΛΟΥΛΕ
ΑΝΤΩΝHΣ ΣΚΥΛΛΑΚΟΣ
ΑΝΤΩΝΗΣ ΣΚΥΛΑΚΟΣ
ΑΝΤΩΝΗΣ ΣΚΥΛΛΑΚΟΣ
ΑΝΤΩΝΙΑ ΑΝΤΩΝΙΟΥ
ΑΝΤΩΝΙΟΣ ΓΡΕΓΟΣ
ΑΝΤΩΝΙΟΣ ΚΑΡΠΟΥΖΑΣ
ΑΝΤΩΝΙΟΣ ΚΟΤΣΑΚΑΣ
ΑΝΤΩΝΙΟΣ ΜΠΕΖΑΣ
ΑΝΤΩΝΙΟΣ ΣΑΜΑΡΑΣ
ΑΝΤΩΝΙΟΣ ΣΚΥΛΛΑΚΟΣ
ΑΝΤΩΝΙΟΣ ΦΟΥΣΑΣ
ΑΝΤΩΝΙΟΥ  ΜΑΡΙΑ
ΑΝΤΩΝΙΟΥ ΜΑΡΙΑ
Αντωνίου Μαρία
ΑΠΟΣΤΕΛΛΟΝ ΜΕΡΟΣ ΠΡΟΣ
ΑΠΟΣΤΟΛΟΣ AΝΔΡΕΟΥΛΑΚΟΣ
ΑΠΟΣΤΟΛΟΣ ΑΛΕΞΟΠΟΥΛΟΣ
ΑΠΟΣΤΟΛΟΣ ΑΝΔΡΕΟΥΛΑΚΟΣ
ΑΠΟΣΤΟΛΟΣ ΒΕΣΥΡΟΠΟΥΛΟΣ
ΑΠΟΣΤΟΛΟΣ ΚΑΚΛΑΜΑΝΗΣ
ΑΠΟΣΤΟΛΟΣ ΚΑΤΣΙΦΑΡΑΣ
ΑΠΟΣΤΟΛΟΣ ΚΩΣΤΟΠΟΥΛΟΣ
ΑΠΟΣΤΟΛΟΣ ΣΤΑΥΡΟΥ
ΑΠΟΣΤΟΛΟΣ ΤΑΣΟΥΛΑΣ
ΑΠΟΣΤΟΛΟΣ ΦΩΤΙΑΔΗΣ
ΑΠΟΣΤΟΛΟΥ  ΕΥΑΓΓΕΛΟΣ
ΑΠΟΣΤΟΛΟΥ ΕΥΑΓΓΕΛΟΣ
Αποστόλου Ευάγγελος
ΑΠΟΦΑΣΗ ΘΕΜΑ
ΑΡΑΜΠΑΤΖΗ  ΦΩΤΕΙΝΗ
ΑΡΑΜΠΑΤΖΗ ΦΩΤΕΙΝΗ
Αραμπατζή Φωτεινή
ΑΡΑΠΟΓΛΟΥ ΧΡΥΣΑ ΒΑΡΒΑΡΙΓΟΣ
ΑΡΒΑΝΙΤΗΣ ΑΒΡΑΜΗΣ
Αρβανίτης Αβράμης
ΑΡΒΑΝΙΤΗΣ-ΑΒΡΑΜΗΣ  ΜΙΧΑΗΛ
ΑΡΒΑΝΙΤΟΠΟΥΛΟΣ  ΚΩΝΣΤΑΝΤΙΝΟΣ
ΑΡΒΑΝΙΤΟΠΟΥΛΟΣ ΚΩΝΣΤΑΝΤΙΝΟΣ
Αρβανιτόπουλος Κωνσταντίνος
ΑΡΓΥΡΗΣ ΕΥΑΓΓΕΛΟΣ
ΑΡΓΥΡΗΣ ΝΤΙΝΟΠΟΥΛΟΣ
ΑΡΘΡΟ ΔΕΚΑΤΟ ΕΚΤΟ
ΑΡΘΡΟ ΤΕΤΑΡΤΟ
ΑΡΙΣΤΕΙΔΗΣ ΜΟΥΣΙΩΝΗΣ
ΑΡΙΣΤΕΙΔΗΣ ΤΣΙΠΛΑΚΟΣ
ΑΡΙΣΤΟΒΟΥΛΟΣ ΣΠΗΛΙΩΤΟΠΟΥΛΟΣ
ΑΡΙΣΤΟΒΟΥΛΟΣ ΣΠΗΛΙΩΤΟΠΟΥΛΟΣ 
Αριστόβουλος Σπηλιωτόπουλος 
ΑΡΙΣΤΟΣΤΕΛΗΣ ΠΑΥΛΙΔΗΣ
ΑΡΙΣΤΟΤΕΛΗΣ ΠΑΥΛΙΔΗΣ
ΑΡΤΕΜΙΟΣ ΜΑΤΘΑΙΟΠΟΥΛΟΣ
ΑΡΤΈΜΙΟΣ ΜΑΤΘΑΙΌΠΟΥΛΟΣ
ΑΣΗΜΑΚΟΠΟΥΛΟΥ  ΑΝΝΑ-ΜΙΣΕΛ
ΑΣΗΜΑΚΟΠΟΥΛΟΥ ΑΝΝΑ-ΜΙΣΕΛ
Ασημακοπούλου Άννα-Μισέλ
ΑΣΗΜΙΝΑ ΑΙΚΑΤΕΡΙΝΑΡΗ ΞΗΡΟΤΥΡΗ
ΑΣΗΜΙΝΑ ΞΗΡΟΤΗΡΗ ΑΙΚΑΤΕΡΙΝΑΡΗ
ΑΣΗΜΙΝΑ ΞΗΡΟΤΥΡΗ
ΑΣΗΜΙΝΑ ΞΗΡΟΤΥΡΗ ΑΙΚΑΤΕΡΙΝΑΡΗ
ΑΣΗΜΙΝΑ ΣΚΟΝΔΡΑ
ΑΣΠΑΣΙΑ ΜΑΝΔΡΕΚΑ
ΑΥΓΕΝΑΚΗΣ  ΕΛΕΥΘΕΡΙΟΣ
ΑΥΓΕΝΑΚΗΣ ΕΛΕΥΘΕΡΙΟΣ
Αυγενάκης Ελευθέριος
ΑΥΓΕΡΙΝΟΠΟΥΛΟΥ  ΔΙΟΝΥΣΙΑ-ΘΕΟΔΩΡΑ
ΑΥΓΕΡΙΝΟΠΟΥΛΟΥ ΔΙΟΝΥΣΙΑ
Αυγερινοπούλου Διονυσία
ΑΥΛΩΝΙΤΟΥ ΕΛΕΝΗ
Αυλωνίτου Ελένη
ΑΦΡΟΔΙΤΗ ΘΕΟΠΕΦΤΑΤΟΥ
ΑΦΡΟΔΙΤΗ ΣΤΑΜΠΟΥΛΗ
ΑΧΙΛΕΑΣ ΚΑΝΤΑΡΤΖΗΣ
ΑΧΙΛΛΕYΣ ΚΑΝΤΑΡΤΖΗΣ
ΑΧΙΛΛΕΑΣ ΚΑΝΤΑΡΤΖΗΣ
ΑΧΙΛΛΕΑΣ ΚΑΡΑΜΑΝΛΗΣ
ΑΧΙΛΛΕΥΣ ΚΑΝΤΑΡΤΖΗΣ
ΑΧΙΛΛΕΥΣ ΚΑΡΑΜΑΝΛΗΣ
ΑΧΜΕΤ ΙΛΧΑΝ
ΒYΡΩΝ ΠΟΛΥΔΩΡΑΣ
ΒΑΛΑΒΑΝΗ  ΟΛΓΑ-ΝΑΝΤΙΑ
ΒΑΛΑΒΑΝΗ ΟΛΓΑ
Βαλαβάνη Όλγα
ΒΑΜΒΑΚΑ  ΕΥΓΕΝΙΑ
ΒΑΜΒΑΚΑ ΕΥΓΕΝΙΑ
Βαμβακά Ευγενία
ΒΑΡΒΙΤΣΙΩΤΗΣ  ΜΙΛΤΙΑΔΗΣ
ΒΑΡΒΙΤΣΙΩΤΗΣ ΜΙΛΤΙΑΔΗΣ
Βαρβιτσιώτης Μιλτιάδης
ΒΑΡΕΜΕΝΟΣ  ΓΕΩΡΓΙΟΣ
ΒΑΡΕΜΕΝΟΣ ΓΕΩΡΓΙΟΣ
Βαρεμένος Γεώργιος
ΒΑΡΣΑΜΗΣ ΓΙΟΒΑΝΟΥΔΑΣ
ΒΑΣΙΚΗΣ ΚΕΔΙΚΟΓΛΟΥ
ΒΑΣΙΛHΣ ΚΕΔΙΚΟΓΛΟΥ
ΒΑΣΙΛΕΙΟΣ ΒΑΣΙΛΑΚΑΚΗΣ
ΒΑΣΙΛΕΙΟΣ ΒΥΖΑΣ
ΒΑΣΙΛΕΙΟΣ ΓΕΡΑΝΙΔΗΣ
ΒΑΣΙΛΕΙΟΣ ΕΞΑΡΧΟΣ
ΒΑΣΙΛΕΙΟΣ ΚΑΠΕΡΝΑΡΟΣ
ΒΑΣΙΛΕΙΟΣ ΚΕΓΚΕΡΟΓΛΟΥ
ΒΑΣΙΛΕΙΟΣ ΚΕΔΙΚΟΓΛΟΥ
ΒΑΣΙΛΕΙΟΣ ΚΙΚΙΛΙΑΣ
ΒΑΣΙΛΕΙΟΣ ΚΟΝΤΟΓΙΑΝΝΟΠΟΥΛΟΣ
ΒΑΣΙΛΕΙΟΣ ΚΟΡΚΟΛΟΠΟΥΛΟΣ
ΒΑΣΙΛΕΙΟΣ ΚΟΡΚΟΛΟΥΠΟΛΟΣ
ΒΑΣΙΛΕΙΟΣ ΚΟΡΚΟΠΟΥΛΟΣ
ΒΑΣΙΛΕΙΟΣ ΚΥΡΙΑΚΑΚΗΣ
ΒΑΣΙΛΕΙΟΣ ΜΑΓΓΙΝΑΣ
ΒΑΣΙΛΕΙΟΣ ΜΙΧΑΛΟΛΙΑΚΟΣ
ΒΑΣΙΛΕΙΟΣ ΜΠΕΚΙΡΗΣ
ΒΑΣΙΛΕΙΟΣ ΟΙΚΟΝΟΜΟΥ
ΒΑΣΙΛΕΙΟΣ ΠΑΠΑΓΕΩΡΓΟΠΟΥΛΟΣ
ΒΑΣΙΛΕΙΟΣ ΠΑΠΑΝΙΚΟΛΑΣ
ΒΑΣΙΛΕΙΟΣ ΠΑΠΑΧΡΗΣΤΟΥ
ΒΑΣΙΛΕΙΟΣ ΠΑΠΠΑΣ
ΒΑΣΙΛΕΙΟΣ ΣΩΤΗΡΟΠΟΥΛΟΣ
ΒΑΣΙΛΕΙΟΣ ΤΟΓΙΑΣ
ΒΑΣΙΛΕΙΟΣ ΤΡΙΠΡΑΣ
ΒΑΣΙΛΕΙΟΣ ΤΣΙΛΙΚΑΣ
ΒΑΣΙΛΕΙΟΣ ΤΣΙΠΡΑΣ
ΒΑΣΙΛΕΙΟΣ ΥΨΗΛΑΝΤΗΣ
ΒΑΣΙΛΕΙΟΣ ΧΑΤΖΗΛΑΜΠΡΟΥ
ΒΑΣΙΛΕΙΟΣ ΧΡΥΣΗΣ
ΒΑΣΙΛΕΥΣ ΤΗΣ ΙΣΠΑΝΙΑΣ
ΒΑΣΙΛΕΥΣ ΤΩΝ ΒΕΛΓΩΝ
ΒΑΣΙΛΗ ΚΕΔΙΚΟΓΛΟΥ
ΒΑΣΙΛΗΣ ΚΕΔΙΚΓΛΟΥ
ΒΑΣΙΛΗΣ ΚΕΔΙΚΟΓΛΟΥ
ΒΑΣΙΛΗΣ ΚΕΔΙΚΟΔΛΟΥ
ΒΑΣΙΛΗΣ ΚΕΔΙΚΟΛΓΟΥ
ΒΑΣΙΛΗΣ ΚΕΔΙΚΟΥΓΛΟΥ
ΒΑΣΙΛΗΣ ΚΟΝΤΟΓΙΑΝΝΟΠΟΥΛΟΣ
ΒΑΣΙΛΗΣ ΚΟΡΚΟΛΟΠΟΥΛΟΣ
ΒΑΣΙΛΗΣ ΜΙΧΑΛΟΛΙΑΚΟΣ
ΒΑΣΙΛΗΣ ΤΣΙΠΡΑΣ
ΒΑΣΙΛΙΚΗ ΑΡΑΠΗ
ΒΑΣΙΛΙΚΗ ΑΡΑΠΗ ΚΑΡΑΓΙΑΝΝΗ
ΒΑΣΙΛΙΚΗ ΚΑΤΡΙΒΑΝΟΥ
ΒΑΣΙΛΙΣΣΑ ΤΗΣ ΔΑΝΙΑΣ
ΒΑΣΛΗΣ ΚΟΝΤΟΓΙΑΝΝΟΠΟΥΛΟΣ
ΒΑΣΩ ΠΑΠΑΝΔΡΕΟΥ
ΒΕΝΙΖΕΛΟΣ  ΕΥΑΓΓΕΛΟΣ
ΒΕΝΙΖΕΛΟΣ ΕΥΑΓΓΕΛΟΣ
Βενιζέλος Ευάγγελος
ΒΕΣΥΡΟΠΟΥΛΟΣ  ΑΠΟΣΤΟΛΟΣ
ΒΕΣΥΡΟΠΟΥΛΟΣ ΑΠΟΣΤΟΛΟΣ
Βεσυρόπουλος Απόστολος
ΒΙΟΛΟΓΙΑΣ ΚΑΙ ΙΑΤΡΙΚΗΣ
ΒΙΡΒΙΔΑΚΗΣ  ΚΥΡΙΑΚΟΣ
ΒΙΡΒΙΔΑΚΗΣ ΚΥΡΙΑΚΟΣ
Βιρβιδάκης Κυριάκος
ΒΛΑΧΒΕΗΣ  ΜΕΝΕΛΑΟΣ
ΒΛΑΧΒΕΗΣ ΜΕΝΕΛΑΟΣ
Βλάχβεης Μενέλαος
ΒΛΑΧΟΓΙΑΝΝΗΣ  ΗΛΙΑΣ
ΒΛΑΧΟΓΙΑΝΝΗΣ ΗΛΙΑΣ
Βλαχογιάννης Ηλίας
ΒΛΑΧΟΣ  ΓΕΩΡΓΙΟΣ
ΒΛΑΧΟΣ ΓΕΩΡΓΙΟΣ
Βλάχος Γεώργιος
ΒΟΓΙΑΤΖΗΣ  ΠΑΥΛΟΣ
ΒΟΓΙΑΤΖΗΣ ΠΑΥΛΟΣ
Βογιατζής Παύλος
ΒΟΛΟΥΔΑΚΗΣ  ΜΑΝΟΥΣΟΣ-ΚΩΝΣΤΑΝΤΙΝΟΣ
ΒΟΛΟΥΔΑΚΗΣ ΜΑΝΟΥΣΟΣ
Βολουδάκης Μανούσος
ΒΟΡΙΔΗΣ  ΜΑΥΡΟΥΔΗΣ
ΒΟΡΙΔΗΣ ΜΑΥΡΟΥΔΗΣ
Βορίδης Μαυρουδής
ΒΟΥΔΟΥΡΗΣ  ΟΔΥΣΣΕΥΣ-ΝΙΚΟΣ
ΒΟΥΔΟΥΡΗΣ ΟΔΥΣΣΕΥΣ
Βουδούρης Οδυσσεύς
ΒΟΥΛΕΥΤΗΣ ΔΡΑΜΑΣ ΔΡΑΜΑ
ΒΟΥΛΤΕΨΗ  ΣΟΦΙΑ
ΒΟΥΛΤΕΨΗ ΣΟΦΙΑ
Βούλτεψη Σοφία
ΒΟΥΤΣΗΣ  ΝΙΚΟΛΑΟΣ
ΒΟΥΤΣΗΣ ΝΙΚΟΛΑΟΣ
Βούτσης Νικόλαος
ΒΡΟΥΤΣΗΣ  ΙΩΑΝΝΗΣ
ΒΡΟΥΤΣΗΣ ΙΩΑΝΝΗΣ
Βρούτσης Ιωάννης
ΒΡΥΞΕΛΛΕΣ ΚΟΙΝ
ΒΥΡΩΝ ΠΟΛΥΔΩΡΑΣ
ΓIΩΡΓΟΣ ΑΔΑΜΟΠΟΥΛΟΣ
ΓΑΒΡΙΗΛ ΑΒΡΑΜΙΔΗΣ
Γαβριήλ Αβραμίδης
ΓΑΙΤΑΝΗ  ΙΩΑΝΝΑ
ΓΑΪΤΑΝΗ ΙΩΑΝΝΑ
Γαϊτάνη Ιωάννα
ΓΑΚΗΣ  ΔΗΜΗΤΡΗΣ
ΓΑΚΗΣ ΔΗΜΗΤΡΙΟΣ
Γάκης Δημήτριος
ΓΑΡΥΦΑΛΛΙΑ ΚΑΝΕΛΛΗ
ΓΕΛΑΛΗΣ  ΔΗΜΗΤΡΗΣ
ΓΕΛΑΛΗΣ ΔΗΜΗΤΡΗΣ
Γελαλής Δημήτρης
ΓΕΝΙΚΟ ΣΥΝΟΛΟ
ΓΕΡΑΣΙΜΙΔΟΥ  ΕΛΕΝΗ
ΓΕΡΑΣΙΜΙΔΟΥ ΕΛΕΝΗ
Γερασιμίδου Ελένη
ΓΕΡΑΣΙΜΟΣ ΑΡΣΕΝΗΣ
ΓΕΡΑΣΙΜΟΣ ΓΙΑΚΟΥΜΑΤΟΣ
ΓΕΡΜΑΝΙΔΗΣ  ΑΘΑΝΑΣΙΟΣ
ΓΕΡΜΑΝΙΔΗΣ ΑΘΑΝΑΣΙΟΣ
Γερμανίδης Αθανάσιος
ΓΕΡΜΕΝΗΣ  ΓΕΩΡΓΙΟΣ
ΓΕΡΜΕΝΗΣ ΓΕΩΡΓΙΟΣ
Γερμενής Γεώργιος
ΓΕΡΟΒΑΣΙΛΗ  ΟΛΓΑ
ΓΕΡΟΒΑΣΙΛΗ ΟΛΓΑ
Γεροβασίλη Όλγα
ΓΕΡΟΝΤΟΠΟΥΛΟΣ  ΚΥΡΙΑΚΟΣ
ΓΕΡΟΝΤΟΠΟΥΛΟΣ ΚΥΡΙΑΚΟΣ
Γεροντόπουλος Κυριάκος
ΓΕΣΘΗΜΑΝΗ ΠΑΠΑΔΗΜΗΤΡΙΟΥ
ΓΕΩΡΓIΟΣ ΡΟΚΟΣ
ΓΕΩΡΓΑΝΤΑΣ  ΓΕΩΡΓΙΟΣ
ΓΕΩΡΓΑΝΤΑΣ ΓΕΩΡΓΙΟΣ
Γεωργαντάς Γεώργιος
ΓΕΩΡΓΙΑ ΜΑΡΤΙΝΟΥ
ΓΕΩΡΓΙΑ ΜΠΑΤΣΑΡΑ
ΓΕΩΡΓΙΑΔΗΣ  ΣΠΥΡΙΔΩΝ-ΑΔΩΝΙΣ
ΓΕΩΡΓΙΑΔΗΣ ΣΠΥΡΙΔΩΝ
Γεωργιάδης Σπυρίδων
ΓΕΩΡΓΙΟΣ ΑΔΑΜΟΠΟΥΛΟΣ
ΓΕΩΡΓΙΟΣ ΑΛΕΞΟΠΟΥΛΟΣ
ΓΕΩΡΓΙΟΣ ΑΛΟΓΚΟΣΚΟΥΦΗΣ
ΓΕΩΡΓΙΟΣ ΑΛΟΓΟΣΚΟΥΦΗΣ
ΓΕΩΡΓΙΟΣ ΑΜΠΑΤΖΟΓΛΟΥ
ΓΕΩΡΓΙΟΣ ΑΝΑΓΝΩΣΤΟΠΟΥΛΟΣ
ΓΕΩΡΓΙΟΣ ΑΝΩΜΕΡΙΤΗΣ
ΓΕΩΡΓΙΟΣ ΒΑΡΕΜΕΝΟΣ
ΓΕΩΡΓΙΟΣ ΒΛΑΧΟΣ
ΓΕΩΡΓΙΟΣ ΒΟΥΓΛΑΡΑΚΗΣ
ΓΕΩΡΓΙΟΣ ΒΟΥΛΓΑΡΑΚΗΣ
ΓΕΩΡΓΙΟΣ ΒΟΥΡΓΑΡΑΚΗΣ
ΓΕΩΡΓΙΟΣ ΓΑΡΟΥΦΑΛΙΑΣ
ΓΕΩΡΓΙΟΣ ΓΑΡΥΦΑΛΛΙΑΣ
ΓΕΩΡΓΙΟΣ ΓΕΡΜΕΝΗΣ
ΓΕΩΡΓΙΟΣ ΓΕΩΡΓΑΚΟΠΟΥΛΟΣ
ΓΕΩΡΓΙΟΣ ΓΕΩΡΓΑΝΤΑΣ
ΓΕΩΡΓΙΟΣ ΔΑΣΚΑΛΑKHΣ
ΓΕΩΡΓΙΟΣ ΔΑΣΚΑΛΑΚΗΣ
ΓΕΩΡΓΙΟΣ ΔΕΙΚΤΑΚΗΣ
ΓΕΩΡΓΙΟΣ ΔΕΙΚΤΆΚΗΣ
ΓΕΩΡΓΙΟΣ ΘΩΜΑΣ
ΓΕΩΡΓΙΟΣ ΚΑΛΑΝΤΖΗΣ
ΓΕΩΡΓΙΟΣ ΚΑΛΟΣ
ΓΕΩΡΓΙΟΣ ΚΑΡΑΣΜΑΝΗΣ
ΓΕΩΡΓΙΟΣ ΚΑΡΑΤΑΣΟΣ
ΓΕΩΡΓΙΟΣ ΚΑΡΑΤΖΑΦΕΡΗΣ
ΓΕΩΡΓΙΟΣ ΚΑΣΑΠΙΔΗΣ
ΓΕΩΡΓΙΟΣ ΚΑΤΣΙΜΠΑΡΔΗΣ
ΓΕΩΡΓΙΟΣ ΚΙΡΚΟΣ
ΓΕΩΡΓΙΟΣ ΚΟΝΤΟΓΙΑΝΝΗΣ
ΓΕΩΡΓΙΟΣ ΚΥΡΙΤΣΗΣ
ΓΕΩΡΓΙΟΣ ΚΩΝΣΤΑΝΤΟΠΟΥΛΟΣ
ΓΕΩΡΓΙΟΣ ΚΩΝΣΤΑΝΤΌΠΟΥΛΟΣ
ΓΕΩΡΓΙΟΣ ΚΩΣΤΑΝΤΟΠΟΥΛΟΣ
ΓΕΩΡΓΙΟΣ ΛΑΜΠΡΟΥΛΗΣ
ΓΕΩΡΓΙΟΣ ΛΙΑΝΗΣ
ΓΕΩΡΓΙΟΣ ΝΤΑΒΡΗΣ
ΓΕΩΡΓΙΟΣ ΝΤΟΛΙΟΣ
ΓΕΩΡΓΙΟΣ ΟΡΦΑΝΟΣ
ΓΕΩΡΓΙΟΣ ΠΑΝΑΓΙΩΤΟΠΟΥΛΟΣ
ΓΕΩΡΓΙΟΣ ΠΑΝΤΖΑΣ
ΓΕΩΡΓΙΟΣ ΠΑΠΑΓΕΩΡΓΙΟΥ
ΓΕΩΡΓΙΟΣ ΠΑΠΑΝΔΡΕΟΥ
ΓΕΩΡΓΙΟΣ ΡΟΚΚΟΣ
ΓΕΩΡΓΙΟΣ ΡΟΚΟΣ
ΓΕΩΡΓΙΟΣ ΡΩΜΑΙΟΣ
ΓΕΩΡΓΙΟΣ ΣΑΛΑΓΚΟΥΔΗΣ
ΓΕΩΡΓΙΟΣ ΣΟΥΡΛΑΣ
ΓΕΩΡΓΙΟΣ ΣΟΥΦΛΙΑΣ
ΓΕΩΡΓΙΟΣ ΣΤΑΘΑΚΗΣ
ΓΕΩΡΓΙΟΣ ΣΤΥΛΙΟΣ
ΓΕΩΡΓΙΟΣ ΤΖΙΤΖΙΚΩΣΤΑΣ
ΓΕΩΡΓΙΟΣ ΤΡΙΦΩΝΙΔΗΣ
ΓΕΩΡΓΙΟΣ ΤΡΥΦΩΝΙΔΗΣ
ΓΕΩΡΓΙΟΣ ΤΣΑΦΟΥΛΙΑΣ
ΓΕΩΡΓΙΟΣ ΤΣΟΥΡΝΟΣ
ΓΕΩΡΓΙΟΣ ΧΟΥΡΜΟΥΖΙΑΔΗΣ
ΓΕΩΡΓΙΟΣ ΨAΧΑΡΟΠΟΥΛΟΣ
ΓΕΩΡΓΙΟΣ ΨΑΧΑΡΟΠΟΥΛΟΣ
ΓΕΩΡΓΟΠΟΥΛΟΥ-ΣΑΛΤΑΡΗ  ΕΥΣΤΑΘΙΑ
ΓΕΩΡΓΟΠΟΥΛΟΥ-ΣΑΛΤΑΡΗ ΕΥΣΤΑΘΙΑ(
Γεωργοπούλου-Σαλτάρη Ευσταθία(
ΓΕΩΡΓΟΣ ΒΛΑΧΟΣ
ΓΕΩΡΙΟΣ ΚΑΛΟΣ
ΓΕΩΡΙΟΣ ΟΡΦΑΝΟΣ
ΓΙΑΚΟΥΜΑΤΟΣ  ΓΕΡΑΣΙΜΟΣ
ΓΙΑΚΟΥΜΑΤΟΣ ΓΕΡΑΣΙΜΟΣ
Γιακουμάτος Γεράσιμος
ΓΙΑΝΝΑΚΑΚΗ  ΜΑΡΙΑ
ΓΙΑΝΝΑΚΑΚΗ ΜΑΡΙΑ
Γιαννακάκη Μαρία
ΓΙΑΝΝΗ ΖΑΦΕΙΡΟΠΟΥΛΟΣ
ΓΙΑΝΝΗΣ ΖΑΦΕΙΡΟΠΟΥΛΟΣ
ΓΙΑΝΝΗΣ ΚΑΨΗΣ
ΓΙΑΝΝΗΣ ΚΟΥΤΣΟΥΚΟΣ
ΓΙΑΝΝΗΣ ΠΑΤΑΚΗΣ
ΓΙΑΝΝΗΣ ΠΟΤΤΑΚΗΣ
ΓΙΑΝΝΗΣ ΣΟΥΛΑΔΑΚΗΣ
ΓΙΑΝΝΗΣ ΤΣΕΚΟΥΡΑΣ
ΓΙΑΝΝΗΣ ΧΩΜΑΤΑΣ
ΓΙΑΤΑΓΑΝΑ  ΧΡΥΣΟΥΛΑ-ΜΑΡΙΑ
ΓΙΑΤΑΓΑΝΑ ΧΡΥΣΟΥΛΑ
Γιαταγάνα Χρυσούλα
ΓΙΟΒΑΝΟΠΟΥΛΟΣ  ΚΩΝΣΤΑΝΤΙΝΟΣ
ΓΙΟΒΑΝΟΠΟΥΛΟΣ ΚΩΝΣΤΑΝΤΙΝΟΣ
Γιοβανόπουλος Κωνσταντίνος
ΓΙΩΡΓΙΟΣ ΑΔΑΜΟΠΟΥΛΟΣ
ΓΙΩΡΓΙΟΣ ΚΑΤΣΙΜΠΑΡΔΗΣ
ΓΙΩΡΓΟΣ ΑΔΑΜΟΠΟΥΛΟΣ
ΓΙΩΡΓΟΣ ΑΝΑΓΝΩΣΤΟΠΟΥΛΟΣ
ΓΙΩΡΓΟΣ ΚΑΡΑΣΜΑΝΗΣ
ΓΙΩΡΓΟΣ ΚΑΤΣΙΜΠΑΡΔΗ
ΓΙΩΡΓΟΣ ΚΑΤΣΙΜΠΑΡΔΗΣ
ΓΚΑΛΗΠ ΓΚΑΛΗΠ
ΓΚΕΡΕΚΟΥ  ΑΝΤΖΕΛΑ
ΓΚΕΡΕΚΟΥ ΑΓΓΕΛΙΚΗ
Γκερέκου Αγγελική
ΓΚΙΚΑΣ ΧΑΡΔΟΥΒΕΛΗΣ
ΓΚΙΟΚΑΣ  ΙΩΑΝΝΗΣ
ΓΚΙΟΚΑΣ ΙΩΑΝΝΗΣ
ΓΚΙΟΥΛΕΚΑΣ  ΚΩΝΣΤΑΝΤΙΝΟΣ
ΓΚΙΟΥΛΕΚΑΣ ΚΩΝΣΤΑΝΤΙΝΟΣ
Γκιουλέκας Κωνσταντίνος
ΓΚΟΚΑΣ  ΧΡΗΣΤΟΣ
ΓΚΟΚΑΣ ΧΡΗΣΤΟΣ
Γκόκας Χρήστος
ΓΛΕΖΟΣ  ΕΜΜΑΝΟΥΗΛ
ΓΛΕΖΟΣ ΕΜΜΑΝΟΥΗΛ
ΓΡΕΓΟΣ  ΑΝΤΩΝΙΟΣ
ΓΡΕΓΟΣ ΑΝΤΩΝΙΟΣ
Γρέγος Αντώνιος
ΓΡΗΓΟΡΑΚΟΣ  ΛΕΩΝΙΔΑΣ
ΓΡΗΓΟΡΗΣ ΝΙΩΤΗΣ
ΓΡΗΓΟΡΙΟΣ ΝΙΩΤΗΣ
ΓΡΗΓΟΡΙΟΣ ΨΑΡΙΑΝΟΣ
ΔΑΒΑΚΗΣ  ΑΘΑΝΑΣΙΟΣ
ΔΑΒΑΚΗΣ ΑΘΑΝΑΣΙΟΣ
Δαβάκης Αθανάσιος
ΔΑΜΑΒΟΛΙΤΗΣ ΚΩΝΣΤΑΝΤΙΝΟΣ
Δαμαβολίτης Κωνσταντίνος
ΔΕΙΚΤΑΚΗΣ ΓΕΩΡΓΙΟΣ
Δεικτάκης Γεώργιος
ΔΕΝΔΙΑΣ  ΝΙΚΟΛΑΟΣ-ΓΕΩΡΓΙΟΣ
ΔΕΝΔΙΑΣ ΝΙΚΟΛΑΟΣ
Δένδιας Νικόλαος
ΔΕΡΜΕΝΤΖΟΠΟΥΛΟΣ  ΑΛΕΞΑΝΔΡΟΣ
ΔΕΡΜΕΝΤΖΟΠΟΥΛΟΣ ΑΛΕΞΑΝΔΡΟΣ
Δερμεντζόπουλος Αλέξανδρος
ΔΕΡΜΙΤΖΑΚΗΣ  ΚΩΝΣΤΑΝΤΙΝΟΣ
ΔΕΡΜΙΤΖΑΚΗΣ ΚΩΝΣΤΑΝΤΙΝΟΣ
Δερμιτζάκης Κωνσταντίνος
ΔΕΣΠΟΙΝΑ ΧΑΡΑΛΑΜΠΙΔΟΥ
ΔΗΛΙΖΩ ΤΜΗΜΑ
ΔΗΜΑΡΑΣ  ΙΩΑΝΝΗΣ
ΔΗΜΑΡΑΣ ΙΩΑΝΝΗΣ
Δημαράς Ιωάννης
ΔΗΜΑΣ  ΠΥΡΡΟΣ
ΔΗΜΑΣ  ΧΡΙΣΤΟΣ
ΔΗΜΑΣ ΠΥΡΡΟΣ
Δήμας Πύρρος
ΔΗΜΑΣ ΧΡΙΣΤΟΣ
Δήμας Χρίστος
ΔΗΜΗΡΙΟΣ ΣΙΟΥΦΑΣ
ΔΗΜΗΤΡΗΣ ΑΒΡΑΜΟΠΟΥΛΟΣ
Δημήτρης Αβραμόπουλος
ΔΗΜΗΤΡΗΣ ΓΕΛΑΛΗΣ
ΔΗΜΗΤΡΗΣ ΚΑΤΣΙΚΟΠΟΥΛΟΣ
ΔΗΜΗΤΡΗΣ ΚΟΥΣΕΛΑΣ
ΔΗΜΗΤΡΗΣ ΚΡΕΜΑΣΤΙΝΟΣ
ΔΗΜΗΤΡΗΣ ΚΩΣΤΟΠΟΥΛΟΣ
ΔΗΜΗΤΡΗΣ ΠΙΠΕΡΓΙΑΣ
ΔΗΜΗΤΡΗΣ ΣΑΜΠΑΖΙΩΤΗΣ
ΔΗΜΗΤΡΗΣ ΣΑΡΡΗΣ
ΔΗΜΗΤΡΗΣ ΧΡΙΣΤΟΦΙΛΟΓΙΑΝΝΗΣ
ΔΗΜΗΤΡΙΟΣ ΑΛΑΜΠΑΝΟΣ
ΔΗΜΗΤΡΙΟΣ ΑΝΑΓΝΩΣΤΑΚΗΣ
ΔΗΜΗΤΡΙΟΣ ΑΝΔΡΟΥΛΑΚΗΣ
ΔΗΜΗΤΡΙΟΣ ΑΠΟΣΤΟΛΑΚΗΣ
ΔΗΜΗΤΡΙΟΣ ΒΑΡΒΑΡΙΓΟΣ
ΔΗΜΗΤΡΙΟΣ ΓΑΚΗΣ
ΔΗΜΗΤΡΙΟΣ ΓΕΛΑΛΗΣ
ΔΗΜΗΤΡΙΟΣ ΓΕΩΡΓΑΚΟΠΟΥΛΟΣ
ΔΗΜΗΤΡΙΟΣ ΓΕΩΡΓΟΠΟΥΛΟΣ
ΔΗΜΗΤΡΙΟΣ ΘΑΝΟΣ
ΔΗΜΗΤΡΙΟΣ ΚΑΤΣΙΚΟΠΟΥΛΟΣ
ΔΗΜΗΤΡΙΟΣ ΚΟΔΕΛΑΣ
ΔΗΜΗΤΡΙΟΣ ΚΟΣΣΥΒΑΚΗΣ
ΔΗΜΗΤΡΙΟΣ ΚΟΥΚΟΥΤΣΗΣ
ΔΗΜΗΤΡΙΟΣ ΚΟΥΣΕΛΑΣ
ΔΗΜΗΤΡΙΟΣ ΚΟΥΤΣΟΓΙΩΡΓΑΣ
ΔΗΜΗΤΡΙΟΣ ΚΡΕΜΑΣΤΙΝΟΣ
ΔΗΜΗΤΡΙΟΣ ΚΥΡΙΑΖΙΔΗΣ
ΔΗΜΗΤΡΙΟΣ ΚΩΣΤΟΠΟΥΛΟΣ
ΔΗΜΗΤΡΙΟΣ ΛΙΝΤΖΕΡΗΣ
ΔΗΜΗΤΡΙΟΣ ΜΠΡΙΑΝΗΣ
ΔΗΜΗΤΡΙΟΣ Ν ΚΩΣΤΟΠΟΥΛΟΣ
ΔΗΜΗΤΡΙΟΣ ΝΤΟΥΣΚΑΣ
ΔΗΜΗΤΡΙΟΣ ΠΑΝΤΕΡΜΑΛΗΣ
ΔΗΜΗΤΡΙΟΣ ΠΑΠΑΔΗΜΟΥΛΗΣ
Δημήτριος Παπαδημούλης
ΔΗΜΗΤΡΙΟΣ ΠΙΠΕΡΓΙΑΣ
ΔΗΜΗΤΡΙΟΣ ΡΕΠΠΑΣ
ΔΗΜΗΤΡΙΟΣ ΣΑΛΤΟΥΡΟΣ
ΔΗΜΗΤΡΙΟΣ ΣΑΡΡΗΣ
ΔΗΜΗΤΡΙΟΣ ΣΙΟΥΦΑΣ
ΔΗΜΗΤΡΙΟΣ ΣΤΑΜΑΤΗΣ
ΔΗΜΗΤΡΙΟΣ ΣΤΡΑΤΟΥΛΗΣ
ΔΗΜΗΤΡΙΟΣ ΤΣΕΤΙΝΕΣ
ΔΗΜΗΤΡΙΟΣ ΤΣΙΟΓΚΑΣ
ΔΗΜΗΤΡΙΟΣ ΤΣΟΒΟΛΑΣ
ΔΗΜΗΤΡΙΟΣ ΤΣΟΥΚΑΛΑΣ
ΔΗΜΗΤΡΙΟΣ ΤΣΟΥΜΑΝΗΣ
ΔΗΜΗΤΡΙΟΣ ΧΡΙΣΤΟΓΙΑΝΝΗΣ
ΔΗΜΗΤΡΙΟΣ ΧΡΙΣΤΟΦΙΛΟΓΙΑΝΝΗΣ
ΔΗΜΗΤΡΤΟΣ ΣΙΟΥΦΑΣ
ΔΗΜΟΚΡΑΤΙΑ ΤΗΣ ΓΕΩΡΓΙΑΣ
ΔΗΜΟΚΡΑΤΙΑΣ ΤΗΣ ΓΕΡΜΑΝΙΑΣ
ΔΗΜΟΣΘΕΝΗΣ ΤΣΙΑΜΑΚΗΣ
ΔΗΜΟΣΙΑΣ ΔΙΟΙΚΗΣΗΣ ΠΡΟΣ
ΔΗΜΤΡΙΟΣ ΣΙΟΥΦΑΣ
ΔΗΝΗΤΡΙΟΣ ΓΕΩΡΓΑΚΟΠΟΥΛΟΣ
ΔΙΑΚΑΚΗ  ΜΑΡΙΑ
ΔΙΑΚΑΚΗ ΜΑΡΙΑ
Διακάκη Μαρία
ΔΙΑΚΑΝΟΝΙΣΜΟΥ ΤΗΣ ΔΙΑΦΟΡΑΣ
ΔΙΑΜΑΝΤΟΠΟΥΛΟΣ  ΕΥΑΓΓΕΛΟΣ
ΔΙΑΜΑΝΤΟΠΟΥΛΟΣ ΕΥΑΓΓΕΛΟΣ
Διαμαντόπουλος Ευάγγελος
ΔΙΑΜΑΝΤΩ ΜΑΝΩΛΑΚΟΥ
ΔΙΕΥΘΥΝΣΗ ΜΕΛΕΤΩΝ ΤΜΗΜΑ
ΔΙΟΝΥΣΙΑ ΑΥΓΕΡΙΝΟΠΟΥΛΟΥ
ΔΙΟΝΥΣΙΟΣ ΓΚΟΥΣΚΟΣ
ΔΙΟΝΥΣΙΟΣ ΣΤΑΜΕΝΙΤΗΣ
ΔΙΩΤΗ  ΗΡΩ
ΔΙΩΤΗ ΗΡΩ
Διώτη Ηρώ
ΔΜΗΤΡΙΟΣ ΣΙΟΥΦΑΣ
ΔΟΥΞ ΤΟΥ ΛΟΥΞΕΜΒΟΥΡΓΟΥ
ΔΡΑΓΑΣΑΚΗΣ  ΓΙΑΝΝΗΣ
ΔΡΑΓΑΣΑΚΗΣ ΙΩΑΝΝΗΣ
Δραγασάκης Ιωάννης
ΔΡΙΒΕΛΕΓΚΑΣ  ΓΙΑΝΝΗΣ
ΔΡΙΒΕΛΕΓΚΑΣ ΙΩΑΝΝΗΣ
Δριβελέγκας Ιωάννης
ΔΡΙΤΣΑΣ  ΘΕΟΔΩΡΟΣ
ΔΡΙΤΣΑΣ ΘΕΟΔΩΡΟΣ
Δρίτσας Θεόδωρος
ΔΡΙΤΣΕΛΗ  ΠΑΝΑΓΙΩΤΑ
ΔΡΙΤΣΕΛΗ ΠΑΝΑΓΙΩΤΑ
Δριτσέλη Παναγιώτα
ΕMΜΑΝΟΥΗΛ ΚΕΦΑΛΟΓΙΑΝΝΗΣ
ΕΙΡΗΝΗ-ΕΛΕΝΗ ΑΓΑΘΟΠΟΥΛΟΥ
ΕΚΘΕΣΗ ΕΛΕΓΧΟΥ ΘΕΜΑ
ΕΚΤΟΡΑΣ ΝΑΣΙΩΚΑΣ
ΕΚΤΩΡ ΝΑΣΙΩΚΑΣ
ΕΚΤΩΡΑΣ ΝΑΣΙΩΚΑΣ
ΕΛIΣΑBET ΠΑΠΑΔΗΜΗΤΡΙΟΥ
ΕΛΕΓΧΟΥ FAX
ΕΛΕΝΑ ΚΟΥΝΤΟΥΡΑ
ΕΛΕΝΗ ΑΝΟΥΣΑΚΗ
ΕΛΕΝΗ ΑΥΛΩΝΙΤΟΥ
ΕΛΕΝΗ ΓΕΡΑΣΙΜΙΔΟΥ
ΕΛΕΝΗ ΖΑΡΟΥΛΙΑ
ΕΛΕΝΗ ΚΟΥΡΚΟΥΛΑ
ΕΛΕΝΗ ΡΑΠΤΗ
ΕΛΕΥΘΕΡΙΟΣ ΑΥΓΕΝΑΚΗΣ
ΕΛΕΥΘΕΡΙΟΣ ΒΕΝΙΖΕΛΟΣ
ΕΛΕΥΘΕΡΙΟΣ ΒΕΡΥΒΑΚΗΣ
ΕΛΕΥΘΕΡΙΟΣ ΠΑΠΑΓΕΩΡΓΟΠΟΥΛΟΣ
ΕΛΕΥΘΕΡΙΟΣ ΠΑΠΑΝΙΚΟΛΑΟΥ
ΕΛΕΥΘΕΡΙΟΣ ΤΖΙΟΛΑΣ
ΕΛΕΥΘΕΡΙΟΣ ΤΣΙΟΛΑΣ
ΕΛΕΩΝΟΡΑ ΚΑΤΣΕΛΗ
ΕΛΙΣΑΒΕΤ ΠΑΠΑΔΗΜΗΤΡΙΟΥ
ΕΛΙΣΑΒΕΤ ΠΑΠΑΖΩΗ
ΕΛΙΣΣΑΒΕΤ ΠΑΠΑΔΗΜΗΤΡΙΟΥ
ΕΛΠΙΔΑ ΤΣΟΥΡΗ
ΕΛΣΑ ΠΑΠΑΔΗΜΗΤΡΙΟΥ
ΕΜΑΝΝΟΥΗΛ ΚΕΦΑΛΟΓΙΑΝΝΗΣ
ΕΜΑΝΟΥΗΛ ΚΕΦΑΛΟΓΙΑΝΝΗΣ
ΕΜΜΑΜΝΟΥΗΛ ΚΕΦΑΛΟΓΙΑΝΝΗΣ
ΕΜΜΑΜΝΟΥΗΛ ΣΤΡΑΤΑΚΗΣ
ΕΜΜΑΝΟΥΗΛ ΓΛΕΖΟΣ
Εμμανουήλ Γλέζος
ΕΜΜΑΝΟΥΗΛ ΚΑΡΧΙΜΑΚΗΣ
ΕΜΜΑΝΟΥΗΛ ΚΕΦΑΛΛΟΓΙΑΝΝΗΣ
ΕΜΜΑΝΟΥΗΛ ΚΕΦΑΛΟΓΙΑΝΝΗΣ
Εμμανουήλ Κεφαλογιάννης
ΕΜΜΑΝΟΥΗΛ ΚΟΝΣΟΛΑΣ
ΕΜΜΑΝΟΥΗΛ ΛΟΥΚΑΚΗΣ
ΕΜΜΑΝΟΥΗΛ ΜΠΕΝΤΕΝΙΩΤΗΣ
ΕΜΜΑΝΟΥΗΛ ΜΠΕΤΕΝΙΩΤΗΣ
ΕΜΜΑΝΟΥΗΛ ΟΘΩΝΑΣ
ΕΜΜΑΝΟΥΗΛ ΣΚΟΥΛΑΚΗΣ
ΕΜΜΑΝΟΥΗΛ ΣΤΡΑΤΑΚΗΣ
ΕΜΜΑΝΟΥΗΛ ΦΡΑΓΚΙΑΔΟΥΛΑΚΗΣ
ΕΝΑΣ ΒΟΥΛΕΥΤΗΣ
ΕΝΗΜΕΡΩΤΙΚΟ ΣΗΜΕΙΩΜΑ ΘΕΜΑ
ΕΝΤΥΠΟ ΣΗΜΑΤΟΣ ΑΠΟ
ΕΞΠΡΕΣ ΣΑΜΙΝΑ
ΕΠΑΜΕΙΝΩΝΔΑΣ ΖΑΦΕΙΡΟΠΟΥΛΟΣ
ΕΠΑΜΕΙΝΩΝΔΑΣ ΜΑΡΙΑΣ 
Επαμεινώνδας Μαριάς 
ΕΠΑΝΕΙΝΩΝΔΑΣ ΖΑΦΕΙΡΟΠΟΥΛΟΣ
ΕΠΙ ΤΩΝ ΚΑΤΩΤΕΡΩ
ΕΠΙΚΥΡΩΣΗ ΠΡΑΚΤΙΚΩΝ
ΕΠΙΚΥΡΩΣΗ ΤΩΝ ΓΡΑΜΜΑΤΙΩΝ
ΕΡΩΤΗΣΕΩΝ ΑΝΕΣΤΗΣ ΑΓΓΕΛΗΣ
ΕΥΑΓΓΓΕΛΟΣ ΜΠΑΣΙΑΚΟΣ
ΕΥΑΓΓΕΛΙΑ ΑΜΜΑΝΑΤΙΔΟΥ
ΕΥΑΓΓΕΛΙΑ ΣΧΟΙΝΑΡΑΚΗ
ΕΥΑΓΓΕΛΟΣ ΑΠΟΣΤΟΛΟΥ
ΕΥΑΓΓΕΛΟΣ ΑΡΓΥΡΗΣ
ΕΥΑΓΓΕΛΟΣ ΒΕΝΙΖΕΛΟΣ
ΕΥΑΓΓΕΛΟΣ ΒΛΑΣΣΟΠΟΥΛΟΣ
ΕΥΑΓΓΕΛΟΣ ΓΙΑΝΝΟΠΟΥΛΟΣ
ΕΥΑΓΓΕΛΟΣ ΔΙΑΜΑΝΤΟΠΟΥΛΟΣ
ΕΥΑΓΓΕΛΟΣ ΜΑΛΕΣΙΟΣ
ΕΥΑΓΓΕΛΟΣ ΜΕΙΜΑΡΑΚΗΣ
ΕΥΑΓΓΕΛΟΣ ΜΕΪΜΑΡΑΚΗΣ
ΕΥΑΓΓΕΛΟΣ ΜΠΑΣΙΑΚΟΣ
ΕΥΑΓΓΕΛΟΣ ΜΠΑΣΙΚΟΣ
ΕΥΑΓΓΕΛΟΣ ΜΠΟΥΤΑΣ
ΕΥΑΓΓΕΛΟΣ ΜΠΟΥΤΗΣ
ΕΥΑΓΓΕΛΟΣ ΠΑΠΑΧΡΗΣΤΟΣ
ΕΥΑΓΓΕΛΟΣ ΠΑΠΑΧΡΗΣΤΟΥ
ΕΥΑΓΓΕΛΟΣ ΠΟΛΥΖΟΣ
ΕΥΑΓΓΕΛΟΣ ΣΤΑΙΚΟΣ
ΕΥΑΓΓΕΛΟΣ ΣΤΑΪΚΟΣ
ΕΥΑΓΓΕΛΟΥ ΜΑΚΡΗ
ΕΥΑΓΕΛΟΣ ΜΠΟΥΤΑΣ
ΕΥΓΕΝΙΑ ΒΑΜΒΑΚΑ
ΕΥΓΕΝΙΑ ΟΥΖΟΥΝΙΔΟΥ
ΕΥΓΕΝΙΟΣ ΧΑΪΔΗΣ
ΕΥΓΕΝΙΟΣ ΧΑΙΤΙΔΗΣ
ΕΥΓΕΝΙΟΣ ΧΑΪΤΙΔΗΣ
ΕΥΘΥΜΙΟΣ ΚΑΡΑΝΑΣΙΟΣ
ΕΥΚΛΕΙΔΗΣ ΤΣΑΚΑΛΩΤΟΣ
ΕΥΡΙΠΙΔΗΣ ΣΤΥΛΙΑΝΙΔΗΣ
ΕΥΡΥΠΙΔΗΣ ΣΤΥΛΙΑΝΙΔΗΣ
ΕΥΣΤΑΘΙΑ ΓΕΩΡΓΟΠΟΥΛΟΥ-ΣΑΛΤΑΡΗ
ΕΥΣΤΑΘΙΑ( ΓΕΩΡΓΟΠΟΥΛΟΥ-ΣΑΛΤΑΡΗ
ΕΥΣΤΑΘΙΟΣ ΚΟΥΤΜΕΡΙΔΗΣ
ΕΥΣΤΑΘΙΟΣ ΚΩΝΣΤΑΝΤΙΝΙΔΗΣ
ΕΥΣΤΑΘΙΟΣ ΜΠΟΥΚΟΥΡΑΣ
ΕΥΣΤΑΘΙΟΣ ΠΑΝΑΓΟΥΛΗΣ
ΕΥΤΥΧHΣ ΚΟΝΤΟΜΑΡΗΣ
ΕΥΤΥΧIOΣ ΚΟΝΤΟΜΑΡΗΣ
ΕΥΤΥΧΗΣ ΚΟΝΤΟΜΑΡΗΣ
ΕΥΤΥΧΙΟΣ ΔΑΜΙΑΝΑΚΗΣ
ΕΥΤΥΧΙΟΣ ΚΟΝΤΟΜΑΡΗΣ
ΖΑΡΟΥΛΙΑ  ΕΛΕΝΗ
ΖΑΡΟΥΛΙΑ ΕΛΕΝΗ
Ζαρούλια Ελένη
ΖΑΧΑΡΙΑΣ  ΚΩΝΣΤΑΝΤΙΝΟΣ
ΖΑΧΑΡΙΑΣ ΚΩΝΣΤΑΝΤΙΝΟΣ
Ζαχαριάς Κωνσταντίνος
ΖΕΙΜΠΕΚ  ΧΟΥΣΕΙΝ
ΖΕΪΜΠΕΚ ΧΟΥΣΕΪΝ
Ζεϊμπέκ Χουσεϊν
ΖΕΡΔΕΛΗΣ  ΙΩΑΝΝΗΣ
ΖΕΡΔΕΛΗΣ ΙΩΑΝΝΗΣ
Ζερδελής Ιωάννης
ΖΕΤΑ ΜΑΚΡΗ
ΖΕΤΤΑ ΜΑΚΡΗ
ΖΈΤΤΑ ΜΑΚΡΗ
ΖΗΣΙΜΟΠΟΥΛΟΣ  ΠΟΛΥΒΙΟΣ
ΖΗΣΙΜΟΠΟΥΛΟΣ ΠΟΛΥΒΙΟΣ
Ζησιμόπουλος Πολύβιος
ΖΩΗ ΚΩΝΣΤΑΝΤΟΠΟΥΛΟΥ
ΖΩΗ ΜΑΚΡΗ
Η ΟΝΕ
ΗΛΙΑΣ ΒΕΖΔΡΕΒΑΝΗΣ
ΗΛΙΑΣ ΒΕΖΡΕΒΑΝΗΣ
ΗΛΙΑΣ ΒΛΑΧΟΓΙΑΝΝΗΣ
ΗΛΙΑΣ ΒΛΑΧΟΠΟΥΛΟΣ
ΗΛΙΑΣ ΚΑΛΙΩΡΑΣ
ΗΛΙΑΣ ΚΑΛΛΙΩΡΑΣ
ΗΛΙΑΣ ΚΑΣΙΔΙΑΡΗΣ
ΗΛΙΑΣ ΠΑΝΑΓΙΩΤΑΡΟΣ
ΗΛΙΑΣ ΠΑΠΑΔΟΠΟΥΛΟΣ
ΗΛΙΑΣ ΠΑΠΑΗΛΙΑΣ
ΗΛΙΑΣ ΦΩΤΙΑΔΗΣ
ΗΛΙΟΠΟΥΛΟΣ  ΠΑΝΑΓΙΩΤΗΣ
ΗΛΙΟΠΟΥΛΟΣ ΠΑΝΑΓΙΩΤΗΣ
Ηλιόπουλος Παναγιώτης
ΗΡΩ ΔΙΩΤΗ
ΘΑΛΑΣΣΙΝΟΣ ΘΑΛΑΣΣΙΝΟΣ
ΘΑΝΟΣ ΜΩΡΑΪΤΗΣ
ΘΕΑΝΩ ΦΩΤΙΟΥ
ΘΕΟΔΟΣΗΣ ΚΩΝΣΤΑΝΤΙΝΙΔΗΣ
ΘΕΟΔΟΣΙΟΣ ΚΩΝΣΤΑΝΤΙΝΙΔΗΣ
ΘΕΟΔΩΡΑ ΜΠΑΚΟΓΙΑΝΝΗ
ΘΕΟΔΩΡΑ ΜΠΑΚΟΓΙΑΝΝΗΣ
ΘΕΟΔΩΡΑ ΤΖΑΚΡΗ
ΘΕΟΔΩΡΟΣ ΑΝΑΓΝΩΣΤΟΠΟΥΛΟΣ
ΘΕΟΔΩΡΟΣ ΓΕΩΡΓΙΑΔΗΣ
ΘΕΟΔΩΡΟΣ ΔΑΜΙΑΝΟΣ
ΘΕΟΔΩΡΟΣ ΔΙΑΜΙΑΝΟΣ
ΘΕΟΔΩΡΟΣ ΔΡΙΤΣΑΣ
ΘΕΟΔΩΡΟΣ ΚΑΡΑΟΓΛΟΥ
ΘΕΟΔΩΡΟΣ ΚΑΣΣΙΜΗΣ
ΘΕΟΔΩΡΟΣ ΚΑΤΣΑΝΕΒΑΣ
ΘΕΟΔΩΡΟΣ ΚΑΤΣΙΚΗΣ
ΘΕΟΔΩΡΟΣ ΚΟΚΕΛΙΔΗΣ
ΘΕΟΔΩΡΟΣ ΚΟΚΚΕΛΙΔΗΣ
ΘΕΟΔΩΡΟΣ ΚΟΛΙΟΠΑΝΟΣ
ΘΕΟΔΩΡΟΣ ΚΟΤΣΩΝΗΣ
ΘΕΟΔΩΡΟΣ ΠΑΓΚΑΛΟΣ
ΘΕΟΔΩΡΟΣ ΠΑΡΑΣΤΑΤΙΔΗΣ
ΘΕΟΔΩΡΟΣ ΠΑΣΣΑΛΙΔΗΣ
ΘΕΟΔΩΡΟΣ ΣΚΡEΚΑΣ
ΘΕΟΔΩΡΟΣ ΣΚΡΕΚΑΣ
ΘΕΟΔΩΡΟΣ ΣΟΛΔΑΤΟΣ
ΘΕΟΔΩΡΟΣ ΣΤΑΘΗΣ
ΘΕΟΔΩΡΟΣ ΤΣΟΥΚΑΤΟΣ
ΘΕΟΠΕΦΤΑΤΟΥ  ΑΦΡΟΔΙΤΗ
ΘΕΟΠΕΦΤΑΤΟΥ ΑΦΡΟΔΙΤΗ
Θεοπεφτάτου Αφροδίτη
ΘΕΟΦΑΝΗΣ ΔΗΜΟΣΧΑΚΗΣ
ΘΕΟΦΙΛΟΣ ΒΑΣΙΛΕΙΟΥ
ΘΕΟΦΙΛΟΣ ΛΕΟΝΤΑΡΙΔΗΣ
ΘΕΟΧΑΡΗΣ ΤΣΙΟΚΑΣ
ΘΕΩΡΟΣ ΔΑΜΙΑΝΟΣ
ΘΟΔΩΡΟΣ ΚΑΣΣΙΜΗΣ
ΘΟΔΩΡΟΣ ΚΟΛΙΟΠΑΝΟΣ
ΘΟΕΔΩΡΟΣ ΚΟΛΙΟΠΑΝΟΣ
ΘΩΜΑΣ ΨΥΡΡΑΣ
ΙΑΚΩΒΙΔΟΥ ΠΑΝΑΓΙΩΤΑ
Ιακωβίδου Παναγιώτα
ΙΑΤΡΙΔΗ  ΤΣΑΜΠΙΚΑ
ΙΑΤΡΙΔΗ ΤΣΑΜΠΙΚΑ
Ιατρίδη Τσαμπίκα
ΙΑΩΝΝΗΣ ΜΑΓΚΡΙΩΤΗΣ
ΙΓΓΛΕΖΗ  ΑΙΚΑΤΕΡΙΝΗ
ΙΓΓΛΕΖΗ ΑΙΚΑΤΕΡΙΝΗ
Ιγγλέζη Αικατερίνη
ΙΛΧΑΝ ΑΧΜΕΤ
ΙΟΡΔΑΝΗΣ ΤΖΑΜΤΖΗΣ
ΙΟΡΔΑΝΗΣ ΤΣΑΜΤΖΗΣ
ΙΩΑΝΝΑ ΓΑΪΤΑΝΗ
ΙΩΑΝΝΗΣ ΑΜΑΝΑΤΙΔΗΣ
ΙΩΑΝΝΗΣ ΑΝΔΡΙΑΝΟΣ
ΙΩΑΝΝΗΣ ΑΝΘΟΠΟΥΛΟΣ
ΙΩΑΝΝΗΣ ΑΡΑΠΗΣ
ΙΩΑΝΝΗΣ ΒAΙΝΑΣ
ΙΩΑΝΝΗΣ ΒΑΘΕΙΑΣ
ΙΩΑΝΝΗΣ ΒΑΙΝΑΣ
ΙΩΑΝΝΗΣ ΒΑΪΝΑΣ
ΙΩΑΝΝΗΣ ΒΑΡΒΙΣΤΙΩΤΗΣ
ΙΩΑΝΝΗΣ ΒΑΡΒΙΤΣΙΩΤΗΣ
ΙΩΑΝΝΗΣ ΒΑΡΒΤΣΙΩΤΗΣ
ΙΩΑΝΝΗΣ ΒΛΑΤΗΣ
ΙΩΑΝΝΗΣ ΒΡΟΥΤΣΗΣ
ΙΩΑΝΝΗΣ ΓΙΑΝΝΑΚΗΣ
ΙΩΑΝΝΗΣ ΓΙΑΝΝΑΚΟΠΟΥΛΟΣ
ΙΩΑΝΝΗΣ ΓΙΑΝΝΕΛΗΣ
ΙΩΑΝΝΗΣ ΓΙΑΝΝΕΛΛΗΣ
ΙΩΑΝΝΗΣ ΓΚΙΟΚΑΣ
Ιωάννης Γκιόκας
ΙΩΑΝΝΗΣ ΔΗΜΑΡΑΣ
ΙΩΑΝΝΗΣ ΔΙΑΜΑΝΤΙΔΗΣ
ΙΩΑΝΝΗΣ ΔΡΑΓΑΓΑΚΗΣ
ΙΩΑΝΝΗΣ ΔΡΑΓΑΣΑΚΗΣ
ΙΩΑΝΝΗΣ ΔΡΙΒΕΛΕΓΚΑΣ
ΙΩΑΝΝΗΣ ΖΑΦΕΙΡΟΠΟΥΛΟΣ
ΙΩΑΝΝΗΣ ΖΕΡΔΕΛΗΣ
ΙΩΑΝΝΗΣ ΖΙΑΓΚΑΣ
ΙΩΑΝΝΗΣ ΘΩΜΟΠΟΥΛΟΣ
ΙΩΑΝΝΗΣ ΙΩΑΝΝΙΔΗΣ
ΙΩΑΝΝΗΣ ΚΑΛΑΜΑΚΙΔΗΣ
ΙΩΑΝΝΗΣ ΚΑΛΟΓΙΑΝΝΗΣ
ΙΩΑΝΝΗΣ ΚΑΡΑΚΩΣΤΑΣ
ΙΩΑΝΝΗΣ ΚΑΡΑΜΠΕΛΑΣ
ΙΩΑΝΝΗΣ ΚΑΨΗΣ
ΙΩΑΝΝΗΣ ΚΕΦΑΛΟΓΙΑΝΝΗΣ
ΙΩΑΝΝΗΣ ΚΟΥΡΑΚΗΣ
ΙΩΑΝΝΗΣ ΚΟΥΡΑΚΟΣ
ΙΩΑΝΝΗΣ ΚΟΥΤΣΟΥΚΟΣ
ΙΩΑΝΝΗΣ ΚΩΝΣΤΑΝΤΙΝΙΔΗΣ
ΙΩΑΝΝΗΣ ΛΑΓΟΣ
ΙΩΑΝΝΗΣ ΛΑΜΠΡΟΠΟΥΛΟΣ
ΙΩΑΝΝΗΣ ΜΑΓΚΡΙΩΤΗΣ
ΙΩΑΝΝΗΣ ΜΑΓΡΙΩΤΗΣ
ΙΩΑΝΝΗΣ ΜΑΓΡΚΙΩΤΗΣ
ΙΩΑΝΝΗΣ ΜΑΝΙΑΤΗΣ
ΙΩΑΝΝΗΣ ΜΙΧΕΛΑΚΗΣ
ΙΩΑΝΝΗΣ ΜΙΧΕΛΟΓΙΑΝΝΑΚΗΣ
ΙΩΑΝΝΗΣ ΜΠΟΥΓΑΣ
ΙΩΑΝΝΗΣ ΠΑΝΟΥΣΗΣ
ΙΩΑΝΝΗΣ ΠΑΠΑΔΑΤΟΣ
ΙΩΑΝΝΗΣ ΠΑΠΑΔΗΜΟΠΟΥΛΟΣ
ΙΩΑΝΝΗΣ ΠΑΠΑΘΑΝΑΣΙΟΥ
ΙΩΑΝΝΗΣ ΠΑΣΧΑΛΙΔΗΣ
ΙΩΑΝΝΗΣ ΠΑΤΑΚΗΣ
ΙΩΑΝΝΗΣ ΠΛΑΚΙΩΤΑΚΗΣ
ΙΩΑΝΝΗΣ ΠΟΤΤΑΚΗΣ
ΙΩΑΝΝΗΣ ΣΚΟΥΛΑΡΙΚΗΣ
ΙΩΑΝΝΗΣ ΣΤΑΘΑΣ
ΙΩΑΝΝΗΣ ΤΖΑΜΤΖΗΣ
ΙΩΑΝΝΗΣ ΤΖΟΑΝΝΟΣ
ΙΩΑΝΝΗΣ ΤΖΩΑΝΝΟΣ
ΙΩΑΝΝΗΣ ΤΡΑΓΑΚΗΣ
ΙΩΑΝΝΗΣ ΤΣΑΚΛΙΔΗΣ
ΙΩΑΝΝΗΣ ΤΣΕΚΟΥΡΑΣ
ΙΩΑΝΝΗΣ ΧΑΡΑΛΑΜΠΟΠΟΥΛΟΣ
ΙΩΑΝΝΗΣ ΧΑΡΑΛΑΜΠΟΥΣ
ΙΩΑΝΝΗΣ ΧΩΜΑΤΑΣ
ΙΩΑΝΝΙΔΗΣ  ΙΩΑΝΝΗΣ
ΙΩΑΝΝΙΔΗΣ ΙΩΑΝΝΗΣ
Ιωαννίδης Ιωάννης
ΙΩΑΝΝΝΗΣ ΒΑΡΒΙΤΣΙΩΤΗΣ
ΙΩΑΝΝΝΗΣ ΓΙΑΝΝΑΚΟΠΟΥΛΟΣ
ΙΩΝΝΗΣ ΔΗΜΑΡΑΣ
ΙΩΝΝΗΣ ΚΟΥΤΣΟΥΚΟΣ
ΙΩΣΗΦ ΒΑΛΥΡΑΚΗΣ
ΙΩΣΗΦ ΜΙΧΕΛΟΓΙΑΝΝΗ
ΙΩΣΗΦ ΜΙΧΕΛΟΓΙΑΝΝΗΣ
ΚIΜΩΝ ΚΟΥΛΟΥΡΗΣ
ΚΑΙ ΒΟΡΕΙΑΣ ΙΡΛΑΝΔΙΑΣ
ΚΑΙ ΕΙΔΙΚΟ
ΚΑΙ ΚΩΔΙΚΟΠΟΙΗΣΗΣ ΠΡΟΣ
ΚΑΙ ΠΕΙΡΑΙΑ ΚΟΙΝ
ΚΑΙ ΠΡΟΥΠΟΛΟΓΙΣΜΟΥ ΔΙΕΥΘΥΝΣΗ
ΚΑΚΛΑΜΑΝΗΣ  ΑΠΟΣΤΟΛΟΣ
ΚΑΚΛΑΜΑΝΗΣ  ΝΙΚΗΤΑΣ
ΚΑΚΛΑΜΑΝΗΣ ΑΠΟΣΤΟΛΟΣ
Κακλαμάνης Απόστολος
ΚΑΚΛΑΜΑΝΗΣ ΝΙΚΗΤΑΣ
Κακλαμάνης Νικήτας
ΚΑΛΑΝΤΖΗΣ  ΓΕΩΡΓΙΟΣ
ΚΑΛΑΝΤΖΗΣ ΓΕΩΡΓΙΟΣ
Καλαντζής Γεώργιος
ΚΑΛΑΦΑΤΗΣ  ΣΤΑΥΡΟΣ
ΚΑΛΑΦΑΤΗΣ ΣΤΑΥΡΟΣ
Καλαφάτης Σταύρος
ΚΑΛΟΓΕΡΗ  ΑΓΝΗ
ΚΑΛΟΓΕΡΗ ΑΓΝΗ
Καλογερή Αγνή
ΚΑΛΟΓΙΑΝΝΗΣ  ΣΤΑΥΡΟΣ
ΚΑΛΟΓΙΑΝΝΗΣ ΣΤΑΥΡΟΣ
Καλογιάννης Σταύρος
ΚΑΜΜΕΝΟΣ  ΠΑΝΑΓΙΩΤΗΣ
ΚΑΜΜΕΝΟΣ ΠΑΝΑΓΙΩΤΗΣ
Καμμένος Παναγιώτης
ΚΑΝΕΛΛΗ  ΓΑΡΥΦΑΛΛΙΑ
ΚΑΝΕΛΛΗ ΓΑΡΥΦΑΛΛΙΑ
Κανέλλη Γαρυφαλλιά
ΚΑΝΕΛΛΟΠΟΥΛΟΥ  ΜΑΡΙΑ
ΚΑΝΕΛΛΟΠΟΥΛΟΥ ΜΑΡΙΑ
Κανελλοπούλου Μαρία
ΚΑΝΕΛΛΟΣ ΛΑΛΟΣ
ΚΑΠΕΡΝΑΡΟΣ  ΒΑΣΙΛΕΙΟΣ
ΚΑΠΕΡΝΑΡΟΣ ΒΑΣΙΛΕΙΟΣ
Καπερνάρος Βασίλειος
ΚΑΠΟΙΟΣ ΒΟΥΛΕΥΤΗΣ
ΚΑΡΑ ΓΙΟΥΣΟΥΦ  ΑΙΧΑΝ
ΚΑΡΑ ΜΕΜΕΤ
Καρά Μεμέτ
ΚΑΡΑΓΙΑΝΝΙΔΗΣ  ΧΡΗΣΤΟΣ
ΚΑΡΑΓΙΑΝΝΙΔΗΣ ΧΡΗΣΤΟΣ
Καραγιαννίδης Χρήστος
ΚΑΡΑΓΚΟΥΝΗΣ  ΚΩΝΣΤΑΝΤΙΝΟΣ
ΚΑΡΑΓΚΟΥΝΗΣ ΚΩΝΣΤΑΝΤΙΝΟΣ
Καραγκούνης Κωνσταντίνος
ΚΑΡΑΘΑΝΑΣΟΠΟΥΛΟΣ  ΝΙΚΟΛΑΟΣ
ΚΑΡΑΘΑΝΑΣΟΠΟΥΛΟΣ ΝΙΚΟΛΑΟΣ
Καραθανασόπουλος Νικόλαος
ΚΑΡΑΜΑΝΛΉ  ΆΝΝΑ
ΚΑΡΑΜΑΝΛΗ ΑΝΝΑ
Καραμανλή Άννα
ΚΑΡΑΜΑΝΛΗΣ  ΚΩΝΣΤΑΝΤΙΝΟΣ
ΚΑΡΑΜΑΝΛΗΣ ΚΩΝΣΤΑΝΤΙΝΟΣ
Καραμανλής Κωνσταντίνος
ΚΑΡΑΜΠΕΛΑΣ  ΙΩΑΝΝΗΣ
ΚΑΡΑΜΠΕΛΑΣ ΙΩΑΝΝΗΣ
Καράμπελας Ιωάννης
ΚΑΡΑΝΑΣΙΟΣ  ΕΥΘΥΜΙΟΣ
ΚΑΡΑΝΑΣΙΟΣ ΕΥΘΥΜΙΟΣ
Καρανάσιος Ευθύμιος
ΚΑΡΑΟΓΛΟΥ  ΘΕΟΔΩΡΟΣ
ΚΑΡΑΟΓΛΟΥ ΘΕΟΔΩΡΟΣ
Καράογλου Θεόδωρος
ΚΑΡΑΣΜΑΝΗΣ  ΓΕΩΡΓΙΟΣ
ΚΑΡΑΣΜΑΝΗΣ ΓΕΩΡΓΙΟΣ
Καρασμάνης Γεώργιος
ΚΑΡΟΛΟΣ ΠΑΠΟΥΛΙΑΣ
ΚΑΣΑΠΙΔΗΣ  ΓΕΩΡΓΙΟΣ
ΚΑΣΑΠΙΔΗΣ ΓΕΩΡΓΙΟΣ
Κασαπίδης Γεώργιος
ΚΑΣΙΔΙΑΡΗΣ  ΗΛΙΑΣ
ΚΑΣΙΔΙΑΡΗΣ ΗΛΙΑΣ
Κασιδιάρης Ηλίας
ΚΑΣΣΗΣ  ΜΙΧΑΗΛ
ΚΑΣΣΗΣ ΜΙΧΑΗΛ
Κασσής Μιχαήλ
ΚΑΤΕΡΙΝΑ ΠΕΡΛΕΠΕ
ΚΑΤΡΙΒΑΝΟΥ  ΒΑΣΙΛΙΚΗ
ΚΑΤΡΙΒΑΝΟΥ ΒΑΣΙΛΙΚΗ
Κατριβάνου Βασιλική
ΚΑΤΣΑΦΑΔΟΣ  ΚΩΝΣΤΑΝΤΙΝΟΣ
ΚΑΤΣΑΦΑΔΟΣ ΚΩΝΣΤΑΝΤΙΝΟΣ
Κατσαφάδος Κωνσταντίνος
ΚΑΤΣΩΤΗΣ  ΧΡΗΣΤΟΣ
ΚΑΤΣΩΤΗΣ ΧΡΗΣΤΟΣ
Κατσώτης Χρήστος
ΚΑΦΑΝΤΑΡΗ  ΧΑΡΟΥΛΑ
ΚΑΦΑΝΤΑΡΗ ΧΑΡΟΥΛΑ
Καφαντάρη Χαρούλα
ΚΕΓΚΕΡΟΓΛΟΥ  ΒΑΣΙΛΕΙΟΣ
ΚΕΓΚΕΡΟΓΛΟΥ ΒΑΣΙΛΕΙΟΣ
Κεγκέρογλου Βασίλειος
ΚΕΔΙΚΟΓΛΟΥ  ΣΊΜΟΣ
ΚΕΔΙΚΟΓΛΟΥ  ΣΥΜΕΩΝ
ΚΕΔΙΚΟΓΛΟΥ ΣΥΜΕΩΝ
Κεδίκογλου Συμεών
ΚΕΛΛΑΣ  ΧΡΗΣΤΟΣ
ΚΕΛΛΑΣ ΧΡΗΣΤΟΣ
Κέλλας Χρήστος
ΚΕΦΑΛΟΓΙΑΝΝΗ  ΟΛΓΑ
ΚΕΦΑΛΟΓΙΑΝΝΗ ΟΛΓΑ
Κεφαλογιάννη Όλγα
ΚΕΦΑΛΟΓΙΑΝΝΗΣ  ΕΜΜΑΝΟΥΗΛ
ΚΕΦΑΛΟΓΙΑΝΝΗΣ  ΙΩΑΝΝΗΣ
ΚΕΦΑΛΟΓΙΑΝΝΗΣ ΕΜΜΑΝΟΥΗΛ
ΚΕΦΑΛΟΓΙΑΝΝΗΣ ΙΩΑΝΝΗΣ
Κεφαλογιάννης Ιωάννης
ΚΙΚΙΛΙΑΣ  ΒΑΣΙΛΕΙΟΣ
ΚΙΚΙΛΙΑΣ ΒΑΣΙΛΕΙΟΣ
Κικίλιας Βασίλειος
ΚΙΜΩΝ ΚΟΥΛΟΥΡΗΣ
ΚΙΜΩΝΑΣ ΚΟΥΛΟΥΡΗΣ
ΚΙΡΚΟΣ ΓΕΩΡΓΙΟΣ
ΚΛΕΙΤΣΙΏΤΗΣ  ΚΩΝΣΤΑΝΤΙΝΟΣ
ΚΛΕΙΤΣΙΩΤΗΣ ΚΩΝΣΤΑΝΤΙΝΟΣ
Κλειτσιώτης Κωνσταντίνος
ΚΟΔΕΛΑΣ  ΔΗΜΗΤΡΙΟΣ
ΚΟΔΕΛΑΣ ΔΗΜΗΤΡΙΟΣ
Κοδέλας Δημήτριος
ΚΟΛΛΙΑΣ  ΚΩΝΣΤΑΝΤΙΝΟΣ
ΚΟΛΛΙΑΣ ΚΩΝΣΤΑΝΤΙΝΟΣ
Κόλλιας Κωνσταντίνος
ΚΟΛΛΙΑ-ΤΣΑΡΟΥΧΑ  ΜΑΡΙΑ
ΚΟΛΛΙΑ-ΤΣΑΡΟΥΧΑ ΜΑΡΙΑ
ΚΟΝΣΟΛΑΣ  ΕΜΜΑΝΟΥΗΛ
ΚΟΝΣΟΛΑΣ ΕΜΜΑΝΟΥΗΛ
Κόνσολας Εμμανουήλ
ΚΟΝΤΟΓΕΩΡΓΟΣ  ΚΩΝΣΤΑΝΤΙΝΟΣ
ΚΟΝΤΟΓΕΩΡΓΟΣ ΚΩΝΣΤΑΝΤΙΝΟΣ
Κοντογεώργος Κωνσταντίνος
ΚΟΝΤΟΓΙΑΝΝΗΣ  ΓΕΩΡΓΙΟΣ
ΚΟΝΤΟΓΙΑΝΝΗΣ ΓΕΩΡΓΙΟΣ
Κοντογιάννης Γεώργιος
ΚΟΝΤΟΝΗΣ  ΣΤΑΥΡΟΣ
ΚΟΝΤΟΝΗΣ ΧΑΡΑΛΑΜΠΟΣ-ΣΤΑΥΡΟΣ
Κοντονής Χαράλαμπος-Σταύρος
ΚΟΝΤΟΣ  ΑΛΕΞΑΝΔΡΟΣ
ΚΟΝΤΟΣ ΑΛΕΞΑΝΔΡΟΣ
Κοντός Αλέξανδρος
ΚΟΣΜΑΣ ΣΦΥΡΙΟΥ
ΚΟΣΜΑΣ ΣΦΥΦΙΟΥ
ΚΟΥΒΕΛΑ ΦΩΤΕΙΝΗ
Κούβελα Φωτεινή
ΚΟΥΒΕΛΗΣ  ΦΩΤΙΟΣ-ΦΑΝΟΥΡΙΟΣ
ΚΟΥΒΕΛΗΣ ΦΩΤΙΟΣ
Κουβέλης Φώτιος
ΚΟΥΖΗΛΟΣ  ΝΙΚΟΛΑΟΣ
ΚΟΥΖΗΛΟΣ ΝΙΚΟΛΑΟΣ
Κούζηλος Νικόλαος
ΚΟΥΙΚ  ΤΕΡΕΝΣ-ΣΠΕΝΣΕΡ-ΝΙΚΟΛΑΟΣ
ΚΟΥΙΚ ΤΕΡΕΝΣ
Κουίκ Τέρενς
ΚΟΥΚΟΔΗΜΟΣ  ΚΩΝΣΤΑΝΤΙΝΟΣ
ΚΟΥΚΟΔΗΜΟΣ ΚΩΝΣΤΑΝΤΙΝΟΣ
Κουκοδήμος Κωνσταντίνος
ΚΟΥΚΟΥΛΟΠΟΥΛΟΣ  ΠΑΡΑΣΚΕΥΑΣ
ΚΟΥΚΟΥΛΟΠΟΥΛΟΣ ΠΑΡΑΣΚΕΥΑΣ
Κουκουλόπουλος Παρασκευάς
ΚΟΥΚΟΥΤΣΗΣ  ΔΗΜΗΤΡΙΟΣ
ΚΟΥΚΟΥΤΣΗΣ ΔΗΜΗΤΡΙΟΣ
Κουκούτσης Δημήτριος
ΚΟΥΝΤΟΥΡΑ  ΕΛΕΝΑ
ΚΟΥΝΤΟΥΡΑ ΕΛΕΝΑ
Κουντουρά Έλενα
ΚΟΥΡΑΚΗΣ  ΑΝΑΣΤΑΣΙΟΣ
ΚΟΥΡΑΚΗΣ ΑΝΑΣΤΑΣΙΟΣ
Κουράκης Αναστάσιος
ΚΟΥΡΑΚΟΣ  ΙΩΑΝΝΗΣ
ΚΟΥΡΑΚΟΣ ΙΩΑΝΝΗΣ
Κουράκος Ιωάννης
ΚΟΥΡΟΥΜΠΛΗΣ  ΠΑΝΑΓΙΩΤΗΣ
ΚΟΥΡΟΥΜΠΛΗΣ ΠΑΝΑΓΙΩΤΗΣ
Κουρουμπλής Παναγιώτης
ΚΟΥΤΣΟΓΙΑΝΝΑΚΟΠΟΥΛΟΣ  ΚΩΣΤΑΣ
ΚΟΥΤΣΟΓΙΑΝΝΑΚΟΠΟΥΛΟΣ ΚΩΝΣΤΑΝΤΙΝΟΣ
Κουτσογιαννακόπουλος Κωνσταντίνος
ΚΟΥΤΣΟΥΚΟΣ  ΓΙΑΝΝΗΣ
ΚΟΥΤΣΟΥΚΟΣ ΓΙΑΝΝΗΣ
Κουτσούκος Γιάννης
ΚΟΥΤΣΟΥΜΠΑΣ  ΑΝΔΡΕΑΣ
ΚΟΥΤΣΟΥΜΠΑΣ ΑΝΔΡΕΑΣ
Κουτσούμπας Ανδρέας
ΚΟΨΑΧΕΙΛΗΣ  ΤΙΜΟΛΕΩΝ
ΚΟΨΑΧΕΙΛΗΣ ΤΙΜΟΛΕΩΝ
Κοψαχείλης Τιμολέων
ΚΡΕΜΑΣΤΙΝΟΣ  ΔΗΜΗΤΡΙΟΣ
ΚΡΕΜΑΣΤΙΝΟΣ ΔΗΜΗΤΡΙΟΣ
Κρεμαστινός Δημήτριος
ΚΡΙΝΙΩ ΚΑΝΕΛΛΟΠΟΥΛΟΥ
ΚΡΙΝΙΩ ΚΑΝΕΛΟΠΟΥΛΟΥ
ΚΡΙΤΣΩΤΑΚΗΣ  ΜΙΧΑΗΛ
ΚΡΙΤΣΩΤΑΚΗΣ ΜΙΧΑΗΛ
Κριτσωτάκης Μιχαήλ
ΚΥΡΙΑΖΙΔΗΣ  ΔΗΜΗΤΡΙΟΣ
ΚΥΡΙΑΖΙΔΗΣ ΔΗΜΗΤΡΙΟΣ
Κυριαζίδης Δημήτριος
ΚΥΡΙΑΚΑΚΗΣ  ΒΑΣΙΛΕΙΟΣ
ΚΥΡΙΑΚΑΚΗΣ ΒΑΣΙΛΕΙΟΣ
Κυριακάκης Βασίλειος
ΚΥΡΙΑΚΟΣ ΒΙΡΒΙΔΑΚΗΣ
ΚΥΡΙΑΚΟΣ ΓΕΡΟΝΤΟΠΟΥΛΟΣ
ΚΥΡΙΑΚΟΣ ΜΗΤΣΟΤΑΚΗΣ
ΚΥΡΙΑΚΟΣ ΣΠΟΥΡΙΟΥΝΗΣ
ΚΥΡΙΑΚΟΣ ΣΠΥΡΙΟΥΝΗΣ
ΚΥΡΙΤΣΗΣ  ΓΕΩΡΓΙΟΣ
ΚΥΡΙΤΣΗΣ ΓΕΩΡΓΙΟΣ
Κυρίτσης Γεώργιος
ΚΩΝΙΣΤΑΝΤΙΝΟΣ ΚΑΪΣΕΡΛΗΣ
ΚΩΝΣTΑΝΤΙΝΟΣ ΜΗΤΣΟΤΑΚΗΣ
ΚΩΝΣΤΑΝΙΝΟΣ ΜΗΤΣΟΤΑΚΗΣ
ΚΩΝΣΤΑΝΤIΝΟΣ ΜΗΤΣΟΤΑΚΗΣ
ΚΩΝΣΤΑΝΤΑΝΤΙΝΟΣ ΜΗΤΣΟΤΑΚΗΣ
ΚΩΝΣΤΑΝΤΙΝΙΔΗΣ  ΕΥΣΤΑΘΙΟΣ
ΚΩΝΣΤΑΝΤΙΝΙΔΗΣ  ΘΕΟΔΟΣΙΟΣ
ΚΩΝΣΤΑΝΤΙΝΙΔΗΣ ΕΥΣΤΑΘΙΟΣ
Κωνσταντινίδης Ευστάθιος
ΚΩΝΣΤΑΝΤΙΝΙΔΗΣ ΘΕΟΔΟΣΙΟΣ
Κωνσταντινίδης Θεοδόσιος
ΚΩΝΣΤΑΝΤΙΝΟΠΟΥΛΟΣ  ΟΔΥΣΣΕΑΣ
ΚΩΝΣΤΑΝΤΙΝΟΠΟΥΛΟΣ ΟΔΥΣΣΕΑΣ
Κωνσταντινόπουλος Οδυσσέας
ΚΩΝΣΤΑΝΤΙΝΟΣ ΑΓΟΡΑΣΤΟΣ
ΚΩΝΣΤΑΝΤΙΝΟΣ ΑΡΒΑΝΙΤΟΠΟΥΛΟΣ
ΚΩΝΣΤΑΝΤΙΝΟΣ ΒΡΕΤΤΟΣ
ΚΩΝΣΤΑΝΤΙΝΟΣ ΓΙΟΒΑΝΟΠΟΥΛΟΣ
ΚΩΝΣΤΑΝΤΙΝΟΣ ΓΚΙΟΥΛΕΚΑΣ
ΚΩΝΣΤΑΝΤΙΝΟΣ ΔΑΜΑΒΟΛΙΤΗΣ
ΚΩΝΣΤΑΝΤΙΝΟΣ ΔΕΡΜΙΤΖΑΚΗΣ
ΚΩΝΣΤΑΝΤΙΝΟΣ ΔΙΑΜΑΝΤΗΣ
ΚΩΝΣΤΑΝΤΙΝΟΣ ΖΑΧΑΡΑΚΗΣ
ΚΩΝΣΤΑΝΤΙΝΟΣ ΖΑΧΑΡΙΑΣ
ΚΩΝΣΤΑΝΤΙΝΟΣ ΚΑΙΣΕΡΛΗΣ
ΚΩΝΣΤΑΝΤΙΝΟΣ ΚΑΪΣΕΡΛΗΣ
ΚΩΝΣΤΑΝΤΙΝΟΣ ΚΑΡΑΓΚΟΥΝΗΣ
ΚΩΝΣΤΑΝΤΙΝΟΣ ΚΑΡΑΜΑΝΛΗΣ
ΚΩΝΣΤΑΝΤΙΝΟΣ ΚΑΡΑΜΗΝΑΣ
ΚΩΝΣΤΑΝΤΙΝΟΣ ΚΑΡΑΜΠΙΝΑΣ
ΚΩΝΣΤΑΝΤΙΝΟΣ ΚΑΡΡΑΣ
ΚΩΝΣΤΑΝΤΙΝΟΣ ΚΑΤΣΑΦΑΔΟΣ
ΚΩΝΣΤΑΝΤΙΝΟΣ ΚΙΛΤΙΔΗΣ
ΚΩΝΣΤΑΝΤΙΝΟΣ ΚΛΕΙΤΣΙΩΤΗΣ
ΚΩΝΣΤΑΝΤΙΝΟΣ ΚΟΛΛΙΑΣ
ΚΩΝΣΤΑΝΤΙΝΟΣ ΚΟΝΤΟΓΕΩΡΓΟΣ
ΚΩΝΣΤΑΝΤΙΝΟΣ ΚΟΥΚΟΔΗΜΟΣ
ΚΩΝΣΤΑΝΤΙΝΟΣ ΚΟΥΤΣΟΓΙΑΝΝΑΚΟΠΟΥΛΟΣ
ΚΩΝΣΤΑΝΤΙΝΟΣ ΜΑΡΚΟΠΟΥΛΟΣ
ΚΩΝΣΤΑΝΤΙΝΟΣ ΜΗΤΣΟΤΑΚΗΣ
ΚΩΝΣΤΑΝΤΙΝΟΣ ΜΠΑΝΤΟΥΒΑΣ
ΚΩΝΣΤΑΝΤΙΝΟΣ ΜΠΑΡΚΑΣ
ΚΩΝΣΤΑΝΤΙΝΟΣ ΜΠΑΡΜΠΑΡΟΥΣΗΣ
ΚΩΝΣΤΑΝΤΙΝΟΣ ΠΑΠΑΛΕΞΗΣ
ΚΩΝΣΤΑΝΤΙΝΟΣ ΡΟΒΛΙΑΣ
ΚΩΝΣΤΑΝΤΙΝΟΣ ΣΗΜΑΙΟΦΟΡΙΔΗΣ
ΚΩΝΣΤΑΝΤΙΝΟΣ ΣΚΑΝΔΑΛΙΔΗΣ
ΚΩΝΣΤΑΝΤΙΝΟΣ ΣΚΡΕΚΑΣ
ΚΩΝΣΤΑΝΤΙΝΟΣ ΣΠΗΛΙΟΠΟΥΛΟΣ
ΚΩΝΣΤΑΝΤΙΝΟΣ ΣΠΗΛΙΩΤΟΠΟΥΛΟΣ
ΚΩΝΣΤΑΝΤΙΝΟΣ ΣΤΕΦΑΝΗΣ
ΚΩΝΣΤΑΝΤΙΝΟΣ ΤΑΣΟΥΛΑΣ
ΚΩΝΣΤΑΝΤΙΝΟΣ ΤΖΑΒΑΡΑΣ
ΚΩΝΣΤΑΝΤΙΝΟΣ ΤΡΙΑΝΤΑΦΥΛΛΟΣ
ΚΩΝΣΤΑΝΤΙΝΟΣ ΤΣΙΑΡΑΣ
ΚΩΝΣΤΑΝΤΙΝΟΣ ΤΣΙΜΑΣ
ΚΩΝΣΤΑΝΤΙΝΟΣ ΤΣΙΠΛΑΚΗΣ
ΚΩΝΣΤΑΝΤΙΝΟΣ ΤΣΙΠΛΆΚΗΣ
ΚΩΝΣΤΑΝΤΙΝΟΣ ΤΣΙΠΛΑΚΟΣ
ΚΩΝΣΤΑΝΤΙΝΟΣ ΦΛΩΡΟΣ
ΚΩΝΣΤΑΝΤΙΝΟΣ ΧΑΤΖΗΔΑΚΗΣ
ΚΩΝΣΤΑΝΤΙΟΣ ΜΗΤΣΟΤΑΚΗΣ
ΚΩΝΣΤΑΝΤΟΠΟΥΛΟΣ  ΓΕΩΡΓΙΟΣ
ΚΩΝΣΤΑΝΤΟΠΟΥΛΟΣ ΓΕΩΡΓΙΟΣ
Κωνσταντόπουλος Γεώργιος
ΚΩΝΣΤΑΝΤΟΠΟΥΛΟΥ  ΖΩΗ
ΚΩΝΣΤΑΝΤΟΠΟΥΛΟΥ ΖΩΗ
Κωνσταντοπούλου Ζωή
ΚΩΝΤΑΝΤΙΝΟΣ ΜΗΤΣΟΤΑΚΗΣ
ΚΩΣΝΑΝΤΙΝΟΣ ΜΗΤΣΟΤΑΚΗΣ
ΚΩΣΝΣΤΑΝΤΙΝΟΣ ΜΗΤΣΟΤΑΚΗΣ
ΚΩΣΝΤΑΝΤΙΝΟΣ ΜΗΤΣΟΤΑΚΗΣ
ΚΩΣΝΤΑΝΤΙΝΟΣ ΣΗΜΑΙΟΦΟΡΙΔΗΣ
ΚΩΣΤΑΝΤΙΝΟΣ ΜΗΤΣΟΤΑΚΗΣ
ΚΩΣΤΑΣ ΚΑΡΡΑΣ
ΛΑΓΟΣ  ΙΩΑΝΝΗΣ
ΛΑΓΟΣ ΙΩΑΝΝΗΣ
Λαγός Ιωάννης
ΛΑΖΑΡΙΔΗΣ  ΧΡΥΣΑΝΘΟΣ
ΛΑΖΑΡΙΔΗΣ ΧΡΥΣΑΝΘΟΣ
Λαζαρίδης Χρύσανθος
ΛΑΖΑΡΟΣ ΛΩΤΙΔΗΣ
ΛΑΖΑΡΟΣ ΤΣΑΒΔΑΡΙΔΗΣ
ΛΑΜΠΡΟΠΟΥΛΟΣ  ΙΩΑΝΝΗΣ
ΛΑΜΠΡΟΠΟΥΛΟΣ ΙΩΑΝΝΗΣ
Λαμπρόπουλος Ιωάννης
ΛΑΜΠΡΟΣ ΚΑΝΕΛΛΟΠΟΥΛΛΟΣ
ΛΑΜΠΡΟΣ ΚΑΝΕΛΛΟΠΟΥΛΟΣ
ΛΑΜΠΡΟΣ ΠΑΠΑΔΗΜΑΣ
ΛΑΜΠΡΟΥΛΗΣ  ΓΕΩΡΓΙΟΣ
ΛΑΜΠΡΟΥΛΗΣ ΓΕΩΡΓΙΟΣ
Λαμπρούλης Γεώργιος
ΛΑΦΑΖΑΝΗΣ  ΠΑΝΑΓΙΩΤΗΣ
ΛΑΦΑΖΑΝΗΣ ΠΑΝΑΓΙΩΤΗΣ
Λαφαζάνης Παναγιώτης
ΛΕΟΝΤΑΡΙΔΗΣ  ΘΕΟΦΙΛΟΣ
ΛΕΟΝΤΑΡΙΔΗΣ ΘΕΟΦΙΛΟΣ
Λεονταρίδης Θεόφιλος
ΛΕΥTΕΡHΣ ΠΑΠΑΓΕΩΡΓΟΠΟΥΛΟΣ
ΛΕΥΡΕΡΗΣ ΠΑΠΑΓΕΩΡΓΟΥΛΟΣ
ΛΕΥΤΕΡΗΣ ΠΑΓΕΩΡΓΟΠΟΥΛΟΣ
ΛΕΥΤΕΡΗΣ ΠΑΠΑΓΕΩΡΓΟΠΟΥΛΟΣ
ΛΕΩΝ ΛΥΚΟΥΡΕΖΟΣ
ΛΕΩΝΙΔΑΣ ΓΡΗΓΟΡΑΚΟΣ
ΛΕΩΝΙΔΑΣ ΓΡΗΡΟΡΑΚΟΣ
ΛΕΩΝΙΔΑΣ ΚΟΥΡΗΣ
ΛΕΩΝΙΔΑΣ ΛΥΜΠΕΡΑΚΙΔΗΣ
ΛΕΩΝΙΔΑΣ ΛΥΜΠΕΡΚΙΔΗΣ
ΛΕΩΝΙΔΑΣ ΤΖΑΝΗΣ
ΛΕΩΝΙΔΗΣ ΚΟΥΡΗΣ
ΛΙΑΝΑ ΚΑΝΕΛΗ
ΛΙΑΝΑ ΚΑΝΕΛΛΗ
ΛΙΑΝΝΑ ΚΑΝΕΛΛΗ
ΛΟΒΕΡΔΟΣ  ΑΝΔΡΕΑΣ
ΛΟΒΕΡΔΟΣ ΑΝΔΡΕΑΣ
Λοβέρδος Ανδρέας
ΛΟΥΚΑΣ ΑΠΟΣΤΟΛΙΔΗΣ
ΛΥΚΟΥΔΗΣ  ΣΠΥΡΙΔΩΝ
ΛΥΚΟΥΔΗΣ ΣΠΥΡΙΔΩΝ
Λυκούδης Σπυρίδων
ΛΥΚΟΥΡΕΝΤΖΟΣ  ΑΝΔΡΕΑΣ
ΛΥΚΟΥΡΕΝΤΖΟΣ ΑΝΔΡΕΑΣ
Λυκουρέντζος Ανδρέας
ΛΩΡΟΣ ΚΩΝΣΤΑΝΤΙΝΟΥ
ΜΑΚΡΗ  ΡΑΧΗΛ
ΜΑΚΡΗ ΕΥΑΓΓΕΛΟΥ
Μακρή Ευαγγέλου
ΜΑΚΡΗ ΖΈΤΤΑ
ΜΑΚΡΗ ΖΩΗ
Μακρή Ζωή
ΜΑΚΡΗ ΡΑΧΗΛ
Μακρή Ραχήλ
ΜΑΚΡΗ-ΘΕΟΔΩΡΟΥ  ΕΛΈΝΗ
ΜΑΝΔΡΕΚΑ  ΑΣΠΑΣΙΑ
ΜΑΝΔΡΕΚΑ ΑΣΠΑΣΙΑ
Μανδρέκα Ασπασία
ΜΑΝΗ-ΠΑΠΑΔΗΜΗΤΡΙΟΥ  ΑΝΝΑ
ΜΑΝΗ-ΠΑΠΑΔΗΜΗΤΡΙΟΥ ΄ΑΝΝΑ
Μάνη-Παπαδημητρίου ΄Αννα
ΜΑΝΙΑΤΗΣ  ΙΩΑΝΝΗΣ
ΜΑΝΙΑΤΗΣ ΙΩΑΝΝΗΣ
Μανιάτης Ιωάννης
ΜΑΝΟΛΗΣ ΛΟΥΚΑΚΗΣ
ΜΑΝΟΣ ΦΡΑΓΚΙΑΔΟΥΛΑΚΗΣ
ΜΑΝΟΥΣΟΣ ΒΟΛΟΥΔΑΚΗΣ
ΜΑΝΤΑΣ  ΧΡΗΣΤΟΣ
ΜΑΝΤΑΣ ΧΡΗΣΤΟΣ
Μαντάς Χρήστος
ΜΑΝΩΛΑΚΟΥ  ΔΙΑΜΑΝΤΩ
ΜΑΝΩΛΑΚΟΥ ΔΙΑΜΑΝΤΩ
Μανωλάκου Διαμάντω
ΜΑΝΩΛΗΣ ΚΕΦΑΛΟΓΙΑΝΝΗΣ
ΜΑΝΩΛΗΣ ΛΟΥΚΑΚΗΣ
ΜΑΝΩΛΗΣ ΜΠΕΝΤΕΝΙΩΤΗΣ
ΜΑΞΙΜΟΣ ΣΕΝΕΤΑΚΗΣ
ΜΑΞΙΜΟΣ ΧΑΡΑΚΟΠΟΥΛΟΣ
ΜΑΡΊΑ  ΣΤΑΥΡΙΝΟΎΔΗ-ΣΌΔΗ
ΜΑΡΙΑ ΑΝΤΩΝΙΟΥ
ΜΑΡΙΑ ΑΡΣΕΝΗ
ΜΑΡΙΑ ΓΙΑΝΝΑΚΑΚΗ
ΜΑΡΙΑ ΔΑΜΑΝΑΚΗ
ΜΑΡΙΑ ΔΙΑΚΑΚΗ
ΜΑΡΙΑ ΘΩΜΑ
ΜΑΡΙΑ ΚΑΝΕΛΛΟΠΟΥΛΟΥ
ΜΑΡΙΑ ΚΟΛΛΙΑ ΤΣΑΡΟΥΧΑ
ΜΑΡΙΑ ΚΟΛΛΙΑ-ΤΣΑΡΟΥΧΑ
Μαρία Κόλλια-Τσαρουχά
ΜΑΡΙΑ ΚΩΝΣΤΑΝΤΟΠΟΥΛΟΥ
ΜΑΡΙΑ ΜΠΟΛΑΡΗ
ΜΑΡΙΑ ΜΠΟΣΚΟΥ
ΜΑΡΙΑ ΜΠΟΥΣΚΟΥ
ΜΑΡΙΑ ΡΕΠΟΥΣΗ
ΜΑΡΙΑ ΤΡΙΑΝΤΑΦΥΛΛΟΥ
ΜΑΡΙΑΣ  ΕΠΑΜΕΙΝΩΝΔΑΣ
ΜΑΡΙΑΣ ΕΠΑΜΕΙΝΩΝΔΑΣ
ΜΑΡΙΕΤΑ ΓΙΑΝΝΑΚΟΥ
ΜΑΡΙΕΤΑ ΓΙΑΝΝΑΚΟΥ ΚΟΥΤΣΙΚΟΥ
ΜΑΡΙΕΤΤΑ ΓΙΑΝΑΚΟΥ ΚΟΥΤΣΙΚΟΥ
ΜΑΡΙΕΤΤΑ ΓΙΑΝΝΑΚΟΥ
ΜΑΡΙΕΤΤΑ ΓΙΑΝΝΑΚΟΥ ΚΟΥΤΣΙΚΟΥ
ΜΑΡΙΝΑ ΧΡΥΣΟΒΕΛΩΝΗ
Μαρίνα Χρυσοβελώνη
ΜΑΡΙΝΟΣ  ΑΝΔΡΕΑΣ
ΜΑΡΙΝΟΣ ΑΝΔΡΕΑΣ
Μαρίνος Ανδρέας
ΜΑΡΙΝΟΣ ΟΥΖΟΥΝΙΔΗΣ
Μαρίνος Ουζουνίδης
ΜΑΡΙΟΣ ΣΑΛΜΑΣ
ΜΑΡΚΟΓΙΑΝΝΑΚΗΣ  ΧΡΗΣΤΟΣ
ΜΑΡΚΟΓΙΑΝΝΑΚΗΣ ΧΡΗΣΤΟΣ
Μαρκογιαννάκης Χρήστος
ΜΑΡΚΟΠΟΥΛΟΣ  ΚΩΝΣΤΑΝΤΙΝΟΣ
ΜΑΡΚΟΠΟΥΛΟΣ ΚΩΝΣΤΑΝΤΙΝΟΣ
Μαρκόπουλος Κωνσταντίνος
ΜΑΡΚΟΣ ΜΠΟΛΑΡΗΣ
ΜΑΡΚΟΥ  ΑΙΚΑΤΕΡΙΝΗ
ΜΑΡΚΟΥ ΑΙΚΑΤΕΡΙΝΗ
Μάρκου Αικατερίνη
ΜΑΡΤΙΝΟΥ  ΓΕΩΡΓΙΑ
ΜΑΡΤΙΝΟΥ ΓΕΩΡΓΙΑ
Μαρτίνου Γεωργία
ΜΑΡΩ ΚΟΝΤΟΥ
ΜΑΤΘΑΙΟΠΟΥΛΟΣ ΑΡΤΕΜΙΟΣ
Ματθαιόπουλος Αρτέμιος
ΜΑΥΡΟΥΔΗΣ ΒΟΡΙΔΗΣ
ΜΕΪΚΌΠΟΥΛΟΣ  ΑΛΈΞΑΝΔΡΟΣ
ΜΕΪΚΟΠΟΥΛΟΣ ΑΛΕΞΑΝΔΡΟΣ
Μεϊκόπουλος Αλέξανδρος
ΜΕΙΜΑΡΑΚΗΣ  ΕΥΑΓΓΕΛΟΣ-ΒΑΣΙΛΕΙΟΣ
ΜΕΪΜΑΡΑΚΗΣ ΕΥΑΓΓΕΛΟΣ
Μεϊμαράκης Ευάγγελος
ΜΕΛΑΣ  ΠΑΝΑΓΙΩΤΗΣ
ΜΕΛΑΣ ΠΑΝΑΓΙΩΤΗΣ
ΜΕΜΕΤ ΚΑΡΑ
ΜΕΝΕΛΑΟΣ ΒΛΑΧΒΕΗΣ
ΜΕΡΙΚΟΙ ΒΟΥΛΕΥΤΕΣ
ΜΗΝΑΣ ΣΤΑΥΡΑΚΑΚΗΣ
ΜΗΤΑΡΑΚΗΣ  ΠΑΝΑΓΙΩΤΗΣ
ΜΗΤΑΡΑΚΗΣ ΠΑΝΑΓΙΩΤΗΣ
Μηταράκης Παναγιώτης
ΜΗΤΡΟΠΟΥΛΟΣ  ΑΛΕΞΙΟΣ
ΜΗΤΡΟΠΟΥΛΟΣ ΑΛΕΞΙΟΣ
Μητρόπουλος Αλέξιος
ΜΗΤΣΟΤΑΚΗΣ  ΚΥΡΙΑΚΟΣ
ΜΗΤΣΟΤΑΚΗΣ ΚΥΡΙΑΚΟΣ
Μητσοτάκης Κυριάκος
ΜΙΛΙΤΑΔΗΣ ΕΒΕΡΤ
ΜΙΛΤΙΑΔΗΣ ΒΑΡΒΙΤΣΙΩΤΗΣ
ΜΙΛΤΙΑΔΗΣ ΒΕΡΡΑΣ
ΜΙΛΤΙΑΔΗΣ ΕΒΕΡΤ
ΜΙΛΤΙΑΔΗΣ ΠΑΠΑΙΩΑΝΝΟΥ
ΜΙΛΤΙΑΔΗΣ ΠΑΠΑΪΩΑΝΝΟΥ
ΜΙΧΑΗΛ ΚΑΡΧΙΜΑΚΗΣ
ΜΙΧΑΗΛ ΚΑΣΣΗΣ
ΜΙΧΑΗΛ ΚΡΙΤΣΩΤΑΚΗΣ
ΜΙΧΑΗΛ ΛΙΑΠΗΣ
ΜΙΧΑΗΛ ΜΠΕΚΙΡΗΣ
ΜΙΧΑΗΛ ΠΑΝΤΟΥΛΑΣ
ΜΙΧΑΗΛ ΠΑΠΑΔΟΠΟΥΛΟΣ
ΜΙΧΑΗΛ ΣΤΑΘΟΠΟΥΛΟΣ
ΜΙΧΑΗΛ ΤΑΜΗΛΟΣ
ΜΙΧΑΗΛ ΧΑΛΚΙΔΗΣ
ΜΙΧΑΗΛ ΧΡΥΣΟΧΟΪΔΗΣ
ΜΙΧΑΗΛ ΧΡΥΣΟΧΟΪ́ΔΗΣ
ΜΙΧΑΛHΣ ΧΑΛΚΙΔΗΣ
ΜΙΧΑΛΑΚΗΣ  ΝΙΚΟΛΑΟΣ
ΜΙΧΑΛΑΚΗΣ ΝΙΚΟΛΑΟΣ
Μιχαλάκης Νικόλαος
ΜΙΧΑΛΗΣ ΚΑΡΧΙΜΑΚΗΣ
ΜΙΧΑΛΗΣ ΜΠΕΚΙΡΗΣ
ΜΙΧΑΛΗΣ ΠΑΝΤΟΥΛΑΣ
ΜΙΧΑΛΗΣ ΠΑΠΑΔΟΠΟΥΛΟΣ
ΜΙΧΑΛΗΣ ΧΑΛΚΙΔΗΣ
ΜΙΧΑΛΗΣ ΧΡΥΣΟΧΟΪΔΗΣ
ΜΙΧΑΛΟΛΙΑΚΟΣ  ΝΙΚΟΛΑΟΣ
ΜΙΧΑΛΟΛΙΑΚΟΣ ΝΙΚΟΛΑΟΣ
Μιχαλολιάκος Νικόλαος
ΜΙΧΕΛΑΚΗΣ  ΙΩΑΝΝΗΣ
ΜΙΧΕΛΑΚΗΣ ΙΩΑΝΝΗΣ
Μιχελάκης Ιωάννης
ΜΙΧΕΛΟΓΙΑΝΝΑΚΗΣ  ΙΩΑΝΝΗΣ
ΜΙΧΕΛΟΓΙΑΝΝΑΚΗΣ ΙΩΑΝΝΗΣ
Μιχελογιαννάκης Ιωάννης
ΜΙΧΛΗΣ ΚΑΡΧΙΜΑΚΗΣ
ΜΙΧΟΣ  ΝΙΚΟΛΑΟΣ
ΜΙΧΟΣ ΝΙΚΟΛΑΟΣ
Μίχος Νικόλαος
ΜΟΣΧΟΣ ΓΙΚΟΝΟΓΛΟΥ
ΜΟΥΣΤΑΦΑ ΜΟΥΣΤΑΦΑ
ΜΟΥΤΣΙΝΑΣ  ΠΑΡΙΣΗΣ
ΜΟΥΤΣΙΝΑΣ ΠΑΡΙΣΗΣ
Μουτσινάς Παρίσης
ΜΠΑΚΟΓΙΑΝΝΗ  ΘΕΟΔΩΡΑ
ΜΠΑΚΟΓΙΑΝΝΗ ΘΕΟΔΩΡΑ
Μπακογιάννη Θεοδώρα
ΜΠΑΡΚΑΣ  ΚΩΣΤΑΣ
ΜΠΑΡΚΑΣ ΚΩΝΣΤΑΝΤΙΝΟΣ
Μπάρκας Κωνσταντίνος
ΜΠΑΡΜΠΑΡΟΥΣΗΣ  ΚΩΝΣΤΑΝΤΙΝΟΣ
ΜΠΑΡΜΠΑΡΟΥΣΗΣ ΚΩΝΣΤΑΝΤΙΝΟΣ
Μπαρμπαρούσης Κωνσταντίνος
ΜΠΑΣΙΑΚΟΣ  ΕΥΑΓΓΕΛΟΣ
ΜΠΑΣΙΑΚΟΣ ΕΥΑΓΓΕΛΟΣ
Μπασιάκος Ευάγγελος
ΜΠΑΤΣΑΡΑ  ΓΕΩΡΓΊΑ
ΜΠΑΤΣΑΡΑ ΓΕΩΡΓΙΑ
Μπατσαρά Γεωργία
ΜΠΕΖΑΣ  ΑΝΤΩΝΙΟΣ
ΜΠΕΖΑΣ ΑΝΤΩΝΙΟΣ
Μπέζας Αντώνιος
ΜΠΗΡΟΛ ΑΚΗΦΟΓΛΟΥ
ΜΠΙΡΟΛ ΑΚΗΦΟΓΛΟΥ
ΜΠΟΛΑΡΗ  ΜΑΡΙΑ
ΜΠΟΛΑΡΗ ΜΑΡΙΑ
Μπόλαρη Μαρία
ΜΠΟΛΑΡΗΣ  ΜΑΡΚΟΣ
ΜΠΟΛΑΡΗΣ ΜΑΡΚΟΣ
Μπόλαρης Μάρκος
ΜΠΟΥΚΟΥΡΑΣ  ΕΥΣΤΑΘΙΟΣ
ΜΠΟΥΚΟΥΡΑΣ ΕΥΣΤΑΘΙΟΣ
Μπούκουρας Ευστάθιος
ΜΠΟΥΡΑΣ  ΑΘΑΝΑΣΙΟΣ
ΜΠΟΥΡΑΣ ΑΘΑΝΑΣΙΟΣ
Μπούρας Αθανάσιος
ΜΠΡΙΑΝΗΣ ΔΗΜΗΤΡΙΟΣ
Μπριάνης Δημήτριος
ΜΠΡΙΆΝΗΣ ΜΠΡΙΆΝΗΣ
ΜΩΡΑΪΤΑΚΗΣ ΑΛΕΞΑΝΔΡΟΣ
ΜΩΡΑΪΤΆΚΗΣ ΑΛΈΞΑΝΔΡΟΣ 
ΜΩΡΑΙΤΗΣ  ΑΘΑΝΑΣΙΟΣ
ΜΩΡΑΙΤΗΣ  ΝΙΚΟΛΑΟΣ
ΜΩΡΑΪ́ΤΗΣ ΑΘΑΝΑΣΙΟΣ
Μωραΐτης Αθανάσιος
ΜΩΡΑΪ́ΤΗΣ ΝΙΚΟΛΑΟΣ
Μωραΐτης Νικόλαος
ΝΑΣΟΣ ΑΛΕΥΡΑΣ
ΝΑΣΤΑΣΙΟΣ ΝΕΡΑΝΤΖΗΣ
ΝΕΡΆΝΤΖΗΣ  ΑΝΑΣΤΑΣΙΟΣ
ΝΕΡΑΝΤΖΗΣ ΑΝΑΣΤΑΣΙΟΣ
Νεράντζης Αναστάσιος
ΝΙΚΗ ΦΟΥΝΤΑ
ΝΙΚΗΤΑΣ ΚΑΚΛΑΜΑΝΗΣ
ΝΙΚΟΛΑΛΟΣ ΓΚΑΤΖΗΣ
ΝΙΚΟΛΑΟΣ ΑΓΓΕΛΟΠΟΥΛΟΣ
ΝΙΚΟΛΑΟΣ ΑΚΡΙΒΑΚΗΣ
ΝΙΚΟΛΑΟΣ ΑΚΡΙΤΙΔΗΣ
ΝΙΚΟΛΑΟΣ ΑΝΑΣΤΑΣΟΠΟΥΛΟΣ
ΝΙΚΟΛΑΟΣ ΒΟΥΤΣΗΣ
ΝΙΚΟΛΑΟΣ ΓΚΑΤΖΗΣ
ΝΙΚΟΛΑΟΣ ΓΚΕΛΕΣΤΑΘΗΣ
ΝΙΚΟΛΑΟΣ ΓΚΕΣOYΛΗΣ
ΝΙΚΟΛΑΟΣ ΓΚΕΣΟΥΛΗΣ
ΝΙΚΟΛΑΟΣ ΔΕΝΔΙΑΣ
ΝΙΚΟΛΑΟΣ ΖΑΜΠΟΥΝΙΔΗΣ
ΝΙΚΟΛΑΟΣ ΗΛΙΑΔΗΣ
ΝΙΚΟΛΑΟΣ ΚΑΚΚΑΛΟΣ
ΝΙΚΟΛΑΟΣ ΚΑΡΑΘΑΝΑΣΟΠΟΥΛΟΣ
ΝΙΚΟΛΑΟΣ ΚΑΤΣΑΡΟΣ
ΝΙΚΟΛΑΟΣ ΚΟΚΚΙΝΗΣ
ΝΙΚΟΛΑΟΣ ΚΟΡΤΣΑΡΗΣ
ΝΙΚΟΛΑΟΣ ΚΟΥΖΗΛΟΣ
ΝΙΚΟΛΑΟΣ ΛΑΜΠΑΔΑΡΗΣ
ΝΙΚΟΛΑΟΣ ΛΕΒΟΓΙΑΝΝΗΣ
ΝΙΚΟΛΑΟΣ ΛΕΓΚΑΣ
ΝΙΚΟΛΑΟΣ ΜΙΧΑΛΑΚΗΣ
ΝΙΚΟΛΑΟΣ ΜΙΧΑΛΟΛΙΑΚΟΣ
ΝΙΚΟΛΑΟΣ ΜΙΧΟΣ
ΝΙΚΟΛΑΟΣ ΜΩΡΑΪ́ΤΗΣ
ΝΙΚΟΛΑΟΣ ΝΙΚΟΛΟΠΟΥΛΟΣ
ΝΙΚΟΛΑΟΣ ΠΑΝΑΓΙΩΤΟΠΟΥΛΟΣ
ΝΙΚΟΛΑΟΣ ΠΑΠΑΦΙΛΙΠΠΟΥ
ΝΙΚΟΛΑΟΣ ΠΑΠΑΦΙΛΛΙΠΟΥ
ΝΙΚΟΛΑΟΣ ΣΑΛΑΓΙΑΝΝΗΣ
ΝΙΚΟΛΑΟΣ ΣΑΛΑΓΚΟΥΔΗΣ
ΝΙΚΟΛΑΟΣ ΣΗΦΟΥΝΑΚΗΣ
ΝΙΚΟΛΑΟΣ ΣΤΡΑΤΗΛΑΤΗΣ
ΝΙΚΟΛΑΟΣ ΣΥΡΜΑΛΕΝΙΟΣ
ΝΙΚΟΛΑΟΣ ΤΑΓΑΡΑΣ
ΝΙΚΟΛΑΟΣ ΤΣΙΑΡΤΣΙΩΝΗΣ
ΝΙΚΟΛΑΟΣ ΤΣΟΥΚΑΛΗΣ
ΝΙΚΟΛΑΟΣ ΦΑΡΜΑΚΗΣ
ΝΙΚΟΛΑΟΣ ΦΛΩΡΟΣ
ΝΙΚΟΛΑΟΣ ΧΑΤΖΗΜΙΧΑΛΗΣ
ΝΙΚΟΛΑΟΣ ΧΡΙΣΤΟΔΟΥΛΑΚΗΣ
ΝΙΚΟΛΟΠΟΥΛΟΣ  ΝΙΚΟΣ
ΝΙΚΟΛΟΠΟΥΛΟΣ ΝΙΚΟΣ
ΝΙΚΟΛΟΣ ΝΙΚΟΛΟΠΟΥΛΟΣ
ΝΙΚΟΣ ΝΙΚΟΛΟΠΟΥΛΟΣ
Νίκος Νικολόπουλος
ΝΟΡΑ ΚΑΤΣΕΛΗ
ΝΟΣΟΚΟΜΕΙΟ ΚΑΛΑΜΑΤΑΣ
ΝΤΑΒΛΟΥΡΟΣ  ΑΘΑΝΑΣΙΟΣ
ΝΤΑΒΛΟΥΡΟΣ ΑΘΑΝΑΣΙΟΣ
Νταβλούρος Αθανάσιος
ΝΤΑΒΡΗΣ  ΓΕΩΡΓΙΟΣ
ΝΤΑΒΡΗΣ ΓΕΩΡΓΙΟΣ
Νταβρής Γεώργιος
ΝΤΙΝΟΠΟΥΛΟΣ  ΑΡΓΥΡΗΣ
ΝΤΙΝΟΠΟΥΛΟΣ ΑΡΓΥΡΗΣ
Ντινόπουλος Αργύρης
ΝΤΟΛΙΟΣ  ΓΙΩΡΓΟΣ
ΝΤΟΛΙΟΣ ΓΕΩΡΓΙΟΣ
Ντόλιος Γεώργιος
ΞΑΝΘΟΣ  ΑΝΔΡΕΑΣ
ΞΑΝΘΟΣ ΑΝΔΡΕΑΣ
Ξανθός Ανδρέας
ΞΕΝΟΦΩΝ ΒΕΡΓΙΝΗΣ
ΞΗΡΟΤΥΡΗ ΑΙΚΑΤΕΡΙΝΑΡΗ
Ξηροτύρη Αικατερινάρη
ΞΗΡΟΤΥΡΗ-ΑΙΚΑΤΕΡΙΝΑΡΗ  ΑΣΗΜΙΝΑ
ΞΟΥΛΙΔΟΥ  ΣΤΑΥΡΟΥΛΑ
ΞΟΥΛΙΔΟΥ ΣΤΑΥΡΟΥΛΑ
Ο ΟΑΕΔ
ΟΔΥΣΣΕΑΣ ΚΩΝΣΤΑΝΤΙΝΟΠΟΥΛΟΣ
ΟΔΥΣΣΕΥΣ ΒΟΥΔΟΥΡΗΣ
ΟΙΚΟΝΟΜΟΥ  ΒΑΣΙΛΕΙΟΣ
ΟΙΚΟΝΟΜΟΥ ΒΑΣΙΛΕΙΟΣ
Οικονόμου Βασίλειος
ΟΛΓΑ ΒΑΛΑΒΑΝΗ
ΟΛΓΑ ΓΕΡΟΒΑΣΙΛΗ
ΟΛΓΑ ΚΕΦΑΛΟΓΙΑΝΝΗ
ΟΟΣΑ ΠΡΟΚΟΠΗΣ ΠΑΥΛΟΠΟΥΛΟΣ
ΟΡΕΣΤΗΣ ΚΟΛΟΖΩΦ
ΟΡΦΑΝΟΣ  ΓΕΩΡΓΙΟΣ
ΟΡΦΑΝΟΣ ΓΕΩΡΓΙΟΣ
Ορφανός Γεώργιος
ΟΡΩΝ ΤΗΣ ΣΥΜΒΑΣΗΣ
ΟΥΖΟΥΝΙΔΗΣ  ΜΑΡΙΝΟΣ
ΟΥΖΟΥΝΙΔΗΣ ΜΑΡΙΝΟΣ
ΟΥΖΟΥΝΙΔΟΥ  ΕΥΓΕΝΙΑ
ΟΥΖΟΥΝΙΔΟΥ ΕΥΓΕΝΙΑ
Ουζουνίδου Ευγενία
ΠΑΝΑΓΙΩΤΑ ΔΡΙΤΣΕΛΗ
ΠΑΝΑΓΙΩΤΑ ΙΑΚΩΒΙΔΟΥ
ΠΑΝΑΓΙΩΤΑΡΟΣ  ΗΛΙΑΣ
ΠΑΝΑΓΙΩΤΑΡΟΣ ΗΛΙΑΣ
Παναγιώταρος Ηλίας
ΠΑΝΑΓΙΩΤΗΣ ΑΔΡΑΚΤΑΣ
ΠΑΝΑΓΙΩΤΗΣ ΑΔΡΑΧΤΑΣ
ΠΑΝΑΓΙΩΤΗΣ ΑΝΤΩΝΑΚΟΠΟΥΛΟΣ
ΠΑΝΑΓΙΩΤΗΣ ΗΛΙΟΠΟΥΛΟΣ
ΠΑΝΑΓΙΩΤΗΣ ΚΑΜΜΕΝΟΣ
ΠΑΝΑΓΙΩΤΗΣ ΚΟΣΙΩΝΗΣ
ΠΑΝΑΓΙΩΤΗΣ ΚΟΥΡΟΥMΠΛΗΣ
ΠΑΝΑΓΙΩΤΗΣ ΚΟΥΡΟΥΜΠΛΗΣ
ΠΑΝΑΓΙΩΤΗΣ ΚΡΗΤΙΚΟΣ
ΠΑΝΑΓΙΩΤΗΣ ΛΑΦΑΖΑΝΗΣ
ΠΑΝΑΓΙΏΤΗΣ ΛΑΦΑΖΑΝΗΣ
ΠΑΝΑΓΙΩΤΗΣ ΛΟΥΚΑΚΟΣ
ΠΑΝΑΓΙΩΤΗΣ ΜΕΛΑΣ
Παναγιώτης Μελάς
ΠΑΝΑΓΙΩΤΗΣ ΜΗΤΑΡΑΚΗΣ
ΠΑΝΑΓΙΩΤΗΣ ΠΑΝΑΓΙΩΤΟΠΟΥΛΟΣ
ΠΑΝΑΓΙΩΤΗΣ ΡΗΓΑΣ
ΠΑΝΑΓΙΩΤΗΣ ΣΓΟΥΡΙΔΗΣ
Παναγιώτης Σγουρίδης
ΠΑΝΑΓΙΩΤΗΣ ΣΚΑΝΔΑΛΑΚΗΣ
ΠΑΝΑΓΙΩΤΗΣ ΣΠΥΡΙΟΥΝΗΣ
ΠΑΝΑΓΙΩΤΗΣ ΦΑΣΟΥΛΑΣ
ΠΑΝΑΓΙΩΤΗΣ ΦΩΤΙΑΔΗΣ
ΠΑΝΑΓΙΩΤΗΣ ΨΑΧΑΡΟΠΟΥΛΟΣ
ΠΑΝΑΓΙΩΤΗΣ ΨΩΜΙΑΔΗΣ
ΠΑΝΑΓΙΩΤΟΠΟΥΛΟΣ  ΝΙΚΟΛΑΟΣ
ΠΑΝΑΓΙΩΤΟΠΟΥΛΟΣ  ΠΑΝΑΓΙΩΤΗΣ
ΠΑΝΑΓΙΩΤΟΠΟΥΛΟΣ ΝΙΚΟΛΑΟΣ
Παναγιωτόπουλος Νικόλαος
ΠΑΝΑΓΙΩΤΟΠΟΥΛΟΣ ΠΑΝΑΓΙΩΤΗΣ
Παναγιωτόπουλος Παναγιώτης
ΠΑΝΑΓΟΥΛΗΣ  ΣΤΑΘΗΣ
ΠΑΝΑΓΟΥΛΗΣ ΕΥΣΤΑΘΙΟΣ
Παναγούλης Ευστάθιος
ΠΑΝΑΓΤΩΤΗΣ ΚΟΥΡΟΥΜΠΛΗΣ
ΠΑΝΟΥΣΗΣ  ΙΩΑΝΝΗΣ
ΠΑΝΟΥΣΗΣ ΙΩΑΝΝΗΣ
Πανούσης Ιωάννης
ΠΑΝΤΕΛΗΣ ΟΙΚΟΝΟΜΟΥ
ΠΑΝΤΕΛΗΣ ΤΣΕΡΤΙΚΙΔΗΣ
ΠΑΝΤΖΑΣ  ΓΙΩΡΓΟΣ
ΠΑΝΤΖΑΣ ΓΕΩΡΓΙΟΣ
Πάντζας Γεώργιος
ΠΑΠΑΔΗΜΗΤΡΙΟΥ ΓΕΣΘΗΜΑΝΗ
Παπαδημητρίου Γεσθημανή
ΠΑΠΑΔΗΜΟΥΛΗΣ  ΔΗΜΗΤΡΙΟΣ
ΠΑΠΑΔΗΜΟΥΛΗΣ ΔΗΜΗΤΡΙΟΣ
ΠΑΠΑΔΟΠΟΥΛΟΣ  ΜΙΧΑΗΛ
ΠΑΠΑΔΟΠΟΥΛΟΣ ΜΙΧΑΛΗΣ
Παπαδόπουλος Μιχάλης
ΠΑΠΑΚΩΣΤΑ ΣΙΔΗΡΟΠΟΥΛΟΥ
Παπακώστα Σιδηροπούλου
ΠΑΠΑΚΩΣΤΑ-ΣΙΔΗΡΟΠΟΥΛΟΥ  ΑΙΚΑΤΕΡΙΝΗ
ΠΑΠΑΝΔΡΕΟΥ  ΓΕΩΡΓΙΟΣ
ΠΑΠΑΝΔΡΕΟΥ ΓΕΩΡΓΙΟΣ
Παπανδρέου Γεώργιος
ΠΑΠΑΡΗΓΑ  ΑΛΕΞΑΝΔΡΑ
ΠΑΠΑΡΗΓΑ ΑΛΕΞΑΝΔΡΑ
Παπαρήγα Αλεξάνδρα
ΠΑΠΠΑΣ  ΧΡΗΣΤΟΣ
ΠΑΠΠΑΣ ΧΡΗΣΤΟΣ
Παππάς Χρήστος
ΠΑΡΑΣΚΕΥΑΣ ΑΥΓΕΡΙΝΟΣ
ΠΑΡΑΣΚΕΥΑΣ ΚΟΥΚΟΥΛΟΠΟΥΛΟΣ
ΠΑΡΑΣΚΕΥΑΣ ΠΑΡΑΣΚΕΥΟΠΟΥΛΟΣ
ΠΑΡΑΣΚΕΥΑΣ ΦΟΥΝΤΑΣ
ΠΑΡΑΣΚΕΥΗ ΧΡΙΣΤΟΦΙΛΟΠΟΥΛΟΥ
ΠΑΡΑΣΤΑΤΙΔΗΣ  ΘΕΟΔΩΡΟΣ
ΠΑΡΑΣΤΑΤΙΔΗΣ ΘΕΟΔΩΡΟΣ
Παραστατίδης Θεόδωρος
ΠΑΡΕΘΝΑ ΦΟΥΝΤΟΥΚΙΔΟΥ
ΠΑΡΘΕΝΑ ΘΕΟΔΩΡΙΔΟΥ
ΠΑΡΘΕΝΑ ΦΟΥΝΤΟΥΔΙΚΟΥ
ΠΑΡΘΕΝΑ ΦΟΥΝΤΟΥΚΙΔΟΥ
ΠΑΡΘΕΝΑ ΦΟΥΝΤΟΥΝΙΔΟΥ
ΠΑΡΙΣ ΚΟΥΚΟΥΛΟΠΟΥΛΟΣ
ΠΑΡΙΣΗΣ ΜΟΥΤΣΙΝΑΣ
ΠΑΣΧΑΛΙΔΗΣ  ΙΩΑΝΝΗΣ
ΠΑΣΧΑΛΙΔΗΣ ΙΩΑΝΝΗΣ
Πασχαλίδης Ιωάννης
ΠΑΤΡΙΑΝΑΚΟΥ  ΦΕΒΡΩΝΙΑ
ΠΑΤΡΙΑΝΑΚΟΥ ΦΕΒΡΩΝΙΑ
Πατριανάκου Φεβρωνία
ΠΑΥΛΟΠΟΥΛΟΣ  ΠΡΟΚΟΠΙΟΣ
ΠΑΥΛΟΠΟΥΛΟΣ ΠΡΟΚΟΠΙΟΣ
Παυλόπουλος Προκόπιος
ΠΑΥΛΟΣ ΒΟΓΙΑΤΖΗΣ
ΠΑΥΛΟΣ ΧΑΪΚΑΛΗΣ
ΠΑΦΙΛΗΣ  ΑΘΑΝΑΣΙΟΣ
ΠΑΦΙΛΗΣ ΑΘΑΝΑΣΙΟΣ
ΠΕΤΡΑΚΟΣ  ΑΘΑΝΑΣΙΟΣ
ΠΕΤΡΑΚΟΣ ΑΘΑΝΑΣΙΟΣ
Πετράκος Αθανάσιος
ΠΕΤΡΟΣ ΑΛΙΒΙΖΑΤΟΣ
ΠΕΤΡΟΣ ΚΑΤΣΙΛΙΕΡΗΣ
ΠΕΤΡΟΣ ΚΟΥΝΑΛΑΚΗ
ΠΕΤΡΟΣ ΚΟΥΝΑΛΑΚΗΣ
ΠΕΤΡΟΣ ΜΑΝΤΟΥΒΑΛΟΣ
ΠΕΤΡΟΣ ΜΟΛΥΒΙΑΤΗΣ
ΠΕΤΡΟΣ ΤΑΤΟΥΛΗΣ
ΠΕΤΡΟΣ ΤΑΤΣΟΠΟΥΛΟΣ
ΠΙΝΑΚΑΣ ΣΥΝΗΜΜΕΝΩΝ
ΠΙΠΙΛΗ  ΦΩΤΕΙΝΗ
ΠΙΠΙΛΗ ΦΩΤΕΙΝΗ
Πιπιλή Φωτεινή
ΠΛΑΚΙΩΤΑΚΗΣ  ΙΩΑΝΝΗΣ
ΠΛΑΚΙΩΤΑΚΗΣ ΙΩΑΝΝΗΣ
Πλακιωτάκης Ιωάννης
ΠΛΕΥΡΗΣ ΑΘΑΝΑΣΙΟΣ
Πλεύρης Αθανάσιος

ΠΟΛΥΒΙΟΣ ΖΗΣΙΜΟΠΟΥΛΟΣ
ΠΟΛΥΔΩΡΑΣ  ΒΥΡΩΝ
ΠΟΛΥΔΩΡΑΣ ΒΥΡΩΝ
Πολύδωρας Βύρων
ΠΡΑΚΤΙΚΟ ΔΙΑΠΡΑΓΜΑΤΕΥΣΗΣ
ΠΡΟΒΛΕΨΕΙΣ ΤΗΣ ΣΥΜΒΑΣΗΣ

ΠΡΟΕΔΡΟΣ ΤΗΣ ΙΡΛΑΝΔΙΑΣ
ΠΡΟΪΟΝΤΩΝ ΠΡΟΣ
ΠΡΟΚΑΤΑΡΚΤΙΚΗ ΕΞΕΤΑΣΗ
ΠΡΟΚΟΠΗΣ ΠΑΥΛΟΠΟΥΛΟΣ
ΠΡΟΚΟΠΙΟΣ ΠΑΥΛΟΠΟΥΛΟΣ
ΠΡΟΜΗΘΕΙΩΝ ΠΛΗΡΟΦΟΡΙΕΣ ΠΡΟΣ
ΠΡΟΣΤΕΘΕΙ ΤΟ ΕΞΗΣ
ΠΥΘΑΓΟΡΑΣ ΒΑΡΔΙΚΟΣ
ΠΥΡΡΟΣ ΔΗΜΑΣ
ΡΑΗΦ ΧΑΤΖΗ
ΡΑΠΤΗ  ΕΛΕΝΗ
ΡΑΠΤΗ ΕΛΕΝΗ
Ράπτη Ελένη
ΡΑΧΗΛ ΜΑΚΡΗ
ΡΕΠΟΥΣΗ  ΜΑΡΙΑ
ΡΕΠΟΥΣΗ ΜΑΡΙΑ
Ρεπούση Μαρία
ΡΗΓΑΣ  ΠΑΝΑΓΙΩΤΗΣ
ΡΗΓΑΣ ΠΑΝΑΓΙΩΤΗΣ
Ρήγας Παναγιώτης
ΡΟΒΕΡΔΟΣ ΣΠΥΡΟΠΟΥΛΟΣ
ΡΟΒΕΡΤΟΣ ΣΠΥΡΟΠΟΥΛΟΣ
ΡΟΒΕΡΤΟΣ ΣΠΥΡΟΥΠΟΥΛΟΣ
ΡΟΒΛΙΑΣ ΚΩΝΣΤΑΝΤΙΝΟΣ
ΡΟΔΟΥΛΑ ΖΗΣΗ
Σ Η ΘΕΜΑ
ΣΑΒΒΑΣ ΑΝΑΣΤΑΣΙΑΔΗΣ
ΣΑΒΒΑΣ ΕΜΙΝΙΔΗΣ
ΣΑΒΒΑΣ ΤΣΙΤΟΥΡΙΔΗΣ
ΣΑΒΒΑΣ ΤΣΤΤΟΥΡΙΔΗΣ
ΣΑΚΟΡΑΦΑ  ΣΟΦΙΑ
ΣΑΚΟΡΑΦΑ ΣΟΦΙΑ
ΣΑΛΑΓΚΟΥΔΗΣ ΓΕΩΡΓΙΟΣ
ΣΑΛΜΑΣ  ΜΑΡΙΟΣ
ΣΑΛΜΑΣ ΜΑΡΙΟΣ
Σαλμάς Μάριος
ΣΑΛΤΟΥΡΟΣ  ΔΗΜΗΤΡΙΟΣ
ΣΑΛΤΟΥΡΟΣ ΔΗΜΗΤΡΙΟΣ
Σαλτούρος Δημήτριος
ΣΑΜΑΡΑΣ  ΑΝΤΩΝΙΟΣ
ΣΑΜΑΡΑΣ ΑΝΤΩΝΙΟΣ
Σαμαράς Αντώνιος
Σαμοΐλης -
ΣΑΜΟΙΛΗΣ  ΣΤΕΦΑΝΟΣ
ΣΑΜΠΑΖΙΩΤΗΣ  ΔΗΜΗΤΡΙΟΣ
ΣΑΜΠΑΖΙΩΤΗΣ ΔΗΜΗΤΡΗΣ
Σαμπαζιώτης Δημήτρης
ΣΑΧΙΝΙΔΗΣ  ΦΙΛΙΠΠΟΣ
ΣΑΧΙΝΙΔΗΣ ΦΙΛΙΠΠΟΣ
Σαχινίδης Φίλιππος
ΣΕΝΕΤΑΚΗΣ  ΜΑΞΙΜΟΣ
ΣΕΝΕΤΑΚΗΣ ΜΑΞΙΜΟΣ
Σενετάκης Μάξιμος
ΣΗΦΗΣ ΒΑΛΥΡΑΚΗΣ
ΣΗΦΟΥΝΑΚΗΣ  ΝΙΚΟΛΑΟΣ
ΣΗΦΟΥΝΑΚΗΣ ΝΙΚΟΛΑΟΣ
Σηφουνάκης Νικόλαος
ΣΙΔΗΡΟΠΟΥΛΟΥ ΠΑΠΑΚΩΣΤΑ
ΣΙΜΟΣ ΚΕΔΙΚΟΓΛΟΥ
ΣΚΑΝΔΑΛΙΔΗΣ  ΚΩΝΣΤΑΝΤΙΝΟΣ
ΣΚΑΝΔΑΛΙΔΗΣ ΚΩΝΣΤΑΝΤΙΝΟΣ
Σκανδαλίδης Κωνσταντίνος
ΣΚΟΝΔΡΑ  ΑΣΗΜΙΝΑ
ΣΚΟΝΔΡΑ ΑΣΗΜΙΝΑ
Σκόνδρα Ασημίνα
ΣΚΡΕΚΑΣ  ΚΩΝΣΤΑΝΤΙΝΟΣ
ΣΚΡΕΚΑΣ ΚΩΝΣΤΑΝΤΙΝΟΣ
Σκρέκας Κωνσταντίνος
ΣΟΔΗ ΣΤΑΥΡΙΝΟΥΔΗ
ΣΟΛΔΑΤΟΣ  ΘΕΟΔΩΡΟΣ
ΣΟΛΔΑΤΟΣ ΘΕΟΔΩΡΟΣ
Σολδάτος Θεόδωρος
ΣΟΦΙΑ ΒΟΥΛΤΕΨΗ
ΣΟΦΙΑ ΚΑΛΑΝΤΖΑΚΟΥ
ΣΟΦΙΑ ΣΑΚΟΡΑΦΑ
Σοφία Σακοράφα
ΣΠΗΛΙΟ ΣΠΗΛΙΩΤΟΠΟΥΛΟΣ
ΣΠΗΛΙΟΣ ΣΠΗΛΙΟΤΟΠΟΥΛΟΣ
ΣΠΗΛΙΟΣ ΣΠΗΛΙΟΤΩΠΟΥΛΟΣ
ΣΠΗΛΙΟΣ ΣΠΗΛΙΩΤΟΠΟΥΛΟΣ
ΣΠΗΛΙΩΤΟΠΟΥΛΟΣ  ΑΡΙΣΤΟΒΟΥΛΟΣ
ΣΠΗΛΙΩΤΟΠΟΥΛΟΣ ΑΡΙΣΤΟΒΟΥΛΟΣ
ΣΠΡΙΔΩΝ ΒΟΥΓΙΑΣ
ΣΠΥΡIΔΩΝ ΣΠΥΡΟΥ
ΣΠΥΡIΔΩΝ ΣΤΡΙΦΤΑΡΗΣ
ΣΠΥΡΙΔΩΝ ΒΟΥΓΙΑΣ
ΣΠΥΡΙΔΩΝ ΓΕΩΡΓΙΑΔΗΣ
ΣΠΥΡΙΔΩΝ ΔΑΝΕΛΛΗΣ
ΣΠΥΡΙΔΩΝ ΛΥΚΟΥΔΗΣ
ΣΠΥΡΙΔΩΝ ΣΠΥΡΟΥ
ΣΠΥΡΙΔΩΝ ΣΤΡΙΦΤΑΡΗΣ
ΣΠΥΡΙΔΩΝ ΣΤΡΙΦΤΡΑΡΗΣ
ΣΠΥΡΙΔΩΝ ΤΑΛΙΑΔΟΥΡΟΣ
ΣΠΥΡΙΔΩΝ ΧΑΛΒΑΤΖΗΣ
ΣΠΥΡΟΣ ΒΟΥΓΙΑΣ
ΣΠΥΡΟΣ ΔΑΝΕΛΛΗΣ
ΣΠΥΡΟΣ ΣΠΥΡΟΥ
ΣΠΥΡΟΣ ΣΤΡΙΦΤΑΡΗΣ
ΣΠΥΡΟΣ ΤΑΛΙΑΔΟΥΡΟΣ
ΣΤΑΘΑΚΗΣ  ΓΕΩΡΓΙΟΣ
ΣΤΑΘΑΚΗΣ ΓΕΩΡΓΙΟΣ
Σταθάκης Γεώργιος
ΣΤΑΘΑΣ  ΙΩΑΝΝΗΣ
ΣΤΑΘΑΣ ΙΩΑΝΝΗΣ
Σταθάς Ιωάννης
ΣΤΑΙΚΟΥΡΑΣ  ΧΡΗΣΤΟΣ
ΣΤΑΪΚΟΥΡΑΣ ΧΡΗΣΤΟΣ
Σταϊκούρας Χρήστος
ΣΤΑΜΕΝΙΤΗΣ  ΔΙΟΝΥΣΙΟΣ
ΣΤΑΜΕΝΙΤΗΣ ΔΙΟΝΥΣΙΟΣ
Σταμενίτης Διονύσιος
ΣΤΑΜΠΟΥΛΗ  ΑΦΡΟΔΙΤΗ
ΣΤΑΜΠΟΥΛΗ ΑΦΡΟΔΙΤΗ
Σταμπουλή Αφροδίτη
ΣΤΑΥΡΙΝΟΥΔΗ ΣΟΔΗ
Σταυρινούδη Σόδη
ΣΤΑΥΡΙΝΟΎΔΗ-ΣΌΔΗ ΜΑΡΊΑ 
ΣΤΑΥΡΟΣ ΒΡΕΝΤΖΟΣ
ΣΤΑΥΡΟΣ ΔΑΙΛΑΚΗΣ
ΣΤΑΥΡΟΣ ΔΑΪΛΑΚΗΣ
ΣΤΑΥΡΟΣ ΔΗΜΑΣ
ΣΤΑΥΡΟΣ ΚΑΛΑΦΑΤΗΣ
ΣΤΑΥΡΟΣ ΚΑΛΟΓΙΑΝΝΗΣ
ΣΤΑΥΡΟΣ ΚΕΛΕΤΣΗΣ
ΣΤΑΥΡΟΣ ΜΠΕΝΟΣ
ΣΤΑΥΡΟΣ ΠΑΔΟΠΟΥΛΟΣ
ΣΤΑΥΡΟΣ ΠΑΝΑΓΙΩΤΟΥ
ΣΤΑΥΡΟΣ ΠΑΠΑΔΟΠΟΟΥΛΟΣ
ΣΤΑΥΡΟΣ ΠΑΠΑΔΟΠΟΥΛΟΣ
ΣΤΑΥΡΟΣ ΠΑΠΑΔΟΥΛΟΣ
ΣΤΑΥΡΟΣ ΣΚΟΠΕΛΙΤΗΣ
ΣΤΑΥΡΟΣ ΣΟΥΜΑΚΗΣ
ΣΤΑΥΡΟΥΛΑ ΞΟΥΛΙΔΟΥ
Σταυρούλα Ξουλίδου
ΣΤΕΛΙΟΣ ΜΑΤΖΑΠΕΤΑΚΗΣ
ΣΤΕΛΛΑ ΑΛΦΙΕΡΗ
ΣΤΕΦΑΝΟΣ ΜΑΝΙΚΑΣ
ΣΤΕΦΑΝΟΣ ΜΑΝΟΣ
ΣΤΕΦΑΝΟΣ ΤΖΟΥΜΑΚΑΣ
ΣΤΙΣ ΑΚΟΛΟΥΘΕΣ ΔΙΑΤΑΞΕΙΣ
ΣΤΟ ΣΧΕΔΙΟ ΝΟΜΟΥ
ΣΤΡΑΤΗΣ ΚΟΡΑΚΑΣ
ΣΤΡΑΤΟΥΛΗΣ  ΔΗΜΗΤΡΙΟΣ
ΣΤΡΑΤΟΥΛΗΣ ΔΗΜΗΤΡΙΟΣ
Στρατούλης Δημήτριος
ΣΤΥΛΙΑΝΗ ΑΛΙΦΙΕΡΗ
ΣΤΥΛΙΑΝΗ ΑΛΦΙΕΡΗ
ΣΤΥΛΙΑΝΙΔΗΣ  ΕΥΡΙΠΙΔΗΣ
ΣΤΥΛΙΑΝΙΔΗΣ ΕΥΡΙΠΙΔΗΣ
Στυλιανίδης Ευριπίδης
ΣΤΥΛΙΑΝΟΣ ΑΓΓΕΛΟΣ ΠΑΠΑΘΕΜΕΛΗΣ
ΣΤΥΛΙΑΝΟΣ ΜΑΤΖΑΠΕΤΑΚΗΣ
ΣΤΥΛΙΑΝΟΣ ΠΑΠΑΘΕΜΕΛΗΣ
ΣΤΥΛΙΟΣ  ΓΕΩΡΓΙΟΣ
ΣΤΥΛΙΟΣ ΓΕΩΡΓΙΟΣ
Στύλιος Γεώργιος
ΣΥΜΕΩΝ ΚΕΔΙΚΟΓΛΟΥ
ΣΥΜΦΩΝΕΙ ΤΑ ΕΞΗΣ
ΣΥΜΦΩΝΗΣΑΝ ΣΤΑ ΕΞΗΣ
ΣΥΜΦΩΝΗΣΑΝ ΤΑ ΑΚΟΛΟΥΘΑ
ΣΥΜΦΩΝΗΣΑΝ ΤΑ ΕΞΗΣ
ΣΥΜΦΩΝΗΣΑΝ ΤΑ ΚΑΤΩΘΙ
ΣΥΜΦΩΝΗΣΑΝ ΤΑ ΠΑΡΑΚΑΤΩ
ΣΥΜΦΩΝΗΣΑΝ ΩΣ ΑΚΟΛΟΥΘΩΣ
ΣΥΜΦΩΝΗΣΑΝ ΩΣ ΕΞΗΣ
ΣΥΝΟΛΟ ΠΡΟΓΡΑΜΜΑΤΟΣ
ΣΥΝΟΛΟ ΣΥΝΕΔΡΙΑΣΕΩΝ
ΣΥΝΟΜΟΛΟΓΗΣΑΝ ΤΑ ΕΞΗΣ
ΣΥΡΜΑΛΕΝΙΟΣ  ΝΙΚΟΛΑΟΣ
ΣΥΡΜΑΛΕΝΙΟΣ ΝΙΚΟΛΑΟΣ
Συρμαλένιος Νικόλαος
ΣΩΤΗΡHΣ ΧΑΤΖΗΓΑΚΗΣ
ΣΩΤΗΡΗΣ ΚΟΥΒΕΛΑΣ
ΣΩΤΗΡΗΣ ΣΤΟΛΙΔΗΣ
ΣΩΤΗΡΗΣ ΧΑΤΖΗΓΑΚΗΣ
ΣΩΤΗΡΙΟΣ ΚΟΥΒΕΛΑΣ
ΣΩΤΗΡΙΟΣ ΧΑΤΖΗΓΑΚΗΣ
ΤΑ ΕΞΗΣ ΘΕΜΑΤΑ
ΤΑΓΑΡΑΣ  ΝΙΚΟΛΑΟΣ
ΤΑΓΑΡΑΣ ΝΙΚΟΛΑΟΣ
Ταγαράς Νικόλαος
ΤΑΛΙΑΔΟΥΡΟΣ  ΣΠΥΡΙΔΩΝ
ΤΑΛΙΑΔΟΥΡΟΣ ΣΠΥΡΙΔΩΝ
Ταλιαδούρος Σπυρίδων
ΤΑΜΗΛΟΣ  ΜΙΧΑΗΛ
ΤΑΜΗΛΟΣ ΜΙΧΑΗΛ
Ταμήλος Μιχαήλ
ΤΑΣΟΥΛΑΣ  ΚΩΝΣΤΑΝΤΙΝΟΣ
ΤΑΣΟΥΛΑΣ ΚΩΝΣΤΑΝΤΙΝΟΣ
Τασούλας Κωνσταντίνος
ΤΑΤΣΟΠΟΥΛΟΣ  ΠΕΤΡΟΣ-ΓΕΩΡΓΙΟΣ
ΤΑΤΣΟΠΟΥΛΟΣ ΠΕΤΡΟΣ
Τατσόπουλος Πέτρος
ΤΕΡΕΝΣ - ΣΠΕΝΣΕΡ - ΝΙΚΟΛΑΟΣ ΚΟΥΙΚ
ΤΕΡΕΝΣ ΚΟΥΙΚ
ΤΖΑΒΑΡΑΣ  ΚΩΝΣΤΑΝΤΙΝΟΣ
ΤΖΑΒΑΡΑΣ ΚΩΝΣΤΑΝΤΙΝΟΣ
Τζαβάρας Κωνσταντίνος
ΤΖΑΚΡΗ  ΘΕΟΔΩΡΑ
ΤΖΑΚΡΗ ΘΕΟΔΩΡΑ
Τζάκρη Θεοδώρα
ΤΖΑΜΤΖΗΣ  ΙΟΡΔΑΝΗΣ
ΤΖΑΜΤΖΗΣ ΙΟΡΔΑΝΗΣ
Τζαμτζής Ιορδάνης
ΤΖΑΝΗΣ ΤΖΑΝΝΕΤΑΚΗΣ
ΤΗΛΕΜΑΧΟΣ ΧΥΤΗΡΗΣ
ΤΙΜΟΛΕΩΝ ΚΟΨΑΧΕΙΛΗΣ
ΤΡΑΓΑΚΗΣ  ΙΩΑΝΝΗΣ
ΤΡΑΓΑΚΗΣ ΙΩΑΝΝΗΣ
Τραγάκης Ιωάννης
ΤΡΙΑΝΤΑΦΥΛΛΟΣ  ΚΩΝΣΤΑΝΤΙΝΟΣ
ΤΡΙΑΝΤΑΦΥΛΛΟΣ ΚΩΝΣΤΑΝΤΙΝΟΣ
Τριαντάφυλλος Κωνσταντίνος
ΤΡΙΑΝΤΑΦΥΛΛΟΥ  ΜΑΡΙΑ
ΤΡΙΑΝΤΑΦΥΛΛΟΥ ΜΑΡΙΑ
Τριανταφύλλου Μαρία
ΤΣΑΒΔΑΡΊΔΗΣ  ΛΑΖΑΡΟΣ
ΤΣΑΒΔΑΡΙΔΗΣ ΛΑΖΑΡΟΣ
Τσαβδαρίδης Λάζαρος
ΤΣΑΚΑΛΩΤΟΣ  ΕΥΚΛΕΙΔΗΣ
ΤΣΑΚΑΛΩΤΟΣ ΕΥΚΛΕΙΔΗΣ
Τσακαλώτος Ευκλείδης
ΤΣΑΜΠΙΚΑ ΙΑΤΡΙΔΗ
ΤΣΙΑΡΑΣ  ΚΩΝΣΤΑΝΤΙΝΟΣ
ΤΣΙΑΡΑΣ ΚΩΝΣΤΑΝΤΙΝΟΣ
Τσιάρας Κωνσταντίνος
ΤΣΙΠΡΑΣ  ΑΛΕΞΙΟΣ
ΤΣΙΠΡΑΣ ΑΛΕΞΙΟΣ
Τσίπρας Αλέξιος
ΤΣΟΥΚΑΛΑΣ  ΔΗΜΗΤΡΙΟΣ
ΤΣΟΥΚΑΛΑΣ ΔΗΜΗΤΡΙΟΣ
Τσουκαλάς Δημήτριος
ΤΣΟΥΚΑΛΗΣ  ΝΙΚΟΛΑΟΣ
ΤΣΟΥΚΑΛΗΣ ΝΙΚΟΛΑΟΣ
Τσούκαλης Νικόλαος
ΤΣΟΥΜΑΝΗΣ  ΔΗΜΗΤΡΙΟΣ
ΤΣΟΥΜΑΝΗΣ ΔΗΜΗΤΡΙΟΣ
Τσουμάνης Δημήτριος
ΥΨΗΛΑΝΤΗΣ  ΒΑΣΙΛΕΙΟΣ-ΝΙΚΟΛΑΟΣ
ΥΨΗΛΑΝΤΗΣ ΒΑΣΙΛΕΙΟΣ
Υψηλάντης Βασίλειος
ΦΑΝΗ ΠΕΤΡΑΛΙΑ ΠΑΛΛΗ
ΦΕΒΡΩΝΙΑ ΠΑΤΡΙΑΝΑΚΟΥ
ΦΙΛΙΠΠΟΣ ΠΕΤΣΑΛΝΙΚΟΣ
ΦΙΛΙΠΠΟΣ ΣΑΧΙΝΙΔΗΣ
ΦΙΛΙΠΠΟΣ ΤΣΑΛΙΔΗΣ
ΦΛΩΡΟΣ ΚΩΝΣΤΑΝΤΙΝΟΥ
ΦΟΒΙΟΣ ΙΩΑΝΝΙΔΗΣ
ΦΟΙΒΟΣ ΙΩΑΝΝΙΔΗΣ
ΦΟΙΒΟΣ ΙΩΑΝΝΙΔΗΣΣ
ΦΟΥΝΤΑ  ΝΙΚΗ
ΦΟΥΝΤΑ ΝΙΚΗ
Φούντα Νίκη
ΦΡΑΓΚΛΙΝΟΣ ΠΑΠΑΔΕΛΗΣ
ΦΡΑΓΚΛΙΝΟΣ ΠΑΠΑΔΕΛΛΗΣ
ΦΩΤHΣ ΚΟΥΒΕΛΗΣ
ΦΩΤΕΙΝΗ ΑΡΑΜΠΑΤΖΗ
ΦΩΤΕΙΝΗ ΓΕΝΝΗΜΑΤΑ
ΦΩΤΕΙΝΗ ΚΟΥΒΕΛΑ
ΦΩΤΕΙΝΗ ΠΙΠΙΛΗ
ΦΩΤΗΣ ΚΟΥΒΕΛΗΣ
ΦΩΤΗΣ ΚΟΥΒΕΛΗΣΑ
ΦΩΤΗΣ ΧΑΤΖΗΜΙΧΑΛΗΣ
ΦΩΤΙΟΣ ΚΟΥΒΕΛΗΣ
ΦΩΤΙΟΣ ΧΑΤΖΗΜΙΧΑΛΗΣ
ΦΩΤΙΟΥ  ΘΕΑΝΩ
ΦΩΤΙΟΥ ΘΕΑΝΩ
Φωτίου Θεανώ
ΧΑΙΚΑΛΗΣ  ΠΑΥΛΟΣ
ΧΑΪΚΑΛΗΣ ΠΑΥΛΟΣ
Χαϊκάλης Παύλος
ΧΑΛΒΑΤΖΗΣ  ΣΠΥΡΙΔΩΝ
ΧΑΛΒΑΤΖΗΣ ΣΠΥΡΙΔΩΝ
Χαλβατζής Σπυρίδων
ΧΑΡΑΚΟΠΟΥΛΟΣ  ΜΑΞΙΜΟΣ
ΧΑΡΑΚΟΠΟΥΛΟΣ ΜΑΞΙΜΟΣ
Χαρακόπουλος Μάξιμος
ΧΑΡΑΛΑΜΠΙΔΟΥ  ΔΕΣΠΟΙΝΑ
ΧΑΡΑΛΑΜΠΙΔΟΥ ΔΕΣΠΟΙΝΑ
Χαραλαμπίδου Δέσποινα
ΧΑΡΑΛΑΜΠΟΣ ΑΓΓΟΥΡΑΚΗΣ
ΧΑΡΑΛΑΜΠΟΣ ΑΘΑΝΑΣΙΟΥ
ΧΑΡΑΛΑΜΠΟΣ ΚΑΣΤΑΝΙΔΗΣ
ΧΑΡΑΛΑΜΠΟΣ ΠΑΠΑΘΑΝΑΣΙΟΥ
ΧΑΡΑΛΑΜΠΟΣ ΤΣΙΟΚΑΣ
ΧΑΡΑΛΑΜΠΟΣ-ΣΤΑΥΡΟΣ ΚΟΝΤΟΝΗΣ
ΧΑΡΗΣ ΚΑΣΤΑΝΙΔΗΣ
ΧΑΡΟΥΛΑ ΚΑΦΑΝΤΑΡΗ
ΧΑΤΖΗ ΟΣΜΑΝ  ΑΧΜΕΤ
ΧΑΤΖΗ ΡΑΗΦ
Χατζή Ραήφ
ΧΑΤΖΗΔΑΚΗΣ  ΚΩΝΣΤΑΝΤΙΝΟΣ
ΧΑΤΖΗΔΑΚΗΣ ΚΩΝΣΤΑΝΤΙΝΟΣ
Χατζηδάκης Κωνσταντίνος
ΧΑΤΖΗΛΑΜΠΡΟΥ  ΒΑΣΙΛΕΙΟΣ
ΧΑΤΖΗΛΑΜΠΡΟΥ ΒΑΣΙΛΕΙΟΣ
Χατζηλάμπρου Βασίλειος
ΧΟΥΣΕΪΝ ΖΕΪΜΠΕΚ
ΧΡΗΣΤΟΣ ΑΗΔΟΝΗΣ
ΧΡΗΣΤΟΣ ΒΕΡΕΛΗΣ
ΧΡΗΣΤΟΣ ΒΟΣΝΑΚΗΣ
ΧΡΗΣΤΟΣ ΒΥΖΟΒΙΤΗΣ
ΧΡΗΣΤΟΣ ΓΚΟΚΑΣ
ΧΡΗΣΤΟΣ ΖΩΗΣ
ΧΡΗΣΤΟΣ ΘΕΟΔΩΡΟΥ
ΧΡΗΣΤΟΣ ΚΑΡΑΓΙΑΝΝΙΔΗΣ
ΧΡΗΣΤΟΣ ΚΑΤΣΩΤΗΣ
ΧΡΗΣΤΟΣ ΚΕΛΛΑΣ
ΧΡΗΣΤΟΣ ΚΗΠΟΥΡΟΣ
ΧΡΗΣΤΟΣ ΜΑΓΚΟΥΦΗΣ
ΧΡΗΣΤΟΣ ΜΑΝΤΑΣ
ΧΡΗΣΤΟΣ ΜΑΡΚΟΓΙΑΝΝAKΗΣ
ΧΡΗΣΤΟΣ ΜΑΡΚΟΓΙΑΝΝΑΚΗΣ
ΧΡΗΣΤΟΣ ΟΙΚΟΝΟΜΟΥ
ΧΡΗΣΤΟΣ ΠΑΠΟΥΤΣΗΣ
ΧΡΗΣΤΟΣ ΠΑΠΠΑΣ
ΧΡΗΣΤΟΣ ΠΡΩΤΟΠΑΠΑΣ
ΧΡΗΣΤΟΣ ΡΟΚΟΦΥΛΛΟΣ
ΧΡΗΣΤΟΣ ΣΜΥΡΛΗΣ
ΧΡΗΣΤΟΣ ΣΜΥΡΛΗΣ ΛΙΑΚΑΤΑΣ
ΧΡΗΣΤΟΣ ΣΤΑΪΚΟΥΡΑΣ
ΧΡΗΣΤΟΣ ΧΑΪΔΟΣ
ΧΡΙΣΤΙΑΝΑ ΚΑΛΟΓΗΡΟΥ
ΧΡΙΣΤΙΝΑ ΣΠΥΡΑΚΗ
ΧΡΙΣΤΟΓΙΑΝΝΗΣ  ΔΗΜΗΤΡΙΟΣ
ΧΡΙΣΤΟΓΙΑΝΝΗΣ ΔΗΜΗΤΡΙΟΣ
ΧΡΙΣΤΟΣ ΒΕΡΕΛΗΣ
ΧΡΙΣΤΟΣ ΔΗΜΑΣ
ΧΡΙΣΤΟΦΙΛΟΠΟΥΛΟΥ  ΠΑΡΑΣΚΕΥΗ
ΧΡΥΣΑ ΜΑΝΩΛΙΑ
ΧΡΥΣΑΝΘΗ ΜΑΝΩΛΙΑ
ΧΡΥΣΑΝΘΟΣ ΛΑΖΑΡΙΔΗΣ
ΧΡΥΣΗ ΑΡΑΠΟΓΛΟΥ
ΧΡΥΣΟΒΑΛΑΝΤΗΣ ΑΛΕΞΟΠΟΥΛΟΣ
ΧΡΥΣΟΒΕΛΩΝΗ  ΜΑΡΙΝΑ
ΧΡΥΣΟΒΕΛΩΝΗ ΜΑΡΙΝΑ
ΧΡΥΣΟΥΛΑ ΓΙΑΤΑΓΑΝΑ
ΧΡΥΣΟΧΟΙΔΗΣ  ΜΙΧΑΗΛ
ΧΡΥΣΟΧΟΪ́ΔΗΣ ΜΙΧΑΗΛ
Χρυσοχοΐδης Μιχαήλ
ΨΑΡΙΑΝΟΣ  ΓΡΗΓΟΡΙΟΣ
ΕΠΑΜΕΙΝΩΝΔΑΣ (ΝΟΤΗΣ) ΜΑΡΙΑΣ
ΨΑΡΙΑΝΟΣ ΓΡΗΓΟΡΙΟΣ
Ψαριανός Γρηγόριος
ΨΥΡΡΑΣ  ΘΩΜΑΣ
ΔΗΜΗΤΡΗΣ ΚΟΥΡΚΟΥΛΑΣ
ΤΕΡΕΝΣ - ΣΠΕΝΣΕΡ - ΝΙΚΟΛΑΟΣ ΚΟΥΙΚ
ΛΕΩΝΙΔΑΣ ΓΡΗΓΟΡΑΚΟΣ
ΔΑΜΑΒΟΛΙΤΗΣ ΚΩΝΣΤΑΝΤΙΝΟΣ
ΔΕΙΚΤΑΚΗΣ ΓΕΩΡΓΙΟΣ
ΔΕΡΜΕΝΤΖΟΠΟΥΛΟΣ ΑΛΕΞΑΝΔΡΟΣ
ΙΑΚΩΒΙΔΟΥ ΠΑΝΑΓΙΩΤΑ
ΙΓΓΛΕΖΗ ΑΙΚΑΤΕΡΙΝΗ
ΚΟΥΒΕΛΑ ΦΩΤΕΙΝΗ
ΠΑΠΑΔΗΜΗΤΡΙΟΥ ΓΕΣΘΗΜΑΝΗ
ΠΛΕΥΡΗΣ ΑΘΑΝΑΣΙΟΣ
ΓΚΙΚΑΣ ΧΑΡΔΟΥΒΕΛΗΣ
ΔΗΜΗΤΡΗΣ ΚΟΥΡΚΟΥΛΑΣ
ΚΩΝΣΤΑΝΤΙΝΟΣ ΜΠΑΡΚΑΣ
ΦΩΤΕΙΝΗ ΓΕΝΝΗΜΑΤΑ
ΦΩΤΕΙΝΗ ΚΟΥΒΕΛΑ
ΔΗΜΗΤΡΙΟΣ ΜΠΡΙΑΝΗΣ
ΓΕΣΘΗΜΑΝΗ ΠΑΠΑΔΗΜΗΤΡΙΟΥ
ΔΗΜΗΤΡΙΟΣ ΣΤΑΜΑΤΗΣ
ΜΑΝΩΛΗΣ ΓΛΕΖΟΣ
ΚΩΝΣΤΑΝΤΙΝΟΣ ΑΡΒΑΝΙΤΟΠΟΥΛΟΣ
ΚΩΝΣΤΑΝΤΙΝΟΣ ΓΚΙΟΥΛΕΚΑΣ
ΕΥΓΕΝΙΑ (ΤΖΕΝΗ) ΒΑΜΒΑΚΑ
ΟΛΟΙ ΟΙ ΒΟΥΛΕΥΤΕΣ
ΠΟΛΛΟΙ ΒΟΥΛΕΥΤΕΣ
ΕΥΓΕΝΙΑ ΒΑΜΒΑΚΑ
Ιωάννης Δραγασάκης










































































































































































































































































































































































































































































































































































































































































































































































































































































































































































