ANAΣΤΑΣΙΟΣ ΝΕΡΑΝΤΖΗΣ
ANTΩΝΗΣ ΣΚΥΛΛΑΚΟΣ
ANΔΡΕΑΣ ΛΟΒΕΡΔΟΣ
ANΔΡΙΑΝΗ ΛΟΥΛΕ
AXIΛΛEΥΣ ΚΑΝΤΑΡΤΖΗΣ
AXIΛΛΕΥΣ ΚΑΝΤΑΡΤΖΗΣ
AXΙΛΛΕΥΣ ΚΑΝΤΑΡΤΖΗΣ
AΓΓΕΛΟΣ ΜΠΡΑΤΑΚΟΣ
AΓΓΕΛΟΣ ΤΖΕΚΗΣ
AΔΑΜ ΡΕΓΚΟΥΖΑΣ
AΘΑΝΑΣΙΟΣ ΓΙΑΝΝΟΠΟΥΛΟΣ
AΘΑΝΑΣΙΟΣ ΔΑΒΑΚΗΣ
AΘΑΝΑΣΙΟΣ ΜΑΤΗΣ
AΘΑΝΑΣΙΟΣ ΝΑΚΟΣ
AΛΕΞΑΝΔΡΟΣ ΒΟΥΛΓΑΡΗΣ
AΛΕΞΑΝΔΡΟΣ ΧΡΥΣΑΝΘΑΚΟΠΟΥΛΟΣ
AΝΑΣΤΑΣΙΟΣ ΝΕΡΑΝΤΖΗΣ
AΝΔΡΕΑΣ ΛΟΒΕΡΔΟΣ
AΠΟΣΤΟΛΟΣ ΑΝΔΡΕΟΥΛΑΚΟΣ
AΡΙΣΤΟΤΕΛΗΣ ΠΑΥΛΙΔΗΣ
BAΣΙΛΕΙΟΣ ΜΑΓΓΙΝΑΣ
BAΣΙΛΗΣ ΚΕΔΙΚΟΓΛΟΥ
BΑΣΙΛΕΙΟΣ ΚΕΔΙΚΟΓΛΟΥ
BΑΣΙΛΗΣ ΚΕΔΙΚΟΓΛΟΥ
BΥΡΩΝ ΠΟΛΥΔΩΡΑΣ
EYAΓΓΕΛΟΣ ΑΠΟΣΤΟΛΟΥ
EYAΓΓΕΛΟΣ ΒΛΑΣΣΟΠΟΥΛΟΣ
EYAΓΓΕΛΟΣ ΜΕΪΜΑΡΑΚΗΣ
EYAΓΓΕΛΟΣ ΜΠΟΥΤΑΣ
EYTYXIOΣ ΚΟΝΤΟΜΑΡΗΣ
EYΑΓΓΕΛΟΣ ΜΠΑΣΙΑΚΟΣ
EΛΕΥΘΕΡΙΟΣ ΠΑΠΑΝΙΚΟΛΑΟΥ
EΛΙΣΑΒΕΤ ΠΑΠΑΔΗΜΗΤΡΙΟΥ
HDFS ΑΠΟΣΤΟΛΟΣ ΑΝΔΡΕΟΥΛΑΚΟΣ
HΛΙΑΣ ΒΕΖΔΡΕΒΑΝΗΣ
HΛΙΑΣ ΠΑΠΑΔΟΠΟΥΛΟΣ
INTEREG II
IΩΑΝΝΗΣ ΒΑΡΒΙΤΣΙΩΤΗΣ
IΩΑΝΝΗΣ ΔΗΜΑΡΑΣ
IΩΑΝΝΗΣ ΚΕΦΑΛΟΓΙΑΝΝΗΣ
IΩΑΝΝΗΣ ΜΑΓΚΡΙΩΤΗΣ
IΩΑΝΝΗΣ ΠΑΠΑΘΑΝΑΣΙΟΥ
KOΣΜΑΣ ΣΦΥΡΙΟΥ
KYΡΙΑΚΟΣ ΣΠΥΡΙΟΥΝΗΣ
KΟΣΜΑΣ ΣΦΥΡΙΟΥ
KΩΝΣΤΑΝΤΙΝΟΣ ΜΗΤΣΟΤΑΚΗΣ
MAΡΙΑ ΔΑΜΑΝΑΚΗ
MAΡΙΑ ΘΩΜΑ
MEΡΙΚΟΙ ΒΟΥΛΕΥΤΕΣ
MIXAΛΗΣ ΚΑΡΧΙΜΑΚΗΣ
MIΛΤΙΑΔΗΣ ΕΒΕΡΤ
MIΛΤΙΑΔΗΣ ΠΑΠΑΙΩΑΝΝΟΥ
MOΣΧΟΣ ΓΙΚΟΝΟΓΛΟΥ
MΙΛΤΙΑΔΗΣ ΕΒΕΡΤ
NIKHTAΣ ΚΑΚΛΑΜΑΝΗΣ
NIKOΛΑΟΣ ΓΚΑΤΖΗΣ
NIKOΛΑΟΣ ΓΚΕΛΕΣΤΑΘΗΣ
NIKOΛΑΟΣ ΓΚΕΣΟΥΛΗΣ
NIKOΛΑΟΣ ΚΑΤΣΑΡΟΣ
NIKOΛΑΟΣ ΛΕΒΟΓΙΑΝΝΗΣ
NIKOΛΑΟΣ ΝΙΚΟΛΟΠΟΥΛΟΣ
NIKOΛΑΟΣ ΠΑΠΑΦΙΛΙΠΠΟΥ
NIKOΛΑΟΣ ΦΛΩΡΟΣ
NIΚΟΛΑΟΣ ΑΚΡΙΤΙΔΗΣ
NΙΚΟΛΑΟΣ ΓΚΕΛΕΣΤΑΘΗΣ
NΙΚΟΛΑΟΣ ΚΑΤΣΑΡΟΣ
OΛΟΙ ΟΙ ΒΟΥΛΕΥΤΕΣ
PDF ΒΑΣΙΛΕΙΟΣ ΚΟΡΚΟΛΟΠΟΥΛΟΣ
PDF ΒΑΣΙΛΕΙΟΣ ΜΑΓΓΙΝΑΣ
PDF ΓΕΩΡΓΙΟΣ ΑΔΑΜΟΠΟΥΛΟΣ
PDF ΓΙΩΡΓΟΣ ΑΔΑΜΟΠΟΥΛΟΣ
PDF ΕΥΑΓΓΕΛΟΣ ΑΠΟΣΤΟΛΟΥ
PD ΟΡΕΣΤΗΣ ΚΟΛΟΖΩΦ
XΑΡΑΛΑΜΠΟΣ ΑΓΓΟΥΡΑΚΗΣ
XΡΗΣΤΟΣ ΚΗΠΟΥΡΟΣ
XΡΗΣΤΟΣ ΜΑΡΚΟΓΙΑΝΝΑΚΗΣ
ΑΓΓΓΕΛΟΣ ΤΖΕΚΗΣ
ΑΓΓΕΛΙΚΗ ΓΚΕΡΕΚΟΥ
ΑΓΓΕΛΟΣ ΜΑΝΩΛΑΚΗΣ
ΑΓΓΕΛΟΣ ΜΑΝΩΛΑΚΟΣ
ΑΓΓΕΛΟΣ ΜΠΡΑΤΑΚΟΣ
ΑΓΓΕΛΟΣ ΠΑΠΑΘΕΜΕΛΗΣ
ΑΓΓΕΛΟΣ ΤΖΕΚΗΣ
ΑΓΓΕΛΟΣ ΤΣΕΚΗΣ
ΑΔΑΜ ΡΑΓΚΟΥΖΑΣ
ΑΔΑΜ ΡΕΓΚΟΥΔΑΣ
ΑΔΑΜ ΡΕΓΚΟΥΖΑΣ
ΑΘΑΝΑΣΙΑ ΜΕΡΕΝΤΙΤΗ
ΑΘΑΝΑΣΙΟΣ ΑΛΕΥΡΑΣ
ΑΘΑΝΑΣΙΟΣ ΑΣΚΗΤΗΣ
ΑΘΑΝΑΣΙΟΣ ΒΑΡΙΝΟΣ
ΑΘΑΝΑΣΙΟΣ ΓΙΑΝΝΟΠΟΥΛΟΣ
ΑΘΑΝΑΣΙΟΣ ΔΑΒΑΚΗΣ
ΑΘΑΝΑΣΙΟΣ ΚΑΤΣΙΓΙΑΝΝΗΣ
ΑΘΑΝΑΣΙΟΣ ΚΟΝΤΑΞΗΣ
ΑΘΑΝΑΣΙΟΣ ΛΕΒΕΝΤΗΣ
ΑΘΑΝΑΣΙΟΣ ΜΑΤΗΣ
ΑΘΑΝΑΣΙΟΣ ΜΠΟΥΡΑΣ
ΑΘΑΝΑΣΙΟΣ ΜΩΡΑΪΤΗΣ
ΑΘΑΝΑΣΙΟΣ ΝΑΚΟΣ
ΑΘΑΝΑΣΙΟΣ ΠΑΝΑΓΙΩΤΟΠΟΥΛΟΣ
ΑΘΑΝΑΣΙΟΣ ΠΑΠΑΓΕΩΡΓΙΟΥ
ΑΘΑΝΑΣΙΟΣ ΤΣΟΥΡΑΣ
ΑΘΑΝΑΣΙΟΣ ΧΕΙΜΑΡΑΣ
ΑΘΗΝΑ ΘΕΜΑ
ΑΘΗΝΑΙΟΣ ΦΛΩΡΙΝΗΣ
ΑΘΗΝΑ ΚΟΡΚΑ
ΑΘΗΝΑ ΠΡΟΣ
ΑΘΝΑΣΙΟΣ ΚΟΝΤΑΞΗΣ
ΑΙΚΑΤΕΡΙΝΗ ΞΗΡΟΤΥΡΗ ΑΙΚΑΤΕΡΙΝΑΡΗ
ΑΙΚΑΤΕΡΙΝΗ ΠΑΠΑΚΩΣΤΑ ΣΙΔΗΡΟΠΟΥΛΟΥ
ΑΙΚΑΤΕΡΙΝΗ ΠΕΡΛΕΠΕ
ΑΚΗΦΟΓΛΟΥ ΜΠΗΡΟΛ
ΑΛΕΞΑΔΡΟΣ ΑΚΡΙΒΑΚΗΣ
ΑΛΕΞΑΝΔΡΟΣ ΑΘΑΝΑΣΙΑΔΗΣ
ΑΛΕΞΑΝΔΡΟΣ ΑΚΡΙΒΑΚΗΣ
ΑΛΕΞΑΝΔΡΟΣ ΑΛΑΒΑΝΟΣ
ΑΛΕΞΑΝΔΡΟΣ ΒΟΥΛΓΑΡΗΣ
ΑΛΕΞΑΝΔΡΟΣ ΔΑΜΙΑΝΙΔΗΣ
ΑΛΕΞΑΝΔΡΟΣ ΚΑΛΑΦΑΤΗΣ
ΑΛΕΞΑΝΔΡΟΣ ΚΑΦΑΝΤΑΡΗΣ
ΑΛΕΞΑΝΔΡΟΣ ΚΟΝΤΟΣ
ΑΛΕΞΑΝΔΡΟΣ ΛΥΚΟΥΡΕΖΟΣ
ΑΛΕΞΑΝΔΡΟΣ ΠΑΠΑΔΟΓΓΟΝΑΣ
ΑΛΕΞΑΝΔΡΟΣ ΠΑΠΑΔΟΠΟΥΛΟΣ
ΑΛΕΞΑΝΔΡΟΣ ΧΡΥΣΑΝΘΑΚΟΠΟΥΛΟΣ
ΑΛΛΕΣ ΧΩΡΕΣ
ΑΝΑΓΙΩΤΗΣ ΛΑΦΑΖΑΝΗΣ
ΑΝΑΣΤΑΙΟΣ ΝΕΡΑΝΤΖΗΣ
ΑΝΑΣΤΑΣHΣ ΠΑΠΑΛΗΓΟΥΡΑΣ
ΑΝΑΣΤΑΣΗΣ ΛΙΑΣΚΟΣ
ΑΝΑΣΤΑΣΗΣ ΠΑΠΑΛΗΓΟΥΡΑΣ
ΑΝΑΣΤΑΣΗΣ ΠΑΠΑΠΑΛΗΓΟΥΡΑΣ
ΑΝΑΣΤΑΣΙΑ ΣΥΛΒΑΝΑ
ΑΝΑΣΤΑΣΙΑ ΣΥΛΒΑΝΑ ΡΑΠΤΗ
ΑΝΑΣΤΑΣΙΟΣ ΒΑΡΙΝΟΣ
ΑΝΑΣΤΑΣΙΟΣ ΙΝΖΤΕΣ
ΑΝΑΣΤΑΣΙΟΣ ΙΝΤΖΕΣ
ΑΝΑΣΤΑΣΙΟΣ ΚΑΡΑΜΑΡΙΟΣ
ΑΝΑΣΤΑΣΙΟΣ ΛΙΑΣΚΟΣ
ΑΝΑΣΤΑΣΙΟΣ ΜΑΝΤΕΛΗΣ
ΑΝΑΣΤΑΣΙΟΣ ΝΕΡΑΝΤΖΗΣ
ΑΝΑΣΤΑΣΙΟΣ ΝΕΡΑΝΤΗΣ
ΑΝΑΣΤΑΣΙΟΣ ΝΕΡΑΤΖΗΣ
ΑΝΑΣΤΑΣΙΟΣ ΠΑΠΑΛΗΓΟΥΡΑΣ
ΑΝΑΣΤΑΣΙΟΣ ΠΕΠΟΝΗΣ
ΑΝΑΣΤΑΣΙΟΣ ΣΠΗΛIΟΠΟΥΛΟΣ
ΑΝΑΣΤΑΣΙΟΣ ΣΠΗΛΙΟΠΟΥΛΟΣ
ΑΝΑΣΤΑΣΙΟΣ ΣΠΗΛΙΩΤΟΠΟΥΛΟΣ
ΑΝΑΣΤΑΣΙΟΣ ΧΩΡΕΜΗΣ
ΑΝΑΣΤΙΑΣΙΟΣ ΛΙΑΣΚΟΣ
ΑΝΔΡΑΝΗ ΛΟΥΛΕ
ΑΝΔΡΕΑΣ ΑΝΔΡΙΑΝΟΠΟΥΛΟΣ
ΑΝΔΡΕΑΣ ΚΑΡΑΓΚΟΥΝΗΣ
ΑΝΔΡΕΑΣ ΛΟΒΕΡΔΟΣ
ΑΝΔΡΕΑΣ ΜΑΚΡΙΠΙΔΗΣ
ΑΝΔΡΕΑΣ ΜΑΚΡΥΠΙΔΗΣ
ΑΝΔΡΕΑΣ ΦΟΥΡΑΣ
ΑΝΔΡΕΟΥΛΑΚΟΣ ΑΠΟΣΤΟΛΟΣ
ΑΝΔΡΙΑΝΗ ΛΟΥΛΕ
ΑΝΕΣΤΗΣ ΑΓΓΕΛΗΣ
ΑΝΕΣΤΗΣ ΣΑΑΤΣΟΓΛΟΥ
ΑΝΝΑ ΜΠΕΝΑΚΗ ΨΑΡΟΥΔΑ
ΑΝΡΙΑΝΗ ΛΟΥΛΕ
ΑΝΤΩΝHΣ ΣΚΥΛΛΑΚΟΣ
ΑΝΤΩΝΗΣ ΣΚΥΛΑΚΟΣ
ΑΝΤΩΝΗΣ ΣΚΥΛΛΑΚΟΣ
ΑΝΤΩΝΙΑ ΑΝΤΩΝΙΟΥ
ΑΝΤΩΝΙΟΣ ΚΑΡΠΟΥΖΑΣ
ΑΝΤΩΝΙΟΣ ΚΟΤΣΑΚΑΣ
ΑΝΤΩΝΙΟΣ ΜΠΕΖΑΣ
ΑΝΤΩΝΙΟΣ ΣΚΥΛΛΑΚΟΣ
ΑΝΤΩΝΙΟΣ ΦΟΥΣΑΣ
ΑΠΟΣΤΕΛΛΟΝ ΜΕΡΟΣ ΠΡΟΣ
ΑΠΟΣΤΟΛΟΣ AΝΔΡΕΟΥΛΑΚΟΣ
ΑΠΟΣΤΟΛΟΣ ΑΝΔΡΕΟΥΛΑΚΟΣ
ΑΠΟΣΤΟΛΟΣ ΚΑΚΛΑΜΑΝΗΣ
ΑΠΟΣΤΟΛΟΣ ΚΑΤΣΙΦΑΡΑΣ
ΑΠΟΣΤΟΛΟΣ ΚΩΣΤΟΠΟΥΛΟΣ
ΑΠΟΣΤΟΛΟΣ ΣΤΑΥΡΟΥ
ΑΠΟΣΤΟΛΟΣ ΤΑΣΟΥΛΑΣ
ΑΠΟΣΤΟΛΟΣ ΦΩΤΙΑΔΗΣ
ΑΠΟΦΑΣΗ ΘΕΜΑ
ΑΡΑΠΟΓΛΟΥ ΧΡΥΣΑ ΒΑΡΒΑΡΙΓΟΣ
ΑΡΓΥΡΗΣ ΕΥΑΓΓΕΛΟΣ
ΑΡΘΡΟ ΔΕΚΑΤΟ ΕΚΤΟ
ΑΡΘΡΟ ΤΕΤΑΡΤΟ
ΑΡΙΣΤΕΙΔΗΣ ΜΟΥΣΙΩΝΗΣ
ΑΡΙΣΤΕΙΔΗΣ ΤΣΙΠΛΑΚΟΣ
ΑΡΙΣΤΟΒΟΥΛΟΣ ΣΠΗΛΙΩΤΟΠΟΥΛΟΣ
ΑΡΙΣΤΟΣΤΕΛΗΣ ΠΑΥΛΙΔΗΣ
ΑΡΙΣΤΟΤΕΛΗΣ ΠΑΥΛΙΔΗΣ
ΑΣΗΜΙΝΑ ΑΙΚΑΤΕΡΙΝΑΡΗ ΞΗΡΟΤΥΡΗ
ΑΣΗΜΙΝΑ ΞΗΡΟΤΗΡΗ ΑΙΚΑΤΕΡΙΝΑΡΗ
ΑΣΗΜΙΝΑ ΞΗΡΟΤΥΡΗ
ΑΣΗΜΙΝΑ ΞΗΡΟΤΥΡΗ ΑΙΚΑΤΕΡΙΝΑΡΗ
ΑΧΙΛΕΑΣ ΚΑΝΤΑΡΤΖΗΣ
ΑΧΙΛΛΕYΣ ΚΑΝΤΑΡΤΖΗΣ
ΑΧΙΛΛΕΑΣ ΚΑΝΤΑΡΤΖΗΣ
ΑΧΙΛΛΕΑΣ ΚΑΡΑΜΑΝΛΗΣ
ΑΧΙΛΛΕΥΣ ΚΑΝΤΑΡΤΖΗΣ
ΑΧΙΛΛΕΥΣ ΚΑΡΑΜΑΝΛΗΣ
ΑΧΜΕΤ ΙΛΧΑΝ
ΒYΡΩΝ ΠΟΛΥΔΩΡΑΣ
ΒΑΡΣΑΜΗΣ ΓΙΟΒΑΝΟΥΔΑΣ
ΒΑΣΙΚΗΣ ΚΕΔΙΚΟΓΛΟΥ
ΒΑΣΙΛHΣ ΚΕΔΙΚΟΓΛΟΥ
ΒΑΣΙΛΕΙΟΣ ΒΑΣΙΛΑΚΑΚΗΣ
ΒΑΣΙΛΕΙΟΣ ΒΥΖΑΣ
ΒΑΣΙΛΕΙΟΣ ΓΕΡΑΝΙΔΗΣ
ΒΑΣΙΛΕΙΟΣ ΕΞΑΡΧΟΣ
ΒΑΣΙΛΕΙΟΣ ΚΕΓΚΕΡΟΓΛΟΥ
ΒΑΣΙΛΕΙΟΣ ΚΕΔΙΚΟΓΛΟΥ
ΒΑΣΙΛΕΙΟΣ ΚΟΝΤΟΓΙΑΝΝΟΠΟΥΛΟΣ
ΒΑΣΙΛΕΙΟΣ ΚΟΡΚΟΛΟΠΟΥΛΟΣ
ΒΑΣΙΛΕΙΟΣ ΚΟΡΚΟΛΟΥΠΟΛΟΣ
ΒΑΣΙΛΕΙΟΣ ΚΟΡΚΟΠΟΥΛΟΣ
ΒΑΣΙΛΕΙΟΣ ΜΑΓΓΙΝΑΣ
ΒΑΣΙΛΕΙΟΣ ΜΙΧΑΛΟΛΙΑΚΟΣ
ΒΑΣΙΛΕΙΟΣ ΜΠΕΚΙΡΗΣ
ΒΑΣΙΛΕΙΟΣ ΟΙΚΟΝΟΜΟΥ
ΒΑΣΙΛΕΙΟΣ ΠΑΠΑΓΕΩΡΓΟΠΟΥΛΟΣ
ΒΑΣΙΛΕΙΟΣ ΠΑΠΑΝΙΚΟΛΑΣ
ΒΑΣΙΛΕΙΟΣ ΠΑΠΑΧΡΗΣΤΟΥ
ΒΑΣΙΛΕΙΟΣ ΠΑΠΠΑΣ
ΒΑΣΙΛΕΙΟΣ ΣΩΤΗΡΟΠΟΥΛΟΣ
ΒΑΣΙΛΕΙΟΣ ΤΟΓΙΑΣ
ΒΑΣΙΛΕΙΟΣ ΤΡΙΠΡΑΣ
ΒΑΣΙΛΕΙΟΣ ΤΣΙΛΙΚΑΣ
ΒΑΣΙΛΕΙΟΣ ΤΣΙΠΡΑΣ
ΒΑΣΙΛΕΙΟΣ ΧΡΥΣΗΣ
ΒΑΣΙΛΕΥΣ ΤΗΣ ΙΣΠΑΝΙΑΣ
ΒΑΣΙΛΕΥΣ ΤΩΝ ΒΕΛΓΩΝ
ΒΑΣΙΛΗ ΚΕΔΙΚΟΓΛΟΥ
ΒΑΣΙΛΗΣ ΚΕΔΙΚΓΛΟΥ
ΒΑΣΙΛΗΣ ΚΕΔΙΚΟΓΛΟΥ
ΒΑΣΙΛΗΣ ΚΕΔΙΚΟΔΛΟΥ
ΒΑΣΙΛΗΣ ΚΕΔΙΚΟΛΓΟΥ
ΒΑΣΙΛΗΣ ΚΕΔΙΚΟΥΓΛΟΥ
ΒΑΣΙΛΗΣ ΚΟΝΤΟΓΙΑΝΝΟΠΟΥΛΟΣ
ΒΑΣΙΛΗΣ ΚΟΡΚΟΛΟΠΟΥΛΟΣ
ΒΑΣΙΛΗΣ ΜΙΧΑΛΟΛΙΑΚΟΣ
ΒΑΣΙΛΗΣ ΤΣΙΠΡΑΣ
ΒΑΣΙΛΙΚΗ ΑΡΑΠΗ
ΒΑΣΙΛΙΚΗ ΑΡΑΠΗ ΚΑΡΑΓΙΑΝΝΗ
ΒΑΣΙΛΙΣΣΑ ΤΗΣ ΔΑΝΙΑΣ
ΒΑΣΛΗΣ ΚΟΝΤΟΓΙΑΝΝΟΠΟΥΛΟΣ
ΒΑΣΩ ΠΑΠΑΝΔΡΕΟΥ
ΒΙΟΛΟΓΙΑΣ ΚΑΙ ΙΑΤΡΙΚΗΣ
ΒΟΥΛΕΥΤΗΣ ΔΡΑΜΑΣ ΔΡΑΜΑ
ΒΡΥΞΕΛΛΕΣ ΚΟΙΝ
ΒΥΡΩΝ ΠΟΛΥΔΩΡΑΣ
ΓIΩΡΓΟΣ ΑΔΑΜΟΠΟΥΛΟΣ
ΓΕΝΙΚΟ ΣΥΝΟΛΟ
ΓΕΡΑΣΙΜΟΣ ΑΡΣΕΝΗΣ
ΓΕΡΑΣΙΜΟΣ ΓΙΑΚΟΥΜΑΤΟΣ
ΓΕΩΡΓIΟΣ ΡΟΚΟΣ
ΓΕΩΡΓΙΟΣ ΑΔΑΜΟΠΟΥΛΟΣ
ΓΕΩΡΓΙΟΣ ΑΛΕΞΟΠΟΥΛΟΣ
ΓΕΩΡΓΙΟΣ ΑΛΟΓΚΟΣΚΟΥΦΗΣ
ΓΕΩΡΓΙΟΣ ΑΛΟΓΟΣΚΟΥΦΗΣ
ΓΕΩΡΓΙΟΣ ΑΜΠΑΤΖΟΓΛΟΥ
ΓΕΩΡΓΙΟΣ ΑΝΩΜΕΡΙΤΗΣ
ΓΕΩΡΓΙΟΣ ΒΛΑΧΟΣ
ΓΕΩΡΓΙΟΣ ΒΟΥΓΛΑΡΑΚΗΣ
ΓΕΩΡΓΙΟΣ ΒΟΥΛΓΑΡΑΚΗΣ
ΓΕΩΡΓΙΟΣ ΒΟΥΡΓΑΡΑΚΗΣ
ΓΕΩΡΓΙΟΣ ΓΑΡΟΥΦΑΛΙΑΣ
ΓΕΩΡΓΙΟΣ ΓΑΡΥΦΑΛΛΙΑΣ
ΓΕΩΡΓΙΟΣ ΓΕΩΡΓΑΚΟΠΟΥΛΟΣ
ΓΕΩΡΓΙΟΣ ΔΑΣΚΑΛΑKHΣ
ΓΕΩΡΓΙΟΣ ΔΑΣΚΑΛΑΚΗΣ
ΓΕΩΡΓΙΟΣ ΔΕΙΚΤΆΚΗΣ
ΓΕΩΡΓΙΟΣ ΔΕΙΚΤΑΚΗΣ
ΓΕΩΡΓΙΟΣ ΘΩΜΑΣ
ΓΕΩΡΓΙΟΣ ΚΑΛΑΝΤΖΗΣ
ΓΕΩΡΓΙΟΣ ΚΑΛΟΣ
ΓΕΩΡΓΙΟΣ ΚΑΡΑΣΜΑΝΗΣ
ΓΕΩΡΓΙΟΣ ΚΑΡΑΤΑΣΟΣ
ΓΕΩΡΓΙΟΣ ΚΑΡΑΤΖΑΦΕΡΗΣ
ΓΕΩΡΓΙΟΣ ΚΑΤΣΙΜΠΑΡΔΗΣ
ΓΕΩΡΓΙΟΣ ΚΙΡΚΟΣ
ΓΕΩΡΓΙΟΣ ΚΟΝΤΟΓΙΑΝΝΗΣ
ΓΕΩΡΓΙΟΣ ΚΩΝΣΤΑΝΤΌΠΟΥΛΟΣ
ΓΕΩΡΓΙΟΣ ΚΩΝΣΤΑΝΤΟΠΟΥΛΟΣ
ΓΕΩΡΓΙΟΣ ΚΩΣΤΑΝΤΟΠΟΥΛΟΣ
ΓΕΩΡΓΙΟΣ ΛΙΑΝΗΣ
ΓΕΩΡΓΙΟΣ ΝΤΟΛΙΟΣ
ΓΕΩΡΓΙΟΣ ΟΡΦΑΝΟΣ
ΓΕΩΡΓΙΟΣ ΠΑΝΑΓΙΩΤΟΠΟΥΛΟΣ
ΓΕΩΡΓΙΟΣ ΠΑΠΑΓΕΩΡΓΙΟΥ
ΓΕΩΡΓΙΟΣ ΡΟΚΚΟΣ
ΓΕΩΡΓΙΟΣ ΡΟΚΟΣ
ΓΕΩΡΓΙΟΣ ΡΩΜΑΙΟΣ
ΓΕΩΡΓΙΟΣ ΣΑΛΑΓΚΟΥΔΗΣ
ΓΕΩΡΓΙΟΣ ΣΟΥΡΛΑΣ
ΓΕΩΡΓΙΟΣ ΣΟΥΦΛΙΑΣ
ΓΕΩΡΓΙΟΣ ΤΖΙΤΖΙΚΩΣΤΑΣ
ΓΕΩΡΓΙΟΣ ΤΡΙΦΩΝΙΔΗΣ
ΓΕΩΡΓΙΟΣ ΤΡΥΦΩΝΙΔΗΣ
ΓΕΩΡΓΙΟΣ ΤΣΑΦΟΥΛΙΑΣ
ΓΕΩΡΓΙΟΣ ΤΣΟΥΡΝΟΣ
ΓΕΩΡΓΙΟΣ ΧΟΥΡΜΟΥΖΙΑΔΗΣ
ΓΕΩΡΓΙΟΣ ΨAΧΑΡΟΠΟΥΛΟΣ
ΓΕΩΡΓΙΟΣ ΨΑΧΑΡΟΠΟΥΛΟΣ
ΓΕΩΡΓΟΣ ΒΛΑΧΟΣ
ΓΕΩΡΙΟΣ ΚΑΛΟΣ
ΓΕΩΡΙΟΣ ΟΡΦΑΝΟΣ
ΓΙΑΝΝΗ ΖΑΦΕΙΡΟΠΟΥΛΟΣ
ΓΙΑΝΝΗΣ ΖΑΦΕΙΡΟΠΟΥΛΟΣ
ΓΙΑΝΝΗΣ ΚΑΨΗΣ
ΓΙΑΝΝΗΣ ΚΟΥΤΣΟΥΚΟΣ
ΓΙΑΝΝΗΣ ΠΑΤΑΚΗΣ
ΓΙΑΝΝΗΣ ΠΟΤΤΑΚΗΣ
ΓΙΑΝΝΗΣ ΣΟΥΛΑΔΑΚΗΣ
ΓΙΑΝΝΗΣ ΤΣΕΚΟΥΡΑΣ
ΓΙΑΝΝΗΣ ΧΩΜΑΤΑΣ
ΓΙΩΡΓΙΟΣ ΑΔΑΜΟΠΟΥΛΟΣ
ΓΙΩΡΓΙΟΣ ΚΑΤΣΙΜΠΑΡΔΗΣ
ΓΙΩΡΓΟΣ ΑΔΑΜΟΠΟΥΛΟΣ
ΓΙΩΡΓΟΣ ΚΑΡΑΣΜΑΝΗΣ
ΓΙΩΡΓΟΣ ΚΑΤΣΙΜΠΑΡΔΗ
ΓΙΩΡΓΟΣ ΚΑΤΣΙΜΠΑΡΔΗΣ
ΓΚΑΛΗΠ ΓΚΑΛΗΠ
ΓΡΗΓΟΡΗΣ ΝΙΩΤΗΣ
ΓΡΗΓΟΡΙΟΣ ΝΙΩΤΗΣ
ΔΗΛΙΖΩ ΤΜΗΜΑ
ΔΗΜΗΡΙΟΣ ΣΙΟΥΦΑΣ
ΔΗΜΗΤΡΗΣ ΚΑΤΣΙΚΟΠΟΥΛΟΣ
ΔΗΜΗΤΡΗΣ ΚΟΥΣΕΛΑΣ
ΔΗΜΗΤΡΗΣ ΚΡΕΜΑΣΤΙΝΟΣ
ΔΗΜΗΤΡΗΣ ΚΩΣΤΟΠΟΥΛΟΣ
ΔΗΜΗΤΡΗΣ ΠΙΠΕΡΓΙΑΣ
ΔΗΜΗΤΡΗΣ ΣΑΡΡΗΣ
ΔΗΜΗΤΡΗΣ ΧΡΙΣΤΟΦΙΛΟΓΙΑΝΝΗΣ
ΔΗΜΗΤΡΙΟΣ ΑΛΑΜΠΑΝΟΣ
ΔΗΜΗΤΡΙΟΣ ΑΠΟΣΤΟΛΑΚΗΣ
ΔΗΜΗΤΡΙΟΣ ΒΑΡΒΑΡΙΓΟΣ
ΔΗΜΗΤΡΙΟΣ ΓΕΩΡΓΑΚΟΠΟΥΛΟΣ
ΔΗΜΗΤΡΙΟΣ ΓΕΩΡΓΟΠΟΥΛΟΣ
ΔΗΜΗΤΡΙΟΣ ΘΑΝΟΣ
ΔΗΜΗΤΡΙΟΣ ΚΑΤΣΙΚΟΠΟΥΛΟΣ
ΔΗΜΗΤΡΙΟΣ ΚΟΣΣΥΒΑΚΗΣ
ΔΗΜΗΤΡΙΟΣ ΚΟΥΣΕΛΑΣ
ΔΗΜΗΤΡΙΟΣ ΚΟΥΤΣΟΓΙΩΡΓΑΣ
ΔΗΜΗΤΡΙΟΣ ΚΡΕΜΑΣΤΙΝΟΣ
ΔΗΜΗΤΡΙΟΣ ΚΩΣΤΟΠΟΥΛΟΣ
ΔΗΜΗΤΡΙΟΣ ΛΙΝΤΖΕΡΗΣ
ΔΗΜΗΤΡΙΟΣ Ν ΚΩΣΤΟΠΟΥΛΟΣ
ΔΗΜΗΤΡΙΟΣ ΝΤΟΥΣΚΑΣ
ΔΗΜΗΤΡΙΟΣ ΠΑΝΤΕΡΜΑΛΗΣ
ΔΗΜΗΤΡΙΟΣ ΠΙΠΕΡΓΙΑΣ
ΔΗΜΗΤΡΙΟΣ ΡΕΠΠΑΣ
ΔΗΜΗΤΡΙΟΣ ΣΑΡΡΗΣ
ΔΗΜΗΤΡΙΟΣ ΣΙΟΥΦΑΣ
ΔΗΜΗΤΡΙΟΣ ΤΣΕΤΙΝΕΣ
ΔΗΜΗΤΡΙΟΣ ΤΣΙΟΓΚΑΣ
ΔΗΜΗΤΡΙΟΣ ΤΣΟΒΟΛΑΣ
ΔΗΜΗΤΡΙΟΣ ΧΡΙΣΤΟΦΙΛΟΓΙΑΝΝΗΣ
ΔΗΜΗΤΡΤΟΣ ΣΙΟΥΦΑΣ
ΔΗΜΟΚΡΑΤΙΑΣ ΤΗΣ ΓΕΡΜΑΝΙΑΣ
ΔΗΜΟΚΡΑΤΙΑ ΤΗΣ ΓΕΩΡΓΙΑΣ
ΔΗΜΟΣΘΕΝΗΣ ΤΣΙΑΜΑΚΗΣ
ΔΗΜΟΣΙΑΣ ΔΙΟΙΚΗΣΗΣ ΠΡΟΣ
ΔΗΜΤΡΙΟΣ ΣΙΟΥΦΑΣ
ΔΗΝΗΤΡΙΟΣ ΓΕΩΡΓΑΚΟΠΟΥΛΟΣ
ΔΙΑΚΑΝΟΝΙΣΜΟΥ ΤΗΣ ΔΙΑΦΟΡΑΣ
ΔΙΕΥΘΥΝΣΗ ΜΕΛΕΤΩΝ ΤΜΗΜΑ
ΔΙΟΝΥΣΙΟΣ ΓΚΟΥΣΚΟΣ
ΔΜΗΤΡΙΟΣ ΣΙΟΥΦΑΣ
ΔΟΥΞ ΤΟΥ ΛΟΥΞΕΜΒΟΥΡΓΟΥ
ΕMΜΑΝΟΥΗΛ ΚΕΦΑΛΟΓΙΑΝΝΗΣ
ΕΚΘΕΣΗ ΕΛΕΓΧΟΥ ΘΕΜΑ
ΕΚΤΟΡΑΣ ΝΑΣΙΩΚΑΣ
ΕΚΤΩΡΑΣ ΝΑΣΙΩΚΑΣ
ΕΚΤΩΡ ΝΑΣΙΩΚΑΣ
ΕΛIΣΑBET ΠΑΠΑΔΗΜΗΤΡΙΟΥ
ΕΛΕΓΧΟΥ FAX
ΕΛΕΝΑ ΚΟΥΝΤΟΥΡΑ
ΕΛΕΝΗ ΑΝΟΥΣΑΚΗ
ΕΛΕΝΗ ΚΟΥΡΚΟΥΛΑ
ΕΛΕΥΘΕΡΙΟΣ ΒΕΝΙΖΕΛΟΣ
ΕΛΕΥΘΕΡΙΟΣ ΒΕΡΥΒΑΚΗΣ
ΕΛΕΥΘΕΡΙΟΣ ΠΑΠΑΓΕΩΡΓΟΠΟΥΛΟΣ
ΕΛΕΥΘΕΡΙΟΣ ΠΑΠΑΝΙΚΟΛΑΟΥ
ΕΛΕΥΘΕΡΙΟΣ ΤΖΙΟΛΑΣ
ΕΛΕΥΘΕΡΙΟΣ ΤΣΙΟΛΑΣ
ΕΛΕΩΝΟΡΑ ΚΑΤΣΕΛΗ
ΕΛΙΣΑΒΕΤ ΠΑΠΑΔΗΜΗΤΡΙΟΥ
ΕΛΙΣΑΒΕΤ ΠΑΠΑΖΩΗ
ΕΛΙΣΣΑΒΕΤ ΠΑΠΑΔΗΜΗΤΡΙΟΥ
ΕΛΠΙΔΑ ΤΣΟΥΡΗ
ΕΛΣΑ ΠΑΠΑΔΗΜΗΤΡΙΟΥ
ΕΜΑΝΝΟΥΗΛ ΚΕΦΑΛΟΓΙΑΝΝΗΣ
ΕΜΑΝΟΥΗΛ ΚΕΦΑΛΟΓΙΑΝΝΗΣ
ΕΜΜΑΜΝΟΥΗΛ ΚΕΦΑΛΟΓΙΑΝΝΗΣ
ΕΜΜΑΜΝΟΥΗΛ ΣΤΡΑΤΑΚΗΣ
ΕΜΜΑΝΟΥΗΛ ΚΑΡΧΙΜΑΚΗΣ
ΕΜΜΑΝΟΥΗΛ ΚΕΦΑΛΛΟΓΙΑΝΝΗΣ
ΕΜΜΑΝΟΥΗΛ ΚΕΦΑΛΟΓΙΑΝΝΗΣ
ΕΜΜΑΝΟΥΗΛ ΛΟΥΚΑΚΗΣ
ΕΜΜΑΝΟΥΗΛ ΜΠΕΝΤΕΝΙΩΤΗΣ
ΕΜΜΑΝΟΥΗΛ ΜΠΕΤΕΝΙΩΤΗΣ
ΕΜΜΑΝΟΥΗΛ ΟΘΩΝΑΣ
ΕΜΜΑΝΟΥΗΛ ΣΚΟΥΛΑΚΗΣ
ΕΜΜΑΝΟΥΗΛ ΣΤΡΑΤΑΚΗΣ
ΕΜΜΑΝΟΥΗΛ ΦΡΑΓΚΙΑΔΟΥΛΑΚΗΣ
ΕΝΑΣ ΒΟΥΛΕΥΤΗΣ
ΕΝΗΜΕΡΩΤΙΚΟ ΣΗΜΕΙΩΜΑ ΘΕΜΑ
ΕΝΤΥΠΟ ΣΗΜΑΤΟΣ ΑΠΟ
ΕΞΠΡΕΣ ΣΑΜΙΝΑ
ΕΠΑΜΕΙΝΩΝΔΑΣ ΖΑΦΕΙΡΟΠΟΥΛΟΣ
ΕΠΑΝΕΙΝΩΝΔΑΣ ΖΑΦΕΙΡΟΠΟΥΛΟΣ
ΕΠΙΚΥΡΩΣΗ ΠΡΑΚΤΙΚΩΝ
ΕΠΙΚΥΡΩΣΗ ΤΩΝ ΓΡΑΜΜΑΤΙΩΝ
ΕΠΙ ΤΩΝ ΚΑΤΩΤΕΡΩ
ΕΡΩΤΗΣΕΩΝ ΑΝΕΣΤΗΣ ΑΓΓΕΛΗΣ
ΕΥΑΓΓΓΕΛΟΣ ΜΠΑΣΙΑΚΟΣ
ΕΥΑΓΓΕΛΙΑ ΣΧΟΙΝΑΡΑΚΗ
ΕΥΑΓΓΕΛΟΣ ΑΠΟΣΤΟΛΟΥ
ΕΥΑΓΓΕΛΟΣ ΑΡΓΥΡΗΣ
ΕΥΑΓΓΕΛΟΣ ΒΕΝΙΖΕΛΟΣ
ΕΥΑΓΓΕΛΟΣ ΒΛΑΣΣΟΠΟΥΛΟΣ
ΕΥΑΓΓΕΛΟΣ ΓΙΑΝΝΟΠΟΥΛΟΣ
ΕΥΑΓΓΕΛΟΣ ΜΑΛΕΣΙΟΣ
ΕΥΑΓΓΕΛΟΣ ΜΕΙΜΑΡΑΚΗΣ
ΕΥΑΓΓΕΛΟΣ ΜΕΪΜΑΡΑΚΗΣ
ΕΥΑΓΓΕΛΟΣ ΜΠΑΣΙΑΚΟΣ
ΕΥΑΓΓΕΛΟΣ ΜΠΑΣΙΚΟΣ
ΕΥΑΓΓΕΛΟΣ ΜΠΟΥΤΑΣ
ΕΥΑΓΓΕΛΟΣ ΜΠΟΥΤΗΣ
ΕΥΑΓΓΕΛΟΣ ΠΑΠΑΧΡΗΣΤΟΣ
ΕΥΑΓΓΕΛΟΣ ΠΑΠΑΧΡΗΣΤΟΥ
ΕΥΑΓΓΕΛΟΣ ΠΟΛΥΖΟΣ
ΕΥΑΓΓΕΛΟΣ ΣΤΑΙΚΟΣ
ΕΥΑΓΓΕΛΟΣ ΣΤΑΪΚΟΣ
ΕΥΑΓΕΛΟΣ ΜΠΟΥΤΑΣ
ΕΥΓΕΝΙΟΣ ΧΑΙΤΙΔΗΣ
ΕΥΓΕΝΙΟΣ ΧΑΪΔΗΣ
ΕΥΓΕΝΙΟΣ ΧΑΪΤΙΔΗΣ
ΕΥΡΙΠΙΔΗΣ ΣΤΥΛΙΑΝΙΔΗΣ
ΕΥΡΥΠΙΔΗΣ ΣΤΥΛΙΑΝΙΔΗΣ
ΕΥΣΤΑΘΙΟΣ ΚΟΥΤΜΕΡΙΔΗΣ
ΕΥΤΥΧHΣ ΚΟΝΤΟΜΑΡΗΣ
ΕΥΤΥΧIOΣ ΚΟΝΤΟΜΑΡΗΣ
ΕΥΤΥΧΗΣ ΚΟΝΤΟΜΑΡΗΣ
ΕΥΤΥΧΙΟΣ ΔΑΜΙΑΝΑΚΗΣ
ΕΥΤΥΧΙΟΣ ΚΟΝΤΟΜΑΡΗΣ
ΖΕΤΑ ΜΑΚΡΗ
ΖΕΤΤΑ ΜΑΚΡΗ
ΖΩΗ ΜΑΚΡΗ
ΗΛΙΑΣ ΒΕΖΔΡΕΒΑΝΗΣ
ΗΛΙΑΣ ΒΕΖΡΕΒΑΝΗΣ
ΗΛΙΑΣ ΒΛΑΧΟΠΟΥΛΟΣ
ΗΛΙΑΣ ΚΑΛΙΩΡΑΣ
ΗΛΙΑΣ ΚΑΛΛΙΩΡΑΣ
ΗΛΙΑΣ ΠΑΠΑΔΟΠΟΥΛΟΣ
ΗΛΙΑΣ ΠΑΠΑΗΛΙΑΣ
ΗΛΙΑΣ ΦΩΤΙΑΔΗΣ
Η ΟΝΕ
ΘΑΛΑΣΣΙΝΟΣ ΘΑΛΑΣΣΙΝΟΣ
ΘΑΝΟΣ ΜΩΡΑΪΤΗΣ
ΘΕΟΔΩΡΑ ΜΠΑΚΟΓΙΑΝΝΗ
ΘΕΟΔΩΡΑ ΜΠΑΚΟΓΙΑΝΝΗΣ
ΘΕΟΔΩΡΑ ΤΖΑΚΡΗ
ΘΕΟΔΩΡΟΣ ΑΝΑΓΝΩΣΤΟΠΟΥΛΟΣ
ΘΕΟΔΩΡΟΣ ΓΕΩΡΓΙΑΔΗΣ
ΘΕΟΔΩΡΟΣ ΔΑΜΙΑΝΟΣ
ΘΕΟΔΩΡΟΣ ΔΙΑΜΙΑΝΟΣ
ΘΕΟΔΩΡΟΣ ΚΑΣΣΙΜΗΣ
ΘΕΟΔΩΡΟΣ ΚΑΤΣΑΝΕΒΑΣ
ΘΕΟΔΩΡΟΣ ΚΑΤΣΙΚΗΣ
ΘΕΟΔΩΡΟΣ ΚΟΚΕΛΙΔΗΣ
ΘΕΟΔΩΡΟΣ ΚΟΚΚΕΛΙΔΗΣ
ΘΕΟΔΩΡΟΣ ΚΟΛΙΟΠΑΝΟΣ
ΘΕΟΔΩΡΟΣ ΚΟΤΣΩΝΗΣ
ΘΕΟΔΩΡΟΣ ΠΑΓΚΑΛΟΣ
ΘΕΟΔΩΡΟΣ ΠΑΣΣΑΛΙΔΗΣ
ΘΕΟΔΩΡΟΣ ΣΚΡEΚΑΣ
ΘΕΟΔΩΡΟΣ ΣΚΡΕΚΑΣ
ΘΕΟΔΩΡΟΣ ΣΤΑΘΗΣ
ΘΕΟΔΩΡΟΣ ΤΣΟΥΚΑΤΟΣ
ΘΕΟΦΑΝΗΣ ΔΗΜΟΣΧΑΚΗΣ
ΘΕΟΦΙΛΟΣ ΒΑΣΙΛΕΙΟΥ
ΘΕΟΦΙΛΟΣ ΛΕΟΝΤΑΡΙΔΗΣ
ΘΕΟΧΑΡΗΣ ΤΣΙΟΚΑΣ
ΘΕΩΡΟΣ ΔΑΜΙΑΝΟΣ
ΘΟΔΩΡΟΣ ΚΑΣΣΙΜΗΣ
ΘΟΔΩΡΟΣ ΚΟΛΙΟΠΑΝΟΣ
ΘΟΕΔΩΡΟΣ ΚΟΛΙΟΠΑΝΟΣ
ΙΑΩΝΝΗΣ ΜΑΓΚΡΙΩΤΗΣ
ΙΛΧΑΝ ΑΧΜΕΤ
ΙΟΡΔΑΝΗΣ ΤΖΑΜΤΖΗΣ
ΙΟΡΔΑΝΗΣ ΤΣΑΜΤΖΗΣ
ΙΩΑΝΝΗΣ ΑΝΘΟΠΟΥΛΟΣ
ΙΩΑΝΝΗΣ ΑΡΑΠΗΣ
ΙΩΑΝΝΗΣ ΒAΙΝΑΣ
ΙΩΑΝΝΗΣ ΒΑΘΕΙΑΣ
ΙΩΑΝΝΗΣ ΒΑΙΝΑΣ
ΙΩΑΝΝΗΣ ΒΑΡΒΙΣΤΙΩΤΗΣ
ΙΩΑΝΝΗΣ ΒΑΡΒΙΤΣΙΩΤΗΣ
ΙΩΑΝΝΗΣ ΒΑΡΒΤΣΙΩΤΗΣ
ΙΩΑΝΝΗΣ ΒΑΪΝΑΣ
ΙΩΑΝΝΗΣ ΒΛΑΤΗΣ
ΙΩΑΝΝΗΣ ΓΙΑΝΝΑΚΗΣ
ΙΩΑΝΝΗΣ ΓΙΑΝΝΑΚΟΠΟΥΛΟΣ
ΙΩΑΝΝΗΣ ΓΙΑΝΝΕΛΗΣ
ΙΩΑΝΝΗΣ ΓΙΑΝΝΕΛΛΗΣ
ΙΩΑΝΝΗΣ ΔΗΜΑΡΑΣ
ΙΩΑΝΝΗΣ ΔΙΑΜΑΝΤΙΔΗΣ
ΙΩΑΝΝΗΣ ΔΡΑΓΑΓΑΚΗΣ
ΙΩΑΝΝΗΣ ΔΡΑΓΑΣΑΚΗΣ
ΙΩΑΝΝΗΣ ΖΑΦΕΙΡΟΠΟΥΛΟΣ
ΙΩΑΝΝΗΣ ΖΙΑΓΚΑΣ
ΙΩΑΝΝΗΣ ΘΩΜΟΠΟΥΛΟΣ
ΙΩΑΝΝΗΣ ΚΑΛΑΜΑΚΙΔΗΣ
ΙΩΑΝΝΗΣ ΚΑΛΟΓΙΑΝΝΗΣ
ΙΩΑΝΝΗΣ ΚΑΡΑΚΩΣΤΑΣ
ΙΩΑΝΝΗΣ ΚΑΨΗΣ
ΙΩΑΝΝΗΣ ΚΕΦΑΛΟΓΙΑΝΝΗΣ
ΙΩΑΝΝΗΣ ΚΟΥΡΑΚΗΣ
ΙΩΑΝΝΗΣ ΚΟΥΤΣΟΥΚΟΣ
ΙΩΑΝΝΗΣ ΚΩΝΣΤΑΝΤΙΝΙΔΗΣ
ΙΩΑΝΝΗΣ ΛΑΜΠΡΟΠΟΥΛΟΣ
ΙΩΑΝΝΗΣ ΜΑΓΚΡΙΩΤΗΣ
ΙΩΑΝΝΗΣ ΜΑΓΡΙΩΤΗΣ
ΙΩΑΝΝΗΣ ΜΑΓΡΚΙΩΤΗΣ
ΙΩΑΝΝΗΣ ΜΑΝΙΑΤΗΣ
ΙΩΑΝΝΗΣ ΜΠΟΥΓΑΣ
ΙΩΑΝΝΗΣ ΠΑΠΑΔΑΤΟΣ
ΙΩΑΝΝΗΣ ΠΑΠΑΔΗΜΟΠΟΥΛΟΣ
ΙΩΑΝΝΗΣ ΠΑΠΑΘΑΝΑΣΙΟΥ
ΙΩΑΝΝΗΣ ΠΑΤΑΚΗΣ
ΙΩΑΝΝΗΣ ΠΟΤΤΑΚΗΣ
ΙΩΑΝΝΗΣ ΣΚΟΥΛΑΡΙΚΗΣ
ΙΩΑΝΝΗΣ ΤΖΑΜΤΖΗΣ
ΙΩΑΝΝΗΣ ΤΖΟΑΝΝΟΣ
ΙΩΑΝΝΗΣ ΤΖΩΑΝΝΟΣ
ΙΩΑΝΝΗΣ ΤΡΑΓΑΚΗΣ
ΙΩΑΝΝΗΣ ΤΣΑΚΛΙΔΗΣ
ΙΩΑΝΝΗΣ ΤΣΕΚΟΥΡΑΣ
ΙΩΑΝΝΗΣ ΧΑΡΑΛΑΜΠΟΠΟΥΛΟΣ
ΙΩΑΝΝΗΣ ΧΑΡΑΛΑΜΠΟΥΣ
ΙΩΑΝΝΗΣ ΧΩΜΑΤΑΣ
ΙΩΑΝΝΝΗΣ ΒΑΡΒΙΤΣΙΩΤΗΣ
ΙΩΑΝΝΝΗΣ ΓΙΑΝΝΑΚΟΠΟΥΛΟΣ
ΙΩΝΝΗΣ ΔΗΜΑΡΑΣ
ΙΩΝΝΗΣ ΚΟΥΤΣΟΥΚΟΣ
ΙΩΣΗΦ ΒΑΛΥΡΑΚΗΣ
ΙΩΣΗΦ ΜΙΧΕΛΟΓΙΑΝΝΗ
ΙΩΣΗΦ ΜΙΧΕΛΟΓΙΑΝΝΗΣ
ΚIΜΩΝ ΚΟΥΛΟΥΡΗΣ
ΚΑΙ ΒΟΡΕΙΑΣ ΙΡΛΑΝΔΙΑΣ
ΚΑΙ ΕΙΔΙΚΟ
ΚΑΙ ΚΩΔΙΚΟΠΟΙΗΣΗΣ ΠΡΟΣ
ΚΑΙ ΠΕΙΡΑΙΑ ΚΟΙΝ
ΚΑΙ ΠΡΟΥΠΟΛΟΓΙΣΜΟΥ ΔΙΕΥΘΥΝΣΗ
ΚΑΝΕΛΛΟΣ ΛΑΛΟΣ
ΚΑΠΟΙΟΣ ΒΟΥΛΕΥΤΗΣ
ΚΑΡΟΛΟΣ ΠΑΠΟΥΛΙΑΣ
ΚΑΤΕΡΙΝΑ ΠΕΡΛΕΠΕ
ΚΙΜΩΝΑΣ ΚΟΥΛΟΥΡΗΣ
ΚΙΜΩΝ ΚΟΥΛΟΥΡΗΣ
ΚΙΡΚΟΣ ΓΕΩΡΓΙΟΣ
ΚΟΣΜΑΣ ΣΦΥΡΙΟΥ
ΚΟΣΜΑΣ ΣΦΥΦΙΟΥ
ΚΡΙΝΙΩ ΚΑΝΕΛΛΟΠΟΥΛΟΥ
ΚΡΙΝΙΩ ΚΑΝΕΛΟΠΟΥΛΟΥ
ΚΥΡΙΑΚΟΣ ΣΠΟΥΡΙΟΥΝΗΣ
ΚΥΡΙΑΚΟΣ ΣΠΥΡΙΟΥΝΗΣ
ΚΩΝΙΣΤΑΝΤΙΝΟΣ ΚΑΪΣΕΡΛΗΣ
ΚΩΝΣTΑΝΤΙΝΟΣ ΜΗΤΣΟΤΑΚΗΣ
ΚΩΝΣΤΑΝΙΝΟΣ ΜΗΤΣΟΤΑΚΗΣ
ΚΩΝΣΤΑΝΤIΝΟΣ ΜΗΤΣΟΤΑΚΗΣ
ΚΩΝΣΤΑΝΤΑΝΤΙΝΟΣ ΜΗΤΣΟΤΑΚΗΣ
ΚΩΝΣΤΑΝΤΙΝΟΣ ΑΓΟΡΑΣΤΟΣ
ΚΩΝΣΤΑΝΤΙΝΟΣ ΒΡΕΤΤΟΣ
ΚΩΝΣΤΑΝΤΙΝΟΣ ΔΙΑΜΑΝΤΗΣ
ΚΩΝΣΤΑΝΤΙΝΟΣ ΖΑΧΑΡΑΚΗΣ
ΚΩΝΣΤΑΝΤΙΝΟΣ ΚΑΙΣΕΡΛΗΣ
ΚΩΝΣΤΑΝΤΙΝΟΣ ΚΑΡΑΜΗΝΑΣ
ΚΩΝΣΤΑΝΤΙΝΟΣ ΚΑΡΑΜΠΙΝΑΣ
ΚΩΝΣΤΑΝΤΙΝΟΣ ΚΑΡΡΑΣ
ΚΩΝΣΤΑΝΤΙΝΟΣ ΚΑΪΣΕΡΛΗΣ
ΚΩΝΣΤΑΝΤΙΝΟΣ ΚΙΛΤΙΔΗΣ
ΚΩΝΣΤΑΝΤΙΝΟΣ ΜΗΤΣΟΤΑΚΗΣ
ΚΩΝΣΤΑΝΤΙΝΟΣ ΜΠΑΝΤΟΥΒΑΣ
ΚΩΝΣΤΑΝΤΙΝΟΣ ΠΑΠΑΛΕΞΗΣ
ΚΩΝΣΤΑΝΤΙΝΟΣ ΡΟΒΛΙΑΣ
ΚΩΝΣΤΑΝΤΙΝΟΣ ΣΗΜΑΙΟΦΟΡΙΔΗΣ
ΚΩΝΣΤΑΝΤΙΝΟΣ ΣΚΑΝΔΑΛΙΔΗΣ
ΚΩΝΣΤΑΝΤΙΝΟΣ ΣΠΗΛΙΟΠΟΥΛΟΣ
ΚΩΝΣΤΑΝΤΙΝΟΣ ΣΠΗΛΙΩΤΟΠΟΥΛΟΣ
ΚΩΝΣΤΑΝΤΙΝΟΣ ΣΤΕΦΑΝΗΣ
ΚΩΝΣΤΑΝΤΙΝΟΣ ΤΑΣΟΥΛΑΣ
ΚΩΝΣΤΑΝΤΙΝΟΣ ΤΣΙΜΑΣ
ΚΩΝΣΤΑΝΤΙΝΟΣ ΤΣΙΠΛΆΚΗΣ
ΚΩΝΣΤΑΝΤΙΝΟΣ ΤΣΙΠΛΑΚΗΣ
ΚΩΝΣΤΑΝΤΙΝΟΣ ΤΣΙΠΛΑΚΟΣ
ΚΩΝΣΤΑΝΤΙΝΟΣ ΦΛΩΡΟΣ
ΚΩΝΣΤΑΝΤΙΟΣ ΜΗΤΣΟΤΑΚΗΣ
ΚΩΝΤΑΝΤΙΝΟΣ ΜΗΤΣΟΤΑΚΗΣ
ΚΩΣΝΑΝΤΙΝΟΣ ΜΗΤΣΟΤΑΚΗΣ
ΚΩΣΝΣΤΑΝΤΙΝΟΣ ΜΗΤΣΟΤΑΚΗΣ
ΚΩΣΝΤΑΝΤΙΝΟΣ ΜΗΤΣΟΤΑΚΗΣ
ΚΩΣΝΤΑΝΤΙΝΟΣ ΣΗΜΑΙΟΦΟΡΙΔΗΣ
ΚΩΣΤΑΝΤΙΝΟΣ ΜΗΤΣΟΤΑΚΗΣ
ΚΩΣΤΑΣ ΚΑΡΡΑΣ
ΛΑΖΑΡΟΣ ΛΩΤΙΔΗΣ
ΛΑΜΠΡΟΣ ΚΑΝΕΛΛΟΠΟΥΛΛΟΣ
ΛΑΜΠΡΟΣ ΚΑΝΕΛΛΟΠΟΥΛΟΣ
ΛΑΜΠΡΟΣ ΠΑΠΑΔΗΜΑΣ
ΛΑΦΑΖΑΝΗΣ ΠΑΝΑΓΙΩΤΗΣ
ΛΕΥTΕΡHΣ ΠΑΠΑΓΕΩΡΓΟΠΟΥΛΟΣ
ΛΕΥΡΕΡΗΣ ΠΑΠΑΓΕΩΡΓΟΥΛΟΣ
ΛΕΥΤΕΡΗΣ ΠΑΓΕΩΡΓΟΠΟΥΛΟΣ
ΛΕΥΤΕΡΗΣ ΠΑΠΑΓΕΩΡΓΟΠΟΥΛΟΣ
ΛΕΩΝΙΔΑΣ ΓΡΗΓΟΡΑΚΟΣ
ΛΕΩΝΙΔΑΣ ΓΡΗΡΟΡΑΚΟΣ
ΛΕΩΝΙΔΑΣ ΚΟΥΡΗΣ
ΛΕΩΝΙΔΑΣ ΛΥΜΠΕΡΑΚΙΔΗΣ
ΛΕΩΝΙΔΑΣ ΛΥΜΠΕΡΚΙΔΗΣ
ΛΕΩΝΙΔΑΣ ΤΖΑΝΗΣ
ΛΕΩΝΙΔΗΣ ΚΟΥΡΗΣ
ΛΕΩΝ ΛΥΚΟΥΡΕΖΟΣ
ΛΙΑΝΑ ΚΑΝΕΛΗ
ΛΙΑΝΑ ΚΑΝΕΛΛΗ
ΛΙΑΝΝΑ ΚΑΝΕΛΛΗ
ΛΟΥΚΑΣ ΑΠΟΣΤΟΛΙΔΗΣ
ΛΩΡΟΣ ΚΩΝΣΤΑΝΤΙΝΟΥ
ΜΑΝΟΛΗΣ ΛΟΥΚΑΚΗΣ
ΜΑΝΟΣ ΦΡΑΓΚΙΑΔΟΥΛΑΚΗΣ
ΜΑΝΩΛΗΣ ΚΕΦΑΛΟΓΙΑΝΝΗΣ
ΜΑΝΩΛΗΣ ΛΟΥΚΑΚΗΣ
ΜΑΝΩΛΗΣ ΜΠΕΝΤΕΝΙΩΤΗΣ
ΜΑΞΙΜΟΣ ΧΑΡΑΚΟΠΟΥΛΟΣ
ΜΑΡΙΑ ΑΡΣΕΝΗ
ΜΑΡΙΑ ΔΑΜΑΝΑΚΗ
ΜΑΡΙΑ ΘΩΜΑ
ΜΑΡΙΑ ΚΟΛΛΙΑ ΤΣΑΡΟΥΧΑ
ΜΑΡΙΑ ΚΩΝΣΤΑΝΤΟΠΟΥΛΟΥ
ΜΑΡΙΑ ΜΠΟΣΚΟΥ
ΜΑΡΙΑ ΜΠΟΥΣΚΟΥ
ΜΑΡΙΕΤΑ ΓΙΑΝΝΑΚΟΥ
ΜΑΡΙΕΤΑ ΓΙΑΝΝΑΚΟΥ ΚΟΥΤΣΙΚΟΥ
ΜΑΡΙΕΤΤΑ ΓΙΑΝΑΚΟΥ ΚΟΥΤΣΙΚΟΥ
ΜΑΡΙΕΤΤΑ ΓΙΑΝΝΑΚΟΥ
ΜΑΡΙΕΤΤΑ ΓΙΑΝΝΑΚΟΥ ΚΟΥΤΣΙΚΟΥ
ΜΑΡΙΟΣ ΣΑΛΜΑΣ
ΜΑΡΚΟΣ ΜΠΟΛΑΡΗΣ
ΜΑΡΩ ΚΟΝΤΟΥ
ΜΕΡΙΚΟΙ ΒΟΥΛΕΥΤΕΣ
ΜΗΝΑΣ ΣΤΑΥΡΑΚΑΚΗΣ
ΜΙΛΙΤΑΔΗΣ ΕΒΕΡΤ
ΜΙΛΤΙΑΔΗΣ ΒΑΡΒΙΤΣΙΩΤΗΣ
ΜΙΛΤΙΑΔΗΣ ΒΕΡΡΑΣ
ΜΙΛΤΙΑΔΗΣ ΕΒΕΡΤ
ΜΙΛΤΙΑΔΗΣ ΠΑΠΑΙΩΑΝΝΟΥ
ΜΙΛΤΙΑΔΗΣ ΠΑΠΑΪΩΑΝΝΟΥ
ΜΙΧΑΗΛ ΚΑΡΧΙΜΑΚΗΣ
ΜΙΧΑΗΛ ΛΙΑΠΗΣ
ΜΙΧΑΗΛ ΜΠΕΚΙΡΗΣ
ΜΙΧΑΗΛ ΠΑΝΤΟΥΛΑΣ
ΜΙΧΑΗΛ ΠΑΠΑΔΟΠΟΥΛΟΣ
ΜΙΧΑΗΛ ΣΤΑΘΟΠΟΥΛΟΣ
ΜΙΧΑΗΛ ΧΑΛΚΙΔΗΣ
ΜΙΧΑΗΛ ΧΡΥΣΟΧΟΪΔΗΣ
ΜΙΧΑΛHΣ ΧΑΛΚΙΔΗΣ
ΜΙΧΑΛΗΣ ΚΑΡΧΙΜΑΚΗΣ
ΜΙΧΑΛΗΣ ΜΠΕΚΙΡΗΣ
ΜΙΧΑΛΗΣ ΠΑΝΤΟΥΛΑΣ
ΜΙΧΑΛΗΣ ΠΑΠΑΔΟΠΟΥΛΟΣ
ΜΙΧΑΛΗΣ ΧΑΛΚΙΔΗΣ
ΜΙΧΑΛΗΣ ΧΡΥΣΟΧΟΪΔΗΣ
ΜΙΧΛΗΣ ΚΑΡΧΙΜΑΚΗΣ
ΜΟΣΧΟΣ ΓΙΚΟΝΟΓΛΟΥ
ΜΟΥΣΤΑΦΑ ΜΟΥΣΤΑΦΑ
ΜΠΗΡΟΛ ΑΚΗΦΟΓΛΟΥ
ΜΠΙΡΟΛ ΑΚΗΦΟΓΛΟΥ
ΝΑΣΟΣ ΑΛΕΥΡΑΣ
ΝΑΣΤΑΣΙΟΣ ΝΕΡΑΝΤΖΗΣ
ΝΙΚΗΤΑΣ ΚΑΚΛΑΜΑΝΗΣ
ΝΙΚΟΛΑΛΟΣ ΓΚΑΤΖΗΣ
ΝΙΚΟΛΑΟΣ ΑΓΓΕΛΟΠΟΥΛΟΣ
ΝΙΚΟΛΑΟΣ ΑΚΡΙΒΑΚΗΣ
ΝΙΚΟΛΑΟΣ ΑΚΡΙΤΙΔΗΣ
ΝΙΚΟΛΑΟΣ ΑΝΑΣΤΑΣΟΠΟΥΛΟΣ
ΝΙΚΟΛΑΟΣ ΓΚΑΤΖΗΣ
ΝΙΚΟΛΑΟΣ ΓΚΕΛΕΣΤΑΘΗΣ
ΝΙΚΟΛΑΟΣ ΓΚΕΣOYΛΗΣ
ΝΙΚΟΛΑΟΣ ΓΚΕΣΟΥΛΗΣ
ΝΙΚΟΛΑΟΣ ΖΑΜΠΟΥΝΙΔΗΣ
ΝΙΚΟΛΑΟΣ ΗΛΙΑΔΗΣ
ΝΙΚΟΛΑΟΣ ΚΑΚΚΑΛΟΣ
ΝΙΚΟΛΑΟΣ ΚΑΤΣΑΡΟΣ
ΝΙΚΟΛΑΟΣ ΚΟΚΚΙΝΗΣ
ΝΙΚΟΛΑΟΣ ΚΟΡΤΣΑΡΗΣ
ΝΙΚΟΛΑΟΣ ΛΑΜΠΑΔΑΡΗΣ
ΝΙΚΟΛΑΟΣ ΛΕΒΟΓΙΑΝΝΗΣ
ΝΙΚΟΛΑΟΣ ΛΕΓΚΑΣ
ΝΙΚΟΛΑΟΣ ΝΙΚΟΛΟΠΟΥΛΟΣ
ΝΙΚΟΛΑΟΣ ΠΑΠΑΦΙΛΙΠΠΟΥ
ΝΙΚΟΛΑΟΣ ΠΑΠΑΦΙΛΛΙΠΟΥ
ΝΙΚΟΛΑΟΣ ΣΑΛΑΓΙΑΝΝΗΣ
ΝΙΚΟΛΑΟΣ ΣΑΛΑΓΚΟΥΔΗΣ
ΝΙΚΟΛΑΟΣ ΣΗΦΟΥΝΑΚΗΣ
ΝΙΚΟΛΑΟΣ ΣΤΡΑΤΗΛΑΤΗΣ
ΝΙΚΟΛΑΟΣ ΤΣΙΑΡΤΣΙΩΝΗΣ
ΝΙΚΟΛΑΟΣ ΦΑΡΜΑΚΗΣ
ΝΙΚΟΛΑΟΣ ΦΛΩΡΟΣ
ΝΙΚΟΛΑΟΣ ΧΑΤΖΗΜΙΧΑΛΗΣ
ΝΙΚΟΛΑΟΣ ΧΡΙΣΤΟΔΟΥΛΑΚΗΣ
ΝΙΚΟΛΟΣ ΝΙΚΟΛΟΠΟΥΛΟΣ
ΝΟΡΑ ΚΑΤΣΕΛΗ
ΝΟΣΟΚΟΜΕΙΟ ΚΑΛΑΜΑΤΑΣ
ΞΕΝΟΦΩΝ ΒΕΡΓΙΝΗΣ
ΟΛΟΙ OI BOYΛΕΥΤΕΣ
ΟΛΟΙ OI ΒΟΥΛΕΥΤΕΣ
ΟΛΟΙ ΒΟΥΛΕΥΤΕΣ
ΟΛΟΙ ΟΙ ΒΟΥΛΕΥΤΈΣ
ΟΛΟΙ ΟΙ ΒΟΥΛΕΥΤΕΣ
ΟΛΥΜΠΙΑΚΗ ΑΕΡΟΠΛΟΙΑ FAX
ΟΜΙΛΟΥ ΒΑΒΝ TECHNOLOGIES
Ο ΟΑΕΔ
ΟΟΣΑ ΠΡΟΚΟΠΗΣ ΠΑΥΛΟΠΟΥΛΟΣ
ΟΡΕΣΤΗΣ ΚΟΛΟΖΩΦ
ΟΡΩΝ ΤΗΣ ΣΥΜΒΑΣΗΣ
ΠΑΝΑΓΙΏΤΗΣ ΛΑΦΑΖΑΝΗΣ
ΠΑΝΑΓΙΩΤΗΣ ΑΔΡΑΚΤΑΣ
ΠΑΝΑΓΙΩΤΗΣ ΑΔΡΑΧΤΑΣ
ΠΑΝΑΓΙΩΤΗΣ ΑΝΤΩΝΑΚΟΠΟΥΛΟΣ
ΠΑΝΑΓΙΩΤΗΣ ΚΑΜΜΕΝΟΣ
ΠΑΝΑΓΙΩΤΗΣ ΚΟΣΙΩΝΗΣ
ΠΑΝΑΓΙΩΤΗΣ ΚΟΥΡΟΥMΠΛΗΣ
ΠΑΝΑΓΙΩΤΗΣ ΚΟΥΡΟΥΜΠΛΗΣ
ΠΑΝΑΓΙΩΤΗΣ ΚΡΗΤΙΚΟΣ
ΠΑΝΑΓΙΩΤΗΣ ΛΑΦΑΖΑΝΗΣ
ΠΑΝΑΓΙΩΤΗΣ ΛΟΥΚΑΚΟΣ
ΠΑΝΑΓΙΩΤΗΣ ΜΕΛΑΣ
ΠΑΝΑΓΙΩΤΗΣ ΠΑΝΑΓΙΩΤΟΠΟΥΛΟΣ
ΠΑΝΑΓΙΩΤΗΣ ΡΗΓΑΣ
ΠΑΝΑΓΙΩΤΗΣ ΣΓΟΥΡΙΔΗΣ
ΠΑΝΑΓΙΩΤΗΣ ΣΚΑΝΔΑΛΑΚΗΣ
ΠΑΝΑΓΙΩΤΗΣ ΣΠΥΡΙΟΥΝΗΣ
ΠΑΝΑΓΙΩΤΗΣ ΦΑΣΟΥΛΑΣ
ΠΑΝΑΓΙΩΤΗΣ ΦΩΤΙΑΔΗΣ
ΠΑΝΑΓΙΩΤΗΣ ΨΑΧΑΡΟΠΟΥΛΟΣ
ΠΑΝΑΓΙΩΤΗΣ ΨΩΜΙΑΔΗΣ
ΠΑΝΑΓΤΩΤΗΣ ΚΟΥΡΟΥΜΠΛΗΣ
ΠΑΝΤΕΛΗΣ ΟΙΚΟΝΟΜΟΥ
ΠΑΝΤΕΛΗΣ ΤΣΕΡΤΙΚΙΔΗΣ
ΠΑΡΑΣΚΕΥΑΣ ΑΥΓΕΡΙΝΟΣ
ΠΑΡΑΣΚΕΥΑΣ ΠΑΡΑΣΚΕΥΟΠΟΥΛΟΣ
ΠΑΡΑΣΚΕΥΑΣ ΦΟΥΝΤΑΣ
ΠΑΡΑΣΚΕΥΗ ΧΡΙΣΤΟΦΙΛΟΠΟΥΛΟΥ
ΠΑΡΕΘΝΑ ΦΟΥΝΤΟΥΚΙΔΟΥ
ΠΑΡΘΕΝΑ ΘΕΟΔΩΡΙΔΟΥ
ΠΑΡΘΕΝΑ ΦΟΥΝΤΟΥΔΙΚΟΥ
ΠΑΡΘΕΝΑ ΦΟΥΝΤΟΥΚΙΔΟΥ
ΠΑΡΘΕΝΑ ΦΟΥΝΤΟΥΝΙΔΟΥ
ΠΕΤΡΟΣ ΑΛΙΒΙΖΑΤΟΣ
ΠΕΤΡΟΣ ΚΑΤΣΙΛΙΕΡΗΣ
ΠΕΤΡΟΣ ΚΟΥΝΑΛΑΚΗ
ΠΕΤΡΟΣ ΚΟΥΝΑΛΑΚΗΣ
ΠΕΤΡΟΣ ΜΑΝΤΟΥΒΑΛΟΣ
ΠΕΤΡΟΣ ΜΟΛΥΒΙΑΤΗΣ
ΠΕΤΡΟΣ ΤΑΤΟΥΛΗΣ
ΠΙΝΑΚΑΣ ΣΥΝΗΜΜΕΝΩΝ
ΠΟΛΛΟΙ ΒΟΥΛΕΤΕΣ
ΠΟΛΛΟΙ ΒΟΥΛΕΥΤΈΣ
ΠΟΛΛΟΙ ΒΟΥΛΕΥΤΕΣ
ΠΟΛΛΟΙ ΟΙ ΒΟΥΛΕΥΤΕΣ
ΠΟΛΟΙ ΒΟΥΛΕΥΤΕΣ
ΠΡΑΚΤΙΚΟ ΔΙΑΠΡΑΓΜΑΤΕΥΣΗΣ
ΠΡΟΒΛΕΨΕΙΣ ΤΗΣ ΣΥΜΒΑΣΗΣ
ΠΡΟΕΔΡΟΣ ΤΗΣ ΙΡΛΑΝΔΙΑΣ
ΠΡΟΚΑΤΑΡΚΤΙΚΗ ΕΞΕΤΑΣΗ
ΠΡΟΚΟΠΗΣ ΠΑΥΛΟΠΟΥΛΟΣ
ΠΡΟΜΗΘΕΙΩΝ ΠΛΗΡΟΦΟΡΙΕΣ ΠΡΟΣ
ΠΡΟΣΤΕΘΕΙ ΤΟ ΕΞΗΣ
ΠΡΟΪΟΝΤΩΝ ΠΡΟΣ
ΠΥΘΑΓΟΡΑΣ ΒΑΡΔΙΚΟΣ
Παναγιώτης Σγουρίδης
ΡΟΒΕΡΔΟΣ ΣΠΥΡΟΠΟΥΛΟΣ
ΡΟΒΕΡΤΟΣ ΣΠΥΡΟΠΟΥΛΟΣ
ΡΟΒΕΡΤΟΣ ΣΠΥΡΟΥΠΟΥΛΟΣ
ΡΟΒΛΙΑΣ ΚΩΝΣΤΑΝΤΙΝΟΣ
ΡΟΔΟΥΛΑ ΖΗΣΗ
ΣΑΒΒΑΣ ΕΜΙΝΙΔΗΣ
ΣΑΒΒΑΣ ΤΣΙΤΟΥΡΙΔΗΣ
ΣΑΒΒΑΣ ΤΣΤΤΟΥΡΙΔΗΣ
ΣΑΛΑΓΚΟΥΔΗΣ ΓΕΩΡΓΙΟΣ
Σ Η ΘΕΜΑ
ΣΗΦΗΣ ΒΑΛΥΡΑΚΗΣ
ΣΙΜΟΣ ΚΕΔΙΚΟΓΛΟΥ
ΣΟΦΙΑ ΚΑΛΑΝΤΖΑΚΟΥ
ΣΠΗΛΙΟ ΣΠΗΛΙΩΤΟΠΟΥΛΟΣ
ΣΠΗΛΙΟΣ ΣΠΗΛΙΟΤΟΠΟΥΛΟΣ
ΣΠΗΛΙΟΣ ΣΠΗΛΙΟΤΩΠΟΥΛΟΣ
ΣΠΗΛΙΟΣ ΣΠΗΛΙΩΤΟΠΟΥΛΟΣ
ΣΠΡΙΔΩΝ ΒΟΥΓΙΑΣ
ΣΠΥΡIΔΩΝ ΣΠΥΡΟΥ
ΣΠΥΡIΔΩΝ ΣΤΡΙΦΤΑΡΗΣ
ΣΠΥΡΙΔΩΝ ΒΟΥΓΙΑΣ
ΣΠΥΡΙΔΩΝ ΔΑΝΕΛΛΗΣ
ΣΠΥΡΙΔΩΝ ΣΠΥΡΟΥ
ΣΠΥΡΙΔΩΝ ΣΤΡΙΦΤΑΡΗΣ
ΣΠΥΡΙΔΩΝ ΣΤΡΙΦΤΡΑΡΗΣ
ΣΠΥΡΙΔΩΝ ΤΑΛΙΑΔΟΥΡΟΣ
ΣΠΥΡΟΣ ΒΟΥΓΙΑΣ
ΣΠΥΡΟΣ ΔΑΝΕΛΛΗΣ
ΣΠΥΡΟΣ ΣΠΥΡΟΥ
ΣΠΥΡΟΣ ΣΤΡΙΦΤΑΡΗΣ
ΣΠΥΡΟΣ ΤΑΛΙΑΔΟΥΡΟΣ
ΣΤΑΥΡΟΣ ΒΡΕΝΤΖΟΣ
ΣΤΑΥΡΟΣ ΔΑΙΛΑΚΗΣ
ΣΤΑΥΡΟΣ ΔΑΪΛΑΚΗΣ
ΣΤΑΥΡΟΣ ΔΗΜΑΣ
ΣΤΑΥΡΟΣ ΚΑΛΟΓΙΑΝΝΗΣ
ΣΤΑΥΡΟΣ ΚΕΛΕΤΣΗΣ
ΣΤΑΥΡΟΣ ΜΠΕΝΟΣ
ΣΤΑΥΡΟΣ ΠΑΔΟΠΟΥΛΟΣ
ΣΤΑΥΡΟΣ ΠΑΝΑΓΙΩΤΟΥ
ΣΤΑΥΡΟΣ ΠΑΠΑΔΟΠΟΟΥΛΟΣ
ΣΤΑΥΡΟΣ ΠΑΠΑΔΟΠΟΥΛΟΣ
ΣΤΑΥΡΟΣ ΠΑΠΑΔΟΥΛΟΣ
ΣΤΑΥΡΟΣ ΣΚΟΠΕΛΙΤΗΣ
ΣΤΑΥΡΟΣ ΣΟΥΜΑΚΗΣ
ΣΤΕΛΙΟΣ ΜΑΤΖΑΠΕΤΑΚΗΣ
ΣΤΕΛΛΑ ΑΛΦΙΕΡΗ
ΣΤΕΦΑΝΟΣ ΜΑΝΙΚΑΣ
ΣΤΕΦΑΝΟΣ ΜΑΝΟΣ
ΣΤΕΦΑΝΟΣ ΤΖΟΥΜΑΚΑΣ
ΣΤΙΣ ΑΚΟΛΟΥΘΕΣ ΔΙΑΤΑΞΕΙΣ
ΣΤΟ ΣΧΕΔΙΟ ΝΟΜΟΥ
ΣΤΡΑΤΗΣ ΚΟΡΑΚΑΣ
ΣΤΥΛΙΑΝΗ ΑΛΙΦΙΕΡΗ
ΣΤΥΛΙΑΝΗ ΑΛΦΙΕΡΗ
ΣΤΥΛΙΑΝΟΣ ΑΓΓΕΛΟΣ ΠΑΠΑΘΕΜΕΛΗΣ
ΣΤΥΛΙΑΝΟΣ ΜΑΤΖΑΠΕΤΑΚΗΣ
ΣΤΥΛΙΑΝΟΣ ΠΑΠΑΘΕΜΕΛΗΣ
ΣΥΜΕΩΝ ΚΕΔΙΚΟΓΛΟΥ
ΣΥΜΦΩΝΕΙ ΤΑ ΕΞΗΣ
ΣΥΜΦΩΝΗΣΑΝ ΣΤΑ ΕΞΗΣ
ΣΥΜΦΩΝΗΣΑΝ ΤΑ ΑΚΟΛΟΥΘΑ
ΣΥΜΦΩΝΗΣΑΝ ΤΑ ΕΞΗΣ
ΣΥΜΦΩΝΗΣΑΝ ΤΑ ΚΑΤΩΘΙ
ΣΥΜΦΩΝΗΣΑΝ ΤΑ ΠΑΡΑΚΑΤΩ
ΣΥΜΦΩΝΗΣΑΝ ΩΣ ΑΚΟΛΟΥΘΩΣ
ΣΥΜΦΩΝΗΣΑΝ ΩΣ ΕΞΗΣ
ΣΥΝΟΛΟ ΠΡΟΓΡΑΜΜΑΤΟΣ
ΣΥΝΟΛΟ ΣΥΝΕΔΡΙΑΣΕΩΝ
ΣΥΝΟΜΟΛΟΓΗΣΑΝ ΤΑ ΕΞΗΣ
ΣΩΤΗΡHΣ ΧΑΤΖΗΓΑΚΗΣ
ΣΩΤΗΡΗΣ ΚΟΥΒΕΛΑΣ
ΣΩΤΗΡΗΣ ΣΤΟΛΙΔΗΣ
ΣΩΤΗΡΗΣ ΧΑΤΖΗΓΑΚΗΣ
ΣΩΤΗΡΙΟΣ ΚΟΥΒΕΛΑΣ
ΣΩΤΗΡΙΟΣ ΧΑΤΖΗΓΑΚΗΣ
ΤΑ ΕΞΗΣ ΘΕΜΑΤΑ
ΤΖΑΝΗΣ ΤΖΑΝΝΕΤΑΚΗΣ
ΤΗΛΕΜΑΧΟΣ ΧΥΤΗΡΗΣ
ΤΗ ΝΕΑ ΔΗΜΟΚΡΑΤΙΑ
ΤΗΣ ΓΑΛΛΙΚΗΣ ΔΗΜΟΚΡΑΤΙΑΣ
ΤΗΣ ΕΛΛΗΝΙΚΗΣ ΔΗΜΟΚΡΑΤΙΑΣ
ΤΗΣ ΙΤΑΛΙΚΗΣ ΔΗΜΟΚΡΑΤΙΑΣ
ΤΗΣ ΝΕΑΣ ΔΗΜΟΚΡΑΤΙΑΣ
ΤΗΣ ΠΟΡΤΟΓΑΛΙΚΗΣ ΔΗΜΟΚΡΑΤΙΑΣ
ΤΡΟΠΟΙΗΘΕΙ ΩΣ ΕΞΗΣ
ΤΡΟΠΟΠΟΙΗΘΕΙ ΕΩΣ ΕΞΗΣ
ΤΡΟΠΟΠΟΙΗΘΕΙ ΩΣ ΕΞΗΣ
ΤΩΝ ΚΑΤΩ ΧΩΡΩΝ
ΥΠΗΡΕΣΙΑΚΟ ΣΗΜΕΙΩΜΑ ΘΕΜΑ
ΦΑΝΗ ΠΕΤΡΑΛΙΑ ΠΑΛΛΗ
ΦΙΛΙΠΠΟΣ ΠΕΤΣΑΛΝΙΚΟΣ
ΦΙΛΙΠΠΟΣ ΤΣΑΛΙΔΗΣ
ΦΛΩΡΟΣ ΚΩΝΣΤΑΝΤΙΝΟΥ
ΦΟΒΙΟΣ ΙΩΑΝΝΙΔΗΣ
ΦΟΙΒΟΣ ΙΩΑΝΝΙΔΗΣ
ΦΟΙΒΟΣ ΙΩΑΝΝΙΔΗΣΣ
ΦΡΑΓΚΛΙΝΟΣ ΠΑΠΑΔΕΛΗΣ
ΦΡΑΓΚΛΙΝΟΣ ΠΑΠΑΔΕΛΛΗΣ
ΦΩΤHΣ ΚΟΥΒΕΛΗΣ
ΦΩΤΕΙΝΗ ΓΕΝΝΗΜΑΤΑ
ΦΩΤΗΣ ΚΟΥΒΕΛΗΣ
ΦΩΤΗΣ ΚΟΥΒΕΛΗΣΑ
ΦΩΤΗΣ ΧΑΤΖΗΜΙΧΑΛΗΣ
ΦΩΤΙΟΣ ΚΟΥΒΕΛΗΣ
ΦΩΤΙΟΣ ΧΑΤΖΗΜΙΧΑΛΗΣ
ΧΑΡΑΛΑΜΠΟΣ ΑΓΓΟΥΡΑΚΗΣ
ΧΑΡΑΛΑΜΠΟΣ ΚΑΣΤΑΝΙΔΗΣ
ΧΑΡΑΛΑΜΠΟΣ ΠΑΠΑΘΑΝΑΣΙΟΥ
ΧΑΡΑΛΑΜΠΟΣ ΤΣΙΟΚΑΣ
ΧΑΡΗΣ ΚΑΣΤΑΝΙΔΗΣ
ΧΡΗΣΤΟΣ ΑΗΔΟΝΗΣ
ΧΡΗΣΤΟΣ ΒΕΡΕΛΗΣ
ΧΡΗΣΤΟΣ ΒΟΣΝΑΚΗΣ
ΧΡΗΣΤΟΣ ΒΥΖΟΒΙΤΗΣ
ΧΡΗΣΤΟΣ ΖΩΗΣ
ΧΡΗΣΤΟΣ ΘΕΟΔΩΡΟΥ
ΧΡΗΣΤΟΣ ΚΗΠΟΥΡΟΣ
ΧΡΗΣΤΟΣ ΜΑΓΚΟΥΦΗΣ
ΧΡΗΣΤΟΣ ΜΑΡΚΟΓΙΑΝΝAKΗΣ
ΧΡΗΣΤΟΣ ΜΑΡΚΟΓΙΑΝΝΑΚΗΣ
ΧΡΗΣΤΟΣ ΟΙΚΟΝΟΜΟΥ
ΧΡΗΣΤΟΣ ΠΑΠΟΥΤΣΗΣ
ΧΡΗΣΤΟΣ ΠΡΩΤΟΠΑΠΑΣ
ΧΡΗΣΤΟΣ ΡΟΚΟΦΥΛΛΟΣ
ΧΡΗΣΤΟΣ ΣΜΥΡΛΗΣ
ΧΡΗΣΤΟΣ ΣΜΥΡΛΗΣ ΛΙΑΚΑΤΑΣ
ΧΡΗΣΤΟΣ ΧΑΪΔΟΣ
ΧΡΙΣΤΙΑΝΑ ΚΑΛΟΓΗΡΟΥ
ΧΡΙΣΤΙΝΑ ΣΠΥΡΑΚΗ
ΧΡΙΣΤΟΣ ΒΕΡΕΛΗΣ
ΧΡΥΣΑ ΜΑΝΩΛΙΑ
ΧΡΥΣΑΝΘΗ ΜΑΝΩΛΙΑ
ΧΡΥΣΗ ΑΡΑΠΟΓΛΟΥ
ΠΡΟΕΔΡΟΣ
ΠΡΟΕΔΡΕΥΩΝ
ΠΡΟΕΔΡΕΥΟΥΣΑ