
ANAΣΤΑΣΙΟΣ ΝΕΡΑΝΤΖΗΣ
ANTΩΝΗΣ ΣΚΥΛΛΑΚΟΣ
ANΔΡΕΑΣ ΛΟΒΕΡΔΟΣ
ANΔΡΙΑΝΗ ΛΟΥΛΕ
AXIΛΛEΥΣ ΚΑΝΤΑΡΤΖΗΣ
AXIΛΛΕΥΣ ΚΑΝΤΑΡΤΖΗΣ
AXΙΛΛΕΥΣ ΚΑΝΤΑΡΤΖΗΣ
AΓΓΕΛΟΣ ΜΠΡΑΤΑΚΟΣ
AΓΓΕΛΟΣ ΤΖΕΚΗΣ
AΔΑΜ ΡΕΓΚΟΥΖΑΣ
AΘΑΝΑΣΙΟΣ ΓΙΑΝΝΟΠΟΥΛΟΣ
AΘΑΝΑΣΙΟΣ ΔΑΒΑΚΗΣ
AΘΑΝΑΣΙΟΣ ΜΑΤΗΣ
AΘΑΝΑΣΙΟΣ ΝΑΚΟΣ
AΛΕΞΑΝΔΡΟΣ ΒΟΥΛΓΑΡΗΣ
AΛΕΞΑΝΔΡΟΣ ΧΡΥΣΑΝΘΑΚΟΠΟΥΛΟΣ
AΝΑΣΤΑΣΙΟΣ ΝΕΡΑΝΤΖΗΣ
AΝΔΡΕΑΣ ΛΟΒΕΡΔΟΣ
AΠΟΣΤΟΛΟΣ ΑΝΔΡΕΟΥΛΑΚΟΣ
AΡΙΣΤΟΤΕΛΗΣ ΠΑΥΛΙΔΗΣ
BAΣΙΛΕΙΟΣ ΜΑΓΓΙΝΑΣ
BAΣΙΛΗΣ ΚΕΔΙΚΟΓΛΟΥ
BΑΣΙΛΕΙΟΣ ΚΕΔΙΚΟΓΛΟΥ
BΑΣΙΛΗΣ ΚΕΔΙΚΟΓΛΟΥ
BΥΡΩΝ ΠΟΛΥΔΩΡΑΣ
EYAΓΓΕΛΟΣ ΑΠΟΣΤΟΛΟΥ
EYAΓΓΕΛΟΣ ΒΛΑΣΣΟΠΟΥΛΟΣ
EYAΓΓΕΛΟΣ ΜΕΪΜΑΡΑΚΗΣ
EYAΓΓΕΛΟΣ ΜΠΟΥΤΑΣ
EYTYXIOΣ ΚΟΝΤΟΜΑΡΗΣ
EYΑΓΓΕΛΟΣ ΜΠΑΣΙΑΚΟΣ
EΛΕΥΘΕΡΙΟΣ ΠΑΠΑΝΙΚΟΛΑΟΥ
EΛΙΣΑΒΕΤ ΠΑΠΑΔΗΜΗΤΡΙΟΥ
HDFS ΑΠΟΣΤΟΛΟΣ ΑΝΔΡΕΟΥΛΑΚΟΣ
HΛΙΑΣ ΒΕΖΔΡΕΒΑΝΗΣ
HΛΙΑΣ ΠΑΠΑΔΟΠΟΥΛΟΣ
INTEREG II
IΩΑΝΝΗΣ ΒΑΡΒΙΤΣΙΩΤΗΣ
IΩΑΝΝΗΣ ΔΗΜΑΡΑΣ
IΩΑΝΝΗΣ ΚΕΦΑΛΟΓΙΑΝΝΗΣ
IΩΑΝΝΗΣ ΜΑΓΚΡΙΩΤΗΣ
IΩΑΝΝΗΣ ΠΑΠΑΘΑΝΑΣΙΟΥ
KOΣΜΑΣ ΣΦΥΡΙΟΥ
KYΡΙΑΚΟΣ ΣΠΥΡΙΟΥΝΗΣ
KΟΣΜΑΣ ΣΦΥΡΙΟΥ
KΩΝΣΤΑΝΤΙΝΟΣ ΜΗΤΣΟΤΑΚΗΣ
MAΡΙΑ ΔΑΜΑΝΑΚΗ
MAΡΙΑ ΘΩΜΑ
MEΡΙΚΟΙ ΒΟΥΛΕΥΤΕΣ
MIXAΛΗΣ ΚΑΡΧΙΜΑΚΗΣ
MIΛΤΙΑΔΗΣ ΕΒΕΡΤ
MIΛΤΙΑΔΗΣ ΠΑΠΑΙΩΑΝΝΟΥ
MOΣΧΟΣ ΓΙΚΟΝΟΓΛΟΥ
MΙΛΤΙΑΔΗΣ ΕΒΕΡΤ
NIKHTAΣ ΚΑΚΛΑΜΑΝΗΣ
NIKOΛΑΟΣ ΓΚΑΤΖΗΣ
NIKOΛΑΟΣ ΓΚΕΛΕΣΤΑΘΗΣ
NIKOΛΑΟΣ ΓΚΕΣΟΥΛΗΣ
NIKOΛΑΟΣ ΚΑΤΣΑΡΟΣ
NIKOΛΑΟΣ ΛΕΒΟΓΙΑΝΝΗΣ
NIKOΛΑΟΣ ΝΙΚΟΛΟΠΟΥΛΟΣ
NIKOΛΑΟΣ ΠΑΠΑΦΙΛΙΠΠΟΥ
NIKOΛΑΟΣ ΦΛΩΡΟΣ
NIΚΟΛΑΟΣ ΑΚΡΙΤΙΔΗΣ
NΙΚΟΛΑΟΣ ΓΚΕΛΕΣΤΑΘΗΣ
NΙΚΟΛΑΟΣ ΚΑΤΣΑΡΟΣ
OΛΟΙ ΟΙ ΒΟΥΛΕΥΤΕΣ
PDF ΒΑΣΙΛΕΙΟΣ ΚΟΡΚΟΛΟΠΟΥΛΟΣ
PDF ΒΑΣΙΛΕΙΟΣ ΜΑΓΓΙΝΑΣ
PDF ΓΕΩΡΓΙΟΣ ΑΔΑΜΟΠΟΥΛΟΣ
PDF ΓΙΩΡΓΟΣ ΑΔΑΜΟΠΟΥΛΟΣ
PDF ΕΥΑΓΓΕΛΟΣ ΑΠΟΣΤΟΛΟΥ
PD ΟΡΕΣΤΗΣ ΚΟΛΟΖΩΦ
XΑΡΑΛΑΜΠΟΣ ΑΓΓΟΥΡΑΚΗΣ
XΡΗΣΤΟΣ ΚΗΠΟΥΡΟΣ
XΡΗΣΤΟΣ ΜΑΡΚΟΓΙΑΝΝΑΚΗΣ
ΑΓΑΘΟΠΟΥΛΟΥ ΕΙΡΗΝΗ-ΕΛΕΝΗ
ΑΓΓΓΕΛΟΣ ΤΖΕΚΗΣ
ΑΓΓΕΛΙΚΗ ΓΚΕΡΕΚΟΥ
ΑΓΓΕΛΟΣ ΜΑΝΩΛΑΚΗΣ
ΑΓΓΕΛΟΣ ΜΑΝΩΛΑΚΟΣ
ΑΓΓΕΛΟΣ ΜΠΡΑΤΑΚΟΣ
ΑΓΓΕΛΟΣ ΠΑΠΑΘΕΜΕΛΗΣ
ΑΓΓΕΛΟΣ ΤΖΕΚΗΣ
ΑΓΓΕΛΟΣ ΤΣΕΚΗΣ
ΑΔΑΜ ΡΑΓΚΟΥΖΑΣ
ΑΔΑΜ ΡΕΓΚΟΥΔΑΣ
ΑΔΑΜ ΡΕΓΚΟΥΖΑΣ
ΑΗΔΟΝΗΣ ΧΡΗΣΤΟΣ
ΑΘΑΝΑΣΙΑ ΜΕΡΕΝΤΙΤΗ
ΑΘΑΝΑΣΙΟΣ ΑΛΕΥΡΑΣ
ΑΘΑΝΑΣΙΟΣ ΑΣΚΗΤΗΣ
ΑΘΑΝΑΣΙΟΣ ΒΑΡΙΝΟΣ
ΑΘΑΝΑΣΙΟΣ ΓΙΑΝΝΟΠΟΥΛΟΣ
ΑΘΑΝΑΣΙΟΣ ΔΑΒΑΚΗΣ
ΑΘΑΝΑΣΙΟΣ ΚΑΤΣΙΓΙΑΝΝΗΣ
ΑΘΑΝΑΣΙΟΣ ΚΟΝΤΑΞΗΣ
ΑΘΑΝΑΣΙΟΣ ΛΕΒΕΝΤΗΣ
ΑΘΑΝΑΣΙΟΣ ΜΑΤΗΣ
ΑΘΑΝΑΣΙΟΣ ΜΠΟΥΡΑΣ
ΑΘΑΝΑΣΙΟΣ ΜΩΡΑΪΤΗΣ
ΑΘΑΝΑΣΙΟΣ ΝΑΚΟΣ
ΑΘΑΝΑΣΙΟΣ ΠΑΝΑΓΙΩΤΟΠΟΥΛΟΣ
ΑΘΑΝΑΣΙΟΣ ΠΑΠΑΓΕΩΡΓΙΟΥ
ΑΘΑΝΑΣΙΟΣ ΠΑΦΙΛΗΣ 
ΑΘΑΝΑΣΙΟΣ ΤΣΑΛΔΑΡΗΣ
ΑΘΑΝΑΣΙΟΣ ΤΣΟΥΡΑΣ
ΑΘΑΝΑΣΙΟΣ ΧΕΙΜΑΡΑΣ
ΑΘΑΝΑΣΙΟΥ ΑΘΑΝΑΣΙΟΣ
ΑΘΑΝΑΣΙΟΥ ΧΑΡΑΛΑΜΠΟΣ
ΑΘΗΝΑ ΘΕΜΑ
ΑΘΗΝΑΙΟΣ ΦΛΩΡΙΝΗΣ
ΑΘΗΝΑ ΚΟΡΚΑ
ΑΘΗΝΑ ΠΡΟΣ
ΑΘΝΑΣΙΟΣ ΚΟΝΤΑΞΗΣ
ΑΙΚΑΤΕΡΙΝΗ ΙΓΓΛΕΖΗ 
ΑΙΚΑΤΕΡΙΝΗ ΞΗΡΟΤΥΡΗ ΑΙΚΑΤΕΡΙΝΑΡΗ
ΑΙΚΑΤΕΡΙΝΗ ΠΑΠΑΚΩΣΤΑ
ΑΙΚΑΤΕΡΙΝΗ ΠΑΠΑΚΩΣΤΑ ΣΙΔΗΡΟΠΟΥΛΟΥ
ΑΙΚΑΤΕΡΙΝΗ ΠΑΠΑΚΩΣΤΑ-ΣΙΔΗΡΟΠΟΥΛΟΥ
ΑΙΚΑΤΕΡΙΝΗ ΠΕΡΛΕΠΕ
ΑΚΗΦΟΓΛΟΥ ΜΠΗΡΟΛ
ΑΛΕΞΑΔΡΟΣ ΑΚΡΙΒΑΚΗΣ
ΑΛΕΞΑΝΔΡΟΣ ΑΘΑΝΑΣΙΑΔΗΣ
ΑΛΕΞΑΝΔΡΟΣ ΑΚΡΙΒΑΚΗΣ
ΑΛΕΞΑΝΔΡΟΣ ΑΛΑΒΑΝΟΣ
ΑΛΕΞΑΝΔΡΟΣ ΒΟΥΛΓΑΡΗΣ
ΑΛΕΞΑΝΔΡΟΣ ΔΑΜΙΑΝΙΔΗΣ
ΑΛΕΞΑΝΔΡΟΣ ΔΕΡΜΕΝΤΖΟΠΟΥΛΟΣ
ΑΛΕΞΑΝΔΡΟΣ ΚΑΛΑΦΑΤΗΣ
ΑΛΕΞΑΝΔΡΟΣ ΚΑΦΑΝΤΑΡΗΣ
ΑΛΕΞΑΝΔΡΟΣ ΚΟΝΤΟΣ
ΑΛΕΞΑΝΔΡΟΣ ΛΥΚΟΥΡΕΖΟΣ
ΑΛΕΞΑΝΔΡΟΣ ΜΩΡΑΪΤΑΚΗΣ
ΑΛΕΞΑΝΔΡΟΣ ΠΑΠΑΔΟΓΓΟΝΑΣ
ΑΛΕΞΑΝΔΡΟΣ ΠΑΠΑΔΟΠΟΥΛΟΣ
ΑΛΕΞΑΝΔΡΟΣ ΧΡΥΣΑΝΘΑΚΟΠΟΥΛΟΣ
ΑΛΕΞΟΠΟΥΛΟΣ ΑΠΟΣΤΟΛΟΣ
ΑΛΕΞΟΠΟΥΛΟΣ ΧΡΥΣΟΒΑΛΑΝΤΗΣ
ΑΛΛΕΣ ΧΩΡΕΣ
ΑΜΑΝΑΤΙΔΗΣ ΙΩΑΝΝΗΣ
ΑΜΜΑΝΑΤΙΔΟΥ (ΠΑΣΧΑΛΙΔΟΥ)
ΑΝΑΓΙΩΤΗΣ ΛΑΦΑΖΑΝΗΣ
ΑΝΑΓΝΩΣΤΑΚΗΣ ΔΗΜΗΤΡΙΟΣ
ΑΝΑΓΝΩΣΤΟΠΟΥΛΟΣ ΓΕΩΡΓΙΟΣ
ΑΝΑΣΤΑΙΟΣ ΝΕΡΑΝΤΖΗΣ
ΑΝΑΣΤΑΣHΣ ΠΑΠΑΛΗΓΟΥΡΑΣ
ΑΝΑΣΤΑΣΗΣ ΛΙΑΣΚΟΣ
ΑΝΑΣΤΑΣΗΣ ΠΑΠΑΛΗΓΟΥΡΑΣ
ΑΝΑΣΤΑΣΗΣ ΠΑΠΑΠΑΛΗΓΟΥΡΑΣ
ΑΝΑΣΤΑΣΙΑΔΗΣ ΣΑΒΒΑΣ
ΑΝΑΣΤΑΣΙΑ ΣΥΛΒΑΝΑ
ΑΝΑΣΤΑΣΙΑ ΣΥΛΒΑΝΑ ΡΑΠΤΗ
ΑΝΑΣΤΑΣΙΟΣ ΒΑΡΙΝΟΣ
ΑΝΑΣΤΑΣΙΟΣ ΙΝΖΤΕΣ
ΑΝΑΣΤΑΣΙΟΣ ΙΝΤΖΕΣ
ΑΝΑΣΤΑΣΙΟΣ ΚΑΡΑΜΑΡΙΟΣ
ΑΝΑΣΤΑΣΙΟΣ ΛΙΑΣΚΟΣ
ΑΝΑΣΤΑΣΙΟΣ ΜΑΝΤΕΛΗΣ
ΑΝΑΣΤΑΣΙΟΣ ΝΕΡΑΝΤΖΗΣ
ΑΝΑΣΤΑΣΙΟΣ ΝΕΡΑΝΤΗΣ
ΑΝΑΣΤΑΣΙΟΣ ΝΕΡΑΤΖΗΣ
ΑΝΑΣΤΑΣΙΟΣ ΠΑΠΑΛΗΓΟΥΡΑΣ
ΑΝΑΣΤΑΣΙΟΣ ΠΕΠΟΝΗΣ
ΑΝΑΣΤΑΣΙΟΣ ΣΠΗΛIΟΠΟΥΛΟΣ
ΑΝΑΣΤΑΣΙΟΣ ΣΠΗΛΙΟΠΟΥΛΟΣ
ΑΝΑΣΤΑΣΙΟΣ ΣΠΗΛΙΩΤΟΠΟΥΛΟΣ
ΑΝΑΣΤΑΣΙΟΣ ΧΩΡΕΜΗΣ
ΑΝΑΣΤΙΑΣΙΟΣ ΛΙΑΣΚΟΣ
ΑΝΔΡΑΝΗ ΛΟΥΛΕ
ΑΝΔΡΕΑΣ ΑΝΔΡΙΑΝΟΠΟΥΛΟΣ
ΑΝΔΡΕΑΣ ΚΑΡΑΓΚΟΥΝΗΣ
ΑΝΔΡΕΑΣ ΛΟΒΕΡΔΟΣ
ΑΝΔΡΕΑΣ ΜΑΚΡΙΠΙΔΗΣ
ΑΝΔΡΕΑΣ ΜΑΚΡΥΠΙΔΗΣ
ΑΝΔΡΕΑΣ ΦΟΥΡΑΣ
ΑΝΔΡΕΟΥΛΑΚΟΣ ΑΠΟΣΤΟΛΟΣ
ΑΝΔΡΙΑΝΗ ΛΟΥΛΕ
ΑΝΔΡΙΑΝΟΣ ΙΩΑΝΝΗΣ
ΑΝΔΡΟΥΛΑΚΗΣ ΔΗΜΗΤΡΙΟΣ
ΑΝΕΣΤΗΣ ΑΓΓΕΛΗΣ
ΑΝΕΣΤΗΣ ΣΑΑΤΣΟΓΛΟΥ
ΑΝΝΑ ΜΠΕΝΑΚΗ ΨΑΡΟΥΔΑ
ΑΝΡΙΑΝΗ ΛΟΥΛΕ
ΑΝΤΩΝHΣ ΣΚΥΛΛΑΚΟΣ
ΑΝΤΩΝΗΣ ΣΚΥΛΑΚΟΣ
ΑΝΤΩΝΗΣ ΣΚΥΛΛΑΚΟΣ
ΑΝΤΩΝΙΑ ΑΝΤΩΝΙΟΥ
ΑΝΤΩΝΙΟΣ ΚΑΡΠΟΥΖΑΣ
ΑΝΤΩΝΙΟΣ ΚΟΤΣΑΚΑΣ
ΑΝΤΩΝΙΟΣ ΜΠΕΖΑΣ
ΑΝΤΩΝΙΟΣ ΣΚΥΛΛΑΚΟΣ
ΑΝΤΩΝΙΟΣ ΦΟΥΣΑΣ
ΑΝΤΩΝΙΟΥ ΜΑΡΙΑ
ΑΠΟΣΤΕΛΛΟΝ ΜΕΡΟΣ ΠΡΟΣ
ΑΠΟΣΤΟΛΟΣ AΝΔΡΕΟΥΛΑΚΟΣ
ΑΠΟΣΤΟΛΟΣ ΑΝΔΡΕΟΥΛΑΚΟΣ
ΑΠΟΣΤΟΛΟΣ ΚΑΚΛΑΜΑΝΗΣ
ΑΠΟΣΤΟΛΟΣ ΚΑΤΣΙΦΑΡΑΣ
ΑΠΟΣΤΟΛΟΣ ΚΩΣΤΟΠΟΥΛΟΣ
ΑΠΟΣΤΟΛΟΣ ΣΤΑΥΡΟΥ
ΑΠΟΣΤΟΛΟΣ ΤΑΣΟΥΛΑΣ
ΑΠΟΣΤΟΛΟΣ ΦΩΤΙΑΔΗΣ
ΑΠΟΣΤΟΛΟΥ ΕΥΑΓΓΕΛΟΣ
ΑΠΟΦΑΣΗ ΘΕΜΑ
ΑΡΑΜΠΑΤΖΗ ΦΩΤΕΙΝΗ
ΑΡΑΠΟΓΛΟΥ ΧΡΥΣΑ ΒΑΡΒΑΡΙΓΟΣ
ΑΡΒΑΝΙΤΗΣ ΑΒΡΑΜΗΣ
ΑΡΒΑΝΙΤΟΠΟΥΛΟΣ ΚΩΝΣΤΑΝΤΙΝΟΣ
ΑΡΓΥΡΗΣ ΕΥΑΓΓΕΛΟΣ
ΑΡΓΥΡΗΣ ΝΤΙΝΟΠΟΥΛΟΣ
ΑΡΘΡΟ ΔΕΚΑΤΟ ΕΚΤΟ
ΑΡΘΡΟ ΤΕΤΑΡΤΟ
ΑΡΙΣΤΕΙΔΗΣ ΜΟΥΣΙΩΝΗΣ
ΑΡΙΣΤΕΙΔΗΣ ΤΣΙΠΛΑΚΟΣ
ΑΡΙΣΤΟΒΟΥΛΟΣ ΣΠΗΛΙΩΤΟΠΟΥΛΟΣ
ΑΡΙΣΤΟΒΟΥΛΟΣ ΣΠΗΛΙΩΤΟΠΟΥΛΟΣ 
ΑΡΙΣΤΟΣΤΕΛΗΣ ΠΑΥΛΙΔΗΣ
ΑΡΙΣΤΟΤΕΛΗΣ ΠΑΥΛΙΔΗΣ
ΑΣΗΜΑΚΟΠΟΥΛΟΥ ΑΝΝΑ-ΜΙΣΕΛ
ΑΣΗΜΙΝΑ ΑΙΚΑΤΕΡΙΝΑΡΗ ΞΗΡΟΤΥΡΗ
ΑΣΗΜΙΝΑ ΞΗΡΟΤΗΡΗ ΑΙΚΑΤΕΡΙΝΑΡΗ
ΑΣΗΜΙΝΑ ΞΗΡΟΤΥΡΗ
ΑΣΗΜΙΝΑ ΞΗΡΟΤΥΡΗ ΑΙΚΑΤΕΡΙΝΑΡΗ
ΑΥΓΕΝΑΚΗΣ ΕΛΕΥΘΕΡΙΟΣ
ΑΥΓΕΡΙΝΟΠΟΥΛΟΥ ΔΙΟΝΥΣΙΑ
ΑΥΛΩΝΙΤΟΥ ΕΛΕΝΗ
ΑΧΙΛΕΑΣ ΚΑΝΤΑΡΤΖΗΣ
ΑΧΙΛΛΕYΣ ΚΑΝΤΑΡΤΖΗΣ
ΑΧΙΛΛΕΑΣ ΚΑΝΤΑΡΤΖΗΣ
ΑΧΙΛΛΕΑΣ ΚΑΡΑΜΑΝΛΗΣ
ΑΧΙΛΛΕΥΣ ΚΑΝΤΑΡΤΖΗΣ
ΑΧΙΛΛΕΥΣ ΚΑΡΑΜΑΝΛΗΣ
ΑΧΜΕΤ ΙΛΧΑΝ
Αγαθοπούλου Ειρήνη-Ελένη
Αηδόνης Χρήστος
Αθανάσιος Δαβάκης
Αθανάσιος Παφίλης 
Αθανασίου Αθανάσιος
Αθανασίου Χαράλαμπος
Αικατερίνη Ιγγλέζη 
Αλέξανδρος Δερμεντζόπουλος
Αλέξανδρος Μωραϊτάκης
Αλεξόπουλος Απόστολος
Αλεξόπουλος Χρυσοβαλάντης
Αμανατίδης Ιωάννης
Αμμανατίδου Ευαγγελία
Αναγνωστάκης Δημήτριος
Αναγνωστόπουλος Γεώργιος
Αναστασιάδης Σάββας
Ανδριανός Ιωάννης
Ανδρουλάκης Δημήτριος
Αντωνίου Μαρία
Αποστόλου Ευάγγελος
Αραμπατζή Φωτεινή
Αρβανίτης Αβράμης
Αρβανιτόπουλος Κωνσταντίνος
Αριστόβουλος Σπηλιωτόπουλος 
Ασημακοπούλου Άννα-Μισέλ
Αυγενάκης Ελευθέριος
Αυγερινοπούλου Διονυσία
Αυλωνίτου Ελένη
ΒYΡΩΝ ΠΟΛΥΔΩΡΑΣ
ΒΑΛΑΒΑΝΗ ΟΛΓΑ
ΒΑΜΒΑΚΑ ΕΥΓΕΝΙΑ
ΒΑΡΒΙΤΣΙΩΤΗΣ ΜΙΛΤΙΑΔΗΣ
ΒΑΡΕΜΕΝΟΣ ΓΕΩΡΓΙΟΣ
ΒΑΡΣΑΜΗΣ ΓΙΟΒΑΝΟΥΔΑΣ
ΒΑΣΙΚΗΣ ΚΕΔΙΚΟΓΛΟΥ
ΒΑΣΙΛHΣ ΚΕΔΙΚΟΓΛΟΥ
ΒΑΣΙΛΕΙΟΣ ΒΑΣΙΛΑΚΑΚΗΣ
ΒΑΣΙΛΕΙΟΣ ΒΥΖΑΣ
ΒΑΣΙΛΕΙΟΣ ΓΕΡΑΝΙΔΗΣ
ΒΑΣΙΛΕΙΟΣ ΕΞΑΡΧΟΣ
ΒΑΣΙΛΕΙΟΣ ΚΕΓΚΕΡΟΓΛΟΥ
ΒΑΣΙΛΕΙΟΣ ΚΕΔΙΚΟΓΛΟΥ
ΒΑΣΙΛΕΙΟΣ ΚΟΝΤΟΓΙΑΝΝΟΠΟΥΛΟΣ
ΒΑΣΙΛΕΙΟΣ ΚΟΡΚΟΛΟΠΟΥΛΟΣ
ΒΑΣΙΛΕΙΟΣ ΚΟΡΚΟΛΟΥΠΟΛΟΣ
ΒΑΣΙΛΕΙΟΣ ΚΟΡΚΟΠΟΥΛΟΣ
ΒΑΣΙΛΕΙΟΣ ΜΑΓΓΙΝΑΣ
ΒΑΣΙΛΕΙΟΣ ΜΙΧΑΛΟΛΙΑΚΟΣ
ΒΑΣΙΛΕΙΟΣ ΜΠΕΚΙΡΗΣ
ΒΑΣΙΛΕΙΟΣ ΟΙΚΟΝΟΜΟΥ
ΒΑΣΙΛΕΙΟΣ ΠΑΠΑΓΕΩΡΓΟΠΟΥΛΟΣ
ΒΑΣΙΛΕΙΟΣ ΠΑΠΑΝΙΚΟΛΑΣ
ΒΑΣΙΛΕΙΟΣ ΠΑΠΑΧΡΗΣΤΟΥ
ΒΑΣΙΛΕΙΟΣ ΠΑΠΠΑΣ
ΒΑΣΙΛΕΙΟΣ ΣΩΤΗΡΟΠΟΥΛΟΣ
ΒΑΣΙΛΕΙΟΣ ΤΟΓΙΑΣ
ΒΑΣΙΛΕΙΟΣ ΤΡΙΠΡΑΣ
ΒΑΣΙΛΕΙΟΣ ΤΣΙΛΙΚΑΣ
ΒΑΣΙΛΕΙΟΣ ΤΣΙΠΡΑΣ
ΒΑΣΙΛΕΙΟΣ ΧΡΥΣΗΣ
ΒΑΣΙΛΕΥΣ ΤΗΣ ΙΣΠΑΝΙΑΣ
ΒΑΣΙΛΕΥΣ ΤΩΝ ΒΕΛΓΩΝ
ΒΑΣΙΛΗ ΚΕΔΙΚΟΓΛΟΥ
ΒΑΣΙΛΗΣ ΚΕΔΙΚΓΛΟΥ
ΒΑΣΙΛΗΣ ΚΕΔΙΚΟΓΛΟΥ
ΒΑΣΙΛΗΣ ΚΕΔΙΚΟΔΛΟΥ
ΒΑΣΙΛΗΣ ΚΕΔΙΚΟΛΓΟΥ
ΒΑΣΙΛΗΣ ΚΕΔΙΚΟΥΓΛΟΥ
ΒΑΣΙΛΗΣ ΚΟΝΤΟΓΙΑΝΝΟΠΟΥΛΟΣ
ΒΑΣΙΛΗΣ ΚΟΡΚΟΛΟΠΟΥΛΟΣ
ΒΑΣΙΛΗΣ ΜΙΧΑΛΟΛΙΑΚΟΣ
ΒΑΣΙΛΗΣ ΤΣΙΠΡΑΣ
ΒΑΣΙΛΙΚΗ ΑΡΑΠΗ
ΒΑΣΙΛΙΚΗ ΑΡΑΠΗ ΚΑΡΑΓΙΑΝΝΗ
ΒΑΣΙΛΙΣΣΑ ΤΗΣ ΔΑΝΙΑΣ
ΒΑΣΛΗΣ ΚΟΝΤΟΓΙΑΝΝΟΠΟΥΛΟΣ
ΒΑΣΩ ΠΑΠΑΝΔΡΕΟΥ
ΒΕΝΙΖΕΛΟΣ ΕΥΑΓΓΕΛΟΣ
ΒΕΣΥΡΟΠΟΥΛΟΣ ΑΠΟΣΤΟΛΟΣ
ΒΙΟΛΟΓΙΑΣ ΚΑΙ ΙΑΤΡΙΚΗΣ
ΒΙΡΒΙΔΑΚΗΣ ΚΥΡΙΑΚΟΣ
ΒΛΑΧΒΕΗΣ ΜΕΝΕΛΑΟΣ
ΒΛΑΧΟΓΙΑΝΝΗΣ ΗΛΙΑΣ
ΒΛΑΧΟΣ ΓΕΩΡΓΙΟΣ
ΒΟΓΙΑΤΖΗΣ ΠΑΥΛΟΣ
ΒΟΛΟΥΔΑΚΗΣ ΜΑΝΟΥΣΟΣ
ΒΟΡΙΔΗΣ ΜΑΥΡΟΥΔΗΣ
ΒΟΥΔΟΥΡΗΣ ΟΔΥΣΣΕΥΣ
ΒΟΥΛΕΥΤΗΣ ΔΡΑΜΑΣ ΔΡΑΜΑ
ΒΟΥΛΤΕΨΗ ΣΟΦΙΑ
ΒΟΥΤΣΗΣ ΝΙΚΟΛΑΟΣ
ΒΡΟΥΤΣΗΣ ΙΩΑΝΝΗΣ
ΒΡΥΞΕΛΛΕΣ ΚΟΙΝ
ΒΥΡΩΝ ΠΟΛΥΔΩΡΑΣ
Βαλαβάνη Όλγα
Βαμβακά Ευγενία
Βαρβιτσιώτης Μιλτιάδης
Βαρεμένος Γεώργιος
Βενιζέλος Ευάγγελος
Βεσυρόπουλος Απόστολος
Βιρβιδάκης Κυριάκος
Βλάχβεης Μενέλαος
Βλαχογιάννης Ηλίας
Βλάχος Γεώργιος
Βογιατζής Παύλος
Βολουδάκης Μανούσος
Βορίδης Μαυρουδής
Βουδούρης Οδυσσεύς
Βούλτεψη Σοφία
Βούτσης Νικόλαος
Βρούτσης Ιωάννης
ΓIΩΡΓΟΣ ΑΔΑΜΟΠΟΥΛΟΣ
ΓΑΒΡΙΗΛ ΑΒΡΑΜΙΔΗΣ
ΓΑΪΤΑΝΗ ΙΩΑΝΝΑ
ΓΑΚΗΣ ΔΗΜΗΤΡΙΟΣ
ΓΕΛΑΛΗΣ ΔΗΜΗΤΡΗΣ
ΓΕΝΙΚΟ ΣΥΝΟΛΟ
ΓΕΡΑΣΙΜΙΔΟΥ ΕΛΕΝΗ
ΓΕΡΑΣΙΜΟΣ ΑΡΣΕΝΗΣ
ΓΕΡΑΣΙΜΟΣ ΓΙΑΚΟΥΜΑΤΟΣ
ΓΕΡΜΑΝΙΔΗΣ ΑΘΑΝΑΣΙΟΣ
ΓΕΡΜΕΝΗΣ ΓΕΩΡΓΙΟΣ
ΓΕΡΟΒΑΣΙΛΗ ΟΛΓΑ
ΓΕΡΟΝΤΟΠΟΥΛΟΣ ΚΥΡΙΑΚΟΣ
ΓΕΩΡΓIΟΣ ΡΟΚΟΣ
ΓΕΩΡΓΑΝΤΑΣ ΓΕΩΡΓΙΟΣ
ΓΕΩΡΓΙΑΔΗΣ ΣΠΥΡΙΔΩΝ
ΓΕΩΡΓΙΟΣ ΑΔΑΜΟΠΟΥΛΟΣ
ΓΕΩΡΓΙΟΣ ΑΛΕΞΟΠΟΥΛΟΣ
ΓΕΩΡΓΙΟΣ ΑΛΟΓΚΟΣΚΟΥΦΗΣ
ΓΕΩΡΓΙΟΣ ΑΛΟΓΟΣΚΟΥΦΗΣ
ΓΕΩΡΓΙΟΣ ΑΜΠΑΤΖΟΓΛΟΥ
ΓΕΩΡΓΙΟΣ ΑΝΩΜΕΡΙΤΗΣ
ΓΕΩΡΓΙΟΣ ΒΛΑΧΟΣ
ΓΕΩΡΓΙΟΣ ΒΟΥΓΛΑΡΑΚΗΣ
ΓΕΩΡΓΙΟΣ ΒΟΥΛΓΑΡΑΚΗΣ
ΓΕΩΡΓΙΟΣ ΒΟΥΡΓΑΡΑΚΗΣ
ΓΕΩΡΓΙΟΣ ΓΑΡΟΥΦΑΛΙΑΣ
ΓΕΩΡΓΙΟΣ ΓΑΡΥΦΑΛΛΙΑΣ
ΓΕΩΡΓΙΟΣ ΓΕΩΡΓΑΚΟΠΟΥΛΟΣ
ΓΕΩΡΓΙΟΣ ΓΕΩΡΓΑΝΤΑΣ
ΓΕΩΡΓΙΟΣ ΔΑΣΚΑΛΑKHΣ
ΓΕΩΡΓΙΟΣ ΔΑΣΚΑΛΑΚΗΣ
ΓΕΩΡΓΙΟΣ ΔΕΙΚΤΑΚΗΣ
ΓΕΩΡΓΙΟΣ ΔΕΙΚΤΆΚΗΣ
ΓΕΩΡΓΙΟΣ ΘΩΜΑΣ
ΓΕΩΡΓΙΟΣ ΚΑΛΑΝΤΖΗΣ
ΓΕΩΡΓΙΟΣ ΚΑΛΟΣ
ΓΕΩΡΓΙΟΣ ΚΑΡΑΣΜΑΝΗΣ
ΓΕΩΡΓΙΟΣ ΚΑΡΑΤΑΣΟΣ
ΓΕΩΡΓΙΟΣ ΚΑΡΑΤΖΑΦΕΡΗΣ
ΓΕΩΡΓΙΟΣ ΚΑΣΑΠΙΔΗΣ
ΓΕΩΡΓΙΟΣ ΚΑΤΣΙΜΠΑΡΔΗΣ
ΓΕΩΡΓΙΟΣ ΚΙΡΚΟΣ
ΓΕΩΡΓΙΟΣ ΚΟΝΤΟΓΙΑΝΝΗΣ
ΓΕΩΡΓΙΟΣ ΚΩΝΣΤΑΝΤΟΠΟΥΛΟΣ
ΓΕΩΡΓΙΟΣ ΚΩΝΣΤΑΝΤΌΠΟΥΛΟΣ
ΓΕΩΡΓΙΟΣ ΚΩΣΤΑΝΤΟΠΟΥΛΟΣ
ΓΕΩΡΓΙΟΣ ΛΙΑΝΗΣ
ΓΕΩΡΓΙΟΣ ΝΤΟΛΙΟΣ
ΓΕΩΡΓΙΟΣ ΟΡΦΑΝΟΣ
ΓΕΩΡΓΙΟΣ ΠΑΝΑΓΙΩΤΟΠΟΥΛΟΣ
ΓΕΩΡΓΙΟΣ ΠΑΠΑΓΕΩΡΓΙΟΥ
ΓΕΩΡΓΙΟΣ ΡΟΚΚΟΣ
ΓΕΩΡΓΙΟΣ ΡΟΚΟΣ
ΓΕΩΡΓΙΟΣ ΡΩΜΑΙΟΣ
ΓΕΩΡΓΙΟΣ ΣΑΛΑΓΚΟΥΔΗΣ
ΓΕΩΡΓΙΟΣ ΣΟΥΡΛΑΣ
ΓΕΩΡΓΙΟΣ ΣΟΥΦΛΙΑΣ
ΓΕΩΡΓΙΟΣ ΣΤΥΛΙΟΣ
ΓΕΩΡΓΙΟΣ ΤΖΙΤΖΙΚΩΣΤΑΣ
ΓΕΩΡΓΙΟΣ ΤΡΙΦΩΝΙΔΗΣ
ΓΕΩΡΓΙΟΣ ΤΡΥΦΩΝΙΔΗΣ
ΓΕΩΡΓΙΟΣ ΤΣΑΦΟΥΛΙΑΣ
ΓΕΩΡΓΙΟΣ ΤΣΟΥΡΝΟΣ
ΓΕΩΡΓΙΟΣ ΧΟΥΡΜΟΥΖΙΑΔΗΣ
ΓΕΩΡΓΙΟΣ ΨAΧΑΡΟΠΟΥΛΟΣ
ΓΕΩΡΓΙΟΣ ΨΑΧΑΡΟΠΟΥΛΟΣ
ΓΕΩΡΓΟΠΟΥΛΟΥ-ΣΑΛΤΑΡΗ ΕΥΣΤΑΘΙΑ(
ΓΕΩΡΓΟΣ ΒΛΑΧΟΣ
ΓΕΩΡΙΟΣ ΚΑΛΟΣ
ΓΕΩΡΙΟΣ ΟΡΦΑΝΟΣ
ΓΙΑΚΟΥΜΑΤΟΣ ΓΕΡΑΣΙΜΟΣ
ΓΙΑΝΝΑΚΑΚΗ ΜΑΡΙΑ
ΓΙΑΝΝΗ ΖΑΦΕΙΡΟΠΟΥΛΟΣ
ΓΙΑΝΝΗΣ ΖΑΦΕΙΡΟΠΟΥΛΟΣ
ΓΙΑΝΝΗΣ ΚΑΨΗΣ
ΓΙΑΝΝΗΣ ΚΟΥΤΣΟΥΚΟΣ
ΓΙΑΝΝΗΣ ΠΑΤΑΚΗΣ
ΓΙΑΝΝΗΣ ΠΟΤΤΑΚΗΣ
ΓΙΑΝΝΗΣ ΣΟΥΛΑΔΑΚΗΣ
ΓΙΑΝΝΗΣ ΤΣΕΚΟΥΡΑΣ
ΓΙΑΝΝΗΣ ΧΩΜΑΤΑΣ
ΓΙΑΤΑΓΑΝΑ ΧΡΥΣΟΥΛΑ
ΓΙΟΒΑΝΟΠΟΥΛΟΣ ΚΩΝΣΤΑΝΤΙΝΟΣ
ΓΙΩΡΓΙΟΣ ΑΔΑΜΟΠΟΥΛΟΣ
ΓΙΩΡΓΙΟΣ ΚΑΤΣΙΜΠΑΡΔΗΣ
ΓΙΩΡΓΟΣ ΑΔΑΜΟΠΟΥΛΟΣ
ΓΙΩΡΓΟΣ ΚΑΡΑΣΜΑΝΗΣ
ΓΙΩΡΓΟΣ ΚΑΤΣΙΜΠΑΡΔΗ
ΓΙΩΡΓΟΣ ΚΑΤΣΙΜΠΑΡΔΗΣ
ΓΚΑΛΗΠ ΓΚΑΛΗΠ
ΓΚΕΡΕΚΟΥ ΑΓΓΕΛΙΚΗ
ΓΚΙΚΑΣ ΧΑΡΔΟΥΒΕΛΗΣ
ΓΚΙΟΥΛΕΚΑΣ ΚΩΝΣΤΑΝΤΙΝΟΣ
ΓΚΟΚΑΣ ΧΡΗΣΤΟΣ
ΓΡΕΓΟΣ ΑΝΤΩΝΙΟΣ
ΓΡΗΓΟΡΗΣ ΝΙΩΤΗΣ
ΓΡΗΓΟΡΙΟΣ ΝΙΩΤΗΣ
Γαβριήλ Αβραμίδης
Γαϊτάνη Ιωάννα
Γάκης Δημήτριος
Γελαλής Δημήτρης
Γερασιμίδου Ελένη
Γερμανίδης Αθανάσιος
Γερμενής Γεώργιος
Γεροβασίλη Όλγα
Γεροντόπουλος Κυριάκος
Γεωργαντάς Γεώργιος
Γεωργιάδης Σπυρίδων
Γεωργοπούλου-Σαλτάρη Ευσταθία(
Γιακουμάτος Γεράσιμος
Γιαννακάκη Μαρία
Γιαταγάνα Χρυσούλα
Γιοβανόπουλος Κωνσταντίνος
Γκερέκου Αγγελική
Γκιουλέκας Κωνσταντίνος
Γκόκας Χρήστος
Γρέγος Αντώνιος
ΔΑΒΑΚΗΣ ΑΘΑΝΑΣΙΟΣ
ΔΑΜΑΒΟΛΙΤΗΣ ΚΩΝΣΤΑΝΤΙΝΟΣ
ΔΕΙΚΤΑΚΗΣ ΓΕΩΡΓΙΟΣ
ΔΕΝΔΙΑΣ ΝΙΚΟΛΑΟΣ
ΔΕΡΜΕΝΤΖΟΠΟΥΛΟΣ ΑΛΕΞΑΝΔΡΟΣ
ΔΕΡΜΙΤΖΑΚΗΣ ΚΩΝΣΤΑΝΤΙΝΟΣ
ΔΗΛΙΖΩ ΤΜΗΜΑ
ΔΗΜΑΡΑΣ ΙΩΑΝΝΗΣ
ΔΗΜΑΣ ΠΥΡΡΟΣ
ΔΗΜΑΣ ΧΡΙΣΤΟΣ
ΔΗΜΗΡΙΟΣ ΣΙΟΥΦΑΣ
ΔΗΜΗΤΡΗΣ ΑΒΡΑΜΟΠΟΥΛΟΣ
ΔΗΜΗΤΡΗΣ ΚΑΤΣΙΚΟΠΟΥΛΟΣ
ΔΗΜΗΤΡΗΣ ΚΟΥΣΕΛΑΣ
ΔΗΜΗΤΡΗΣ ΚΡΕΜΑΣΤΙΝΟΣ
ΔΗΜΗΤΡΗΣ ΚΩΣΤΟΠΟΥΛΟΣ
ΔΗΜΗΤΡΗΣ ΠΙΠΕΡΓΙΑΣ
ΔΗΜΗΤΡΗΣ ΣΑΡΡΗΣ
ΔΗΜΗΤΡΗΣ ΧΡΙΣΤΟΦΙΛΟΓΙΑΝΝΗΣ
ΔΗΜΗΤΡΙΟΣ ΑΛΑΜΠΑΝΟΣ
ΔΗΜΗΤΡΙΟΣ ΑΠΟΣΤΟΛΑΚΗΣ
ΔΗΜΗΤΡΙΟΣ ΒΑΡΒΑΡΙΓΟΣ
ΔΗΜΗΤΡΙΟΣ ΓΕΛΑΛΗΣ
ΔΗΜΗΤΡΙΟΣ ΓΕΩΡΓΑΚΟΠΟΥΛΟΣ
ΔΗΜΗΤΡΙΟΣ ΓΕΩΡΓΟΠΟΥΛΟΣ
ΔΗΜΗΤΡΙΟΣ ΘΑΝΟΣ
ΔΗΜΗΤΡΙΟΣ ΚΑΤΣΙΚΟΠΟΥΛΟΣ
ΔΗΜΗΤΡΙΟΣ ΚΟΣΣΥΒΑΚΗΣ
ΔΗΜΗΤΡΙΟΣ ΚΟΥΣΕΛΑΣ
ΔΗΜΗΤΡΙΟΣ ΚΟΥΤΣΟΓΙΩΡΓΑΣ
ΔΗΜΗΤΡΙΟΣ ΚΡΕΜΑΣΤΙΝΟΣ
ΔΗΜΗΤΡΙΟΣ ΚΩΣΤΟΠΟΥΛΟΣ
ΔΗΜΗΤΡΙΟΣ ΛΙΝΤΖΕΡΗΣ
ΔΗΜΗΤΡΙΟΣ Ν ΚΩΣΤΟΠΟΥΛΟΣ
ΔΗΜΗΤΡΙΟΣ ΝΤΟΥΣΚΑΣ
ΔΗΜΗΤΡΙΟΣ ΠΑΝΤΕΡΜΑΛΗΣ
ΔΗΜΗΤΡΙΟΣ ΠΑΠΑΔΗΜΟΥΛΗΣ
ΔΗΜΗΤΡΙΟΣ ΠΙΠΕΡΓΙΑΣ
ΔΗΜΗΤΡΙΟΣ ΡΕΠΠΑΣ
ΔΗΜΗΤΡΙΟΣ ΣΑΡΡΗΣ
ΔΗΜΗΤΡΙΟΣ ΣΙΟΥΦΑΣ
ΔΗΜΗΤΡΙΟΣ ΣΤΑΜΑΤΗΣ
ΔΗΜΗΤΡΙΟΣ ΤΣΕΤΙΝΕΣ
ΔΗΜΗΤΡΙΟΣ ΤΣΙΟΓΚΑΣ
ΔΗΜΗΤΡΙΟΣ ΤΣΟΒΟΛΑΣ
ΔΗΜΗΤΡΙΟΣ ΧΡΙΣΤΟΦΙΛΟΓΙΑΝΝΗΣ
ΔΗΜΗΤΡΤΟΣ ΣΙΟΥΦΑΣ
ΔΗΜΟΚΡΑΤΙΑΣ ΤΗΣ ΓΕΡΜΑΝΙΑΣ
ΔΗΜΟΚΡΑΤΙΑ ΤΗΣ ΓΕΩΡΓΙΑΣ
ΔΗΜΟΣΘΕΝΗΣ ΤΣΙΑΜΑΚΗΣ
ΔΗΜΟΣΙΑΣ ΔΙΟΙΚΗΣΗΣ ΠΡΟΣ
ΔΗΜΤΡΙΟΣ ΣΙΟΥΦΑΣ
ΔΗΝΗΤΡΙΟΣ ΓΕΩΡΓΑΚΟΠΟΥΛΟΣ
ΔΙΑΚΑΚΗ ΜΑΡΙΑ
ΔΙΑΚΑΝΟΝΙΣΜΟΥ ΤΗΣ ΔΙΑΦΟΡΑΣ
ΔΙΑΜΑΝΤΟΠΟΥΛΟΣ ΕΥΑΓΓΕΛΟΣ
ΔΙΕΥΘΥΝΣΗ ΜΕΛΕΤΩΝ ΤΜΗΜΑ
ΔΙΟΝΥΣΙΟΣ ΓΚΟΥΣΚΟΣ
ΔΙΩΤΗ ΗΡΩ
ΔΜΗΤΡΙΟΣ ΣΙΟΥΦΑΣ
ΔΟΥΞ ΤΟΥ ΛΟΥΞΕΜΒΟΥΡΓΟΥ
ΔΡΑΓΑΣΑΚΗΣ ΙΩΑΝΝΗΣ
ΔΡΙΒΕΛΕΓΚΑΣ ΙΩΑΝΝΗΣ
ΔΡΙΤΣΑΣ ΘΕΟΔΩΡΟΣ
ΔΡΙΤΣΕΛΗ ΠΑΝΑΓΙΩΤΑ
Δαβάκης Αθανάσιος
Δαμαβολίτης Κωνσταντίνος
Δεικτάκης Γεώργιος
Δένδιας Νικόλαος
Δερμεντζόπουλος Αλέξανδρος
Δερμιτζάκης Κωνσταντίνος
Δημαράς Ιωάννης
Δήμας Πύρρος
Δήμας Χρίστος
Δημήτρης Αβραμόπουλος
Δημήτριος Παπαδημούλης
Διακάκη Μαρία
Διαμαντόπουλος Ευάγγελος
Διώτη Ηρώ
Δραγασάκης Ιωάννης
Δριβελέγκας Ιωάννης
Δρίτσας Θεόδωρος
Δριτσέλη Παναγιώτα
ΕMΜΑΝΟΥΗΛ ΚΕΦΑΛΟΓΙΑΝΝΗΣ
ΕΚΘΕΣΗ ΕΛΕΓΧΟΥ ΘΕΜΑ
ΕΚΤΟΡΑΣ ΝΑΣΙΩΚΑΣ
ΕΚΤΩΡΑΣ ΝΑΣΙΩΚΑΣ
ΕΚΤΩΡ ΝΑΣΙΩΚΑΣ
ΕΛIΣΑBET ΠΑΠΑΔΗΜΗΤΡΙΟΥ
ΕΛΕΓΧΟΥ FAX
ΕΛΕΝΑ ΚΟΥΝΤΟΥΡΑ
ΕΛΕΝΗ ΑΝΟΥΣΑΚΗ
ΕΛΕΝΗ ΚΟΥΡΚΟΥΛΑ
ΕΛΕΥΘΕΡΙΟΣ ΒΕΝΙΖΕΛΟΣ
ΕΛΕΥΘΕΡΙΟΣ ΒΕΡΥΒΑΚΗΣ
ΕΛΕΥΘΕΡΙΟΣ ΠΑΠΑΓΕΩΡΓΟΠΟΥΛΟΣ
ΕΛΕΥΘΕΡΙΟΣ ΠΑΠΑΝΙΚΟΛΑΟΥ
ΕΛΕΥΘΕΡΙΟΣ ΤΖΙΟΛΑΣ
ΕΛΕΥΘΕΡΙΟΣ ΤΣΙΟΛΑΣ
ΕΛΕΩΝΟΡΑ ΚΑΤΣΕΛΗ
ΕΛΙΣΑΒΕΤ ΠΑΠΑΔΗΜΗΤΡΙΟΥ
ΕΛΙΣΑΒΕΤ ΠΑΠΑΖΩΗ
ΕΛΙΣΣΑΒΕΤ ΠΑΠΑΔΗΜΗΤΡΙΟΥ
ΕΛΠΙΔΑ ΤΣΟΥΡΗ
ΕΛΣΑ ΠΑΠΑΔΗΜΗΤΡΙΟΥ
ΕΜΑΝΝΟΥΗΛ ΚΕΦΑΛΟΓΙΑΝΝΗΣ
ΕΜΑΝΟΥΗΛ ΚΕΦΑΛΟΓΙΑΝΝΗΣ
ΕΜΜΑΜΝΟΥΗΛ ΚΕΦΑΛΟΓΙΑΝΝΗΣ
ΕΜΜΑΜΝΟΥΗΛ ΣΤΡΑΤΑΚΗΣ
ΕΜΜΑΝΟΥΗΛ ΓΛΕΖΟΣ
ΕΜΜΑΝΟΥΗΛ ΚΑΡΧΙΜΑΚΗΣ
ΕΜΜΑΝΟΥΗΛ ΚΕΦΑΛΛΟΓΙΑΝΝΗΣ
ΕΜΜΑΝΟΥΗΛ ΚΕΦΑΛΟΓΙΑΝΝΗΣ
ΕΜΜΑΝΟΥΗΛ ΛΟΥΚΑΚΗΣ
ΕΜΜΑΝΟΥΗΛ ΜΠΕΝΤΕΝΙΩΤΗΣ
ΕΜΜΑΝΟΥΗΛ ΜΠΕΤΕΝΙΩΤΗΣ
ΕΜΜΑΝΟΥΗΛ ΟΘΩΝΑΣ
ΕΜΜΑΝΟΥΗΛ ΣΚΟΥΛΑΚΗΣ
ΕΜΜΑΝΟΥΗΛ ΣΤΡΑΤΑΚΗΣ
ΕΜΜΑΝΟΥΗΛ ΦΡΑΓΚΙΑΔΟΥΛΑΚΗΣ
ΕΝΑΣ ΒΟΥΛΕΥΤΗΣ
ΕΝΗΜΕΡΩΤΙΚΟ ΣΗΜΕΙΩΜΑ ΘΕΜΑ
ΕΝΤΥΠΟ ΣΗΜΑΤΟΣ ΑΠΟ
ΕΞΠΡΕΣ ΣΑΜΙΝΑ
ΕΠΑΜΕΙΝΩΝΔΑΣ ΖΑΦΕΙΡΟΠΟΥΛΟΣ
ΕΠΑΜΕΙΝΩΝΔΑΣ ΜΑΡΙΑΣ 
ΕΠΑΝΕΙΝΩΝΔΑΣ ΖΑΦΕΙΡΟΠΟΥΛΟΣ
ΕΠΙΚΥΡΩΣΗ ΠΡΑΚΤΙΚΩΝ
ΕΠΙΚΥΡΩΣΗ ΤΩΝ ΓΡΑΜΜΑΤΙΩΝ
ΕΠΙ ΤΩΝ ΚΑΤΩΤΕΡΩ
ΕΡΩΤΗΣΕΩΝ ΑΝΕΣΤΗΣ ΑΓΓΕΛΗΣ
ΕΥΑΓΓΓΕΛΟΣ ΜΠΑΣΙΑΚΟΣ
ΕΥΑΓΓΕΛΙΑ ΣΧΟΙΝΑΡΑΚΗ
ΕΥΑΓΓΕΛΟΣ ΑΠΟΣΤΟΛΟΥ
ΕΥΑΓΓΕΛΟΣ ΑΡΓΥΡΗΣ
ΕΥΑΓΓΕΛΟΣ ΒΕΝΙΖΕΛΟΣ
ΕΥΑΓΓΕΛΟΣ ΒΛΑΣΣΟΠΟΥΛΟΣ
ΕΥΑΓΓΕΛΟΣ ΓΙΑΝΝΟΠΟΥΛΟΣ
ΕΥΑΓΓΕΛΟΣ ΜΑΛΕΣΙΟΣ
ΕΥΑΓΓΕΛΟΣ ΜΕΙΜΑΡΑΚΗΣ
ΕΥΑΓΓΕΛΟΣ ΜΕΪΜΑΡΑΚΗΣ
ΕΥΑΓΓΕΛΟΣ ΜΠΑΣΙΑΚΟΣ
ΕΥΑΓΓΕΛΟΣ ΜΠΑΣΙΚΟΣ
ΕΥΑΓΓΕΛΟΣ ΜΠΟΥΤΑΣ
ΕΥΑΓΓΕΛΟΣ ΜΠΟΥΤΗΣ
ΕΥΑΓΓΕΛΟΣ ΠΑΠΑΧΡΗΣΤΟΣ
ΕΥΑΓΓΕΛΟΣ ΠΑΠΑΧΡΗΣΤΟΥ
ΕΥΑΓΓΕΛΟΣ ΠΟΛΥΖΟΣ
ΕΥΑΓΓΕΛΟΣ ΣΤΑΙΚΟΣ
ΕΥΑΓΓΕΛΟΣ ΣΤΑΪΚΟΣ
ΕΥΑΓΕΛΟΣ ΜΠΟΥΤΑΣ
ΕΥΓΕΝΙΟΣ ΧΑΪΔΗΣ
ΕΥΓΕΝΙΟΣ ΧΑΙΤΙΔΗΣ
ΕΥΓΕΝΙΟΣ ΧΑΪΤΙΔΗΣ
ΕΥΡΙΠΙΔΗΣ ΣΤΥΛΙΑΝΙΔΗΣ
ΕΥΡΥΠΙΔΗΣ ΣΤΥΛΙΑΝΙΔΗΣ
ΕΥΣΤΑΘΙΑ ΓΕΩΡΓΟΠΟΥΛΟΥ-ΣΑΛΤΑΡΗ
ΕΥΣΤΑΘΙΟΣ ΚΟΥΤΜΕΡΙΔΗΣ
ΕΥΤΥΧHΣ ΚΟΝΤΟΜΑΡΗΣ
ΕΥΤΥΧIOΣ ΚΟΝΤΟΜΑΡΗΣ
ΕΥΤΥΧΗΣ ΚΟΝΤΟΜΑΡΗΣ
ΕΥΤΥΧΙΟΣ ΔΑΜΙΑΝΑΚΗΣ
ΕΥΤΥΧΙΟΣ ΚΟΝΤΟΜΑΡΗΣ
Εμμανουήλ Γλέζος
Εμμανουήλ Κεφαλογιάννης
Επαμεινώνδας Μαριάς 
ΖΑΡΟΥΛΙΑ ΕΛΕΝΗ
ΖΑΧΑΡΙΑΣ ΚΩΝΣΤΑΝΤΙΝΟΣ
ΖΕΪΜΠΕΚ ΧΟΥΣΕΪΝ
ΖΕΡΔΕΛΗΣ ΙΩΑΝΝΗΣ
ΖΕΤΑ ΜΑΚΡΗ
ΖΕΤΤΑ ΜΑΚΡΗ
ΖΗΣΙΜΟΠΟΥΛΟΣ ΠΟΛΥΒΙΟΣ
ΖΩΗ ΚΩΝΣΤΑΝΤΟΠΟΥΛΟΥ
ΖΩΗ ΜΑΚΡΗ
Ζαρούλια Ελένη
Ζαχαριάς Κωνσταντίνος
Ζεϊμπέκ Χουσεϊν
Ζερδελής Ιωάννης
Ζησιμόπουλος Πολύβιος
ΗΛΙΑΣ ΒΕΖΔΡΕΒΑΝΗΣ
ΗΛΙΑΣ ΒΕΖΡΕΒΑΝΗΣ
ΗΛΙΑΣ ΒΛΑΧΟΠΟΥΛΟΣ
ΗΛΙΑΣ ΚΑΛΙΩΡΑΣ
ΗΛΙΑΣ ΚΑΛΛΙΩΡΑΣ
ΗΛΙΑΣ ΠΑΠΑΔΟΠΟΥΛΟΣ
ΗΛΙΑΣ ΠΑΠΑΗΛΙΑΣ
ΗΛΙΑΣ ΦΩΤΙΑΔΗΣ
ΗΛΙΟΠΟΥΛΟΣ ΠΑΝΑΓΙΩΤΗΣ
Η ΟΝΕ
Ηλιόπουλος Παναγιώτης
ΘΑΛΑΣΣΙΝΟΣ ΘΑΛΑΣΣΙΝΟΣ
ΘΑΝΟΣ ΜΩΡΑΪΤΗΣ
ΘΕΟΔΟΣΗΣ ΚΩΝΣΤΑΝΤΙΝΙΔΗΣ
ΘΕΟΔΩΡΑ ΜΠΑΚΟΓΙΑΝΝΗ
ΘΕΟΔΩΡΑ ΜΠΑΚΟΓΙΑΝΝΗΣ
ΘΕΟΔΩΡΑ ΤΖΑΚΡΗ
ΘΕΟΔΩΡΟΣ ΑΝΑΓΝΩΣΤΟΠΟΥΛΟΣ
ΘΕΟΔΩΡΟΣ ΓΕΩΡΓΙΑΔΗΣ
ΘΕΟΔΩΡΟΣ ΔΑΜΙΑΝΟΣ
ΘΕΟΔΩΡΟΣ ΔΙΑΜΙΑΝΟΣ
ΘΕΟΔΩΡΟΣ ΚΑΣΣΙΜΗΣ
ΘΕΟΔΩΡΟΣ ΚΑΤΣΑΝΕΒΑΣ
ΘΕΟΔΩΡΟΣ ΚΑΤΣΙΚΗΣ
ΘΕΟΔΩΡΟΣ ΚΟΚΕΛΙΔΗΣ
ΘΕΟΔΩΡΟΣ ΚΟΚΚΕΛΙΔΗΣ
ΘΕΟΔΩΡΟΣ ΚΟΛΙΟΠΑΝΟΣ
ΘΕΟΔΩΡΟΣ ΚΟΤΣΩΝΗΣ
ΘΕΟΔΩΡΟΣ ΠΑΓΚΑΛΟΣ
ΘΕΟΔΩΡΟΣ ΠΑΣΣΑΛΙΔΗΣ
ΘΕΟΔΩΡΟΣ ΣΚΡEΚΑΣ
ΘΕΟΔΩΡΟΣ ΣΚΡΕΚΑΣ
ΘΕΟΔΩΡΟΣ ΣΤΑΘΗΣ
ΘΕΟΔΩΡΟΣ ΤΣΟΥΚΑΤΟΣ
ΘΕΟΠΕΦΤΑΤΟΥ ΑΦΡΟΔΙΤΗ
ΘΕΟΦΑΝΗΣ ΔΗΜΟΣΧΑΚΗΣ
ΘΕΟΦΙΛΟΣ ΒΑΣΙΛΕΙΟΥ
ΘΕΟΦΙΛΟΣ ΛΕΟΝΤΑΡΙΔΗΣ
ΘΕΟΧΑΡΗΣ ΤΣΙΟΚΑΣ
ΘΕΩΡΟΣ ΔΑΜΙΑΝΟΣ
ΘΟΔΩΡΟΣ ΚΑΣΣΙΜΗΣ
ΘΟΔΩΡΟΣ ΚΟΛΙΟΠΑΝΟΣ
ΘΟΕΔΩΡΟΣ ΚΟΛΙΟΠΑΝΟΣ
Θεοπεφτάτου Αφροδίτη
ΙΑΚΩΒΙΔΟΥ ΠΑΝΑΓΙΩΤΑ
ΙΑΤΡΙΔΗ ΤΣΑΜΠΙΚΑ
ΙΑΩΝΝΗΣ ΜΑΓΚΡΙΩΤΗΣ
ΙΓΓΛΕΖΗ ΑΙΚΑΤΕΡΙΝΗ
ΙΛΧΑΝ ΑΧΜΕΤ
ΙΟΡΔΑΝΗΣ ΤΖΑΜΤΖΗΣ
ΙΟΡΔΑΝΗΣ ΤΣΑΜΤΖΗΣ
ΙΩΑΝΝΗΣ ΑΝΘΟΠΟΥΛΟΣ
ΙΩΑΝΝΗΣ ΑΡΑΠΗΣ
ΙΩΑΝΝΗΣ ΒAΙΝΑΣ
ΙΩΑΝΝΗΣ ΒΑΘΕΙΑΣ
ΙΩΑΝΝΗΣ ΒΑΙΝΑΣ
ΙΩΑΝΝΗΣ ΒΑΪΝΑΣ
ΙΩΑΝΝΗΣ ΒΑΡΒΙΣΤΙΩΤΗΣ
ΙΩΑΝΝΗΣ ΒΑΡΒΙΤΣΙΩΤΗΣ
ΙΩΑΝΝΗΣ ΒΑΡΒΤΣΙΩΤΗΣ
ΙΩΑΝΝΗΣ ΒΛΑΤΗΣ
ΙΩΑΝΝΗΣ ΓΙΑΝΝΑΚΗΣ
ΙΩΑΝΝΗΣ ΓΙΑΝΝΑΚΟΠΟΥΛΟΣ
ΙΩΑΝΝΗΣ ΓΙΑΝΝΕΛΗΣ
ΙΩΑΝΝΗΣ ΓΙΑΝΝΕΛΛΗΣ
ΙΩΑΝΝΗΣ ΓΚΙΟΚΑΣ
ΙΩΑΝΝΗΣ ΔΗΜΑΡΑΣ
ΙΩΑΝΝΗΣ ΔΙΑΜΑΝΤΙΔΗΣ
ΙΩΑΝΝΗΣ ΔΡΑΓΑΓΑΚΗΣ
ΙΩΑΝΝΗΣ ΔΡΑΓΑΣΑΚΗΣ
ΙΩΑΝΝΗΣ ΖΑΦΕΙΡΟΠΟΥΛΟΣ
ΙΩΑΝΝΗΣ ΖΙΑΓΚΑΣ
ΙΩΑΝΝΗΣ ΘΩΜΟΠΟΥΛΟΣ
ΙΩΑΝΝΗΣ ΚΑΛΑΜΑΚΙΔΗΣ
ΙΩΑΝΝΗΣ ΚΑΛΟΓΙΑΝΝΗΣ
ΙΩΑΝΝΗΣ ΚΑΡΑΚΩΣΤΑΣ
ΙΩΑΝΝΗΣ ΚΑΨΗΣ
ΙΩΑΝΝΗΣ ΚΕΦΑΛΟΓΙΑΝΝΗΣ
ΙΩΑΝΝΗΣ ΚΟΥΡΑΚΗΣ
ΙΩΑΝΝΗΣ ΚΟΥΤΣΟΥΚΟΣ
ΙΩΑΝΝΗΣ ΚΩΝΣΤΑΝΤΙΝΙΔΗΣ
ΙΩΑΝΝΗΣ ΛΑΜΠΡΟΠΟΥΛΟΣ
ΙΩΑΝΝΗΣ ΜΑΓΚΡΙΩΤΗΣ
ΙΩΑΝΝΗΣ ΜΑΓΡΙΩΤΗΣ
ΙΩΑΝΝΗΣ ΜΑΓΡΚΙΩΤΗΣ
ΙΩΑΝΝΗΣ ΜΑΝΙΑΤΗΣ
ΙΩΑΝΝΗΣ ΜΠΟΥΓΑΣ
ΙΩΑΝΝΗΣ ΠΑΠΑΔΑΤΟΣ
ΙΩΑΝΝΗΣ ΠΑΠΑΔΗΜΟΠΟΥΛΟΣ
ΙΩΑΝΝΗΣ ΠΑΠΑΘΑΝΑΣΙΟΥ
ΙΩΑΝΝΗΣ ΠΑΤΑΚΗΣ
ΙΩΑΝΝΗΣ ΠΟΤΤΑΚΗΣ
ΙΩΑΝΝΗΣ ΣΚΟΥΛΑΡΙΚΗΣ
ΙΩΑΝΝΗΣ ΤΖΑΜΤΖΗΣ
ΙΩΑΝΝΗΣ ΤΖΟΑΝΝΟΣ
ΙΩΑΝΝΗΣ ΤΖΩΑΝΝΟΣ
ΙΩΑΝΝΗΣ ΤΡΑΓΑΚΗΣ
ΙΩΑΝΝΗΣ ΤΣΑΚΛΙΔΗΣ
ΙΩΑΝΝΗΣ ΤΣΕΚΟΥΡΑΣ
ΙΩΑΝΝΗΣ ΧΑΡΑΛΑΜΠΟΠΟΥΛΟΣ
ΙΩΑΝΝΗΣ ΧΑΡΑΛΑΜΠΟΥΣ
ΙΩΑΝΝΗΣ ΧΩΜΑΤΑΣ
ΙΩΑΝΝΙΔΗΣ ΙΩΑΝΝΗΣ
ΙΩΑΝΝΝΗΣ ΒΑΡΒΙΤΣΙΩΤΗΣ
ΙΩΑΝΝΝΗΣ ΓΙΑΝΝΑΚΟΠΟΥΛΟΣ
ΙΩΝΝΗΣ ΔΗΜΑΡΑΣ
ΙΩΝΝΗΣ ΚΟΥΤΣΟΥΚΟΣ
ΙΩΣΗΦ ΒΑΛΥΡΑΚΗΣ
ΙΩΣΗΦ ΜΙΧΕΛΟΓΙΑΝΝΗ
ΙΩΣΗΦ ΜΙΧΕΛΟΓΙΑΝΝΗΣ
Ιακωβίδου Παναγιώτα
Ιατρίδη Τσαμπίκα
Ιγγλέζη Αικατερίνη
Ιωάννης Γκιόκας
Ιωαννίδης Ιωάννης
ΚIΜΩΝ ΚΟΥΛΟΥΡΗΣ
ΚΑΙ ΒΟΡΕΙΑΣ ΙΡΛΑΝΔΙΑΣ
ΚΑΙ ΕΙΔΙΚΟ
ΚΑΙ ΚΩΔΙΚΟΠΟΙΗΣΗΣ ΠΡΟΣ
ΚΑΙ ΠΕΙΡΑΙΑ ΚΟΙΝ
ΚΑΙ ΠΡΟΥΠΟΛΟΓΙΣΜΟΥ ΔΙΕΥΘΥΝΣΗ
ΚΑΚΛΑΜΑΝΗΣ ΑΠΟΣΤΟΛΟΣ
ΚΑΚΛΑΜΑΝΗΣ ΝΙΚΗΤΑΣ
ΚΑΛΑΝΤΖΗΣ ΓΕΩΡΓΙΟΣ
ΚΑΛΑΦΑΤΗΣ ΣΤΑΥΡΟΣ
ΚΑΛΟΓΕΡΗ ΑΓΝΗ
ΚΑΛΟΓΙΑΝΝΗΣ ΣΤΑΥΡΟΣ
ΚΑΜΜΕΝΟΣ ΠΑΝΑΓΙΩΤΗΣ
ΚΑΝΕΛΛΗ ΓΑΡΥΦΑΛΛΙΑ
ΚΑΝΕΛΛΟΠΟΥΛΟΥ ΜΑΡΙΑ
ΚΑΝΕΛΛΟΣ ΛΑΛΟΣ
ΚΑΠΕΡΝΑΡΟΣ ΒΑΣΙΛΕΙΟΣ
ΚΑΠΟΙΟΣ ΒΟΥΛΕΥΤΗΣ
ΚΑΡΑΓΙΑΝΝΙΔΗΣ ΧΡΗΣΤΟΣ
ΚΑΡΑΓΚΟΥΝΗΣ ΚΩΝΣΤΑΝΤΙΝΟΣ
ΚΑΡΑΘΑΝΑΣΟΠΟΥΛΟΣ ΝΙΚΟΛΑΟΣ
ΚΑΡΑΜΑΝΛΗ ΑΝΝΑ
ΚΑΡΑΜΑΝΛΗΣ ΚΩΝΣΤΑΝΤΙΝΟΣ
ΚΑΡΑ ΜΕΜΕΤ
ΚΑΡΑΜΠΕΛΑΣ ΙΩΑΝΝΗΣ
ΚΑΡΑΝΑΣΙΟΣ ΕΥΘΥΜΙΟΣ
ΚΑΡΑΟΓΛΟΥ ΘΕΟΔΩΡΟΣ
ΚΑΡΑΣΜΑΝΗΣ ΓΕΩΡΓΙΟΣ
ΚΑΡΟΛΟΣ ΠΑΠΟΥΛΙΑΣ
ΚΑΣΑΠΙΔΗΣ ΓΕΩΡΓΙΟΣ
ΚΑΣΙΔΙΑΡΗΣ ΗΛΙΑΣ
ΚΑΣΣΗΣ ΜΙΧΑΗΛ
ΚΑΤΕΡΙΝΑ ΠΕΡΛΕΠΕ
ΚΑΤΡΙΒΑΝΟΥ ΒΑΣΙΛΙΚΗ
ΚΑΤΣΑΦΑΔΟΣ ΚΩΝΣΤΑΝΤΙΝΟΣ
ΚΑΤΣΩΤΗΣ ΧΡΗΣΤΟΣ
ΚΑΦΑΝΤΑΡΗ ΧΑΡΟΥΛΑ
ΚΕΓΚΕΡΟΓΛΟΥ ΒΑΣΙΛΕΙΟΣ
ΚΕΛΛΑΣ ΧΡΗΣΤΟΣ
ΚΕΦΑΛΟΓΙΑΝΝΗ ΟΛΓΑ
ΚΕΦΑΛΟΓΙΑΝΝΗΣ ΙΩΑΝΝΗΣ
ΚΙΚΙΛΙΑΣ ΒΑΣΙΛΕΙΟΣ
ΚΙΜΩΝΑΣ ΚΟΥΛΟΥΡΗΣ
ΚΙΜΩΝ ΚΟΥΛΟΥΡΗΣ
ΚΙΡΚΟΣ ΓΕΩΡΓΙΟΣ
ΚΛΕΙΤΣΙΩΤΗΣ ΚΩΝΣΤΑΝΤΙΝΟΣ
ΚΟΔΕΛΑΣ ΔΗΜΗΤΡΙΟΣ
ΚΟΛΛΙΑΣ ΚΩΝΣΤΑΝΤΙΝΟΣ
ΚΟΝΣΟΛΑΣ ΕΜΜΑΝΟΥΗΛ
ΚΟΝΤΟΓΕΩΡΓΟΣ ΚΩΝΣΤΑΝΤΙΝΟΣ
ΚΟΝΤΟΓΙΑΝΝΗΣ ΓΕΩΡΓΙΟΣ
ΚΟΝΤΟΝΗΣ ΧΑΡΑΛΑΜΠΟΣ-ΣΤΑΥΡΟΣ
ΚΟΝΤΟΣ ΑΛΕΞΑΝΔΡΟΣ
ΚΟΣΜΑΣ ΣΦΥΡΙΟΥ
ΚΟΣΜΑΣ ΣΦΥΦΙΟΥ
ΚΟΥΒΕΛΑ ΦΩΤΕΙΝΗ
ΚΟΥΒΕΛΗΣ ΦΩΤΙΟΣ
ΚΟΥΖΗΛΟΣ ΝΙΚΟΛΑΟΣ
ΚΟΥΙΚ ΤΕΡΕΝΣ
ΚΟΥΚΟΔΗΜΟΣ ΚΩΝΣΤΑΝΤΙΝΟΣ
ΚΟΥΚΟΥΛΟΠΟΥΛΟΣ ΠΑΡΑΣΚΕΥΑΣ
ΚΟΥΚΟΥΤΣΗΣ ΔΗΜΗΤΡΙΟΣ
ΚΟΥΝΤΟΥΡΑ ΕΛΕΝΑ
ΚΟΥΡΑΚΗΣ ΑΝΑΣΤΑΣΙΟΣ
ΚΟΥΡΑΚΟΣ ΙΩΑΝΝΗΣ
ΚΟΥΡΟΥΜΠΛΗΣ ΠΑΝΑΓΙΩΤΗΣ
ΚΟΥΤΣΟΓΙΑΝΝΑΚΟΠΟΥΛΟΣ ΚΩΝΣΤΑΝΤΙΝΟΣ
ΚΟΥΤΣΟΥΚΟΣ ΓΙΑΝΝΗΣ
ΚΟΥΤΣΟΥΜΠΑΣ ΑΝΔΡΕΑΣ
ΚΟΨΑΧΕΙΛΗΣ ΤΙΜΟΛΕΩΝ
ΚΡΕΜΑΣΤΙΝΟΣ ΔΗΜΗΤΡΙΟΣ
ΚΡΙΝΙΩ ΚΑΝΕΛΛΟΠΟΥΛΟΥ
ΚΡΙΝΙΩ ΚΑΝΕΛΟΠΟΥΛΟΥ
ΚΡΙΤΣΩΤΑΚΗΣ ΜΙΧΑΗΛ
ΚΥΡΙΑΖΙΔΗΣ ΔΗΜΗΤΡΙΟΣ
ΚΥΡΙΑΚΑΚΗΣ ΒΑΣΙΛΕΙΟΣ
ΚΥΡΙΑΚΟΣ ΣΠΟΥΡΙΟΥΝΗΣ
ΚΥΡΙΑΚΟΣ ΣΠΥΡΙΟΥΝΗΣ
ΚΥΡΙΤΣΗΣ ΓΕΩΡΓΙΟΣ
ΚΩΝΙΣΤΑΝΤΙΝΟΣ ΚΑΪΣΕΡΛΗΣ
ΚΩΝΣTΑΝΤΙΝΟΣ ΜΗΤΣΟΤΑΚΗΣ
ΚΩΝΣΤΑΝΙΝΟΣ ΜΗΤΣΟΤΑΚΗΣ
ΚΩΝΣΤΑΝΤIΝΟΣ ΜΗΤΣΟΤΑΚΗΣ
ΚΩΝΣΤΑΝΤΑΝΤΙΝΟΣ ΜΗΤΣΟΤΑΚΗΣ
ΚΩΝΣΤΑΝΤΙΝΙΔΗΣ ΕΥΣΤΑΘΙΟΣ
ΚΩΝΣΤΑΝΤΙΝΙΔΗΣ ΘΕΟΔΟΣΙΟΣ
ΚΩΝΣΤΑΝΤΙΝΟΠΟΥΛΟΣ ΟΔΥΣΣΕΑΣ
ΚΩΝΣΤΑΝΤΙΝΟΣ ΑΓΟΡΑΣΤΟΣ
ΚΩΝΣΤΑΝΤΙΝΟΣ ΒΡΕΤΤΟΣ
ΚΩΝΣΤΑΝΤΙΝΟΣ ΔΙΑΜΑΝΤΗΣ
ΚΩΝΣΤΑΝΤΙΝΟΣ ΖΑΧΑΡΑΚΗΣ
ΚΩΝΣΤΑΝΤΙΝΟΣ ΚΑΙΣΕΡΛΗΣ
ΚΩΝΣΤΑΝΤΙΝΟΣ ΚΑΪΣΕΡΛΗΣ
ΚΩΝΣΤΑΝΤΙΝΟΣ ΚΑΡΑΓΚΟΥΝΗΣ
ΚΩΝΣΤΑΝΤΙΝΟΣ ΚΑΡΑΜΗΝΑΣ
ΚΩΝΣΤΑΝΤΙΝΟΣ ΚΑΡΑΜΠΙΝΑΣ
ΚΩΝΣΤΑΝΤΙΝΟΣ ΚΑΡΡΑΣ
ΚΩΝΣΤΑΝΤΙΝΟΣ ΚΙΛΤΙΔΗΣ
ΚΩΝΣΤΑΝΤΙΝΟΣ ΜΗΤΣΟΤΑΚΗΣ
ΚΩΝΣΤΑΝΤΙΝΟΣ ΜΠΑΝΤΟΥΒΑΣ
ΚΩΝΣΤΑΝΤΙΝΟΣ ΠΑΠΑΛΕΞΗΣ
ΚΩΝΣΤΑΝΤΙΝΟΣ ΡΟΒΛΙΑΣ
ΚΩΝΣΤΑΝΤΙΝΟΣ ΣΗΜΑΙΟΦΟΡΙΔΗΣ
ΚΩΝΣΤΑΝΤΙΝΟΣ ΣΚΑΝΔΑΛΙΔΗΣ
ΚΩΝΣΤΑΝΤΙΝΟΣ ΣΠΗΛΙΟΠΟΥΛΟΣ
ΚΩΝΣΤΑΝΤΙΝΟΣ ΣΠΗΛΙΩΤΟΠΟΥΛΟΣ
ΚΩΝΣΤΑΝΤΙΝΟΣ ΣΤΕΦΑΝΗΣ
ΚΩΝΣΤΑΝΤΙΝΟΣ ΤΑΣΟΥΛΑΣ
ΚΩΝΣΤΑΝΤΙΝΟΣ ΤΣΙΜΑΣ
ΚΩΝΣΤΑΝΤΙΝΟΣ ΤΣΙΠΛΑΚΗΣ
ΚΩΝΣΤΑΝΤΙΝΟΣ ΤΣΙΠΛΆΚΗΣ
ΚΩΝΣΤΑΝΤΙΝΟΣ ΤΣΙΠΛΑΚΟΣ
ΚΩΝΣΤΑΝΤΙΝΟΣ ΦΛΩΡΟΣ
ΚΩΝΣΤΑΝΤΙΟΣ ΜΗΤΣΟΤΑΚΗΣ
ΚΩΝΣΤΑΝΤΟΠΟΥΛΟΣ ΓΕΩΡΓΙΟΣ
ΚΩΝΣΤΑΝΤΟΠΟΥΛΟΥ ΖΩΗ
ΚΩΝΤΑΝΤΙΝΟΣ ΜΗΤΣΟΤΑΚΗΣ
ΚΩΣΝΑΝΤΙΝΟΣ ΜΗΤΣΟΤΑΚΗΣ
ΚΩΣΝΣΤΑΝΤΙΝΟΣ ΜΗΤΣΟΤΑΚΗΣ
ΚΩΣΝΤΑΝΤΙΝΟΣ ΜΗΤΣΟΤΑΚΗΣ
ΚΩΣΝΤΑΝΤΙΝΟΣ ΣΗΜΑΙΟΦΟΡΙΔΗΣ
ΚΩΣΤΑΝΤΙΝΟΣ ΜΗΤΣΟΤΑΚΗΣ
ΚΩΣΤΑΣ ΚΑΡΡΑΣ
Κακλαμάνης Απόστολος
Κακλαμάνης Νικήτας
Καλαντζής Γεώργιος
Καλαφάτης Σταύρος
Καλογερή Αγνή
Καλογιάννης Σταύρος
Καμμένος Παναγιώτης
Κανέλλη Γαρυφαλλιά
Κανελλοπούλου Μαρία
Καπερνάρος Βασίλειος
Καρά Μεμέτ
Καραγιαννίδης Χρήστος
Καραγκούνης Κωνσταντίνος
Καραθανασόπουλος Νικόλαος
Καραμανλή Άννα
Καραμανλής Κωνσταντίνος
Καράμπελας Ιωάννης
Καρανάσιος Ευθύμιος
Καράογλου Θεόδωρος
Καρασμάνης Γεώργιος
Κασαπίδης Γεώργιος
Κασιδιάρης Ηλίας
Κασσής Μιχαήλ
Κατριβάνου Βασιλική
Κατσαφάδος Κωνσταντίνος
Κατσώτης Χρήστος
Καφαντάρη Χαρούλα
Κεγκέρογλου Βασίλειος
Κέλλας Χρήστος
Κεφαλογιάννη Όλγα
Κεφαλογιάννης Ιωάννης
Κικίλιας Βασίλειος
Κλειτσιώτης Κωνσταντίνος
Κοδέλας Δημήτριος
Κόλλιας Κωνσταντίνος
Κόνσολας Εμμανουήλ
Κοντογεώργος Κωνσταντίνος
Κοντογιάννης Γεώργιος
Κοντονής Χαράλαμπος-Σταύρος
Κοντός Αλέξανδρος
Κούβελα Φωτεινή
Κουβέλης Φώτιος
Κούζηλος Νικόλαος
Κουίκ Τέρενς
Κουκοδήμος Κωνσταντίνος
Κουκουλόπουλος Παρασκευάς
Κουκούτσης Δημήτριος
Κουντουρά Έλενα
Κουράκης Αναστάσιος
Κουράκος Ιωάννης
Κουρουμπλής Παναγιώτης
Κουτσογιαννακόπουλος Κωνσταντίνος
Κουτσούκος Γιάννης
Κουτσούμπας Ανδρέας
Κοψαχείλης Τιμολέων
Κρεμαστινός Δημήτριος
Κριτσωτάκης Μιχαήλ
Κυριαζίδης Δημήτριος
Κυριακάκης Βασίλειος
Κυρίτσης Γεώργιος
Κωνσταντινίδης Ευστάθιος
Κωνσταντινίδης Θεοδόσιος
Κωνσταντινόπουλος Οδυσσέας
Κωνσταντόπουλος Γεώργιος
Κωνσταντοπούλου Ζωή
ΛΑΓΟΣ ΙΩΑΝΝΗΣ
ΛΑΖΑΡΙΔΗΣ ΧΡΥΣΑΝΘΟΣ
ΛΑΖΑΡΟΣ ΛΩΤΙΔΗΣ
ΛΑΜΠΡΟΠΟΥΛΟΣ ΙΩΑΝΝΗΣ
ΛΑΜΠΡΟΣ ΚΑΝΕΛΛΟΠΟΥΛΛΟΣ
ΛΑΜΠΡΟΣ ΚΑΝΕΛΛΟΠΟΥΛΟΣ
ΛΑΜΠΡΟΣ ΠΑΠΑΔΗΜΑΣ
ΛΑΜΠΡΟΥΛΗΣ ΓΕΩΡΓΙΟΣ
ΛΑΦΑΖΑΝΗΣ ΠΑΝΑΓΙΩΤΗΣ
ΛΕΟΝΤΑΡΙΔΗΣ ΘΕΟΦΙΛΟΣ
ΛΕΥTΕΡHΣ ΠΑΠΑΓΕΩΡΓΟΠΟΥΛΟΣ
ΛΕΥΡΕΡΗΣ ΠΑΠΑΓΕΩΡΓΟΥΛΟΣ
ΛΕΥΤΕΡΗΣ ΠΑΓΕΩΡΓΟΠΟΥΛΟΣ
ΛΕΥΤΕΡΗΣ ΠΑΠΑΓΕΩΡΓΟΠΟΥΛΟΣ
ΛΕΩΝΙΔΑΣ ΓΡΗΓΟΡΑΚΟΣ
ΛΕΩΝΙΔΑΣ ΓΡΗΡΟΡΑΚΟΣ
ΛΕΩΝΙΔΑΣ ΚΟΥΡΗΣ
ΛΕΩΝΙΔΑΣ ΛΥΜΠΕΡΑΚΙΔΗΣ
ΛΕΩΝΙΔΑΣ ΛΥΜΠΕΡΚΙΔΗΣ
ΛΕΩΝΙΔΑΣ ΤΖΑΝΗΣ
ΛΕΩΝΙΔΗΣ ΚΟΥΡΗΣ
ΛΕΩΝ ΛΥΚΟΥΡΕΖΟΣ
ΛΙΑΝΑ ΚΑΝΕΛΗ
ΛΙΑΝΑ ΚΑΝΕΛΛΗ
ΛΙΑΝΝΑ ΚΑΝΕΛΛΗ
ΛΟΒΕΡΔΟΣ ΑΝΔΡΕΑΣ
ΛΟΥΚΑΣ ΑΠΟΣΤΟΛΙΔΗΣ
ΛΥΚΟΥΔΗΣ ΣΠΥΡΙΔΩΝ
ΛΥΚΟΥΡΕΝΤΖΟΣ ΑΝΔΡΕΑΣ
ΛΩΡΟΣ ΚΩΝΣΤΑΝΤΙΝΟΥ
Λαγός Ιωάννης
Λαζαρίδης Χρύσανθος
Λαμπρόπουλος Ιωάννης
Λαμπρούλης Γεώργιος
Λαφαζάνης Παναγιώτης
Λεονταρίδης Θεόφιλος
Λοβέρδος Ανδρέας
Λυκούδης Σπυρίδων
Λυκουρέντζος Ανδρέας
ΜΑΚΡΗ ΕΥΑΓΓΕΛΟΥ
ΜΑΚΡΗ ΖΩΗ
ΜΑΚΡΗ ΡΑΧΗΛ
ΜΑΝΔΡΕΚΑ ΑΣΠΑΣΙΑ
ΜΑΝΗ-ΠΑΠΑΔΗΜΗΤΡΙΟΥ ΄ΑΝΝΑ
ΜΑΝΙΑΤΗΣ ΙΩΑΝΝΗΣ
ΜΑΝΟΛΗΣ ΛΟΥΚΑΚΗΣ
ΜΑΝΟΣ ΦΡΑΓΚΙΑΔΟΥΛΑΚΗΣ
ΜΑΝΤΑΣ ΧΡΗΣΤΟΣ
ΜΑΝΩΛΑΚΟΥ ΔΙΑΜΑΝΤΩ
ΜΑΝΩΛΗΣ ΚΕΦΑΛΟΓΙΑΝΝΗΣ
ΜΑΝΩΛΗΣ ΛΟΥΚΑΚΗΣ
ΜΑΝΩΛΗΣ ΜΠΕΝΤΕΝΙΩΤΗΣ
ΜΑΞΙΜΟΣ ΧΑΡΑΚΟΠΟΥΛΟΣ
ΜΑΡΙΑ ΑΡΣΕΝΗ
ΜΑΡΙΑ ΔΑΜΑΝΑΚΗ
ΜΑΡΙΑ ΘΩΜΑ
ΜΑΡΙΑ ΚΟΛΛΙΑ ΤΣΑΡΟΥΧΑ
ΜΑΡΙΑ ΚΟΛΛΙΑ-ΤΣΑΡΟΥΧΑ
ΜΑΡΙΑ ΚΩΝΣΤΑΝΤΟΠΟΥΛΟΥ
ΜΑΡΙΑ ΜΠΟΣΚΟΥ
ΜΑΡΙΑ ΜΠΟΥΣΚΟΥ
ΜΑΡΙΕΤΑ ΓΙΑΝΝΑΚΟΥ
ΜΑΡΙΕΤΑ ΓΙΑΝΝΑΚΟΥ ΚΟΥΤΣΙΚΟΥ
ΜΑΡΙΕΤΤΑ ΓΙΑΝΑΚΟΥ ΚΟΥΤΣΙΚΟΥ
ΜΑΡΙΕΤΤΑ ΓΙΑΝΝΑΚΟΥ
ΜΑΡΙΕΤΤΑ ΓΙΑΝΝΑΚΟΥ ΚΟΥΤΣΙΚΟΥ
ΜΑΡΙΝΑ ΧΡΥΣΟΒΕΛΩΝΗ
ΜΑΡΙΝΟΣ ΑΝΔΡΕΑΣ
ΜΑΡΙΝΟΣ ΟΥΖΟΥΝΙΔΗΣ
ΜΑΡΙΟΣ ΣΑΛΜΑΣ
ΜΑΡΚΟΓΙΑΝΝΑΚΗΣ ΧΡΗΣΤΟΣ
ΜΑΡΚΟΠΟΥΛΟΣ ΚΩΝΣΤΑΝΤΙΝΟΣ
ΜΑΡΚΟΣ ΜΠΟΛΑΡΗΣ
ΜΑΡΚΟΥ ΑΙΚΑΤΕΡΙΝΗ
ΜΑΡΤΙΝΟΥ ΓΕΩΡΓΙΑ
ΜΑΡΩ ΚΟΝΤΟΥ
ΜΑΤΘΑΙΟΠΟΥΛΟΣ ΑΡΤΕΜΙΟΣ
ΜΑΥΡΟΥΔΗΣ ΒΟΡΙΔΗΣ
ΜΕΪΚΟΠΟΥΛΟΣ ΑΛΕΞΑΝΔΡΟΣ
ΜΕΪΜΑΡΑΚΗΣ ΕΥΑΓΓΕΛΟΣ
ΜΕΡΙΚΟΙ ΒΟΥΛΕΥΤΕΣ
ΜΗΝΑΣ ΣΤΑΥΡΑΚΑΚΗΣ
ΜΗΤΑΡΑΚΗΣ ΠΑΝΑΓΙΩΤΗΣ
ΜΗΤΡΟΠΟΥΛΟΣ ΑΛΕΞΙΟΣ
ΜΗΤΣΟΤΑΚΗΣ ΚΥΡΙΑΚΟΣ
ΜΙΛΙΤΑΔΗΣ ΕΒΕΡΤ
ΜΙΛΤΙΑΔΗΣ ΒΑΡΒΙΤΣΙΩΤΗΣ
ΜΙΛΤΙΑΔΗΣ ΒΕΡΡΑΣ
ΜΙΛΤΙΑΔΗΣ ΕΒΕΡΤ
ΜΙΛΤΙΑΔΗΣ ΠΑΠΑΙΩΑΝΝΟΥ
ΜΙΛΤΙΑΔΗΣ ΠΑΠΑΪΩΑΝΝΟΥ
ΜΙΧΑΗΛ ΚΑΡΧΙΜΑΚΗΣ
ΜΙΧΑΗΛ ΛΙΑΠΗΣ
ΜΙΧΑΗΛ ΜΠΕΚΙΡΗΣ
ΜΙΧΑΗΛ ΠΑΝΤΟΥΛΑΣ
ΜΙΧΑΗΛ ΠΑΠΑΔΟΠΟΥΛΟΣ
ΜΙΧΑΗΛ ΣΤΑΘΟΠΟΥΛΟΣ
ΜΙΧΑΗΛ ΧΑΛΚΙΔΗΣ
ΜΙΧΑΗΛ ΧΡΥΣΟΧΟΪΔΗΣ
ΜΙΧΑΛHΣ ΧΑΛΚΙΔΗΣ
ΜΙΧΑΛΑΚΗΣ ΝΙΚΟΛΑΟΣ
ΜΙΧΑΛΗΣ ΚΑΡΧΙΜΑΚΗΣ
ΜΙΧΑΛΗΣ ΜΠΕΚΙΡΗΣ
ΜΙΧΑΛΗΣ ΠΑΝΤΟΥΛΑΣ
ΜΙΧΑΛΗΣ ΠΑΠΑΔΟΠΟΥΛΟΣ
ΜΙΧΑΛΗΣ ΧΑΛΚΙΔΗΣ
ΜΙΧΑΛΗΣ ΧΡΥΣΟΧΟΪΔΗΣ
ΜΙΧΑΛΟΛΙΑΚΟΣ ΝΙΚΟΛΑΟΣ
ΜΙΧΕΛΑΚΗΣ ΙΩΑΝΝΗΣ
ΜΙΧΕΛΟΓΙΑΝΝΑΚΗΣ ΙΩΑΝΝΗΣ
ΜΙΧΛΗΣ ΚΑΡΧΙΜΑΚΗΣ
ΜΙΧΟΣ ΝΙΚΟΛΑΟΣ
ΜΟΣΧΟΣ ΓΙΚΟΝΟΓΛΟΥ
ΜΟΥΣΤΑΦΑ ΜΟΥΣΤΑΦΑ
ΜΟΥΤΣΙΝΑΣ ΠΑΡΙΣΗΣ
ΜΠΑΚΟΓΙΑΝΝΗ ΘΕΟΔΩΡΑ
ΜΠΑΡΚΑΣ ΚΩΝΣΤΑΝΤΙΝΟΣ
ΜΠΑΡΜΠΑΡΟΥΣΗΣ ΚΩΝΣΤΑΝΤΙΝΟΣ
ΜΠΑΣΙΑΚΟΣ ΕΥΑΓΓΕΛΟΣ
ΜΠΑΤΣΑΡΑ ΓΕΩΡΓΙΑ
ΜΠΕΖΑΣ ΑΝΤΩΝΙΟΣ
ΜΠΗΡΟΛ ΑΚΗΦΟΓΛΟΥ
ΜΠΙΡΟΛ ΑΚΗΦΟΓΛΟΥ
ΜΠΟΛΑΡΗ ΜΑΡΙΑ
ΜΠΟΛΑΡΗΣ ΜΑΡΚΟΣ
ΜΠΟΥΚΟΥΡΑΣ ΕΥΣΤΑΘΙΟΣ
ΜΠΟΥΡΑΣ ΑΘΑΝΑΣΙΟΣ
ΜΠΡΙΑΝΗΣ ΔΗΜΗΤΡΙΟΣ
ΜΩΡΑΪ́ΤΗΣ ΑΘΑΝΑΣΙΟΣ
ΜΩΡΑΪ́ΤΗΣ ΝΙΚΟΛΑΟΣ
Μακρή Ευαγγέλου
Μακρή Ζωή
Μακρή Ραχήλ
Μανδρέκα Ασπασία
Μάνη-Παπαδημητρίου ΄Αννα
Μανιάτης Ιωάννης
Μαντάς Χρήστος
Μανωλάκου Διαμάντω
Μαρία Κόλλια-Τσαρουχά
Μαρίνα Χρυσοβελώνη
Μαρίνος Ανδρέας
Μαρίνος Ουζουνίδης
Μαρκογιαννάκης Χρήστος
Μαρκόπουλος Κωνσταντίνος
Μάρκου Αικατερίνη
Μαρτίνου Γεωργία
Ματθαιόπουλος Αρτέμιος
Μεϊκόπουλος Αλέξανδρος
Μεϊμαράκης Ευάγγελος
Μηταράκης Παναγιώτης
Μητρόπουλος Αλέξιος
Μητσοτάκης Κυριάκος
Μιχαλάκης Νικόλαος
Μιχαλολιάκος Νικόλαος
Μιχελάκης Ιωάννης
Μιχελογιαννάκης Ιωάννης
Μίχος Νικόλαος
Μουτσινάς Παρίσης
Μπακογιάννη Θεοδώρα
Μπάρκας Κωνσταντίνος
Μπαρμπαρούσης Κωνσταντίνος
Μπασιάκος Ευάγγελος
Μπατσαρά Γεωργία
Μπέζας Αντώνιος
Μπόλαρη Μαρία
Μπόλαρης Μάρκος
Μπούκουρας Ευστάθιος
Μπούρας Αθανάσιος
Μπριάνης Δημήτριος
Μωραΐτης Αθανάσιος
Μωραΐτης Νικόλαος
ΝΑΣΟΣ ΑΛΕΥΡΑΣ
ΝΑΣΤΑΣΙΟΣ ΝΕΡΑΝΤΖΗΣ
ΝΕΡΑΝΤΖΗΣ ΑΝΑΣΤΑΣΙΟΣ
ΝΙΚΗΤΑΣ ΚΑΚΛΑΜΑΝΗΣ
ΝΙΚΟΛΑΛΟΣ ΓΚΑΤΖΗΣ
ΝΙΚΟΛΑΟΣ ΑΓΓΕΛΟΠΟΥΛΟΣ
ΝΙΚΟΛΑΟΣ ΑΚΡΙΒΑΚΗΣ
ΝΙΚΟΛΑΟΣ ΑΚΡΙΤΙΔΗΣ
ΝΙΚΟΛΑΟΣ ΑΝΑΣΤΑΣΟΠΟΥΛΟΣ
ΝΙΚΟΛΑΟΣ ΓΚΑΤΖΗΣ
ΝΙΚΟΛΑΟΣ ΓΚΕΛΕΣΤΑΘΗΣ
ΝΙΚΟΛΑΟΣ ΓΚΕΣOYΛΗΣ
ΝΙΚΟΛΑΟΣ ΓΚΕΣΟΥΛΗΣ
ΝΙΚΟΛΑΟΣ ΖΑΜΠΟΥΝΙΔΗΣ
ΝΙΚΟΛΑΟΣ ΗΛΙΑΔΗΣ
ΝΙΚΟΛΑΟΣ ΚΑΚΚΑΛΟΣ
ΝΙΚΟΛΑΟΣ ΚΑΡΑΘΑΝΑΣΟΠΟΥΛΟΣ
ΝΙΚΟΛΑΟΣ ΚΑΤΣΑΡΟΣ
ΝΙΚΟΛΑΟΣ ΚΟΚΚΙΝΗΣ
ΝΙΚΟΛΑΟΣ ΚΟΡΤΣΑΡΗΣ
ΝΙΚΟΛΑΟΣ ΛΑΜΠΑΔΑΡΗΣ
ΝΙΚΟΛΑΟΣ ΛΕΒΟΓΙΑΝΝΗΣ
ΝΙΚΟΛΑΟΣ ΛΕΓΚΑΣ
ΝΙΚΟΛΑΟΣ ΝΙΚΟΛΟΠΟΥΛΟΣ
ΝΙΚΟΛΑΟΣ ΠΑΠΑΦΙΛΙΠΠΟΥ
ΝΙΚΟΛΑΟΣ ΠΑΠΑΦΙΛΛΙΠΟΥ
ΝΙΚΟΛΑΟΣ ΣΑΛΑΓΙΑΝΝΗΣ
ΝΙΚΟΛΑΟΣ ΣΑΛΑΓΚΟΥΔΗΣ
ΝΙΚΟΛΑΟΣ ΣΗΦΟΥΝΑΚΗΣ
ΝΙΚΟΛΑΟΣ ΣΤΡΑΤΗΛΑΤΗΣ
ΝΙΚΟΛΑΟΣ ΤΣΙΑΡΤΣΙΩΝΗΣ
ΝΙΚΟΛΑΟΣ ΤΣΟΥΚΑΛΗΣ
ΝΙΚΟΛΑΟΣ ΦΑΡΜΑΚΗΣ
ΝΙΚΟΛΑΟΣ ΦΛΩΡΟΣ
ΝΙΚΟΛΑΟΣ ΧΑΤΖΗΜΙΧΑΛΗΣ
ΝΙΚΟΛΑΟΣ ΧΡΙΣΤΟΔΟΥΛΑΚΗΣ
ΝΙΚΟΛΟΣ ΝΙΚΟΛΟΠΟΥΛΟΣ
ΝΙΚΟΣ ΝΙΚΟΛΟΠΟΥΛΟΣ
ΝΟΡΑ ΚΑΤΣΕΛΗ
ΝΟΣΟΚΟΜΕΙΟ ΚΑΛΑΜΑΤΑΣ
ΝΤΑΒΛΟΥΡΟΣ ΑΘΑΝΑΣΙΟΣ
ΝΤΑΒΡΗΣ ΓΕΩΡΓΙΟΣ
ΝΤΙΝΟΠΟΥΛΟΣ ΑΡΓΥΡΗΣ
ΝΤΟΛΙΟΣ ΓΕΩΡΓΙΟΣ
Νεράντζης Αναστάσιος
Νίκος Νικολόπουλος
Νταβλούρος Αθανάσιος
Νταβρής Γεώργιος
Ντινόπουλος Αργύρης
Ντόλιος Γεώργιος
ΞΑΝΘΟΣ ΑΝΔΡΕΑΣ
ΞΕΝΟΦΩΝ ΒΕΡΓΙΝΗΣ
ΞΗΡΟΤΥΡΗ ΑΙΚΑΤΕΡΙΝΑΡΗ
Ξανθός Ανδρέας
Ξηροτύρη Αικατερινάρη
ΟΙΚΟΝΟΜΟΥ ΒΑΣΙΛΕΙΟΣ
ΟΛΟΙ OI BOYΛΕΥΤΕΣ
ΟΛΟΙ OI ΒΟΥΛΕΥΤΕΣ
ΟΛΟΙ ΒΟΥΛΕΥΤΕΣ
ΟΛΟΙ ΟΙ ΒΟΥΛΕΥΤΕΣ
ΟΛΟΙ ΟΙ ΒΟΥΛΕΥΤΈΣ
ΟΛΥΜΠΙΑΚΗ ΑΕΡΟΠΛΟΙΑ FAX
ΟΜΙΛΟΥ ΒΑΒΝ TECHNOLOGIES
Ο ΟΑΕΔ
ΟΟΣΑ ΠΡΟΚΟΠΗΣ ΠΑΥΛΟΠΟΥΛΟΣ
ΟΡΕΣΤΗΣ ΚΟΛΟΖΩΦ
ΟΡΦΑΝΟΣ ΓΕΩΡΓΙΟΣ
ΟΡΩΝ ΤΗΣ ΣΥΜΒΑΣΗΣ
ΟΥΖΟΥΝΙΔΟΥ ΕΥΓΕΝΙΑ
Οικονόμου Βασίλειος
Ορφανός Γεώργιος
Ουζουνίδου Ευγενία
ΠΑΝΑΓΙΩΤΑΡΟΣ ΗΛΙΑΣ
ΠΑΝΑΓΙΩΤΗΣ ΑΔΡΑΚΤΑΣ
ΠΑΝΑΓΙΩΤΗΣ ΑΔΡΑΧΤΑΣ
ΠΑΝΑΓΙΩΤΗΣ ΑΝΤΩΝΑΚΟΠΟΥΛΟΣ
ΠΑΝΑΓΙΩΤΗΣ ΚΑΜΜΕΝΟΣ
ΠΑΝΑΓΙΩΤΗΣ ΚΟΣΙΩΝΗΣ
ΠΑΝΑΓΙΩΤΗΣ ΚΟΥΡΟΥMΠΛΗΣ
ΠΑΝΑΓΙΩΤΗΣ ΚΟΥΡΟΥΜΠΛΗΣ
ΠΑΝΑΓΙΩΤΗΣ ΚΡΗΤΙΚΟΣ
ΠΑΝΑΓΙΩΤΗΣ ΛΑΦΑΖΑΝΗΣ
ΠΑΝΑΓΙΏΤΗΣ ΛΑΦΑΖΑΝΗΣ
ΠΑΝΑΓΙΩΤΗΣ ΛΟΥΚΑΚΟΣ
ΠΑΝΑΓΙΩΤΗΣ ΜΕΛΑΣ
ΠΑΝΑΓΙΩΤΗΣ ΠΑΝΑΓΙΩΤΟΠΟΥΛΟΣ
ΠΑΝΑΓΙΩΤΗΣ ΡΗΓΑΣ
ΠΑΝΑΓΙΩΤΗΣ ΣΓΟΥΡΙΔΗΣ
ΠΑΝΑΓΙΩΤΗΣ ΣΚΑΝΔΑΛΑΚΗΣ
ΠΑΝΑΓΙΩΤΗΣ ΣΠΥΡΙΟΥΝΗΣ
ΠΑΝΑΓΙΩΤΗΣ ΦΑΣΟΥΛΑΣ
ΠΑΝΑΓΙΩΤΗΣ ΦΩΤΙΑΔΗΣ
ΠΑΝΑΓΙΩΤΗΣ ΨΑΧΑΡΟΠΟΥΛΟΣ
ΠΑΝΑΓΙΩΤΗΣ ΨΩΜΙΑΔΗΣ
ΠΑΝΑΓΙΩΤΟΠΟΥΛΟΣ ΝΙΚΟΛΑΟΣ
ΠΑΝΑΓΙΩΤΟΠΟΥΛΟΣ ΠΑΝΑΓΙΩΤΗΣ
ΠΑΝΑΓΟΥΛΗΣ ΕΥΣΤΑΘΙΟΣ
ΠΑΝΑΓΤΩΤΗΣ ΚΟΥΡΟΥΜΠΛΗΣ
ΠΑΝΟΥΣΗΣ ΙΩΑΝΝΗΣ
ΠΑΝΤΕΛΗΣ ΟΙΚΟΝΟΜΟΥ
ΠΑΝΤΕΛΗΣ ΤΣΕΡΤΙΚΙΔΗΣ
ΠΑΝΤΖΑΣ ΓΕΩΡΓΙΟΣ
ΠΑΠΑΔΗΜΗΤΡΙΟΥ ΓΕΣΘΗΜΑΝΗ
ΠΑΠΑΔΟΠΟΥΛΟΣ ΜΙΧΑΛΗΣ
ΠΑΠΑΚΩΣΤΑ ΣΙΔΗΡΟΠΟΥΛΟΥ
ΠΑΠΑΝΔΡΕΟΥ ΓΕΩΡΓΙΟΣ
ΠΑΠΑΡΗΓΑ ΑΛΕΞΑΝΔΡΑ
ΠΑΠΠΑΣ ΧΡΗΣΤΟΣ
ΠΑΡΑΣΚΕΥΑΣ ΑΥΓΕΡΙΝΟΣ
ΠΑΡΑΣΚΕΥΑΣ ΠΑΡΑΣΚΕΥΟΠΟΥΛΟΣ
ΠΑΡΑΣΚΕΥΑΣ ΦΟΥΝΤΑΣ
ΠΑΡΑΣΚΕΥΗ ΧΡΙΣΤΟΦΙΛΟΠΟΥΛΟΥ
ΠΑΡΑΣΤΑΤΙΔΗΣ ΘΕΟΔΩΡΟΣ
ΠΑΡΕΘΝΑ ΦΟΥΝΤΟΥΚΙΔΟΥ
ΠΑΡΘΕΝΑ ΘΕΟΔΩΡΙΔΟΥ
ΠΑΡΘΕΝΑ ΦΟΥΝΤΟΥΔΙΚΟΥ
ΠΑΡΘΕΝΑ ΦΟΥΝΤΟΥΚΙΔΟΥ
ΠΑΡΘΕΝΑ ΦΟΥΝΤΟΥΝΙΔΟΥ
ΠΑΡΙΣ ΚΟΥΚΟΥΛΟΠΟΥΛΟΣ
ΠΑΣΧΑΛΙΔΗΣ ΙΩΑΝΝΗΣ
ΠΑΤΡΙΑΝΑΚΟΥ ΦΕΒΡΩΝΙΑ
ΠΑΥΛΟΠΟΥΛΟΣ ΠΡΟΚΟΠΙΟΣ
ΠΕΤΡΑΚΟΣ ΑΘΑΝΑΣΙΟΣ
ΠΕΤΡΟΣ ΑΛΙΒΙΖΑΤΟΣ
ΠΕΤΡΟΣ ΚΑΤΣΙΛΙΕΡΗΣ
ΠΕΤΡΟΣ ΚΟΥΝΑΛΑΚΗ
ΠΕΤΡΟΣ ΚΟΥΝΑΛΑΚΗΣ
ΠΕΤΡΟΣ ΜΑΝΤΟΥΒΑΛΟΣ
ΠΕΤΡΟΣ ΜΟΛΥΒΙΑΤΗΣ
ΠΕΤΡΟΣ ΤΑΤΟΥΛΗΣ
ΠΙΝΑΚΑΣ ΣΥΝΗΜΜΕΝΩΝ
ΠΙΠΙΛΗ ΦΩΤΕΙΝΗ
ΠΛΑΚΙΩΤΑΚΗΣ ΙΩΑΝΝΗΣ
ΠΛΕΥΡΗΣ ΑΘΑΝΑΣΙΟΣ
ΠΟΛΛΟΙ ΒΟΥΛΕΤΕΣ
ΠΟΛΛΟΙ ΒΟΥΛΕΥΤΕΣ
ΠΟΛΛΟΙ ΒΟΥΛΕΥΤΈΣ
ΠΟΛΛΟΙ ΟΙ ΒΟΥΛΕΥΤΕΣ
ΠΟΛΟΙ ΒΟΥΛΕΥΤΕΣ
ΠΟΛΥΔΩΡΑΣ ΒΥΡΩΝ
ΠΡΑΚΤΙΚΟ ΔΙΑΠΡΑΓΜΑΤΕΥΣΗΣ
ΠΡΟΒΛΕΨΕΙΣ ΤΗΣ ΣΥΜΒΑΣΗΣ
ΠΡΟΕΔΡΕΥΟΥΣΑ
ΠΡΟΕΔΡΕΥΩΝ
ΠΡΟΕΔΡΟΣ
ΠΡΟΕΔΡΟΣ ΤΗΣ ΙΡΛΑΝΔΙΑΣ
ΠΡΟΪΟΝΤΩΝ ΠΡΟΣ
ΠΡΟΚΑΤΑΡΚΤΙΚΗ ΕΞΕΤΑΣΗ
ΠΡΟΚΟΠΗΣ ΠΑΥΛΟΠΟΥΛΟΣ
ΠΡΟΜΗΘΕΙΩΝ ΠΛΗΡΟΦΟΡΙΕΣ ΠΡΟΣ
ΠΡΟΣΤΕΘΕΙ ΤΟ ΕΞΗΣ
ΠΥΘΑΓΟΡΑΣ ΒΑΡΔΙΚΟΣ
Παναγιώταρος Ηλίας
Παναγιώτης Μελάς
Παναγιώτης Σγουρίδης
Παναγιωτόπουλος Νικόλαος
Παναγιωτόπουλος Παναγιώτης
Παναγούλης Ευστάθιος
Πανούσης Ιωάννης
Πάντζας Γεώργιος
Παπαδημητρίου Γεσθημανή
Παπαδόπουλος Μιχάλης
Παπακώστα Σιδηροπούλου
Παπανδρέου Γεώργιος
Παπαρήγα Αλεξάνδρα
Παππάς Χρήστος
Παραστατίδης Θεόδωρος
Πασχαλίδης Ιωάννης
Πατριανάκου Φεβρωνία
Παυλόπουλος Προκόπιος
Πετράκος Αθανάσιος
Πιπιλή Φωτεινή
Πλακιωτάκης Ιωάννης
Πλεύρης Αθανάσιος
Πολύδωρας Βύρων
ΡΑΠΤΗ ΕΛΕΝΗ
ΡΕΠΟΥΣΗ ΜΑΡΙΑ
ΡΗΓΑΣ ΠΑΝΑΓΙΩΤΗΣ
ΡΟΒΕΡΔΟΣ ΣΠΥΡΟΠΟΥΛΟΣ
ΡΟΒΕΡΤΟΣ ΣΠΥΡΟΠΟΥΛΟΣ
ΡΟΒΕΡΤΟΣ ΣΠΥΡΟΥΠΟΥΛΟΣ
ΡΟΒΛΙΑΣ ΚΩΝΣΤΑΝΤΙΝΟΣ
ΡΟΔΟΥΛΑ ΖΗΣΗ
Ράπτη Ελένη
Ρεπούση Μαρία
Ρήγας Παναγιώτης
ΣΑΒΒΑΣ ΕΜΙΝΙΔΗΣ
ΣΑΒΒΑΣ ΤΣΙΤΟΥΡΙΔΗΣ
ΣΑΒΒΑΣ ΤΣΤΤΟΥΡΙΔΗΣ
ΣΑΛΑΓΚΟΥΔΗΣ ΓΕΩΡΓΙΟΣ
ΣΑΛΜΑΣ ΜΑΡΙΟΣ
ΣΑΛΤΟΥΡΟΣ ΔΗΜΗΤΡΙΟΣ
ΣΑΜΑΡΑΣ ΑΝΤΩΝΙΟΣ
ΣΑΜΟΪ́ΛΗΣ -
ΣΑΜΠΑΖΙΩΤΗΣ ΔΗΜΗΤΡΗΣ
ΣΑΧΙΝΙΔΗΣ ΦΙΛΙΠΠΟΣ
ΣΕΝΕΤΑΚΗΣ ΜΑΞΙΜΟΣ
Σ Η ΘΕΜΑ
ΣΗΦΗΣ ΒΑΛΥΡΑΚΗΣ
ΣΗΦΟΥΝΑΚΗΣ ΝΙΚΟΛΑΟΣ
ΣΙΜΟΣ ΚΕΔΙΚΟΓΛΟΥ
ΣΚΑΝΔΑΛΙΔΗΣ ΚΩΝΣΤΑΝΤΙΝΟΣ
ΣΚΟΝΔΡΑ ΑΣΗΜΙΝΑ
ΣΚΡΕΚΑΣ ΚΩΝΣΤΑΝΤΙΝΟΣ
ΣΟΛΔΑΤΟΣ ΘΕΟΔΩΡΟΣ
ΣΟΦΙΑ ΚΑΛΑΝΤΖΑΚΟΥ
ΣΟΦΙΑ ΣΑΚΟΡΑΦΑ
ΣΠΗΛΙΟ ΣΠΗΛΙΩΤΟΠΟΥΛΟΣ
ΣΠΗΛΙΟΣ ΣΠΗΛΙΟΤΟΠΟΥΛΟΣ
ΣΠΗΛΙΟΣ ΣΠΗΛΙΟΤΩΠΟΥΛΟΣ
ΣΠΗΛΙΟΣ ΣΠΗΛΙΩΤΟΠΟΥΛΟΣ
ΣΠΡΙΔΩΝ ΒΟΥΓΙΑΣ
ΣΠΥΡIΔΩΝ ΣΠΥΡΟΥ
ΣΠΥΡIΔΩΝ ΣΤΡΙΦΤΑΡΗΣ
ΣΠΥΡΙΔΩΝ ΒΟΥΓΙΑΣ
ΣΠΥΡΙΔΩΝ ΔΑΝΕΛΛΗΣ
ΣΠΥΡΙΔΩΝ ΣΠΥΡΟΥ
ΣΠΥΡΙΔΩΝ ΣΤΡΙΦΤΑΡΗΣ
ΣΠΥΡΙΔΩΝ ΣΤΡΙΦΤΡΑΡΗΣ
ΣΠΥΡΙΔΩΝ ΤΑΛΙΑΔΟΥΡΟΣ
ΣΠΥΡΟΣ ΒΟΥΓΙΑΣ
ΣΠΥΡΟΣ ΔΑΝΕΛΛΗΣ
ΣΠΥΡΟΣ ΣΠΥΡΟΥ
ΣΠΥΡΟΣ ΣΤΡΙΦΤΑΡΗΣ
ΣΠΥΡΟΣ ΤΑΛΙΑΔΟΥΡΟΣ
ΣΤΑΘΑΚΗΣ ΓΕΩΡΓΙΟΣ
ΣΤΑΘΑΣ ΙΩΑΝΝΗΣ
ΣΤΑΪΚΟΥΡΑΣ ΧΡΗΣΤΟΣ
ΣΤΑΜΕΝΙΤΗΣ ΔΙΟΝΥΣΙΟΣ
ΣΤΑΜΠΟΥΛΗ ΑΦΡΟΔΙΤΗ
ΣΤΑΥΡΙΝΟΥΔΗ ΣΟΔΗ
ΣΤΑΥΡΟΣ ΒΡΕΝΤΖΟΣ
ΣΤΑΥΡΟΣ ΔΑΙΛΑΚΗΣ
ΣΤΑΥΡΟΣ ΔΑΪΛΑΚΗΣ
ΣΤΑΥΡΟΣ ΔΗΜΑΣ
ΣΤΑΥΡΟΣ ΚΑΛΟΓΙΑΝΝΗΣ
ΣΤΑΥΡΟΣ ΚΕΛΕΤΣΗΣ
ΣΤΑΥΡΟΣ ΜΠΕΝΟΣ
ΣΤΑΥΡΟΣ ΠΑΔΟΠΟΥΛΟΣ
ΣΤΑΥΡΟΣ ΠΑΝΑΓΙΩΤΟΥ
ΣΤΑΥΡΟΣ ΠΑΠΑΔΟΠΟΟΥΛΟΣ
ΣΤΑΥΡΟΣ ΠΑΠΑΔΟΠΟΥΛΟΣ
ΣΤΑΥΡΟΣ ΠΑΠΑΔΟΥΛΟΣ
ΣΤΑΥΡΟΣ ΣΚΟΠΕΛΙΤΗΣ
ΣΤΑΥΡΟΣ ΣΟΥΜΑΚΗΣ
ΣΤΑΥΡΟΥΛΑ ΞΟΥΛΙΔΟΥ
ΣΤΕΛΙΟΣ ΜΑΤΖΑΠΕΤΑΚΗΣ
ΣΤΕΛΛΑ ΑΛΦΙΕΡΗ
ΣΤΕΦΑΝΟΣ ΜΑΝΙΚΑΣ
ΣΤΕΦΑΝΟΣ ΜΑΝΟΣ
ΣΤΕΦΑΝΟΣ ΤΖΟΥΜΑΚΑΣ
ΣΤΙΣ ΑΚΟΛΟΥΘΕΣ ΔΙΑΤΑΞΕΙΣ
ΣΤΟ ΣΧΕΔΙΟ ΝΟΜΟΥ
ΣΤΡΑΤΗΣ ΚΟΡΑΚΑΣ
ΣΤΡΑΤΟΥΛΗΣ ΔΗΜΗΤΡΙΟΣ
ΣΤΥΛΙΑΝΗ ΑΛΙΦΙΕΡΗ
ΣΤΥΛΙΑΝΗ ΑΛΦΙΕΡΗ
ΣΤΥΛΙΑΝΙΔΗΣ ΕΥΡΙΠΙΔΗΣ
ΣΤΥΛΙΑΝΟΣ ΑΓΓΕΛΟΣ ΠΑΠΑΘΕΜΕΛΗΣ
ΣΤΥΛΙΑΝΟΣ ΜΑΤΖΑΠΕΤΑΚΗΣ
ΣΤΥΛΙΑΝΟΣ ΠΑΠΑΘΕΜΕΛΗΣ
ΣΤΥΛΙΟΣ ΓΕΩΡΓΙΟΣ
ΣΥΜΕΩΝ ΚΕΔΙΚΟΓΛΟΥ
ΣΥΜΦΩΝΕΙ ΤΑ ΕΞΗΣ
ΣΥΜΦΩΝΗΣΑΝ ΣΤΑ ΕΞΗΣ
ΣΥΜΦΩΝΗΣΑΝ ΤΑ ΑΚΟΛΟΥΘΑ
ΣΥΜΦΩΝΗΣΑΝ ΤΑ ΕΞΗΣ
ΣΥΜΦΩΝΗΣΑΝ ΤΑ ΚΑΤΩΘΙ
ΣΥΜΦΩΝΗΣΑΝ ΤΑ ΠΑΡΑΚΑΤΩ
ΣΥΜΦΩΝΗΣΑΝ ΩΣ ΑΚΟΛΟΥΘΩΣ
ΣΥΜΦΩΝΗΣΑΝ ΩΣ ΕΞΗΣ
ΣΥΝΟΛΟ ΠΡΟΓΡΑΜΜΑΤΟΣ
ΣΥΝΟΛΟ ΣΥΝΕΔΡΙΑΣΕΩΝ
ΣΥΝΟΜΟΛΟΓΗΣΑΝ ΤΑ ΕΞΗΣ
ΣΥΡΜΑΛΕΝΙΟΣ ΝΙΚΟΛΑΟΣ
ΣΩΤΗΡHΣ ΧΑΤΖΗΓΑΚΗΣ
ΣΩΤΗΡΗΣ ΚΟΥΒΕΛΑΣ
ΣΩΤΗΡΗΣ ΣΤΟΛΙΔΗΣ
ΣΩΤΗΡΗΣ ΧΑΤΖΗΓΑΚΗΣ
ΣΩΤΗΡΙΟΣ ΚΟΥΒΕΛΑΣ
ΣΩΤΗΡΙΟΣ ΧΑΤΖΗΓΑΚΗΣ
Σαλμάς Μάριος
Σαλτούρος Δημήτριος
Σαμαράς Αντώνιος
Σαμοΐλης -
Σαμπαζιώτης Δημήτρης
Σαχινίδης Φίλιππος
Σενετάκης Μάξιμος
Σηφουνάκης Νικόλαος
Σκανδαλίδης Κωνσταντίνος
Σκόνδρα Ασημίνα
Σκρέκας Κωνσταντίνος
Σολδάτος Θεόδωρος
Σοφία Σακοράφα
Σταθάκης Γεώργιος
Σταθάς Ιωάννης
Σταϊκούρας Χρήστος
Σταμενίτης Διονύσιος
Σταμπουλή Αφροδίτη
Σταυρινούδη Σόδη
Σταυρούλα Ξουλίδου
Στρατούλης Δημήτριος
Στυλιανίδης Ευριπίδης
Στύλιος Γεώργιος
Συρμαλένιος Νικόλαος
ΤΑΓΑΡΑΣ ΝΙΚΟΛΑΟΣ
ΤΑ ΕΞΗΣ ΘΕΜΑΤΑ
ΤΑΛΙΑΔΟΥΡΟΣ ΣΠΥΡΙΔΩΝ
ΤΑΜΗΛΟΣ ΜΙΧΑΗΛ
ΤΑΣΟΥΛΑΣ ΚΩΝΣΤΑΝΤΙΝΟΣ
ΤΑΤΣΟΠΟΥΛΟΣ ΠΕΤΡΟΣ
ΤΖΑΒΑΡΑΣ ΚΩΝΣΤΑΝΤΙΝΟΣ
ΤΖΑΚΡΗ ΘΕΟΔΩΡΑ
ΤΖΑΜΤΖΗΣ ΙΟΡΔΑΝΗΣ
ΤΖΑΝΗΣ ΤΖΑΝΝΕΤΑΚΗΣ
ΤΗΛΕΜΑΧΟΣ ΧΥΤΗΡΗΣ
ΤΡΑΓΑΚΗΣ ΙΩΑΝΝΗΣ
ΤΡΙΑΝΤΑΦΥΛΛΟΣ ΚΩΝΣΤΑΝΤΙΝΟΣ
ΤΡΙΑΝΤΑΦΥΛΛΟΥ ΜΑΡΙΑ
ΤΣΑΒΔΑΡΙΔΗΣ ΛΑΖΑΡΟΣ
ΤΣΑΚΑΛΩΤΟΣ ΕΥΚΛΕΙΔΗΣ
ΤΣΙΑΡΑΣ ΚΩΝΣΤΑΝΤΙΝΟΣ
ΤΣΙΠΡΑΣ ΑΛΕΞΙΟΣ
ΤΣΟΥΚΑΛΑΣ ΔΗΜΗΤΡΙΟΣ
ΤΣΟΥΚΑΛΗΣ ΝΙΚΟΛΑΟΣ
ΤΣΟΥΜΑΝΗΣ ΔΗΜΗΤΡΙΟΣ
Ταγαράς Νικόλαος
Ταλιαδούρος Σπυρίδων
Ταμήλος Μιχαήλ
Τασούλας Κωνσταντίνος
Τατσόπουλος Πέτρος
Τζαβάρας Κωνσταντίνος
Τζάκρη Θεοδώρα
Τζαμτζής Ιορδάνης
Τραγάκης Ιωάννης
Τριαντάφυλλος Κωνσταντίνος
Τριανταφύλλου Μαρία
Τσαβδαρίδης Λάζαρος
Τσακαλώτος Ευκλείδης
Τσιάρας Κωνσταντίνος
Τσίπρας Αλέξιος
Τσουκαλάς Δημήτριος
Τσούκαλης Νικόλαος
Τσουμάνης Δημήτριος
ΥΨΗΛΑΝΤΗΣ ΒΑΣΙΛΕΙΟΣ
Υψηλάντης Βασίλειος
ΦΑΝΗ ΠΕΤΡΑΛΙΑ ΠΑΛΛΗ
ΦΙΛΙΠΠΟΣ ΠΕΤΣΑΛΝΙΚΟΣ
ΦΙΛΙΠΠΟΣ ΤΣΑΛΙΔΗΣ
ΦΛΩΡΟΣ ΚΩΝΣΤΑΝΤΙΝΟΥ
ΦΟΒΙΟΣ ΙΩΑΝΝΙΔΗΣ
ΦΟΙΒΟΣ ΙΩΑΝΝΙΔΗΣ
ΦΟΙΒΟΣ ΙΩΑΝΝΙΔΗΣΣ
ΦΟΥΝΤΑ ΝΙΚΗ
ΦΡΑΓΚΛΙΝΟΣ ΠΑΠΑΔΕΛΗΣ
ΦΡΑΓΚΛΙΝΟΣ ΠΑΠΑΔΕΛΛΗΣ
ΦΩΤHΣ ΚΟΥΒΕΛΗΣ
ΦΩΤΕΙΝΗ ΓΕΝΝΗΜΑΤΑ
ΦΩΤΗΣ ΚΟΥΒΕΛΗΣ
ΦΩΤΗΣ ΚΟΥΒΕΛΗΣΑ
ΦΩΤΗΣ ΧΑΤΖΗΜΙΧΑΛΗΣ
ΦΩΤΙΟΣ ΚΟΥΒΕΛΗΣ
ΦΩΤΙΟΣ ΧΑΤΖΗΜΙΧΑΛΗΣ
ΦΩΤΙΟΥ ΘΕΑΝΩ
Φούντα Νίκη
Φωτίου Θεανώ
ΧΑΪΚΑΛΗΣ ΠΑΥΛΟΣ
ΧΑΛΒΑΤΖΗΣ ΣΠΥΡΙΔΩΝ
ΧΑΡΑΚΟΠΟΥΛΟΣ ΜΑΞΙΜΟΣ
ΧΑΡΑΛΑΜΠΙΔΟΥ ΔΕΣΠΟΙΝΑ
ΧΑΡΑΛΑΜΠΟΣ ΑΓΓΟΥΡΑΚΗΣ
ΧΑΡΑΛΑΜΠΟΣ ΚΑΣΤΑΝΙΔΗΣ
ΧΑΡΑΛΑΜΠΟΣ ΠΑΠΑΘΑΝΑΣΙΟΥ
ΧΑΡΑΛΑΜΠΟΣ ΤΣΙΟΚΑΣ
ΧΑΡΗΣ ΚΑΣΤΑΝΙΔΗΣ
ΧΑΤΖΗΔΑΚΗΣ ΚΩΝΣΤΑΝΤΙΝΟΣ
ΧΑΤΖΗΛΑΜΠΡΟΥ ΒΑΣΙΛΕΙΟΣ
ΧΑΤΖΗ ΡΑΗΦ
ΧΡΗΣΤΟΣ ΑΗΔΟΝΗΣ
ΧΡΗΣΤΟΣ ΒΕΡΕΛΗΣ
ΧΡΗΣΤΟΣ ΒΟΣΝΑΚΗΣ
ΧΡΗΣΤΟΣ ΒΥΖΟΒΙΤΗΣ
ΧΡΗΣΤΟΣ ΖΩΗΣ
ΧΡΗΣΤΟΣ ΘΕΟΔΩΡΟΥ
ΧΡΗΣΤΟΣ ΚΑΤΣΩΤΗΣ
ΧΡΗΣΤΟΣ ΚΗΠΟΥΡΟΣ
ΧΡΗΣΤΟΣ ΜΑΓΚΟΥΦΗΣ
ΧΡΗΣΤΟΣ ΜΑΡΚΟΓΙΑΝΝAKΗΣ
ΧΡΗΣΤΟΣ ΜΑΡΚΟΓΙΑΝΝΑΚΗΣ
ΧΡΗΣΤΟΣ ΟΙΚΟΝΟΜΟΥ
ΧΡΗΣΤΟΣ ΠΑΠΟΥΤΣΗΣ
ΧΡΗΣΤΟΣ ΠΡΩΤΟΠΑΠΑΣ
ΧΡΗΣΤΟΣ ΡΟΚΟΦΥΛΛΟΣ
ΧΡΗΣΤΟΣ ΣΜΥΡΛΗΣ
ΧΡΗΣΤΟΣ ΣΜΥΡΛΗΣ ΛΙΑΚΑΤΑΣ
ΧΡΗΣΤΟΣ ΧΑΪΔΟΣ
ΧΡΙΣΤΙΑΝΑ ΚΑΛΟΓΗΡΟΥ
ΧΡΙΣΤΙΝΑ ΣΠΥΡΑΚΗ
ΧΡΙΣΤΟΣ ΒΕΡΕΛΗΣ
ΧΡΥΣΑ ΜΑΝΩΛΙΑ
ΧΡΥΣΑΝΘΗ ΜΑΝΩΛΙΑ
ΧΡΥΣΗ ΑΡΑΠΟΓΛΟΥ
ΧΡΥΣΟΧΟΪ́ΔΗΣ ΜΙΧΑΗΛ
Χαϊκάλης Παύλος
Χαλβατζής Σπυρίδων
Χαρακόπουλος Μάξιμος
Χαραλαμπίδου Δέσποινα
Χατζή Ραήφ
Χατζηδάκης Κωνσταντίνος
Χατζηλάμπρου Βασίλειος
Χρυσοχοΐδης Μιχαήλ
ΨΑΡΙΑΝΟΣ ΓΡΗΓΟΡΙΟΣ
ΨΥΡΡΑΣ ΘΩΜΑΣ
Ψαριανός Γρηγόριος
Ψύρρας Θωμάς
ΑΒΡΑΜΙΔΗΣ ΓΑΒΡΙΗΛ
ΑΒΡΑΜΟΠΟΥΛΟΣ ΔΗΜΗΤΡΗΣ
ΕΙΡΗΝΗ-ΕΛΕΝΗ ΑΓΑΘΟΠΟΥΛΟΥ
ΧΡΗΣΤΟΣ ΑΗΔΟΝΗΣ
ΑΘΑΝΑΣΙΟΣ ΑΘΑΝΑΣΙΟΥ
ΧΑΡΑΛΑΜΠΟΣ ΑΘΑΝΑΣΙΟΥ
ΑΠΟΣΤΟΛΟΣ ΑΛΕΞΟΠΟΥΛΟΣ
ΧΡΥΣΟΒΑΛΑΝΤΗΣ ΑΛΕΞΟΠΟΥΛΟΣ
ΙΩΑΝΝΗΣ ΑΜΑΝΑΤΙΔΗΣ
ΕΥΑΓΓΕΛΙΑ ΑΜΜΑΝΑΤΙΔΟΥ
ΔΗΜΗΤΡΙΟΣ ΑΝΑΓΝΩΣΤΑΚΗΣ
ΓΕΩΡΓΙΟΣ ΑΝΑΓΝΩΣΤΟΠΟΥΛΟΣ
ΣΑΒΒΑΣ ΑΝΑΣΤΑΣΙΑΔΗΣ
ΙΩΑΝΝΗΣ ΑΝΔΡΙΑΝΟΣ
ΔΗΜΗΤΡΙΟΣ ΑΝΔΡΟΥΛΑΚΗΣ
ΜΑΡΙΑ ΑΝΤΩΝΙΟΥ
ΕΥΑΓΓΕΛΟΣ ΑΠΟΣΤΟΛΟΥ
ΦΩΤΕΙΝΗ ΑΡΑΜΠΑΤΖΗ
ΑΒΡΑΜΗΣ ΑΡΒΑΝΙΤΗΣ
ΚΩΝΣΤΑΝΤΙΝΟΣ ΑΡΒΑΝΙΤΟΠΟΥΛΟΣ
ΑΝΝΑ-ΜΙΣΕΛ ΑΣΗΜΑΚΟΠΟΥΛΟΥ
ΕΛΕΥΘΕΡΙΟΣ ΑΥΓΕΝΑΚΗΣ
ΔΙΟΝΥΣΙΑ ΑΥΓΕΡΙΝΟΠΟΥΛΟΥ
ΕΛΕΝΗ ΑΥΛΩΝΙΤΟΥ
ΟΛΓΑ ΒΑΛΑΒΑΝΗ
ΕΥΓΕΝΙΑ ΒΑΜΒΑΚΑ
ΜΙΛΤΙΑΔΗΣ ΒΑΡΒΙΤΣΙΩΤΗΣ
ΓΕΩΡΓΙΟΣ ΒΑΡΕΜΕΝΟΣ
ΕΥΑΓΓΕΛΟΣ ΒΕΝΙΖΕΛΟΣ
ΑΠΟΣΤΟΛΟΣ ΒΕΣΥΡΟΠΟΥΛΟΣ
ΚΥΡΙΑΚΟΣ ΒΙΡΒΙΔΑΚΗΣ
ΜΕΝΕΛΑΟΣ ΒΛΑΧΒΕΗΣ
ΗΛΙΑΣ ΒΛΑΧΟΓΙΑΝΝΗΣ
ΓΕΩΡΓΙΟΣ ΒΛΑΧΟΣ
ΠΑΥΛΟΣ ΒΟΓΙΑΤΖΗΣ
ΜΑΝΟΥΣΟΣ ΒΟΛΟΥΔΑΚΗΣ
ΜΑΥΡΟΥΔΗΣ ΒΟΡΙΔΗΣ
ΟΔΥΣΣΕΥΣ ΒΟΥΔΟΥΡΗΣ
ΣΟΦΙΑ ΒΟΥΛΤΕΨΗ
ΝΙΚΟΛΑΟΣ ΒΟΥΤΣΗΣ
ΙΩΑΝΝΗΣ ΒΡΟΥΤΣΗΣ
ΙΩΑΝΝΑ ΓΑΪΤΑΝΗ
ΔΗΜΗΤΡΙΟΣ ΓΑΚΗΣ
ΔΗΜΗΤΡΗΣ ΓΕΛΑΛΗΣ
ΕΛΕΝΗ ΓΕΡΑΣΙΜΙΔΟΥ
ΑΘΑΝΑΣΙΟΣ ΓΕΡΜΑΝΙΔΗΣ
ΓΕΩΡΓΙΟΣ ΓΕΡΜΕΝΗΣ
ΟΛΓΑ ΓΕΡΟΒΑΣΙΛΗ
ΚΥΡΙΑΚΟΣ ΓΕΡΟΝΤΟΠΟΥΛΟΣ
ΓΕΩΡΓΙΟΣ ΓΕΩΡΓΑΝΤΑΣ
ΣΠΥΡΙΔΩΝ ΓΕΩΡΓΙΑΔΗΣ
ΕΥΣΤΑΘΙΑ( ΓΕΩΡΓΟΠΟΥΛΟΥ-ΣΑΛΤΑΡΗ
ΓΕΡΑΣΙΜΟΣ ΓΙΑΚΟΥΜΑΤΟΣ
ΜΑΡΙΑ ΓΙΑΝΝΑΚΑΚΗ
ΧΡΥΣΟΥΛΑ ΓΙΑΤΑΓΑΝΑ
ΚΩΝΣΤΑΝΤΙΝΟΣ ΓΙΟΒΑΝΟΠΟΥΛΟΣ
ΑΓΓΕΛΙΚΗ ΓΚΕΡΕΚΟΥ
ΓΚΙΟΚΑΣ ΙΩΑΝΝΗΣ
ΚΩΝΣΤΑΝΤΙΝΟΣ ΓΚΙΟΥΛΕΚΑΣ
ΧΡΗΣΤΟΣ ΓΚΟΚΑΣ
ΓΛΕΖΟΣ ΕΜΜΑΝΟΥΗΛ
ΑΝΤΩΝΙΟΣ ΓΡΕΓΟΣ
ΑΘΑΝΑΣΙΟΣ ΔΑΒΑΚΗΣ
ΔΑΒΑΚΗΣ ΑΘΑΝΑΣΙΟΣ
ΝΙΚΟΛΑΟΣ ΔΕΝΔΙΑΣ
ΔΕΡΜΕΝΤΖΟΠΟΥΛΟΣ ΑΛΕΞΑΝΔΡΟΣ
ΚΩΝΣΤΑΝΤΙΝΟΣ ΔΕΡΜΙΤΖΑΚΗΣ
ΙΩΑΝΝΗΣ ΔΗΜΑΡΑΣ
ΠΥΡΡΟΣ ΔΗΜΑΣ
ΧΡΙΣΤΟΣ ΔΗΜΑΣ
ΜΑΡΙΑ ΔΙΑΚΑΚΗ
ΕΥΑΓΓΕΛΟΣ ΔΙΑΜΑΝΤΟΠΟΥΛΟΣ
ΗΡΩ ΔΙΩΤΗ
ΙΩΑΝΝΗΣ ΔΡΑΓΑΣΑΚΗΣ
ΙΩΑΝΝΗΣ ΔΡΙΒΕΛΕΓΚΑΣ
ΘΕΟΔΩΡΟΣ ΔΡΙΤΣΑΣ
ΠΑΝΑΓΙΩΤΑ ΔΡΙΤΣΕΛΗ
ΕΛΕΝΗ ΖΑΡΟΥΛΙΑ
ΚΩΝΣΤΑΝΤΙΝΟΣ ΖΑΧΑΡΙΑΣ
ΧΟΥΣΕΪΝ ΖΕΪΜΠΕΚ
ΙΩΑΝΝΗΣ ΖΕΡΔΕΛΗΣ
ΠΟΛΥΒΙΟΣ ΖΗΣΙΜΟΠΟΥΛΟΣ
ΠΑΝΑΓΙΩΤΗΣ ΗΛΙΟΠΟΥΛΟΣ
ΑΦΡΟΔΙΤΗ ΘΕΟΠΕΦΤΑΤΟΥ
ΤΣΑΜΠΙΚΑ ΙΑΤΡΙΔΗ
ΙΓΓΛΕΖΗ ΑΙΚΑΤΕΡΙΝΗ
ΙΩΑΝΝΗΣ ΙΩΑΝΝΙΔΗΣ
ΝΙΚΗΤΑΣ ΚΑΚΛΑΜΑΝΗΣ
ΑΠΟΣΤΟΛΟΣ ΚΑΚΛΑΜΑΝΗΣ
ΓΕΩΡΓΙΟΣ ΚΑΛΑΝΤΖΗΣ
ΣΤΑΥΡΟΣ ΚΑΛΑΦΑΤΗΣ
ΑΓΝΗ ΚΑΛΟΓΕΡΗ
ΣΤΑΥΡΟΣ ΚΑΛΟΓΙΑΝΝΗΣ
ΠΑΝΑΓΙΩΤΗΣ ΚΑΜΜΕΝΟΣ
ΓΑΡΥΦΑΛΛΙΑ ΚΑΝΕΛΛΗ
ΜΑΡΙΑ ΚΑΝΕΛΛΟΠΟΥΛΟΥ
ΒΑΣΙΛΕΙΟΣ ΚΑΠΕΡΝΑΡΟΣ
ΜΕΜΕΤ ΚΑΡΑ
ΧΡΗΣΤΟΣ ΚΑΡΑΓΙΑΝΝΙΔΗΣ
ΚΩΝΣΤΑΝΤΙΝΟΣ ΚΑΡΑΓΚΟΥΝΗΣ
ΝΙΚΟΛΑΟΣ ΚΑΡΑΘΑΝΑΣΟΠΟΥΛΟΣ
ΑΝΝΑ ΚΑΡΑΜΑΝΛΗ
ΚΩΝΣΤΑΝΤΙΝΟΣ ΚΑΡΑΜΑΝΛΗΣ
ΙΩΑΝΝΗΣ ΚΑΡΑΜΠΕΛΑΣ
ΕΥΘΥΜΙΟΣ ΚΑΡΑΝΑΣΙΟΣ
ΘΕΟΔΩΡΟΣ ΚΑΡΑΟΓΛΟΥ
ΓΕΩΡΓΙΟΣ ΚΑΡΑΣΜΑΝΗΣ
ΓΕΩΡΓΙΟΣ ΚΑΣΑΠΙΔΗΣ
ΗΛΙΑΣ ΚΑΣΙΔΙΑΡΗΣ
ΜΙΧΑΗΛ ΚΑΣΣΗΣ
ΒΑΣΙΛΙΚΗ ΚΑΤΡΙΒΑΝΟΥ
ΚΩΝΣΤΑΝΤΙΝΟΣ ΚΑΤΣΑΦΑΔΟΣ
ΧΡΗΣΤΟΣ ΚΑΤΣΩΤΗΣ
ΧΑΡΟΥΛΑ ΚΑΦΑΝΤΑΡΗ
ΒΑΣΙΛΕΙΟΣ ΚΕΓΚΕΡΟΓΛΟΥ
ΣΥΜΕΩΝ ΚΕΔΙΚΟΓΛΟΥ
ΣΥΜΕΩΝ ΚΕΔΙΚΟΓΛΟΥ
ΧΡΗΣΤΟΣ ΚΕΛΛΑΣ
ΟΛΓΑ ΚΕΦΑΛΟΓΙΑΝΝΗ
ΚΕΦΑΛΟΓΙΑΝΝΗΣ ΕΜΜΑΝΟΥΗΛ
ΙΩΑΝΝΗΣ ΚΕΦΑΛΟΓΙΑΝΝΗΣ
ΒΑΣΙΛΕΙΟΣ ΚΙΚΙΛΙΑΣ
ΚΩΝΣΤΑΝΤΙΝΟΣ ΚΛΕΙΤΣΙΩΤΗΣ
ΔΗΜΗΤΡΙΟΣ ΚΟΔΕΛΑΣ
ΚΟΛΛΙΑ-ΤΣΑΡΟΥΧΑ ΜΑΡΙΑ
ΚΩΝΣΤΑΝΤΙΝΟΣ ΚΟΛΛΙΑΣ
ΕΜΜΑΝΟΥΗΛ ΚΟΝΣΟΛΑΣ
ΚΩΝΣΤΑΝΤΙΝΟΣ ΚΟΝΤΟΓΕΩΡΓΟΣ
ΓΕΩΡΓΙΟΣ ΚΟΝΤΟΓΙΑΝΝΗΣ
ΧΑΡΑΛΑΜΠΟΣ-ΣΤΑΥΡΟΣ ΚΟΝΤΟΝΗΣ
ΑΛΕΞΑΝΔΡΟΣ ΚΟΝΤΟΣ
ΦΩΤΙΟΣ ΚΟΥΒΕΛΗΣ
ΝΙΚΟΛΑΟΣ ΚΟΥΖΗΛΟΣ
ΤΕΡΕΝΣ ΚΟΥΙΚ
ΚΩΝΣΤΑΝΤΙΝΟΣ ΚΟΥΚΟΔΗΜΟΣ
ΠΑΡΑΣΚΕΥΑΣ ΚΟΥΚΟΥΛΟΠΟΥΛΟΣ
ΔΗΜΗΤΡΙΟΣ ΚΟΥΚΟΥΤΣΗΣ
ΕΛΕΝΑ ΚΟΥΝΤΟΥΡΑ
ΑΝΑΣΤΑΣΙΟΣ ΚΟΥΡΑΚΗΣ
ΙΩΑΝΝΗΣ ΚΟΥΡΑΚΟΣ
ΠΑΝΑΓΙΩΤΗΣ ΚΟΥΡΟΥΜΠΛΗΣ
ΚΩΝΣΤΑΝΤΙΝΟΣ ΚΟΥΤΣΟΓΙΑΝΝΑΚΟΠΟΥΛΟΣ
ΓΙΑΝΝΗΣ ΚΟΥΤΣΟΥΚΟΣ
ΑΝΔΡΕΑΣ ΚΟΥΤΣΟΥΜΠΑΣ
ΤΙΜΟΛΕΩΝ ΚΟΨΑΧΕΙΛΗΣ
ΔΗΜΗΤΡΙΟΣ ΚΡΕΜΑΣΤΙΝΟΣ
ΜΙΧΑΗΛ ΚΡΙΤΣΩΤΑΚΗΣ
ΔΗΜΗΤΡΙΟΣ ΚΥΡΙΑΖΙΔΗΣ
ΒΑΣΙΛΕΙΟΣ ΚΥΡΙΑΚΑΚΗΣ
ΓΕΩΡΓΙΟΣ ΚΥΡΙΤΣΗΣ
ΕΥΣΤΑΘΙΟΣ ΚΩΝΣΤΑΝΤΙΝΙΔΗΣ
ΘΕΟΔΟΣΙΟΣ ΚΩΝΣΤΑΝΤΙΝΙΔΗΣ
ΟΔΥΣΣΕΑΣ ΚΩΝΣΤΑΝΤΙΝΟΠΟΥΛΟΣ
ΓΕΩΡΓΙΟΣ ΚΩΝΣΤΑΝΤΟΠΟΥΛΟΣ
ΖΩΗ ΚΩΝΣΤΑΝΤΟΠΟΥΛΟΥ
ΙΩΑΝΝΗΣ ΛΑΓΟΣ
ΧΡΥΣΑΝΘΟΣ ΛΑΖΑΡΙΔΗΣ
ΙΩΑΝΝΗΣ ΛΑΜΠΡΟΠΟΥΛΟΣ
ΓΕΩΡΓΙΟΣ ΛΑΜΠΡΟΥΛΗΣ
ΠΑΝΑΓΙΩΤΗΣ ΛΑΦΑΖΑΝΗΣ
ΘΕΟΦΙΛΟΣ ΛΕΟΝΤΑΡΙΔΗΣ
ΑΝΔΡΕΑΣ ΛΟΒΕΡΔΟΣ
ΣΠΥΡΙΔΩΝ ΛΥΚΟΥΔΗΣ
ΑΝΔΡΕΑΣ ΛΥΚΟΥΡΕΝΤΖΟΣ
ΕΥΑΓΓΕΛΟΥ ΜΑΚΡΗ
ΡΑΧΗΛ ΜΑΚΡΗ
ΖΩΗ ΜΑΚΡΗ
ΑΣΠΑΣΙΑ ΜΑΝΔΡΕΚΑ
΄ΑΝΝΑ ΜΑΝΗ-ΠΑΠΑΔΗΜΗΤΡΙΟΥ
ΙΩΑΝΝΗΣ ΜΑΝΙΑΤΗΣ
ΧΡΗΣΤΟΣ ΜΑΝΤΑΣ
ΔΙΑΜΑΝΤΩ ΜΑΝΩΛΑΚΟΥ
ΜΑΡΙΑΣ ΕΠΑΜΕΙΝΩΝΔΑΣ
ΑΝΔΡΕΑΣ ΜΑΡΙΝΟΣ
ΧΡΗΣΤΟΣ ΜΑΡΚΟΓΙΑΝΝΑΚΗΣ
ΚΩΝΣΤΑΝΤΙΝΟΣ ΜΑΡΚΟΠΟΥΛΟΣ
ΑΙΚΑΤΕΡΙΝΗ ΜΑΡΚΟΥ
ΓΕΩΡΓΙΑ ΜΑΡΤΙΝΟΥ
ΑΡΤΕΜΙΟΣ ΜΑΤΘΑΙΟΠΟΥΛΟΣ
ΑΛΕΞΑΝΔΡΟΣ ΜΕΪΚΟΠΟΥΛΟΣ
ΕΥΑΓΓΕΛΟΣ ΜΕΪΜΑΡΑΚΗΣ
ΜΕΛΑΣ ΠΑΝΑΓΙΩΤΗΣ
ΠΑΝΑΓΙΩΤΗΣ ΜΗΤΑΡΑΚΗΣ
ΑΛΕΞΙΟΣ ΜΗΤΡΟΠΟΥΛΟΣ
ΚΥΡΙΑΚΟΣ ΜΗΤΣΟΤΑΚΗΣ
ΝΙΚΟΛΑΟΣ ΜΙΧΑΛΑΚΗΣ
ΝΙΚΟΛΑΟΣ ΜΙΧΑΛΟΛΙΑΚΟΣ
ΙΩΑΝΝΗΣ ΜΙΧΕΛΑΚΗΣ
ΙΩΑΝΝΗΣ ΜΙΧΕΛΟΓΙΑΝΝΑΚΗΣ
ΝΙΚΟΛΑΟΣ ΜΙΧΟΣ
ΠΑΡΙΣΗΣ ΜΟΥΤΣΙΝΑΣ
ΘΕΟΔΩΡΑ ΜΠΑΚΟΓΙΑΝΝΗ
ΚΩΝΣΤΑΝΤΙΝΟΣ ΜΠΑΡΚΑΣ
ΚΩΝΣΤΑΝΤΙΝΟΣ ΜΠΑΡΜΠΑΡΟΥΣΗΣ
ΕΥΑΓΓΕΛΟΣ ΜΠΑΣΙΑΚΟΣ
ΓΕΩΡΓΙΑ ΜΠΑΤΣΑΡΑ
ΑΝΤΩΝΙΟΣ ΜΠΕΖΑΣ
ΜΑΡΙΑ ΜΠΟΛΑΡΗ
ΜΑΡΚΟΣ ΜΠΟΛΑΡΗΣ
ΕΥΣΤΑΘΙΟΣ ΜΠΟΥΚΟΥΡΑΣ
ΑΘΑΝΑΣΙΟΣ ΜΠΟΥΡΑΣ
ΔΗΜΗΤΡΙΟΣ ΜΠΡΙΑΝΗΣ
ΜΩΡΑΪΤΑΚΗΣ ΑΛΕΞΑΝΔΡΟΣ
ΝΙΚΟΛΑΟΣ ΜΩΡΑΪ́ΤΗΣ
ΑΘΑΝΑΣΙΟΣ ΜΩΡΑΪ́ΤΗΣ
ΑΝΑΣΤΑΣΙΟΣ ΝΕΡΑΝΤΖΗΣ
ΝΙΚΟΛΟΠΟΥΛΟΣ ΝΙΚΟΣ
ΑΘΑΝΑΣΙΟΣ ΝΤΑΒΛΟΥΡΟΣ
ΓΕΩΡΓΙΟΣ ΝΤΑΒΡΗΣ
ΑΡΓΥΡΗΣ ΝΤΙΝΟΠΟΥΛΟΣ
ΓΕΩΡΓΙΟΣ ΝΤΟΛΙΟΣ
ΑΝΔΡΕΑΣ ΞΑΝΘΟΣ
ΑΙΚΑΤΕΡΙΝΑΡΗ ΞΗΡΟΤΥΡΗ
ΞΟΥΛΙΔΟΥ ΣΤΑΥΡΟΥΛΑ
ΒΑΣΙΛΕΙΟΣ ΟΙΚΟΝΟΜΟΥ
ΓΕΩΡΓΙΟΣ ΟΡΦΑΝΟΣ
ΟΥΖΟΥΝΙΔΗΣ ΜΑΡΙΝΟΣ
ΕΥΓΕΝΙΑ ΟΥΖΟΥΝΙΔΟΥ
ΗΛΙΑΣ ΠΑΝΑΓΙΩΤΑΡΟΣ
ΝΙΚΟΛΑΟΣ ΠΑΝΑΓΙΩΤΟΠΟΥΛΟΣ
ΠΑΝΑΓΙΩΤΗΣ ΠΑΝΑΓΙΩΤΟΠΟΥΛΟΣ
ΕΥΣΤΑΘΙΟΣ ΠΑΝΑΓΟΥΛΗΣ
ΙΩΑΝΝΗΣ ΠΑΝΟΥΣΗΣ
ΓΕΩΡΓΙΟΣ ΠΑΝΤΖΑΣ
ΠΑΠΑΔΗΜΟΥΛΗΣ ΔΗΜΗΤΡΙΟΣ
ΜΙΧΑΛΗΣ ΠΑΠΑΔΟΠΟΥΛΟΣ
ΣΙΔΗΡΟΠΟΥΛΟΥ ΠΑΠΑΚΩΣΤΑ
ΓΕΩΡΓΙΟΣ ΠΑΠΑΝΔΡΕΟΥ
ΑΛΕΞΑΝΔΡΑ ΠΑΠΑΡΗΓΑ
ΧΡΗΣΤΟΣ ΠΑΠΠΑΣ
ΘΕΟΔΩΡΟΣ ΠΑΡΑΣΤΑΤΙΔΗΣ
ΙΩΑΝΝΗΣ ΠΑΣΧΑΛΙΔΗΣ
ΦΕΒΡΩΝΙΑ ΠΑΤΡΙΑΝΑΚΟΥ
ΠΡΟΚΟΠΙΟΣ ΠΑΥΛΟΠΟΥΛΟΣ
ΠΑΦΙΛΗΣ ΑΘΑΝΑΣΙΟΣ
ΑΘΑΝΑΣΙΟΣ ΠΕΤΡΑΚΟΣ
ΦΩΤΕΙΝΗ ΠΙΠΙΛΗ
ΙΩΑΝΝΗΣ ΠΛΑΚΙΩΤΑΚΗΣ
ΒΥΡΩΝ ΠΟΛΥΔΩΡΑΣ
ΕΛΕΝΗ ΡΑΠΤΗ
ΜΑΡΙΑ ΡΕΠΟΥΣΗ
ΠΑΝΑΓΙΩΤΗΣ ΡΗΓΑΣ
ΣΑΚΟΡΑΦΑ ΣΟΦΙΑ
ΜΑΡΙΟΣ ΣΑΛΜΑΣ
ΔΗΜΗΤΡΙΟΣ ΣΑΛΤΟΥΡΟΣ
ΑΝΤΩΝΙΟΣ ΣΑΜΑΡΑΣ
- ΣΑΜΟΪ́ΛΗΣ
ΔΗΜΗΤΡΗΣ ΣΑΜΠΑΖΙΩΤΗΣ
ΦΙΛΙΠΠΟΣ ΣΑΧΙΝΙΔΗΣ
ΜΑΞΙΜΟΣ ΣΕΝΕΤΑΚΗΣ
ΝΙΚΟΛΑΟΣ ΣΗΦΟΥΝΑΚΗΣ
ΚΩΝΣΤΑΝΤΙΝΟΣ ΣΚΑΝΔΑΛΙΔΗΣ
ΑΣΗΜΙΝΑ ΣΚΟΝΔΡΑ
ΚΩΝΣΤΑΝΤΙΝΟΣ ΣΚΡΕΚΑΣ
ΘΕΟΔΩΡΟΣ ΣΟΛΔΑΤΟΣ
ΣΠΗΛΙΩΤΟΠΟΥΛΟΣ ΑΡΙΣΤΟΒΟΥΛΟΣ
ΓΕΩΡΓΙΟΣ ΣΤΑΘΑΚΗΣ
ΙΩΑΝΝΗΣ ΣΤΑΘΑΣ
ΧΡΗΣΤΟΣ ΣΤΑΪΚΟΥΡΑΣ
ΔΙΟΝΥΣΙΟΣ ΣΤΑΜΕΝΙΤΗΣ
ΑΦΡΟΔΙΤΗ ΣΤΑΜΠΟΥΛΗ
ΣΟΔΗ ΣΤΑΥΡΙΝΟΥΔΗ
ΔΗΜΗΤΡΙΟΣ ΣΤΡΑΤΟΥΛΗΣ
ΕΥΡΙΠΙΔΗΣ ΣΤΥΛΙΑΝΙΔΗΣ
ΓΕΩΡΓΙΟΣ ΣΤΥΛΙΟΣ
ΝΙΚΟΛΑΟΣ ΣΥΡΜΑΛΕΝΙΟΣ
ΝΙΚΟΛΑΟΣ ΤΑΓΑΡΑΣ
ΣΠΥΡΙΔΩΝ ΤΑΛΙΑΔΟΥΡΟΣ
ΜΙΧΑΗΛ ΤΑΜΗΛΟΣ
ΚΩΝΣΤΑΝΤΙΝΟΣ ΤΑΣΟΥΛΑΣ
ΠΕΤΡΟΣ ΤΑΤΣΟΠΟΥΛΟΣ
ΚΩΝΣΤΑΝΤΙΝΟΣ ΤΖΑΒΑΡΑΣ
ΘΕΟΔΩΡΑ ΤΖΑΚΡΗ
ΙΟΡΔΑΝΗΣ ΤΖΑΜΤΖΗΣ
ΙΩΑΝΝΗΣ ΤΡΑΓΑΚΗΣ
ΚΩΝΣΤΑΝΤΙΝΟΣ ΤΡΙΑΝΤΑΦΥΛΛΟΣ
ΜΑΡΙΑ ΤΡΙΑΝΤΑΦΥΛΛΟΥ
ΛΑΖΑΡΟΣ ΤΣΑΒΔΑΡΙΔΗΣ
ΕΥΚΛΕΙΔΗΣ ΤΣΑΚΑΛΩΤΟΣ
ΚΩΝΣΤΑΝΤΙΝΟΣ ΤΣΙΑΡΑΣ
ΑΛΕΞΙΟΣ ΤΣΙΠΡΑΣ
ΔΗΜΗΤΡΙΟΣ ΤΣΟΥΚΑΛΑΣ
ΝΙΚΟΛΑΟΣ ΤΣΟΥΚΑΛΗΣ
ΔΗΜΗΤΡΙΟΣ ΤΣΟΥΜΑΝΗΣ
ΒΑΣΙΛΕΙΟΣ ΥΨΗΛΑΝΤΗΣ
ΝΙΚΗ ΦΟΥΝΤΑ
ΘΕΑΝΩ ΦΩΤΙΟΥ
ΠΑΥΛΟΣ ΧΑΪΚΑΛΗΣ
ΣΠΥΡΙΔΩΝ ΧΑΛΒΑΤΖΗΣ
ΜΑΞΙΜΟΣ ΧΑΡΑΚΟΠΟΥΛΟΣ
ΔΕΣΠΟΙΝΑ ΧΑΡΑΛΑΜΠΙΔΟΥ
ΡΑΗΦ ΧΑΤΖΗ
ΚΩΝΣΤΑΝΤΙΝΟΣ ΧΑΤΖΗΔΑΚΗΣ
ΒΑΣΙΛΕΙΟΣ ΧΑΤΖΗΛΑΜΠΡΟΥ
ΔΗΜΗΤΡΙΟΣ ΧΡΙΣΤΟΓΙΑΝΝΗΣ
ΔΗΜΗΤΡΙΟΣ ΧΡΙΣΤΟΓΙΑΝΝΗΣ
ΧΡΥΣΟΒΕΛΩΝΗ ΜΑΡΙΝΑ
ΜΙΧΑΗΛ ΧΡΥΣΟΧΟΪ́ΔΗΣ
ΓΡΗΓΟΡΙΟΣ ΨΑΡΙΑΝΟΣ
ΘΩΜΑΣ ΨΥΡΡΑΣ
ΚΩΝΣΤΑΝΤΙΝΟΣ ΔΑΜΑΒΟΛΙΤΗΣ
ΓΕΩΡΓΙΟΣ ΔΕΙΚΤΑΚΗΣ
ΑΛΕΞΑΝΔΡΟΣ ΔΕΡΜΕΝΤΖΟΠΟΥΛΟΣ
ΠΑΝΑΓΙΩΤΑ ΙΑΚΩΒΙΔΟΥ
ΑΙΚΑΤΕΡΙΝΗ ΙΓΓΛΕΖΗ
ΦΩΤΕΙΝΗ ΚΟΥΒΕΛΑ
ΓΕΣΘΗΜΑΝΗ ΠΑΠΑΔΗΜΗΤΡΙΟΥ
ΑΘΑΝΑΣΙΟΣ ΠΛΕΥΡΗΣ

